
Initial statistics: 40 variables; iteration 0; function evaluation 0; phase 1
Function value 2.5049304e+03; maximum gradient component mag -4.6464e+04
Var    Value     Gradient |Var    Value     Gradient |Var    Value     Gradient
  1  0.02484 -4.64642e+04 |  2 -0.00359  8.40513e+02 |  3  0.00313  7.59242e+02
  4  0.00341  6.89334e+02 |  5 -0.00376  6.52225e+02 |  6  0.00150  5.61487e+02
  7 -0.00530  5.24035e+02 |  8 -0.00377  4.44115e+02 |  9  0.00407  3.15501e+02
 10  0.00099  2.43631e+02 | 11  0.00280  1.32005e+02 | 12  0.00086  4.27255e+01
 13 -0.00172 -4.20825e+01 | 14  0.00188 -1.85698e+02 | 15  0.00480 -3.36722e+02
 16 -0.00085 -4.06931e+02 | 17  0.00021 -5.38430e+02 | 18  0.00112 -6.15206e+02
 19  0.00124 -6.64660e+02 | 20 -0.00436 -5.95605e+02 | 21 -0.00358 -6.62855e+02
 22  0.00451 -8.50412e+02 | 23 -0.00470 -7.53824e+02 | 24  0.00229 -9.24038e+02
 25  0.00047 -1.01374e+03 | 26 -0.00347 -1.05865e+03 | 27 -0.00069 -1.11988e+03
 28  0.00235 -1.10366e+03 | 29 -0.00222 -8.90516e+02 | 30 -0.00040 -7.32274e+02
 31  0.00137 -4.77348e+02 | 32  0.00456 -2.06371e+02 | 33  0.00409  1.46964e+02
 34  0.00384  4.56450e+02 | 35 -0.00250  7.71895e+02 | 36 -0.00206  1.04416e+03
 37  0.00063  1.30710e+03 | 38 -0.00253  1.43654e+03 | 39 -0.00497  1.39722e+03
 40  0.00036  1.41373e+03 |

Intermediate statistics: 40 variables; iteration 20; function evaluation 31; phase 1
Function value 1.5545062e+03; maximum gradient component mag 3.0527e+03
Var    Value     Gradient |Var    Value     Gradient |Var    Value     Gradient
  1 -0.00408  3.05273e+03 |  2 -0.05741  1.10947e+02 |  3 -0.00964  1.21381e+02
  4  0.09451  1.31465e+02 |  5  0.10019  1.45935e+02 |  6  0.07780  1.56438e+02
  7  0.05030  1.66363e+02 |  8  0.04062  1.79974e+02 |  9 -0.00374  1.70055e+02
 10  0.00070  1.82996e+02 | 11  0.01051  1.99684e+02 | 12  0.04161  2.34968e+02
 13  0.07524  2.86936e+02 | 14  0.06199  3.02339e+02 | 15  0.08996  3.90062e+02
 16  0.12507  5.19311e+02 | 17  0.17867  7.63287e+02 | 18  0.15174  6.93379e+02
 19  0.16985  6.05190e+02 | 20 -0.35800  1.42285e+01 | 21  0.00306  8.37369e+01
 22  0.20268  5.78588e+02 | 23 -0.00893  1.24052e+01 | 24 -0.22285 -9.30322e+00
 25  0.12670  2.13409e+02 | 26  0.17925  5.25782e+02 | 27  0.13781  4.21642e+02
 28  0.18294  3.57015e+02 | 29  0.01326  8.23679e+01 | 30  0.09242 -2.00754e+00
 31  0.10138  3.44960e+01 | 32  0.09071 -8.22976e+01 | 33 -0.44773 -1.90099e+01
 34  0.08134 -2.38431e+01 | 35 -0.07382  7.78291e+01 | 36  0.06118  5.68774e+01
 37 -0.41661 -1.59553e+01 | 38 -0.23539 -3.88126e+00 | 39  0.04778  4.35329e+01
 40 -0.73622 -3.38314e+01 |
40 variables; iteration 40; function evaluation 63; phase 1
Function value 1.3070156e+03; maximum gradient component mag 6.2399e+02
Var    Value     Gradient |Var    Value     Gradient |Var    Value     Gradient
  1  0.02633  6.23993e+02 |  2 -0.13602 -1.49556e+01 |  3 -0.08603  9.55659e-01
  4  0.15413  7.99565e+01 |  5 -0.05559  1.87233e+00 |  6 -0.01708  8.57466e+00
  7 -0.06796 -7.92347e+00 |  8 -0.07935 -1.14236e+01 |  9 -0.03325  1.93128e+00
 10 -0.02979  1.43614e+00 | 11 -0.02380  6.81919e-01 | 12 -0.02245 -1.50418e+00
 13  0.09329  1.54711e+01 | 14 -0.02371  9.61347e+00 | 15  0.05888  5.96681e+01
 16  0.04917  7.57232e+01 | 17  0.15316  1.80983e+02 | 18  0.06684  9.03058e+01
 19  0.08711 -5.15180e+01 | 20 -0.22439 -7.44148e+01 | 21  0.03686 -1.13450e+02
 22  0.10177 -2.35433e+01 | 23  0.03878 -1.40873e+02 | 24 -0.09960 -1.33667e+02
 25  0.09258 -1.80402e+02 | 26  0.08708 -1.37348e+02 | 27  0.07345 -1.16624e+02
 28  0.10749 -1.11630e+02 | 29  0.03276 -4.52666e+01 | 30  0.11928  3.27253e+01
 31  0.04480  1.45149e+01 | 32  0.06023 -2.41568e+01 | 33 -0.06648 -3.14773e+01
 34  0.06512  3.20239e+01 | 35 -0.13937 -4.80224e+01 | 36 -0.00164 -1.34503e+01
 37 -0.14609 -5.43666e+01 | 38 -0.10864 -5.21772e+01 | 39 -0.05287 -7.12313e+01
 40 -0.14243 -6.23006e+01 |
40 variables; iteration 60; function evaluation 87; phase 1
Function value 1.2697561e+03; maximum gradient component mag 7.6670e+02
Var    Value     Gradient |Var    Value     Gradient |Var    Value     Gradient
  1  0.03189  7.66696e+02 |  2 -0.12355 -1.36912e+01 |  3 -0.09710 -1.14892e+01
  4 -0.01079 -1.99122e+00 |  5 -0.07877 -1.51730e+01 |  6  0.02208 -8.30878e+00
  7  0.02347 -4.88354e+00 |  8 -0.04287 -5.66185e+00 |  9 -0.05049 -3.45481e+00
 10 -0.06156 -3.31533e+00 | 11 -0.06374 -1.86684e+00 | 12 -0.04743  3.36564e+00
 13  0.19484  1.96285e+01 | 14 -0.07364 -2.25109e-01 | 15 -0.06082  1.19100e+00
 16  0.01355  1.03582e+01 | 17  0.12297  1.20114e+01 | 18 -0.00526  2.01779e+01
 19  0.10187  1.86249e+01 | 20 -0.05708 -6.80923e+00 | 21  0.04432 -8.77993e+00
 22  0.06510  8.81789e+00 | 23  0.03313 -1.95675e+00 | 24  0.05148  2.04254e+00
 25  0.04175 -4.94667e+00 | 26  0.11196  1.50913e+01 | 27  0.07491 -4.92521e+00
 28  0.09135 -1.59991e+01 | 29  0.06697 -4.02506e+00 | 30  0.08419 -2.81748e+00
 31  0.04138 -4.63077e+00 | 32  0.04483 -6.94954e+00 | 33  0.00957 -7.59505e-01
 34 -0.00887 -1.66107e+01 | 35 -0.04065 -2.14088e+01 | 36 -0.04348 -1.91732e+01
 37 -0.09807 -1.44574e+01 | 38 -0.11141 -1.80833e+01 | 39 -0.04867 -1.75825e+01
 40 -0.11794 -1.92656e+01 |
Maximum number of function evaluations exceeded

 - final statistics:
40 variables; iteration 73; function evaluation 100
Function value 1.2614e+03; maximum gradient component mag 1.3115e+02
Exit code = 3;  converg criter 1.0000e+01
Var    Value     Gradient |Var    Value     Gradient |Var    Value     Gradient
  1  0.01927  1.31153e+02 |  2 -0.13000  5.46540e+00 |  3 -0.11400  7.11119e+00
  4 -0.08132  1.29027e+01 |  5 -0.10287  5.49193e+00 |  6  0.22092 -8.57897e+00
  7 -0.10988  1.96292e+00 |  8 -0.09952  5.64777e+00 |  9 -0.10118  5.29093e+00
 10 -0.08716  8.40489e+00 | 11 -0.07921  9.00430e+00 | 12 -0.06705  9.12682e+00
 13  0.17832 -2.52920e+01 | 14 -0.02826  1.49862e+01 | 15 -0.00607  1.42868e+01
 16 -0.08178  1.77571e+00 | 17  0.18537  5.06165e+00 | 18 -0.09711  5.88058e+00
 19  0.11384 -3.37729e+00 | 20 -0.03532  1.00994e+01 | 21  0.06288  8.14470e+00
 22  0.07045  1.08404e+01 | 23  0.05519  1.16714e+01 | 24  0.04965  1.00440e+01
 25  0.07892  1.96563e+01 | 26  0.10642  1.22105e+01 | 27  0.09657  1.32196e+01
 28  0.10933  1.28313e+01 | 29  0.07791  1.19485e+01 | 30  0.09553 -5.04909e+00
 31  0.04427 -3.62241e+00 | 32  0.06362  1.09806e+00 | 33  0.01576  8.48013e+00
 34 -0.00394 -1.75378e+00 | 35 -0.01961  9.45181e+00 | 36 -0.02769  1.11020e+01
 37 -0.09856  1.15366e+00 | 38 -0.09764  4.35538e+00 | 39 -0.03682  7.20722e+00
 40 -0.10619  7.75374e-01 |

Initial statistics: 46 variables; iteration 0; function evaluation 0; phase 2
Function value 1.2613378e+03; maximum gradient component mag -1.9669e+02
Var    Value     Gradient |Var    Value     Gradient |Var    Value     Gradient
  1  0.01927  1.31153e+02 |  2 -0.13019 -2.96748e-01 |  3 -0.11419  1.32079e+00
  4 -0.08150  7.06590e+00 |  5 -0.10306 -3.15827e-01 |  6  0.22072 -1.41142e+01
  7 -0.11006 -3.83389e+00 |  8 -0.09971 -1.64899e-01 |  9 -0.10137 -5.19307e-01
 10 -0.08734  2.57541e+00 | 11 -0.07940  3.16524e+00 | 12 -0.06724  3.27489e+00
 13  0.17813 -3.09498e+01 | 14 -0.02844  9.10747e+00 | 15 -0.00625  8.40260e+00
 16 -0.08197 -4.06008e+00 | 17  0.18518 -5.75139e-01 | 18 -0.09729  6.44731e-02
 19  0.11365 -9.16838e+00 | 20 -0.03551  4.22397e+00 | 21  0.06269  2.28902e+00
 22  0.07026  4.99216e+00 | 23  0.05501  5.80917e+00 | 24  0.04947  4.17760e+00
 25  0.07873  1.38175e+01 | 26  0.10624  6.40838e+00 | 27  0.09638  7.40309e+00
 28  0.10914  7.03379e+00 | 29  0.07772  6.10827e+00 | 30  0.09534 -1.08679e+01
 31  0.04409 -9.49281e+00 | 32  0.06343 -4.75715e+00 | 33  0.01557  2.59752e+00
 34 -0.00413 -7.63808e+00 | 35 -0.01980  3.57014e+00 | 36 -0.02788  5.22304e+00
 37 -0.09874 -4.66018e+00 | 38 -0.09783 -1.45990e+00 | 39 -0.03701  1.33261e+00
 40 -0.10637 -5.02714e+00 | 41  0.40276  1.83573e+02 | 42 -0.50136  3.22033e+01
 43 -0.76615 -4.49837e+00 | 44  0.48615  5.99249e+01 | 45 -0.31626 -1.96691e+02
 46 -0.40594  5.35179e+01 |

Intermediate statistics: 46 variables; iteration 20; function evaluation 39; phase 2
Function value 1.2460515e+03; maximum gradient component mag 7.3095e+02
Var    Value     Gradient |Var    Value     Gradient |Var    Value     Gradient
  1  0.01616  6.86330e+02 |  2 -0.11554  1.63024e+00 |  3 -0.10552  1.95518e+00
  4 -0.09418  2.47016e+00 |  5 -0.09591  1.92374e+00 |  6  0.23240  6.12411e+01
  7 -0.09797  1.55751e+00 |  8 -0.10154  1.80376e+00 |  9 -0.10370  1.87513e+00
 10 -0.10110  2.63268e+00 | 11 -0.09752  3.14493e+00 | 12 -0.08943  3.93517e+00
 13  0.20433  5.62591e+01 | 14 -0.06974  8.46531e+00 | 15 -0.04352  1.25138e+01
 16 -0.05023  9.07082e+00 | 17  0.19041  7.62213e+01 | 18 -0.09388  4.71963e+00
 19  0.12632  3.17471e+01 | 20 -0.05022  5.27200e+00 | 21  0.07150  1.44992e+01
 22  0.07550  1.08507e+01 | 23  0.05741  1.62577e+00 | 24  0.05647 -4.14765e+00
 25  0.07279  2.21217e+00 | 26  0.12139  7.84395e+00 | 27  0.09003  2.45953e+00
 28  0.12117  2.49638e+00 | 29  0.06729 -1.47767e+00 | 30  0.10573 -2.06697e+00
 31  0.04129 -5.94627e-02 | 32  0.07588  1.09469e+01 | 33  0.00213  3.84615e+00
 34  0.01296 -1.12299e+00 | 35 -0.02947 -5.33523e+00 | 36 -0.03098 -6.30050e+00
 37 -0.09346 -8.21425e+00 | 38 -0.09910 -8.27106e+00 | 39 -0.04317 -8.45045e+00
 40 -0.09952 -1.58041e+00 | 41  0.39796  2.07416e+02 | 42 -0.52064 -5.80263e+00
 43 -0.56956  9.23230e-01 | 44  0.47060  7.30949e+02 | 45 -0.28043 -1.07720e+01
 46 -0.49582  4.99428e+00 |
46 variables; iteration 40; function evaluation 68; phase 2
Function value 1.2443682e+03; maximum gradient component mag 1.0429e+02
Var    Value     Gradient |Var    Value     Gradient |Var    Value     Gradient
  1  0.01316  1.04285e+02 |  2 -0.11568 -6.82677e-01 |  3 -0.10779 -1.28219e+00
  4 -0.09754 -1.22892e+00 |  5 -0.09823 -1.25352e+00 |  6  0.24048  9.31535e+00
  7 -0.10003 -1.19853e+00 |  8 -0.10462 -1.17047e+00 |  9 -0.10757 -1.28818e+00
 10 -0.10664 -1.19483e+00 | 11 -0.10447 -1.23588e+00 | 12 -0.09789 -1.20259e+00
 13  0.21597  7.99395e+00 | 14 -0.08300  1.14966e-01 | 15 -0.05933  8.22607e-01
 16 -0.05806 -2.07951e+00 | 17  0.19064  7.88264e+00 | 18 -0.09823 -1.49184e+00
 19  0.13407  2.61502e+00 | 20 -0.06160 -2.01468e+00 | 21  0.07612 -8.71337e-02
 22  0.07750  1.61462e-01 | 23  0.06160 -5.92814e-02 | 24  0.06349 -1.10382e+00
 25  0.07601 -1.62983e-01 | 26  0.12194 -3.65939e-01 | 27  0.09579  2.90063e-01
 28  0.12321 -8.04127e-02 | 29  0.06987 -8.46094e-01 | 30  0.10995 -4.44486e-01
 31  0.04516 -1.92417e+00 | 32  0.07432 -1.43867e+00 | 33  0.00228 -1.45618e+00
 34  0.01648 -1.17436e+00 | 35 -0.02737 -2.44600e+00 | 36 -0.03011 -2.33960e+00
 37 -0.08900 -1.64131e+00 | 38 -0.09660 -2.02264e+00 | 39 -0.03985 -2.19429e+00
 40 -0.10114 -2.46518e+00 | 41  0.38807 -1.00317e+01 | 42 -0.52706 -7.87449e-01
 43 -0.53793 -1.08970e+00 | 44  0.47056 -1.59304e+01 | 45 -0.27925 -2.51334e+00
 46 -0.50917  8.03962e-01 |

 - final statistics:
46 variables; iteration 51; function evaluation 86
Function value 1.2443e+03; maximum gradient component mag 7.3518e+00
Exit code = 1;  converg criter 1.0000e+01
Var    Value     Gradient |Var    Value     Gradient |Var    Value     Gradient
  1  0.01283  7.35184e+00 |  2 -0.11784 -1.81804e-01 |  3 -0.10806 -1.42754e-01
  4 -0.09772 -1.01141e-01 |  5 -0.09819 -4.77193e-02 |  6  0.24128  6.93231e-01
  7 -0.10085 -2.23190e-01 |  8 -0.10526 -1.15489e-01 |  9 -0.10749  2.12676e-02
 10 -0.10750 -1.96554e-01 | 11 -0.10463 -7.43244e-03 | 12 -0.09826 -7.28902e-02
 13  0.21744  6.82368e-01 | 14 -0.08736 -3.05939e-02 | 15 -0.06686  3.42752e-02
 16 -0.05096 -9.40585e-02 | 17  0.19005  6.80230e-01 | 18 -0.09708 -1.46217e-01
 19  0.13394  2.10568e-01 | 20 -0.05855 -4.76198e-02 | 21  0.07597 -1.37386e-02
 22  0.07806  1.64452e-03 | 23  0.06118  1.24245e-02 | 24  0.06507 -2.78303e-02
 25  0.07468  1.69594e-02 | 26  0.12383 -3.97361e-02 | 27  0.09434  4.37739e-04
 28  0.12428 -5.34073e-02 | 29  0.06997 -3.69392e-02 | 30  0.10985 -5.36721e-02
 31  0.04626 -7.65684e-02 | 32  0.07440 -1.17595e-01 | 33  0.00272 -2.01870e-01
 34  0.01593 -1.31795e-01 | 35 -0.02626 -1.16037e-01 | 36 -0.02976 -1.84073e-01
 37 -0.08941 -1.71601e-01 | 38 -0.09631 -1.71402e-01 | 39 -0.03968 -1.43031e-01
 40 -0.10069 -1.61834e-01 | 41  0.38840 -2.85739e-01 | 42 -0.52629 -3.39856e-02
 43 -0.53189  1.30289e-02 | 44  0.47057 -1.23158e+00 | 45 -0.27887 -1.51654e-01
 46 -0.51253  3.93105e-02 |

Initial statistics: 50 variables; iteration 0; function evaluation 0; phase 3
Function value 1.2443333e+03; maximum gradient component mag -3.5905e+01
Var    Value     Gradient |Var    Value     Gradient |Var    Value     Gradient
  1  0.01283  7.35184e+00 |  2 -0.11784 -1.65380e-01 |  3 -0.10806 -1.26284e-01
  4 -0.09772 -8.46273e-02 |  5 -0.09819 -3.12075e-02 |  6  0.24128  7.08755e-01
  7 -0.10085 -2.06689e-01 |  8 -0.10526 -9.90071e-02 |  9 -0.10749  3.77402e-02
 10 -0.10750 -1.80081e-01 | 11 -0.10463  9.05262e-03 | 12 -0.09826 -5.63786e-02
 13  0.21744  6.98113e-01 | 14 -0.08736 -1.40407e-02 | 15 -0.06686  5.08934e-02
 16 -0.05096 -7.74017e-02 | 17  0.19005  6.96201e-01 | 18 -0.09708 -1.29701e-01
 19  0.13394  2.26910e-01 | 20 -0.05855 -3.09801e-02 | 21  0.07597  2.85278e-03
 22  0.07806  1.82293e-02 | 23  0.06118  2.90576e-02 | 24  0.06507 -1.12072e-02
 25  0.07469  3.35548e-02 | 26  0.12383 -2.33409e-02 | 27  0.09434  1.69648e-02
 28  0.12428 -3.70144e-02 | 29  0.06997 -2.03298e-02 | 30  0.10985 -3.72100e-02
 31  0.04626 -5.99022e-02 | 32  0.07440 -1.00999e-01 | 33  0.00272 -1.85160e-01
 34  0.01593 -1.15090e-01 | 35 -0.02626 -9.93414e-02 | 36 -0.02976 -1.67382e-01
 37 -0.08941 -1.55055e-01 | 38 -0.09631 -1.54883e-01 | 39 -0.03968 -1.26353e-01
 40 -0.10069 -1.45332e-01 | 41  0.38840 -2.85739e-01 | 42  0.38720 -3.36744e+00
 43  0.14624 -2.68556e+00 | 44 -0.52629 -3.39856e-02 | 45 -0.53189  1.30289e-02
 46  0.47057 -1.23158e+00 | 47  0.45962 -3.59049e+01 | 48 -0.91432 -4.58762e-02
 49 -0.27887 -1.51654e-01 | 50 -0.51253  3.93105e-02 |

Intermediate statistics: 50 variables; iteration 20; function evaluation 25; phase 3
Function value 1.2438759e+03; maximum gradient component mag -1.4074e+02
Var    Value     Gradient |Var    Value     Gradient |Var    Value     Gradient
  1  0.01280 -1.40737e+02 |  2 -0.11798  2.47366e+00 |  3 -0.10813  2.40507e+00
  4 -0.09759  2.33828e+00 |  5 -0.09809  2.26996e+00 |  6  0.24142 -1.17197e+01
  7 -0.10027  2.00769e+00 |  8 -0.10506  1.90812e+00 |  9 -0.10765  1.82199e+00
 10 -0.10732  1.57092e+00 | 11 -0.10485  1.45851e+00 | 12 -0.09835  1.20455e+00
 13  0.21653 -1.95352e+01 | 14 -0.08772  7.45696e-01 | 15 -0.06785  2.21108e-01
 16 -0.04982  6.04232e-02 | 17  0.18940 -1.61308e+01 | 18 -0.09680  1.24689e+00
 19  0.13389 -6.76627e+00 | 20 -0.05842  1.47101e+00 | 21  0.07622 -1.49360e+00
 22  0.07751 -2.78344e+00 | 23  0.06049 -2.16261e+00 | 24  0.06490 -1.27976e+00
 25  0.07372 -4.01812e-01 | 26  0.12424 -4.05257e-01 | 27  0.09279  6.72054e-01
 28  0.12476  1.74119e+00 | 29  0.06853  3.95795e+00 | 30  0.11197  7.19762e+00
 31  0.04599  6.26271e+00 | 32  0.07546  6.88455e+00 | 33  0.00235  4.76897e+00
 34  0.01665  4.38949e+00 | 35 -0.02658  3.21230e+00 | 36 -0.03011  2.47368e+00
 37 -0.08908  2.93626e+00 | 38 -0.09582  3.02136e+00 | 39 -0.03912  2.70819e+00
 40 -0.09934  3.08117e+00 | 41  0.38792 -3.89824e+00 | 42  0.38655 -7.77601e-01
 43  0.14893 -2.75806e+00 | 44 -0.52606  1.12551e+00 | 45 -0.54260 -1.14549e+00
 46  0.47055 -1.34331e+02 | 47  0.48015 -2.86873e+01 | 48 -0.91264 -1.52438e-01
 49 -0.29215 -2.30080e+01 | 50 -0.50266  1.76788e+00 |
50 variables; iteration 40; function evaluation 53; phase 3
Function value 1.2434162e+03; maximum gradient component mag 1.1639e+02
Var    Value     Gradient |Var    Value     Gradient |Var    Value     Gradient
  1  0.01293 -1.02469e+01 |  2 -0.11701  3.54604e-01 |  3 -0.10739  3.01685e-01
  4 -0.09731  2.24315e-01 |  5 -0.09800  2.00651e-01 |  6  0.24100 -4.16765e-01
  7 -0.10116 -1.40110e-01 |  8 -0.10504  1.33203e-01 |  9 -0.10737  2.39955e-01
 10 -0.10696  1.52640e-01 | 11 -0.10423  2.81708e-01 | 12 -0.09788  1.85971e-01
 13  0.21710 -7.45783e-01 | 14 -0.08675  2.44975e-01 | 15 -0.06651  2.10530e-01
 16 -0.05040  1.04005e-01 | 17  0.19025 -5.41437e-01 | 18 -0.09670  9.80667e-02
 19  0.13422 -5.90185e-01 | 20 -0.05818  1.07027e-01 | 21  0.07632 -1.76309e-01
 22  0.07864 -4.07943e-01 | 23  0.06127 -5.88156e-01 | 24  0.06576 -3.20673e-01
 25  0.07438 -6.17832e-01 | 26  0.12383 -8.59902e-01 | 27  0.09348 -4.98603e-01
 28  0.12428 -4.52805e-01 | 29  0.06845 -2.17455e-01 | 30  0.11101 -5.30704e-02
 31  0.04613  2.76917e-01 | 32  0.07383 -3.09086e-02 | 33  0.00247  2.07634e-01
 34  0.01522  2.87055e-01 | 35 -0.02758  2.60008e-01 | 36 -0.03094  5.52455e-01
 37 -0.09011  5.32790e-01 | 38 -0.09718  2.81712e-01 | 39 -0.03998  7.01657e-01
 40 -0.10045  4.82093e-01 | 41  0.38774 -8.89011e-01 | 42  0.38776  9.43750e-01
 43  0.14923 -2.17333e-01 | 44 -0.52679  2.67449e-01 | 45 -0.53690 -1.71536e-01
 46  0.47055  1.16388e+02 | 47  0.51310 -1.74876e-01 | 48 -0.85872  1.37660e-01
 49 -0.29775  1.81458e+00 | 50 -0.50656  1.86651e-01 |
50 variables; iteration 60; function evaluation 88; phase 3
Function value 1.2434122e+03; maximum gradient component mag 1.0355e+02
Var    Value     Gradient |Var    Value     Gradient |Var    Value     Gradient
  1  0.01293  1.41708e+00 |  2 -0.11723  8.05321e-03 |  3 -0.10754 -1.00126e-02
  4 -0.09733 -3.67886e-02 |  5 -0.09790 -1.52335e-02 |  6  0.24093  1.19328e-01
  7 -0.10012 -5.12177e-02 |  8 -0.10480 -1.61702e-02 |  9 -0.10755 -4.04180e-02
 10 -0.10701 -7.47298e-02 | 11 -0.10444  1.05089e-02 | 12 -0.09782  1.26721e-02
 13  0.21720  1.19637e-01 | 14 -0.08705 -1.66275e-02 | 15 -0.06686 -3.04725e-02
 16 -0.05022 -1.96109e-02 | 17  0.19018  1.74499e-01 | 18 -0.09656 -2.11760e-02
 19  0.13431  7.76249e-02 | 20 -0.05831 -2.71874e-03 | 21  0.07632  9.00357e-02
 22  0.07860  7.13753e-02 | 23  0.06154  2.49766e-02 | 24  0.06549  5.25811e-02
 25  0.07469  5.55313e-02 | 26  0.12372  8.06907e-02 | 27  0.09364  4.57200e-02
 28  0.12413  4.86297e-02 | 29  0.06859 -2.71804e-03 | 30  0.11108  9.31374e-03
 31  0.04581 -4.85477e-04 | 32  0.07408 -5.51643e-02 | 33  0.00229 -6.62720e-02
 34  0.01513 -8.97635e-02 | 35 -0.02744 -5.82789e-02 | 36 -0.03110 -5.08233e-02
 37 -0.09032 -6.73505e-02 | 38 -0.09698 -9.51308e-02 | 39 -0.04014 -1.00704e-01
 40 -0.10047 -5.72986e-02 | 41  0.38775  1.17842e-02 | 42  0.38774 -6.10741e-02
 43  0.14903 -1.27395e-02 | 44 -0.52685 -3.00190e-02 | 45 -0.53555  1.06997e-02
 46  0.47039  1.03552e+02 | 47  0.51500 -2.72732e-01 | 48 -0.77398  2.32290e-01
 49 -0.29926 -5.99985e-01 | 50 -0.50680  1.39785e-01 |
50 variables; iteration 80; function evaluation 112; phase 3
Function value 1.2434033e+03; maximum gradient component mag 5.3542e+01
Var    Value     Gradient |Var    Value     Gradient |Var    Value     Gradient
  1  0.01293  1.72296e+00 |  2 -0.11723 -3.10543e-03 |  3 -0.10757 -2.65573e-02
  4 -0.09728 -3.02516e-02 |  5 -0.09790 -2.18776e-02 |  6  0.24092  1.19370e-01
  7 -0.10007 -4.38633e-02 |  8 -0.10483 -3.22842e-02 |  9 -0.10755 -4.47131e-02
 10 -0.10693 -5.29455e-02 | 11 -0.10447 -4.30694e-03 | 12 -0.09784  1.58528e-04
 13  0.21722  1.41870e-01 | 14 -0.08716 -4.88582e-02 | 15 -0.06688 -3.83567e-02
 16 -0.05021 -2.10597e-02 | 17  0.19018  1.78982e-01 | 18 -0.09654 -2.18521e-02
 19  0.13430  8.56659e-02 | 20 -0.05827  1.42113e-03 | 21  0.07631  8.14463e-02
 22  0.07860  7.84888e-02 | 23  0.06155  4.15635e-02 | 24  0.06548  6.01526e-02
 25  0.07469  7.01279e-02 | 26  0.12373  1.08942e-01 | 27  0.09365  5.87416e-02
 28  0.12412  6.16609e-02 | 29  0.06862  1.15965e-02 | 30  0.11107  1.07981e-02
 31  0.04580 -8.78988e-03 | 32  0.07408 -4.63325e-02 | 33  0.00229 -6.22089e-02
 34  0.01513 -8.91768e-02 | 35 -0.02743 -6.11849e-02 | 36 -0.03110 -6.61155e-02
 37 -0.09033 -8.22731e-02 | 38 -0.09696 -9.37125e-02 | 39 -0.04015 -1.17324e-01
 40 -0.10048 -6.94141e-02 | 41  0.38775  3.62057e-02 | 42  0.38774 -8.63421e-02
 43  0.14904 -5.36997e-03 | 44 -0.52684 -3.45715e-02 | 45 -0.53556  1.02463e-02
 46  0.46921  5.35423e+01 | 47  0.51434 -2.21460e-01 | 48 -0.54287  4.25311e-01
 49 -0.29907 -5.67078e-01 | 50 -0.50677  1.15707e-01 |
50 variables; iteration 100; function evaluation 139; phase 3
Function value 1.2433700e+03; maximum gradient component mag 4.3485e+01
Var    Value     Gradient |Var    Value     Gradient |Var    Value     Gradient
  1  0.01293  3.62688e+00 |  2 -0.11727 -4.92074e-02 |  3 -0.10758 -5.99521e-02
  4 -0.09729 -5.96040e-02 |  5 -0.09791 -5.38511e-02 |  6  0.24092  2.80491e-01
  7 -0.10006 -6.42182e-02 |  8 -0.10483 -5.74457e-02 |  9 -0.10753 -6.37567e-02
 10 -0.10690 -6.71759e-02 | 11 -0.10451 -3.86676e-02 | 12 -0.09789 -3.37356e-02
 13  0.21722  3.40073e-01 | 14 -0.08712 -5.55111e-02 | 15 -0.06684 -4.23945e-02
 16 -0.05019 -2.51924e-02 | 17  0.19017  3.51932e-01 | 18 -0.09654 -3.82473e-02
 19  0.13432  2.05005e-01 | 20 -0.05829 -1.20128e-02 | 21  0.07631  1.22014e-01
 22  0.07860  1.18018e-01 | 23  0.06155  7.53861e-02 | 24  0.06547  8.28403e-02
 25  0.07469  8.85971e-02 | 26  0.12372  1.47092e-01 | 27  0.09365  7.60039e-02
 28  0.12412  8.47889e-02 | 29  0.06864  4.56322e-04 | 30  0.11106 -9.55945e-03
 31  0.04580 -5.80220e-02 | 32  0.07408 -1.01929e-01 | 33  0.00228 -1.20309e-01
 34  0.01513 -1.52927e-01 | 35 -0.02744 -1.33704e-01 | 36 -0.03110 -1.40122e-01
 37 -0.09032 -1.34567e-01 | 38 -0.09695 -1.39934e-01 | 39 -0.04014 -1.66982e-01
 40 -0.10047 -1.22096e-01 | 41  0.38775  1.33699e-01 | 42  0.38774 -1.21331e-01
 43  0.14905  2.42580e-02 | 44 -0.52684 -3.85555e-02 | 45 -0.53560  1.05265e-02
 46  0.46363  4.34848e+01 | 47  0.51088 -4.06657e-01 | 48 -0.27758  1.52364e+00
 49 -0.29798 -6.55647e-01 | 50 -0.50650  2.38193e-01 |
50 variables; iteration 120; function evaluation 171; phase 3
Function value 1.2393510e+03; maximum gradient component mag -1.1635e+02
Var    Value     Gradient |Var    Value     Gradient |Var    Value     Gradient
  1  0.01298 -1.16355e+02 |  2 -0.12092  1.01721e+00 |  3 -0.10839  1.94217e+00
  4 -0.09750  2.05025e+00 |  5 -0.09924  1.68609e+00 |  6  0.24124 -8.15836e+00
  7 -0.09832  2.53499e+00 |  8 -0.10458  2.08228e+00 |  9 -0.10569  2.56640e+00
 10 -0.10393  2.86355e+00 | 11 -0.10766  8.72150e-01 | 12 -0.10158  6.58272e-01
 13  0.21679 -9.98528e+00 | 14 -0.08324  2.54137e+00 | 15 -0.06343  1.96841e+00
 16 -0.04865  1.11605e+00 | 17  0.18937 -1.16815e+01 | 18 -0.09623  1.34588e+00
 19  0.13549 -6.59314e+00 | 20 -0.06083  9.41072e-02 | 21  0.07658 -5.11632e+00
 22  0.07818 -5.04067e+00 | 23  0.06219 -3.09361e+00 | 24  0.06503 -3.73485e+00
 25  0.07464 -4.13704e+00 | 26  0.12352 -6.50189e+00 | 27  0.09390 -3.55632e+00
 28  0.12437 -3.86015e+00 | 29  0.06883 -6.28514e-01 | 30  0.11102 -4.02573e-01
 31  0.04455  1.23036e+00 | 32  0.07459  3.31649e+00 | 33  0.00122  4.24737e+00
 34  0.01585  5.89001e+00 | 35 -0.02830  4.68280e+00 | 36 -0.03142  5.04573e+00
 37 -0.08981  5.29882e+00 | 38 -0.09650  5.70975e+00 | 39 -0.03981  7.06849e+00
 40 -0.10087  4.58217e+00 | 41  0.38767 -3.79487e+00 | 42  0.38776  4.95907e+00
 43  0.15000 -3.40507e-01 | 44 -0.52617  1.78348e+00 | 45 -0.53916 -4.95471e-01
 46  0.37871  1.06182e+02 | 47  0.44901  1.50391e+01 | 48  0.16853  4.73624e+01
 49 -0.27692  3.36941e+01 | 50 -0.52729  7.45424e+00 |
  ic > imax  in fminim is answer attained ?
Var    Value     Gradient |Var    Value     Gradient |Var    Value     Gradient
  1  0.01290 -1.32664e-04 |  2 -0.11723  2.00347e-06 |  3 -0.10755  4.88342e-06
  4 -0.09733  1.07049e-06 |  5 -0.09806 -3.60744e-07 |  6  0.24164 -6.81232e-06
  7 -0.10031 -1.56063e-06 |  8 -0.10512  3.96051e-06 |  9 -0.10781  3.44348e-06
 10 -0.10716 -7.61512e-07 | 11 -0.10483 -1.54112e-06 | 12 -0.09817 -6.91151e-07
 13  0.21734 -1.10582e-05 | 14 -0.08709  9.90762e-06 | 15 -0.06675  3.17831e-06
 16 -0.05030  7.86879e-07 | 17  0.19088 -8.62438e-06 | 18 -0.09680  3.06266e-07
 19  0.13506 -5.12739e-06 | 20 -0.05850 -1.04656e-06 | 21  0.07686 -2.20392e-06
 22  0.07891 -3.55184e-06 | 23  0.06167 -4.36960e-06 | 24  0.06544 -9.37862e-07
 25  0.07462 -1.84207e-06 | 26  0.12389 -1.22978e-06 | 27  0.09405  2.82317e-06
 28  0.12459  1.25922e-06 | 29  0.06948 -3.54799e-06 | 30  0.11063 -4.01222e-06
 31  0.04586 -1.80654e-07 | 32  0.07344 -7.21171e-07 | 33  0.00184  1.55539e-06
 34  0.01426  5.10195e-06 | 35 -0.02778  4.24200e-06 | 36 -0.03126  7.07218e-06
 37 -0.09025  5.87152e-06 | 38 -0.09682  1.47739e-06 | 39 -0.04005  3.29815e-06
 40 -0.10064 -3.50355e-07 | 41  0.38766 -8.86444e-07 | 42  0.38793  4.23285e-06
 43  0.14916 -5.56739e-07 | 44 -0.52671  1.71588e-06 | 45 -0.53564  3.33617e-07
 46  0.36578 -9.09520e-05 | 47  0.42590  9.15660e-06 | 48  0.17396 -3.31881e-05
 49 -0.28165 -3.24565e-05 | 50 -0.57594 -2.15104e-07 |
Function minimizer not making progress ... is minimum attained?
Minimprove criterion = 0.0000e+00

 - final statistics:
50 variables; iteration 132; function evaluation 212
Function value 1.2383e+03; maximum gradient component mag -1.3266e-04
Exit code = 1;  converg criter 1.0000e-04
Var    Value     Gradient |Var    Value     Gradient |Var    Value     Gradient
  1  0.01290 -1.32664e-04 |  2 -0.11723  2.00347e-06 |  3 -0.10755  4.88342e-06
  4 -0.09733  1.07049e-06 |  5 -0.09806 -3.60744e-07 |  6  0.24164 -6.81232e-06
  7 -0.10031 -1.56063e-06 |  8 -0.10512  3.96051e-06 |  9 -0.10781  3.44348e-06
 10 -0.10716 -7.61512e-07 | 11 -0.10483 -1.54112e-06 | 12 -0.09817 -6.91151e-07
 13  0.21734 -1.10582e-05 | 14 -0.08709  9.90762e-06 | 15 -0.06675  3.17831e-06
 16 -0.05030  7.86879e-07 | 17  0.19088 -8.62438e-06 | 18 -0.09680  3.06266e-07
 19  0.13506 -5.12739e-06 | 20 -0.05850 -1.04656e-06 | 21  0.07686 -2.20392e-06
 22  0.07891 -3.55184e-06 | 23  0.06167 -4.36960e-06 | 24  0.06544 -9.37862e-07
 25  0.07462 -1.84207e-06 | 26  0.12389 -1.22978e-06 | 27  0.09405  2.82317e-06
 28  0.12459  1.25922e-06 | 29  0.06948 -3.54799e-06 | 30  0.11063 -4.01222e-06
 31  0.04586 -1.80654e-07 | 32  0.07344 -7.21171e-07 | 33  0.00184  1.55539e-06
 34  0.01426  5.10195e-06 | 35 -0.02778  4.24200e-06 | 36 -0.03126  7.07218e-06
 37 -0.09025  5.87152e-06 | 38 -0.09682  1.47739e-06 | 39 -0.04005  3.29815e-06
 40 -0.10064 -3.50355e-07 | 41  0.38766 -8.86444e-07 | 42  0.38793  4.23285e-06
 43  0.14916 -5.56739e-07 | 44 -0.52671  1.71588e-06 | 45 -0.53564  3.33617e-07
 46  0.36578 -9.09520e-05 | 47  0.42590  9.15660e-06 | 48  0.17396 -3.31881e-05
 49 -0.28165 -3.24565e-05 | 50 -0.57594 -2.15104e-07 |
Estimating row 1 out of 50 for hessian
Estimating row 2 out of 50 for hessian
Estimating row 3 out of 50 for hessian
Estimating row 4 out of 50 for hessian
Estimating row 5 out of 50 for hessian
Estimating row 6 out of 50 for hessian
Estimating row 7 out of 50 for hessian
Estimating row 8 out of 50 for hessian
Estimating row 9 out of 50 for hessian
Estimating row 10 out of 50 for hessian
Estimating row 11 out of 50 for hessian
Estimating row 12 out of 50 for hessian
Estimating row 13 out of 50 for hessian
Estimating row 14 out of 50 for hessian
Estimating row 15 out of 50 for hessian
Estimating row 16 out of 50 for hessian
Estimating row 17 out of 50 for hessian
Estimating row 18 out of 50 for hessian
Estimating row 19 out of 50 for hessian
Estimating row 20 out of 50 for hessian
Estimating row 21 out of 50 for hessian
Estimating row 22 out of 50 for hessian
Estimating row 23 out of 50 for hessian
Estimating row 24 out of 50 for hessian
Estimating row 25 out of 50 for hessian
Estimating row 26 out of 50 for hessian
Estimating row 27 out of 50 for hessian
Estimating row 28 out of 50 for hessian
Estimating row 29 out of 50 for hessian
Estimating row 30 out of 50 for hessian
Estimating row 31 out of 50 for hessian
Estimating row 32 out of 50 for hessian
Estimating row 33 out of 50 for hessian
Estimating row 34 out of 50 for hessian
Estimating row 35 out of 50 for hessian
Estimating row 36 out of 50 for hessian
Estimating row 37 out of 50 for hessian
Estimating row 38 out of 50 for hessian
Estimating row 39 out of 50 for hessian
Estimating row 40 out of 50 for hessian
Estimating row 41 out of 50 for hessian
Estimating row 42 out of 50 for hessian
Estimating row 43 out of 50 for hessian
Estimating row 44 out of 50 for hessian
Estimating row 45 out of 50 for hessian
Estimating row 46 out of 50 for hessian
Estimating row 47 out of 50 for hessian
Estimating row 48 out of 50 for hessian
Estimating row 49 out of 50 for hessian
Estimating row 50 out of 50 for hessian
size of file gradfil1.tmp = 0
size of file gradfil2.tmp = 0
size of file varssave.tmp = 0
size of file cmpdiff.tmp = 0
