
Initial statistics: 70 variables; iteration 0; function evaluation 0; phase 1
Function value 1.8214891e+04; maximum gradient component mag 7.8870e+04
Var    Value     Gradient |Var    Value     Gradient |Var    Value     Gradient
  1  0.00716  7.88696e+04 |  2 -0.00178 -1.12955e+03 |  3  0.00082 -1.12353e+03
  4  0.00386 -1.11636e+03 |  5  0.00198 -1.11198e+03 |  6  0.00041 -1.10671e+03
  7 -0.00201 -1.10144e+03 |  8 -0.00248 -1.09365e+03 |  9  0.00321 -1.07866e+03
 10  0.00194 -1.06897e+03 | 11  0.00427 -1.05367e+03 | 12  0.00268 -1.04131e+03
 13 -0.00045 -1.02952e+03 | 14 -0.00155 -1.01335e+03 | 15 -0.00122 -9.92827e+02
 16 -0.00315 -9.73748e+02 | 17  0.00093 -9.39956e+02 | 18  0.00490 -9.01017e+02
 19 -0.00400 -8.89750e+02 | 20 -0.00524 -8.56313e+02 | 21  0.00403 -7.85798e+02
 22 -0.00200 -7.58016e+02 | 23  0.00353 -6.82729e+02 | 24  0.00148 -6.30663e+02
 25 -0.00155 -5.75193e+02 | 26 -0.00030 -4.89390e+02 | 27  0.00174 -3.86610e+02
 28 -0.00356 -3.25297e+02 | 29  0.00018 -1.90476e+02 | 30 -0.00358 -1.02005e+02
 31  0.00488  1.05046e+02 | 32 -0.00159  1.63339e+02 | 33  0.00152  3.12096e+02
 34 -0.00124  3.00260e+02 | 35 -0.00528  3.61378e+02 | 36 -0.00301  3.80971e+02
 37  0.00474  5.79973e+02 | 38 -0.00290  5.93551e+02 | 39 -0.00063  7.21998e+02
 40 -0.00311  8.20625e+02 | 41 -0.00094  9.67262e+02 | 42  0.00449  1.23624e+03
 43 -0.00333  1.22984e+03 | 44 -0.00212  1.39185e+03 | 45 -0.00140  1.49846e+03
 46  0.00135  1.67930e+03 | 47  0.00091  1.75984e+03 | 48  0.00106  1.77813e+03
 49  0.00105  1.75623e+03 | 50  0.00169  1.59232e+03 | 51  0.00478  1.43275e+03
 52 -0.00195  1.24337e+03 | 53  0.00447  1.35775e+03 | 54  0.00226  1.30034e+03
 55  0.00363  1.20655e+03 | 56 -0.00000  1.05330e+03 | 57 -0.00048  9.75977e+02
 58  0.00471  9.59506e+02 | 59 -0.00386  7.00743e+02 | 60 -0.00410  3.46468e+02
 61  0.00217  2.76737e+02 | 62  0.00348  1.70785e+02 | 63 -0.00368 -1.34952e+02
 64 -0.00424 -3.20554e+02 | 65 -0.00042 -4.25948e+02 | 66  0.00389 -6.11828e+02
 67 -0.00259 -8.27016e+02 | 68 -0.00095 -1.04849e+03 | 69 -0.00522 -1.13591e+03
 70 -0.00112 -1.19978e+03 |

Intermediate statistics: 70 variables; iteration 20; function evaluation 30; phase 1
Function value 1.3735675e+04; maximum gradient component mag 2.8035e+04
Var    Value     Gradient |Var    Value     Gradient |Var    Value     Gradient
  1 -0.07682  2.80349e+04 |  2 -0.09551 -4.51978e+02 |  3 -0.02347 -4.22360e+02
  4  0.03173 -3.90551e+02 |  5  0.06642 -3.63855e+02 |  6  0.09131 -3.39093e+02
  7  0.10748 -3.17450e+02 |  8  0.11189 -3.04197e+02 |  9  0.09866 -3.08151e+02
 10  0.09452 -3.02155e+02 | 11  0.08000 -3.07176e+02 | 12  0.06616 -3.11329e+02
 13  0.04874 -3.19375e+02 | 14  0.00778 -3.51563e+02 | 15 -0.06305 -4.02209e+02
 16 -0.11928 -4.30605e+02 | 17 -0.19599 -4.57126e+02 | 18 -0.16806 -4.44649e+02
 19 -0.11686 -4.13559e+02 | 20 -0.03432 -3.28801e+02 | 21  0.10466 -1.32085e+01
 22  0.11960  9.17345e+01 | 23  0.11208  1.19613e+02 | 24  0.05512 -4.05372e+01
 25 -0.03489 -2.36379e+02 | 26 -0.19404 -4.13164e+02 | 27 -0.25874 -4.37748e+02
 28 -0.13118 -3.30998e+02 | 29  0.17773  1.31487e+03 | 30  0.12184  8.67502e+02
 31 -0.10130 -2.18414e+02 | 32 -0.18470 -3.41443e+02 | 33 -0.08349 -1.31113e+02
 34 -0.02900  4.51624e+01 | 35  0.02469  3.58121e+02 | 36  0.03578  3.73077e+02
 37 -0.02090  8.28569e+01 | 38 -0.04202  2.09331e+01 | 39 -0.08845 -1.21923e+02
 40 -0.07519 -5.11851e+01 | 41 -0.02083  2.29069e+02 | 42 -0.00872  3.72894e+02
 43 -0.01725  3.81677e+02 | 44 -0.03821  3.02548e+02 | 45 -0.04884  2.80186e+02
 46 -0.03555  4.15378e+02 | 47 -0.02545  5.26139e+02 | 48 -0.02975  5.11297e+02
 49 -0.02644  4.98066e+02 | 50 -0.02288  3.73627e+02 | 51 -0.02010  7.33410e+01
 52  0.01483  3.04690e+02 | 53  0.01344  3.25930e+02 | 54  0.02377  3.90417e+02
 55 -0.00006  1.64059e+02 | 56 -0.03236  5.61103e+00 | 57 -0.02575  7.50949e+01
 58  0.01073  3.50790e+02 | 59  0.01590  3.84458e+02 | 60  0.05594  4.22131e+02
 61  0.01438  5.55878e+01 | 62  0.02855  1.29433e+02 | 63  0.08912  4.70125e+02
 64  0.02962 -3.26320e+01 | 65  0.05928  6.25384e+01 | 66  0.11455  2.87476e+02
 67  0.07125 -8.59717e+01 | 68  0.10507 -1.49951e+02 | 69  0.06580 -3.53617e+02
 70  0.14691 -3.93453e+02 |
70 variables; iteration 40; function evaluation 52; phase 1
Function value 1.3340925e+04; maximum gradient component mag 1.1002e+04
Var    Value     Gradient |Var    Value     Gradient |Var    Value     Gradient
  1 -0.08136  1.10019e+04 |  2 -1.11001  6.40328e+01 |  3  0.32555  1.15037e+02
  4  0.35621  1.68820e+02 |  5  0.28198  1.00166e+02 |  6  0.22459  5.31269e+01
  7  0.22774  6.99871e+01 |  8  0.23688  9.69145e+01 |  9  0.17648  4.05670e+01
 10  0.15842  3.36375e+01 | 11  0.07159 -4.17658e+01 | 12  0.02638 -7.16207e+01
 13 -0.00219 -8.71070e+01 | 14 -0.02686 -9.93418e+01 | 15  0.00552 -6.76072e+01
 16  0.03785 -2.68473e+01 | 17 -0.08261 -1.22028e+02 | 18 -0.05758 -9.81348e+01
 19 -0.06262 -9.51245e+01 | 20  0.00496 -1.45623e+01 | 21  0.07896  1.29700e+02
 22  0.03085  6.06712e+01 | 23  0.04932  1.22400e+02 | 24 -0.07169 -5.56238e+01
 25 -0.14973 -1.21123e+02 | 26 -0.14560 -1.09339e+02 | 27 -0.28310 -1.85931e+02
 28 -0.01058  1.34491e+02 | 29  0.02155  2.65507e+02 | 30  0.07988  5.80698e+02
 31 -0.10105  1.33934e+01 | 32 -0.21047 -1.17808e+02 | 33 -0.09540  4.76374e+01
 34 -0.06539  9.08901e+01 | 35 -0.00733  2.65336e+02 | 36  0.03531  3.54171e+02
 37 -0.00181  2.12608e+02 | 38 -0.03704  1.24675e+02 | 39 -0.08257  3.26936e+01
 40 -0.05086  1.20460e+02 | 41 -0.03725  1.83845e+02 | 42 -0.00871  3.28479e+02
 43 -0.02553  3.08145e+02 | 44 -0.05220  2.45451e+02 | 45 -0.06889  2.17846e+02
 46 -0.07269  2.32640e+02 | 47 -0.05041  3.36410e+02 | 48 -0.07526  2.55642e+02
 49 -0.06596  2.56062e+02 | 50 -0.07137  1.34884e+02 | 51  0.00307 -6.81498e+01
 52 -0.01858 -5.18483e+01 | 53  0.02056  9.21604e+01 | 54 -0.01875 -1.30229e+01
 55 -0.00920 -1.35484e+01 | 56 -0.01848  2.87634e+01 | 57 -0.03899  4.07573e+01
 58 -0.01047  1.74394e+02 | 59 -0.01096  1.62318e+02 | 60  0.02340  5.63526e+01
 61  0.02273  5.16418e+00 | 62 -0.00002 -1.62056e+01 | 63  0.07889  2.09834e+02
 64  0.02827 -6.22556e+01 | 65  0.03249 -9.30330e+01 | 66  0.08986 -1.59823e+01
 67  0.04943 -1.24805e+02 | 68  0.11389 -6.82039e+01 | 69  0.06400 -2.06542e+02
 70  0.12757 -3.04394e+02 |
70 variables; iteration 60; function evaluation 82; phase 1
Function value 1.3056296e+04; maximum gradient component mag 1.4969e+03
Var    Value     Gradient |Var    Value     Gradient |Var    Value     Gradient
  1 -0.11028  1.49693e+03 |  2 -1.20506  8.61590e+01 |  3  0.31976  1.21215e+02
  4  0.19658  6.01170e+01 |  5  0.14649  3.73262e+01 |  6  0.13329  3.32585e+01
  7  0.14355  4.19699e+01 |  8  0.13411  4.02308e+01 |  9  0.09640  2.22291e+01
 10  0.07201  1.16366e+01 | 11  0.03380 -6.60290e+00 | 12  0.09015  2.98813e+01
 13 -0.18231 -9.97118e+01 | 14  0.05852  1.83639e+01 | 15 -0.05362 -4.32619e+01
 16 -0.01003 -1.67057e+01 | 17 -0.02326 -2.12089e+01 | 18  0.00279 -6.06962e-01
 19 -0.07131 -4.26897e+01 | 20 -0.01294 -1.60371e+00 | 21 -0.00762  8.08115e+00
 22  0.01116  3.08707e+01 | 23 -0.04360 -7.87459e+00 | 24 -0.05210 -8.82444e+00
 25 -0.05330 -3.29641e+00 | 26 -0.13112 -5.34511e+01 | 27 -0.20568 -8.99504e+01
 28 -0.04606  2.81209e+01 | 29 -0.00535  8.88690e+01 | 30  0.03289  1.68088e+02
 31 -0.08620  1.01652e+01 | 32 -0.15387 -4.56746e+01 | 33 -0.10945 -1.08689e+01
 34 -0.04485  2.54835e+01 | 35 -0.00271  6.24195e+01 | 36  0.04248  4.04134e+01
 37 -0.01733 -2.99613e+01 | 38  0.06323  7.76764e+00 | 39 -0.04415 -4.28935e+01
 40 -0.04085 -3.21187e+01 | 41 -0.02619 -7.33978e-01 | 42  0.00651  6.12310e+01
 43 -0.01989  6.56427e+01 | 44 -0.04949  5.49265e+01 | 45 -0.08101  4.33815e+01
 46 -0.05723  1.06998e+02 | 47 -0.06831  1.14118e+02 | 48 -0.06393  1.67047e+02
 49 -0.09280  1.05690e+02 | 50 -0.13038  3.17784e+01 | 51  0.08633 -5.07873e+01
 52  0.00869 -7.63621e+01 | 53  0.02025 -3.20436e+01 | 54  0.01462 -3.04888e+01
 55  0.03592 -1.09359e+01 | 56 -0.02212 -2.90897e+01 | 57  0.00303  5.73408e+01
 58 -0.00683  6.25312e+01 | 59 -0.02505  1.70652e+01 | 60  0.04208 -6.11256e+01
 61  0.04894 -6.13488e+01 | 62  0.01984 -5.90329e+01 | 63  0.07702  3.43741e+01
 64  0.07535 -4.11866e+01 | 65  0.04227 -1.00284e+02 | 66  0.10959 -4.11241e+01
 67  0.06628 -7.97250e+01 | 68  0.13937  5.95568e+01 | 69  0.10434 -3.01020e+01
 70  0.20068 -4.57774e+01 |
Maximum number of function evaluations exceeded

 - final statistics:
70 variables; iteration 72; function evaluation 100
Function value 1.2973e+04; maximum gradient component mag -2.2760e+02
Exit code = 3;  converg criter 1.0000e+01
Var    Value     Gradient |Var    Value     Gradient |Var    Value     Gradient
  1 -0.11992 -2.27599e+02 |  2 -1.33277  1.05103e+02 |  3  0.29661  1.28727e+02
  4  0.16276  7.48680e+01 |  5  0.08600  4.26142e+01 |  6  0.05528  3.04596e+01
  7  0.04201  2.62368e+01 |  8  0.08144  4.45850e+01 |  9  0.03364  2.44720e+01
 10  0.01557  1.76134e+01 | 11  0.00710  1.44961e+01 | 12  0.01306  1.81587e+01
 13 -0.00874  8.99038e+00 | 14  0.01565  2.38604e+01 | 15  0.03420  3.57932e+01
 16  0.00834  2.40676e+01 | 17  0.00346  2.39540e+01 | 18 -0.00561  2.16296e+01
 19 -0.00613  2.38599e+01 | 20 -0.01552  2.20647e+01 | 21 -0.07334 -7.94091e+00
 22  0.01281  4.97333e+01 | 23 -0.06005  5.28862e+00 | 24 -0.05603  1.08767e+01
 25 -0.07042  5.16719e+00 | 26 -0.08857 -2.37585e+00 | 27 -0.07014  1.39749e+01
 28 -0.08823  6.17863e+00 | 29 -0.03394  5.39520e+01 | 30 -0.00894  8.66213e+01
 31 -0.11245  8.26415e-02 | 32 -0.08739  2.00371e+01 | 33 -0.09921  8.90781e+00
 34 -0.03238  3.80571e+01 | 35 -0.01888  4.00083e+01 | 36  0.04441  3.52407e+01
 37  0.03881  4.44638e-01 | 38  0.09329  6.37231e+00 | 39 -0.03105 -1.83552e+01
 40  0.03122  1.23372e+01 | 41 -0.02165  7.98662e+00 | 42 -0.00214  4.12462e+01
 43 -0.01684  5.54546e+01 | 44 -0.03402  6.11495e+01 | 45 -0.09028  3.19690e+01
 46 -0.07738  6.67942e+01 | 47 -0.08882  7.56781e+01 | 48 -0.10105  9.92210e+01
 49 -0.13778  5.16547e+01 | 50 -0.16045  3.27529e+01 | 51  0.11451  7.33525e+01
 52  0.05488  5.48063e+01 | 53  0.01805  1.55816e+01 | 54  0.03030  4.07829e+00
 55  0.02645 -2.47390e+01 | 56  0.01031  8.47289e+00 | 57  0.00411  3.91758e+01
 58 -0.02052  1.06611e+01 | 59 -0.03563 -4.88872e+00 | 60  0.06560 -3.60803e+01
 61  0.05317 -5.04962e+01 | 62  0.03844 -3.46883e+01 | 63  0.07225  1.36440e+01
 64  0.09084 -9.43386e+00 | 65  0.06340 -6.28142e+01 | 66  0.10715 -4.69476e+01
 67  0.08611 -5.55577e+01 | 68  0.13152  4.92954e+01 | 69  0.13483  4.77190e+01
 70  0.21862  2.70888e+01 |

Initial statistics: 79 variables; iteration 0; function evaluation 0; phase 2
Function value 1.2972519e+04; maximum gradient component mag 1.1796e+04
Var    Value     Gradient |Var    Value     Gradient |Var    Value     Gradient
  1 -0.11992 -2.51708e+02 |  2 -0.66944 -1.14280e+02 |  3  0.29538  1.11798e+02
  4  0.16162  5.63621e+01 |  5  0.08489  2.38915e+01 |  6  0.05418  1.13873e+01
  7  0.04091  6.52014e+00 |  8  0.08033  2.58641e+01 |  9  0.03254  5.02374e+00
 10  0.01448 -2.04508e+00 | 11  0.00600 -4.68601e+00 | 12  0.01197 -4.09884e-01
 13 -0.00984 -9.31882e+00 | 14  0.01455  4.49073e+00 | 15  0.03311  1.66584e+01
 16  0.00725  5.14143e+00 | 17  0.00236  5.02939e+00 | 18 -0.00670  2.68294e+00
 19 -0.00723  5.30899e+00 | 20 -0.01662  3.03847e+00 | 21 -0.07444 -2.65420e+01
 22  0.01171  2.97154e+01 | 23 -0.06115 -1.38083e+01 | 24 -0.05713 -8.19339e+00
 25 -0.07152 -1.34101e+01 | 26 -0.08967 -2.08113e+01 | 27 -0.07124 -4.63362e+00
 28 -0.08934 -1.28474e+01 | 29 -0.03503  3.44679e+01 | 30 -0.01003  6.66945e+01
 31 -0.11356 -1.85011e+01 | 32 -0.08850  1.21074e+00 | 33 -0.10032 -9.83790e+00
 34 -0.03348  1.84218e+01 | 35 -0.01998  2.05627e+01 | 36  0.04331  1.59173e+01
 37  0.03771 -1.87653e+01 | 38  0.09218 -1.28387e+01 | 39 -0.03215 -3.71059e+01
 40  0.03012 -7.28722e+00 | 41 -0.02275 -1.11855e+01 | 42 -0.00323  2.15763e+01
 43 -0.01794  3.57412e+01 | 44 -0.03512  4.12294e+01 | 45 -0.09139  1.28112e+01
 46 -0.07848  4.70265e+01 | 47 -0.08992  5.60364e+01 | 48 -0.10216  7.92254e+01
 49 -0.13890  3.24368e+01 | 50 -0.16159  1.40089e+01 | 51  0.11340  5.37664e+01
 52  0.05378  3.48833e+01 | 53  0.01695 -4.14081e+00 | 54  0.02920 -1.54730e+01
 55  0.02535 -4.39535e+01 | 56  0.00921 -1.13067e+01 | 57  0.00301  1.90902e+01
 58 -0.02162 -8.85742e+00 | 59 -0.03673 -2.42196e+01 | 60  0.06450 -5.47136e+01
 61  0.05207 -6.95045e+01 | 62  0.03734 -5.35757e+01 | 63  0.07114 -5.74224e+00
 64  0.08973 -2.82862e+01 | 65  0.06230 -8.14329e+01 | 66  0.10604 -6.57174e+01
 67  0.08500 -7.43666e+01 | 68  0.13040  3.02417e+01 | 69  0.13371  2.87937e+01
 70  0.21745  9.15127e+00 | 71  0.27434  1.09394e+03 | 72 -0.99457 -4.91713e-01
 73 -0.04095  1.45382e+03 | 74  0.05572  1.51273e-02 | 75 -0.66304  5.50831e+01
 76 -0.12262  2.00701e+03 | 77 -0.08425  1.17959e+04 | 78 -0.99748 -3.02818e+01
 79  0.10579  1.83433e+03 |

Intermediate statistics: 79 variables; iteration 20; function evaluation 38; phase 2
Function value 1.0154128e+04; maximum gradient component mag 1.3806e+04
Var    Value     Gradient |Var    Value     Gradient |Var    Value     Gradient
  1 -0.07172  1.38058e+04 |  2  0.40276 -1.26933e+01 |  3 -0.06115 -2.43879e+02
  4  0.00964 -2.15459e+02 |  5  0.09732 -1.73999e+02 |  6  0.13957 -1.50371e+02
  7  0.16075 -1.36109e+02 |  8  0.13194 -1.49976e+02 |  9  0.18098 -1.16893e+02
 10  0.20065 -9.87447e+01 | 11  0.20960 -8.60600e+01 | 12  0.20655 -8.13318e+01
 13  0.21845 -6.26905e+01 | 14  0.20253 -6.75197e+01 | 15  0.19031 -6.88249e+01
 16  0.19310 -5.44784e+01 | 17  0.18474 -5.01040e+01 | 18  0.17504 -4.60904e+01
 19  0.16129 -4.60092e+01 | 20  0.15142 -4.12703e+01 | 21  0.14530 -2.89584e+01
 22  0.11478 -4.94258e+01 | 23  0.11803 -1.94952e+01 | 24  0.10258 -1.46367e+01
 25  0.09907  7.86680e+00 | 26  0.09912  3.96812e+01 | 27  0.10073  8.19269e+01
 28  0.08093  8.38412e+01 | 29 -0.55312 -2.63012e+02 | 30 -0.90718 -6.75918e+01
 31  0.03176  4.84265e+01 | 32 -0.04132 -8.81504e+01 | 33  0.01341 -1.38892e+01
 34 -0.14715 -2.33627e+02 | 35 -0.15575 -2.42453e+02 | 36 -0.17228 -2.63907e+02
 37  0.11269 -8.24635e+01 | 38  0.05720 -1.27071e+02 | 39  0.10791 -2.63061e+01
 40  0.14272  4.01174e+01 | 41  0.11875 -1.83914e+01 | 42 -0.15852 -2.58353e+02
 43 -0.49816 -2.80309e+02 | 44 -0.45879 -2.88584e+02 | 45  0.06578 -1.19985e+02
 46 -0.36443 -2.96185e+02 | 47 -0.44721 -2.88552e+02 | 48 -0.83901 -1.14910e+02
 49 -0.14756 -1.50294e+02 | 50 -0.02987  1.45419e+02 | 51  0.12819  5.57436e+02
 52  0.01262  1.58264e+02 | 53  0.09383  9.17868e+02 | 54  0.10997  1.24880e+03
 55  0.13397  1.62339e+03 | 56  0.11689  1.36247e+03 | 57 -0.02052  2.55323e+02
 58  0.05007  6.37507e+02 | 59  0.06421  6.66353e+02 | 60  0.05932  4.34997e+02
 61  0.09577  5.32624e+02 | 62  0.15913  6.47599e+02 | 63 -0.50351 -2.83655e+02
 64 -0.20562 -3.20650e+02 | 65  0.15536  2.86668e+02 | 66  0.12717  6.37886e+01
 67  0.24643 -1.70445e+02 | 68 -0.59452 -2.53851e+02 | 69 -0.17523 -4.26941e+02
 70 -0.58250 -2.63815e+02 | 71  0.18316 -4.60696e+03 | 72 -1.00961 -2.11801e+00
 73 -0.37570  2.59495e+03 | 74  0.12413 -3.85754e+03 | 75 -1.81864  1.17362e+03
 76 -0.68202  1.24314e+03 | 77 -0.12825  2.67471e+03 | 78 -0.49172 -3.27930e+03
 79 -0.07998  7.26401e+03 |
79 variables; iteration 40; function evaluation 66; phase 2
Function value 9.5645236e+03; maximum gradient component mag -7.5591e+03
Var    Value     Gradient |Var    Value     Gradient |Var    Value     Gradient
  1 -0.04274  7.09842e+03 |  2  1.72434 -3.13227e+02 |  3 -0.66954 -3.59813e-01
  4 -0.07508  1.84786e+02 |  5  0.13393  2.72761e+02 |  6  0.19303  2.98689e+02
  7  0.20903  3.09145e+02 |  8  0.15891  2.91091e+02 |  9  0.20858  3.18856e+02
 10  0.21445  3.28056e+02 | 11  0.21265  3.34175e+02 | 12  0.20260  3.35903e+02
 13  0.20058  3.43245e+02 | 14  0.18121  3.38824e+02 | 15  0.16671  3.37543e+02
 16  0.15470  3.38153e+02 | 17  0.14112  3.37606e+02 | 18  0.12727  3.36949e+02
 19  0.11632  3.39093e+02 | 20  0.10167  3.37373e+02 | 21  0.07148  3.20785e+02
 22  0.06919  3.31901e+02 | 23  0.06086  3.38425e+02 | 24  0.05669  3.51402e+02
 25  0.06619  3.81952e+02 | 26  0.06578  4.00252e+02 | 27  0.15982  6.35511e+02
 28  0.10539  5.36487e+02 | 29 -1.00765  3.86016e-01 | 30 -2.21425 -1.04546e+03
 31 -0.00930  3.69063e+02 | 32  0.04885  5.00781e+02 | 33  0.00193  4.01939e+02
 34  0.01559  3.89956e+02 | 35  0.02728  4.07121e+02 | 36  0.08807  4.54259e+02
 37 -0.04178  2.63957e+02 | 38 -0.05976  2.50836e+02 | 39  0.20460  8.11966e+02
 40 -0.08725  2.42043e+02 | 41  0.07871  5.16824e+02 | 42  0.11649  6.76943e+02
 43 -0.99043 -4.77346e-01 | 44 -0.44811  4.72172e+01 | 45  0.22274  1.51739e+03
 46 -0.13336  2.42798e+02 | 47 -0.28409  1.21427e+02 | 48 -1.96606 -3.84008e+02
 49  0.05254  5.34201e+02 | 50 -0.44073  4.51407e+01 | 51 -0.00021  7.41439e+00
 52  0.25610  9.10109e+02 | 53 -0.11885  1.52987e+02 | 54 -0.04787  1.15814e+02
 55  0.07097  2.96901e+01 | 56  0.10977 -5.79790e+00 | 57 -0.24981  8.01942e+01
 58  0.01655  1.21934e+02 | 59  0.11055  2.71999e+02 | 60  0.01861  1.66804e+02
 61  0.23842  5.95995e+02 | 62 -0.24550  9.22176e+01 | 63 -0.65381  1.67696e-01
 64  0.17211  1.17402e+02 | 65  0.04403  1.43368e+02 | 66  0.17069  3.58296e+02
 67  0.21348  4.65924e+02 | 68 -1.88557 -1.63583e+02 | 69  0.32232  8.24328e+02
 70 -1.59124 -4.95191e+01 | 71  0.16906 -7.55913e+03 | 72 -1.03573 -1.29326e+01
 73 -0.43332  9.93085e+02 | 74  0.05837 -2.75639e+03 | 75 -1.79747 -5.25780e+02
 76 -0.63432  9.13747e+02 | 77 -0.13605 -2.43999e+02 | 78 -0.42624  1.84405e+03
 79 -0.20567  7.27698e+03 |
79 variables; iteration 60; function evaluation 90; phase 2
Function value 8.4661500e+03; maximum gradient component mag 8.9504e+03
Var    Value     Gradient |Var    Value     Gradient |Var    Value     Gradient
  1 -0.06786  7.59047e+03 |  2  1.95350 -1.59673e+01 |  3  0.06463  2.33304e+01
  4 -0.43579 -1.22842e+02 |  5  1.45552 -1.64026e+02 |  6 -0.07936 -3.27306e+01
  7  0.11004  4.29361e+01 |  8 -0.22795 -8.33969e+01 |  9  0.01489  5.26687e+00
 10 -0.02716 -1.14637e+01 | 11  0.01457  6.01293e+00 | 12  0.03516  1.52122e+01
 13  0.09643  4.25010e+01 | 14  0.06114  2.80725e+01 | 15  0.02577  1.34456e+01
 16  0.08563  4.16785e+01 | 17  0.07933  4.02950e+01 | 18  0.06655  3.57981e+01
 19  0.00360  7.44239e+00 | 20 -0.02230 -3.26005e+00 | 21 -0.03895 -9.77906e+00
 22 -0.31352 -1.04183e+02 | 23  0.13057  8.56383e+01 | 24  0.19208  1.35302e+02
 25 -0.24932 -8.72854e+01 | 26 -0.25887 -8.97646e+01 | 27 -0.27265 -9.33073e+01
 28  0.01582  2.99941e+01 | 29 -0.73928 -9.09090e+01 | 30 -2.19411 -2.27986e+02
 31  0.06864  9.40417e+01 | 32 -0.02741  2.31393e+01 | 33  0.02305  6.57327e+01
 34  0.08162  1.22608e+02 | 35  0.15771  2.32022e+02 | 36  0.11268  1.56808e+02
 37  0.22494  3.21693e+02 | 38  0.27310  4.48223e+02 | 39  0.24694  4.00529e+02
 40 -0.06046  6.73196e+00 | 41  0.13509  2.06208e+02 | 42  0.12580  2.09428e+02
 43 -1.45216  1.22565e+02 | 44 -0.03407  3.85468e+01 | 45  0.25242  5.65108e+02
 46  0.03073  1.00542e+02 | 47 -0.08410 -4.06208e+00 | 48 -1.85846  4.04336e+01
 49  0.05809  3.59586e+01 | 50 -1.45179  1.24760e+02 | 51 -0.01868 -2.47588e+02
 52  0.35893  9.82044e+02 | 53 -0.25007 -9.00300e+01 | 54  0.03069 -5.09323e+00
 55  0.20408  7.06637e+01 | 56 -0.16239 -7.11199e+01 | 57  0.25239  4.85730e+02
 58  0.03773  5.05724e+01 | 59 -0.03225  7.02317e+00 | 60  0.26682  7.79810e+02
 61  0.28872  6.70654e+02 | 62 -0.46556 -1.25007e+02 | 63 -1.26062  9.09236e+01
 64  0.26009  2.68019e+02 | 65  0.09918  6.79554e+01 | 66  0.24298  3.89470e+02
 67  0.32380  7.60172e+02 | 68 -2.11452 -1.47996e+02 | 69  0.43632  9.90783e+02
 70 -1.22171  7.99617e+01 | 71  0.19773 -1.81638e+03 | 72 -0.98627  7.38855e+00
 73 -0.59245 -1.65741e+01 | 74  0.05906 -3.00501e+03 | 75 -1.56834 -1.51111e+03
 76 -0.56368  4.24592e+02 | 77 -0.18991 -2.08933e+03 | 78 -0.51852  1.64405e+03
 79 -0.29147  8.95044e+03 |
Maximum number of function evaluations exceeded

 - final statistics:
79 variables; iteration 70; function evaluation 100
Function value 8.3237e+03; maximum gradient component mag 5.5333e+03
Exit code = 3;  converg criter 1.0000e+01
Var    Value     Gradient |Var    Value     Gradient |Var    Value     Gradient
  1 -0.05892  4.81617e+03 |  2  2.05709  1.67711e+01 |  3  0.07711  3.57623e+01
  4 -0.19276 -6.52317e+01 |  5  1.43570 -1.61427e+02 |  6 -0.15974 -5.41783e+01
  7 -0.05356 -1.49054e+01 |  8 -0.07163 -2.17621e+01 |  9 -0.04072 -9.53558e+00
 10  0.04602  2.57105e+01 | 11  0.09183  4.50287e+01 | 12  0.06437  3.43602e+01
 13  0.15743  7.43944e+01 | 14  0.05685  3.26402e+01 | 15 -0.09134 -2.79771e+01
 16  0.06185  3.66101e+01 | 17  0.03799  2.70424e+01 | 18  0.01808  1.91350e+01
 19 -0.07615 -2.04742e+01 | 20 -0.07318 -1.86943e+01 | 21  0.05572  4.05785e+01
 22 -0.45179 -1.17515e+02 | 23  0.27363  1.85253e+02 | 24  0.14074  9.60914e+01
 25 -0.33366 -1.01304e+02 | 26 -0.40289 -1.12645e+02 | 27 -0.23145 -7.42864e+01
 28  0.00581  2.89474e+01 | 29 -0.75336 -8.40296e+01 | 30 -2.21022 -2.12006e+02
 31 -0.07847 -8.97607e+00 | 32 -0.10653 -2.13912e+01 | 33  0.13247  1.54228e+02
 34  0.05942  8.28259e+01 | 35  0.22974  2.81765e+02 | 36  0.06307  7.35840e+01
 37  0.17997  1.58627e+02 | 38  0.33255  3.69795e+02 | 39  0.23541  2.29456e+02
 40 -0.08215 -1.35063e+01 | 41  0.16388  1.60004e+02 | 42  0.13036  1.40100e+02
 43 -1.40713  1.14403e+02 | 44  0.10196  1.26254e+02 | 45  0.25328  3.41557e+02
 46  0.06555  8.67938e+01 | 47 -0.01781  1.65135e+01 | 48 -1.89386  3.25261e+01
 49  0.11325 -2.70206e+01 | 50 -1.49162  1.21944e+02 | 51 -0.11327 -1.55758e+02
 52  0.38481  5.92688e+02 | 53 -0.32811 -1.04426e+02 | 54  0.03989 -3.31968e+01
 55  0.21066 -9.41438e+01 | 56 -0.21628 -8.42945e+01 | 57  0.27230  2.68797e+02
 58  0.04174  1.41286e+01 | 59 -0.04028 -1.35184e+01 | 60  0.28582  5.76538e+02
 61  0.30496  4.36389e+02 | 62 -0.57329 -1.17085e+02 | 63 -1.21110  7.40612e+01
 64  0.26301  6.13742e+01 | 65  0.06776  1.36444e+01 | 66  0.30063  4.65077e+02
 67  0.33378  5.86153e+02 | 68 -1.95205 -5.36001e+00 | 69  0.47735  1.03622e+03
 70 -1.57256  1.16363e+02 | 71  0.19419 -2.16251e+03 | 72 -0.98695  7.92062e+00
 73 -0.61576 -2.01934e+02 | 74  0.05663 -4.43595e+03 | 75 -1.50757 -1.09987e+03
 76 -0.56246  4.13078e+02 | 77 -0.19440 -2.50651e+03 | 78 -0.57198  1.34508e+03
 79 -0.32863  5.53334e+03 |

Initial statistics: 88 variables; iteration 0; function evaluation 0; phase 3
Function value 8.3096090e+03; maximum gradient component mag -1.0180e+04
Var    Value     Gradient |Var    Value     Gradient |Var    Value     Gradient
  1 -0.05892  4.81617e+03 |  2 -0.06189 -1.01787e+02 |  3  0.07230 -4.90866e+01
  4 -0.19777 -1.46411e+02 |  5  0.55680  1.08961e+02 |  6 -0.16468 -1.36658e+02
  7 -0.05836 -9.99678e+01 |  8 -0.07644 -1.06559e+02 |  9 -0.04551 -9.47436e+01
 10  0.04123 -5.95282e+01 | 11  0.08701 -3.95575e+01 | 12  0.05957 -5.06718e+01
 13  0.15251 -8.45399e+00 | 14  0.05206 -5.24844e+01 | 15 -0.09617 -1.12404e+02
 16  0.05705 -4.84523e+01 | 17  0.03320 -5.82612e+01 | 18  0.01330 -6.62739e+01
 19 -0.08097 -1.05196e+02 | 20 -0.07800 -1.03468e+02 | 21  0.05093 -4.45537e+01
 22 -0.45811 -1.80756e+02 | 23  0.26838  1.07996e+02 | 24  0.13585  1.27611e+01
 25 -0.33919 -1.74381e+02 | 26 -0.40883 -1.80280e+02 | 27 -0.23657 -1.53657e+02
 28  0.00103 -5.64824e+01 | 29 -0.76634 -1.10473e+02 | 30  0.20517  1.31542e+02
 31 -0.08329 -9.36684e+01 | 32 -0.11138 -1.05490e+02 | 33  0.12759  7.07519e+01
 34  0.05462 -2.23483e+00 | 35  0.22464  2.02440e+02 | 36  0.05827 -1.14365e+01
 37  0.17500  7.67587e+01 | 38  0.32705  2.97217e+02 | 39  0.23029  1.50261e+02
 40 -0.08697 -9.81279e+01 | 41  0.15894  7.75439e+01 | 42  0.12548  5.65421e+01
 43 -0.60094 -1.62555e+02 | 44  0.09713  4.19670e+01 | 45  0.24810  2.63688e+02
 46  0.06075  1.81649e+00 | 47 -0.02259 -6.88678e+01 | 48 -0.11098 -1.16620e+02
 49  0.10840 -1.11253e+02 | 50 -0.51527 -1.79526e+02 | 51 -0.11813 -2.39504e+02
 52  0.37902  5.25654e+02 | 53 -0.33361 -1.77877e+02 | 54  0.03511 -1.18513e+02
 55  0.20561 -1.75411e+02 | 56 -0.22136 -1.64373e+02 | 57  0.26706  1.91773e+02
 58  0.03695 -7.11520e+01 | 59 -0.04507 -9.87287e+01 | 60  0.28053  5.01557e+02
 61  0.29959  3.62141e+02 | 62 -0.58104 -1.67529e+02 | 63 -0.80410 -9.47783e+01
 64  0.25780 -1.69293e+01 | 65  0.06296 -7.13586e+01 | 66  0.29528  3.90653e+02
 67  0.32828  5.14740e+02 | 68 -0.05274 -7.97813e+01 | 69  0.47085  9.82910e+02
 70 -0.43357 -1.81841e+02 | 71  0.19419 -2.16251e+03 | 72 -0.02942 -1.55679e+03
 73  0.40007  4.17211e+02 | 74 -0.47200 -1.04459e+02 | 75 -0.98695  7.92062e+00
 76 -0.61576 -2.01934e+02 | 77  0.05663 -4.43595e+03 | 78  0.10688 -1.01797e+04
 79  0.43174 -1.79692e+02 | 80 -0.87838 -3.01050e+01 | 81 -0.49243  1.09987e+03
 82 -0.56246  4.13078e+02 | 83 -0.19440 -2.50651e+03 | 84 -0.02410 -4.14023e+03
 85  0.31778  2.68012e+02 | 86 -0.54603 -1.09310e+02 | 87 -0.57198  1.34508e+03
 88 -0.32863  5.53334e+03 |

Intermediate statistics: 88 variables; iteration 20; function evaluation 38; phase 3
Function value 4.3217813e+03; maximum gradient component mag 3.5718e+04
Var    Value     Gradient |Var    Value     Gradient |Var    Value     Gradient
  1  0.18457  3.57177e+04 |  2  0.06046 -4.67340e+02 |  3  0.04403 -4.74608e+02
  4  0.09208 -4.41837e+02 |  5  0.28950 -2.38408e+02 |  6  0.07790 -4.44162e+02
  7  0.04938 -4.59867e+02 |  8  0.05016 -4.55318e+02 |  9  0.04109 -4.57250e+02
 10  0.02908 -4.61048e+02 | 11  0.02741 -4.57213e+02 | 12  0.02254 -4.55260e+02
 13  0.03367 -4.39681e+02 | 14  0.01462 -4.48581e+02 | 15  0.02343 -4.32910e+02
 16  0.00619 -4.40138e+02 | 17 -0.00019 -4.36969e+02 | 18 -0.00632 -4.32948e+02
 19 -0.00651 -4.21979e+02 | 20 -0.01460 -4.18809e+02 | 21 -0.02021 -4.11906e+02
 22  0.05525 -2.70188e+02 | 23  0.08022 -1.74841e+02 | 24 -0.00477 -3.32519e+02
 25 -0.01345 -3.23317e+02 | 26 -0.00830 -2.84801e+02 | 27 -0.06427 -3.63873e+02
 28 -0.07407 -3.55734e+02 | 29 -0.03359 -2.38440e+02 | 30  0.02080 -3.28380e+00
 31 -0.11569 -3.49078e+02 | 32 -0.13026 -3.44747e+02 | 33 -0.05122 -8.28371e+01
 34 -0.08561 -2.34685e+02 | 35  0.05287  5.65987e+02 | 36 -0.07195 -2.06731e+02
 37  0.00779  1.02673e+02 | 38  0.19993  2.33509e+03 | 39  0.06801  5.56600e+02
 40 -0.12169 -2.97675e+02 | 41 -0.00396  1.22185e+02 | 42 -0.03426  2.95627e+01
 43 -0.08932 -1.56449e+02 | 44 -0.06124 -1.82681e+01 | 45  0.13497  1.91054e+03
 46 -0.08433 -9.45851e+01 | 47 -0.11775 -2.04344e+02 | 48 -0.14179 -2.76926e+02
 49 -0.06882 -4.63028e+01 | 50 -0.10434 -2.35595e+02 | 51 -0.07809 -1.95076e+02
 52  0.12905  1.62656e+03 | 53 -0.15322 -3.39676e+02 | 54 -0.07980 -1.44834e+02
 55  0.10251  1.28603e+03 | 56 -0.13656 -3.08091e+02 | 57  0.11312  1.53514e+03
 58 -0.07483 -1.17092e+02 | 59 -0.11429 -2.20045e+02 | 60  0.09651  1.27957e+03
 61  0.12606  1.68031e+03 | 62 -0.07732 -1.56018e+02 | 63 -0.09678 -2.59712e+02
 64  0.12481  1.27716e+03 | 65 -0.04651 -9.69093e+01 | 66  0.12104  1.04122e+03
 67  0.13624  1.07708e+03 | 68 -0.09038 -3.49375e+02 | 69  0.18268  1.27666e+03
 70 -0.01464 -2.56835e+02 | 71  0.39118  1.46780e+03 | 72 -0.20192  2.00562e+02
 73  0.44044 -6.98499e+02 | 74  0.03938  4.62054e+02 | 75 -1.00895 -4.85261e+00
 76 -0.68160  4.99812e+02 | 77 -0.14316 -8.04080e+02 | 78  0.20686 -3.17018e+03
 79  0.55685  2.25950e+01 | 80 -0.95260 -2.31460e+00 | 81 -1.66783 -2.11456e+03
 82 -0.97752  6.71126e+00 | 83 -0.29610 -3.48179e+02 | 84  0.24048  2.43402e+03
 85  0.55057  1.65231e+02 | 86 -0.65125  8.58261e+00 | 87 -1.40009 -1.60176e+03
 88 -0.42671  2.95751e+04 |
88 variables; iteration 40; function evaluation 62; phase 3
Function value 3.8901510e+03; maximum gradient component mag 2.9535e+04
Var    Value     Gradient |Var    Value     Gradient |Var    Value     Gradient
  1  0.15318  2.95348e+04 |  2 -0.02565 -4.54562e+02 |  3  0.14461 -3.54117e+02
  4  0.08910 -3.89495e+02 |  5  0.20257 -2.91855e+02 |  6  0.09290 -3.79267e+02
  7  0.04583 -4.07510e+02 |  8  0.05683 -3.96289e+02 |  9  0.05454 -3.93357e+02
 10  0.06247 -3.82040e+02 | 11  0.05765 -3.79820e+02 | 12  0.04262 -3.85683e+02
 13  0.00590 -4.08010e+02 | 14  0.01797 -3.92527e+02 | 15  0.04106 -3.63717e+02
 16 -0.00801 -3.99882e+02 | 17 -0.01290 -3.96501e+02 | 18 -0.01800 -3.92847e+02
 19 -0.00560 -3.71437e+02 | 20 -0.01730 -3.72713e+02 | 21 -0.05262 -3.97203e+02
 22  0.04045 -2.60727e+02 | 23  0.11340 -5.58130e+01 | 24  0.00318 -2.83059e+02
 25 -0.05295 -3.48846e+02 | 26 -0.03436 -3.03253e+02 | 27 -0.10682 -3.83090e+02
 28 -0.08283 -3.37213e+02 | 29 -0.00824 -1.59097e+02 | 30  0.05296  1.21262e+02
 31 -0.13205 -3.45337e+02 | 32 -0.14965 -3.47649e+02 | 33 -0.03868 -4.70583e+01
 34 -0.07890 -2.05839e+02 | 35  0.07514  6.42223e+02 | 36 -0.07367 -2.04094e+02
 37  0.05038  2.86236e+02 | 38  0.20134  1.97577e+03 | 39  0.07841  5.19712e+02
 40 -0.14283 -3.20990e+02 | 41  0.00266  9.99548e+01 | 42 -0.06766 -1.28610e+02
 43 -0.09738 -1.90856e+02 | 44 -0.03685  4.26207e+01 | 45  0.14642  1.70906e+03
 46 -0.07212 -8.42249e+01 | 47 -0.13126 -2.50865e+02 | 48 -0.16036 -3.15830e+02
 49 -0.07169 -1.20220e+02 | 50 -0.09044 -2.42851e+02 | 51 -0.09234 -3.05833e+02
 52  0.14101  1.18715e+03 | 53 -0.22328 -4.28981e+02 | 54 -0.09357 -2.69719e+02
 55  0.09414  6.54276e+02 | 56 -0.16913 -3.82233e+02 | 57  0.11539  1.08180e+03
 58 -0.08928 -2.16118e+02 | 59 -0.13254 -2.85932e+02 | 60  0.11840  1.27417e+03
 61  0.12591  1.29110e+03 | 62 -0.07401 -1.85783e+02 | 63 -0.08478 -2.57515e+02
 64  0.10937  7.12311e+02 | 65 -0.06045 -2.00474e+02 | 66  0.12570  8.05810e+02
 67  0.15198  9.75373e+02 | 68 -0.10843 -3.55411e+02 | 69  0.20368  1.27664e+03
 70 -0.01535 -2.53085e+02 | 71  0.41370  1.39477e+03 | 72 -0.24163  1.46266e+02
 73  0.47278 -4.70058e+02 | 74  0.04708  4.72677e+02 | 75 -0.96879  1.73177e+01
 76 -0.65130  5.90478e+02 | 77 -0.12871 -2.40542e+02 | 78  0.20655 -7.50801e+02
 79  1.59003 -7.92720e+01 | 80 -1.72808  8.19115e+01 | 81 -1.54492 -1.15844e+03
 82 -0.56380  5.84480e+02 | 83 -0.21742 -4.53761e+02 | 84  0.22765  1.36138e+02
 85  0.82626  3.21143e+01 | 86 -0.66797  3.58782e+00 | 87 -1.32570 -7.17393e+02
 88 -0.40669  2.87162e+04 |
88 variables; iteration 60; function evaluation 87; phase 3
Function value 3.2436387e+03; maximum gradient component mag 2.5888e+04
Var    Value     Gradient |Var    Value     Gradient |Var    Value     Gradient
  1  0.16048  2.58877e+04 |  2  0.06249 -3.45054e+02 |  3  0.02643 -3.62054e+02
  4  0.02270 -3.62431e+02 |  5  0.28964 -1.55662e+02 |  6 -0.07876 -4.03527e+02
  7  0.08666 -3.18026e+02 |  8  0.04122 -3.43548e+02 |  9  0.04436 -3.38370e+02
 10  0.05803 -3.25351e+02 | 11  0.08602 -2.98957e+02 | 12  0.07044 -3.05381e+02
 13  0.13084 -2.39042e+02 | 14  0.06191 -2.98761e+02 | 15 -0.09893 -3.97340e+02
 16  0.05027 -2.93160e+02 | 17  0.02838 -3.05231e+02 | 18  0.00917 -3.14493e+02
 19 -0.04054 -3.48110e+02 | 20 -0.04357 -3.43640e+02 | 21 -0.01367 -3.08616e+02
 22 -0.03193 -3.16566e+02 | 23  0.15699  6.34708e+01 | 24 -0.06777 -3.31140e+02
 25 -0.13546 -3.75123e+02 | 26 -0.04002 -2.75056e+02 | 27 -0.16514 -3.79614e+02
 28 -0.13243 -3.47721e+02 | 29  0.01193 -9.92827e+01 | 30  0.08819  2.38606e+02
 31 -0.13946 -3.12708e+02 | 32 -0.15251 -3.08671e+02 | 33 -0.02152  1.45617e+01
 34 -0.06060 -1.43929e+02 | 35  0.08142  5.87349e+02 | 36 -0.04888 -1.32656e+02
 37  0.00065  2.21326e-01 | 38  0.19328  1.44364e+03 | 39  0.06722  3.12539e+02
 40 -0.21291 -3.61644e+02 | 41  0.03298  1.73437e+02 | 42  0.02292  1.88592e+02
 43 -0.05697 -7.90890e+01 | 44  0.02054  2.69823e+02 | 45  0.13984  1.27413e+03
 46 -0.05962 -5.89190e+01 | 47 -0.10830 -1.89334e+02 | 48 -0.19773 -3.28338e+02
 49 -0.00931  1.06176e+02 | 50 -0.14223 -2.87529e+02 | 51 -0.08292 -2.20350e+02
 52  0.18986  2.03453e+03 | 53 -0.11122 -2.14043e+02 | 54 -0.05199 -8.99071e+01
 55  0.09465  5.84776e+02 | 56 -0.18981 -3.54492e+02 | 57  0.12812  9.95030e+02
 58 -0.09623 -2.17194e+02 | 59 -0.11926 -2.35555e+02 | 60  0.11741  1.00619e+03
 61  0.13727  1.16602e+03 | 62 -0.16500 -3.17967e+02 | 63 -0.00099 -7.17436e+00
 64  0.12737  7.06353e+02 | 65 -0.12248 -2.96868e+02 | 66  0.11322  4.58277e+02
 67  0.14848  6.45447e+02 | 68 -0.17924 -3.80031e+02 | 69  0.18816  8.74800e+02
 70  0.06329 -2.31755e+01 | 71  0.39990  1.09410e+03 | 72 -0.21967  1.50648e+02
 73  0.47083 -2.51469e+02 | 74 -0.02229  3.09901e+02 | 75 -0.97750  1.42837e+01
 76 -0.73932  3.20683e+02 | 77 -0.11318  2.76205e+02 | 78  0.20093  4.84685e+01
 79  1.71836  2.25834e+02 | 80 -1.84764  3.87732e+00 | 81 -1.38481 -3.95409e+02
 82 -0.61214  4.57390e+02 | 83 -0.24226 -1.74642e+03 | 84  0.22471 -5.20089e+03
 85  0.61785  1.34090e+02 | 86 -0.50794 -1.00716e+02 | 87 -1.19707 -2.85455e+02
 88 -0.43825  2.33577e+04 |
88 variables; iteration 80; function evaluation 113; phase 3
Function value 2.1938541e+03; maximum gradient component mag 1.3616e+04
Var    Value     Gradient |Var    Value     Gradient |Var    Value     Gradient
  1  0.15288  1.36164e+04 |  2 -0.00639 -2.21133e+02 |  3  0.06077 -1.91430e+02
  4 -0.08160 -2.48896e+02 |  5  0.19457 -1.19767e+02 |  6 -0.14264 -2.67693e+02
  7  0.07333 -1.80984e+02 |  8  0.08172 -1.75052e+02 |  9  0.02273 -2.02976e+02
 10 -0.02340 -2.22814e+02 | 11  0.05395 -1.83847e+02 | 12  0.05269 -1.82247e+02
 13  0.01238 -2.01537e+02 | 14  0.02893 -1.90411e+02 | 15 -0.03344 -2.20452e+02
 16 -0.00003 -2.01195e+02 | 17 -0.01226 -2.05205e+02 | 18 -0.01596 -2.04399e+02
 19 -0.07205 -2.30872e+02 | 20 -0.06114 -2.23005e+02 | 21 -0.01618 -1.93468e+02
 22 -0.08697 -2.30515e+02 | 23  0.14059 -1.54994e+01 | 24 -0.02759 -1.85765e+02
 25 -0.13239 -2.43697e+02 | 26 -0.11113 -2.29214e+02 | 27 -0.17362 -2.55440e+02
 28 -0.10452 -2.14290e+02 | 29  0.05143 -2.38691e+01 | 30  0.05933  2.59091e+01
 31 -0.12723 -2.03521e+02 | 32 -0.15324 -2.10860e+02 | 33 -0.02286 -1.32626e+01
 34 -0.03460 -7.21591e+01 | 35  0.04977  1.91146e+02 | 36 -0.03241 -9.44590e+01
 37 -0.00881 -8.48901e+01 | 38  0.17204  4.62521e+02 | 39  0.08644  1.00508e+02
 40 -0.08370 -1.77581e+02 | 41  0.10850  1.74018e+02 | 42  0.05634  7.08882e+01
 43 -0.19065 -2.40469e+02 | 44  0.02182  3.54270e+01 | 45  0.11986  3.85171e+02
 46 -0.01590 -4.05026e+01 | 47 -0.04982 -1.16185e+02 | 48 -0.12784 -1.91651e+02
 49  0.07538  2.93718e+02 | 50 -0.22466 -2.51209e+02 | 51 -0.07988 -1.48941e+02
 52  0.26317  2.65971e+03 | 53 -0.27805 -2.58661e+02 | 54 -0.01488  3.34704e+01
 55  0.10454  3.33934e+02 | 56 -0.12970 -2.13113e+02 | 57  0.14112  5.50272e+02
 58 -0.08455 -1.61028e+02 | 59 -0.04948 -8.75840e+01 | 60  0.10247  3.73972e+02
 61  0.12820  4.41218e+02 | 62 -0.20888 -2.58128e+02 | 63  0.05961  6.07619e+01
 64  0.11643  2.11084e+02 | 65 -0.03501 -1.49500e+02 | 66  0.09726  5.99913e+01
 67  0.14019  2.02240e+02 | 68  0.10029  9.95848e+01 | 69  0.18287  4.54177e+02
 70  0.02474 -1.10819e+02 | 71  0.32055  5.91630e+01 | 72 -0.19191  2.66270e+00
 73  0.42216 -1.32353e+02 | 74  0.03228  6.40281e+01 | 75 -1.00691 -4.79858e+00
 76 -0.84470  1.39700e+02 | 77 -0.04302 -2.73555e+00 | 78  0.17759  2.27506e+02
 79  1.59551 -8.03381e+01 | 80 -1.89696 -2.18671e+01 | 81 -0.97370  1.02138e+01
 82 -0.82717  8.47006e+01 | 83 -0.05603  3.02909e+02 | 84  0.17883  2.07621e+03
 85  0.93347  1.95941e+01 | 86 -0.18444  1.46319e+02 | 87 -0.96577  4.31706e+01
 88 -0.49426  1.14155e+04 |
88 variables; iteration 100; function evaluation 151; phase 3
Function value 1.5982172e+03; maximum gradient component mag 3.8500e+03
Var    Value     Gradient |Var    Value     Gradient |Var    Value     Gradient
  1  0.18896  3.85004e+03 |  2 -0.00012 -7.22765e+01 |  3  0.04696 -5.30557e+01
  4 -0.09751 -1.08964e+02 |  5  0.05800 -4.77605e+01 |  6  0.04442 -5.29709e+01
  7 -0.05594 -9.30657e+01 |  8 -0.03552 -8.48368e+01 |  9  0.05843 -4.52684e+01
 10 -0.06313 -9.50033e+01 | 11 -0.03795 -8.46673e+01 | 12 -0.13077 -1.19258e+02
 13 -0.00806 -7.10609e+01 | 14 -0.06581 -9.43631e+01 | 15 -0.09127 -1.03815e+02
 16 -0.04682 -8.52693e+01 | 17  0.01188 -5.78785e+01 | 18  0.05129 -3.64257e+01
 19  0.00988 -5.55677e+01 | 20 -0.00944 -6.33132e+01 | 21 -0.03081 -7.19684e+01
 22  0.02359 -4.08981e+01 | 23  0.02850 -3.45144e+01 | 24  0.04326 -2.07331e+01
 25  0.03765 -1.91550e+01 | 26 -0.01974 -5.16992e+01 | 27 -0.04672 -6.34714e+01
 28 -0.03100 -4.80521e+01 | 29 -0.04212 -4.84786e+01 | 30 -0.05984 -5.21050e+01
 31 -0.07526 -5.24466e+01 | 32 -0.12576 -7.64622e+01 | 33 -0.07751 -1.86863e+01
 34 -0.05944 -2.71974e+01 | 35 -0.04568  1.09091e+01 | 36 -0.05025 -1.94354e+01
 37  0.02972  4.00784e+01 | 38  0.12916  2.41393e+02 | 39  0.11134  1.66015e+02
 40 -0.02203 -2.43004e+01 | 41  0.12064  1.40384e+02 | 42  0.03671  3.23098e+01
 43 -0.22651 -1.39253e+02 | 44  0.01654  2.14768e+01 | 45  0.08816  1.54490e+02
 46  0.02959  4.30980e+01 | 47 -0.01865 -5.33031e+01 | 48 -0.05201 -6.22491e+01
 49  0.04382  9.99336e+01 | 50 -0.08864 -6.80168e+01 | 51 -0.01162 -2.89553e+01
 52  0.14970  3.22173e+02 | 53 -0.12402 -9.84250e+01 | 54  0.01949 -8.52988e+00
 55  0.11548  1.09855e+02 | 56 -0.01028 -9.08165e+01 | 57  0.08519  1.00226e+02
 58  0.03421 -7.30800e+00 | 59 -0.13326 -1.02352e+02 | 60  0.06133  8.80970e+01
 61  0.09797  1.19780e+02 | 62 -0.08457 -1.14125e+02 | 63  0.03607  1.48570e+01
 64  0.08255  1.05535e+02 | 65  0.03785  3.40053e+01 | 66  0.11263  1.57321e+02
 67  0.15051  1.77469e+02 | 68 -0.11741 -1.14403e+02 | 69  0.17782  2.19046e+02
 70 -0.02300 -9.37043e+01 | 71  0.34789  1.86057e+02 | 72 -0.30663  1.39311e+01
 73  0.43540 -9.40764e+01 | 74  0.02215  9.81930e+01 | 75 -0.97157  2.20086e+01
 76 -1.00599 -3.94906e+00 | 77  0.01194 -7.79628e+01 | 78  0.16016 -3.34424e+00
 79  1.53164 -8.17622e+01 | 80 -1.87118  2.02681e+01 | 81 -0.64411  3.74976e+02
 82 -0.96716  1.09604e+01 | 83 -0.01769 -4.04234e+02 | 84  0.15666  7.89959e+01
 85  1.10364 -4.43691e+01 | 86 -0.10578  6.56571e+00 | 87 -0.92824  1.27367e+02
 88 -0.58768  3.12825e+03 |
88 variables; iteration 120; function evaluation 172; phase 3
Function value 1.1619207e+03; maximum gradient component mag -9.6844e+02
Var    Value     Gradient |Var    Value     Gradient |Var    Value     Gradient
  1  0.24917  4.37238e+02 |  2  0.01267 -4.98781e+00 |  3  0.01682 -3.24882e+00
  4  0.01724 -2.95186e+00 |  5  0.01510 -3.64669e+00 |  6  0.00522 -7.39116e+00
  7  0.01435 -3.59025e+00 |  8  0.00813 -5.85737e+00 |  9  0.00799 -5.68057e+00
 10  0.01450 -2.79104e+00 | 11  0.00850 -4.90371e+00 | 12  0.00855 -4.53640e+00
 13  0.00872 -4.06926e+00 | 14  0.00814 -3.86250e+00 | 15  0.01261 -1.48152e+00
 16  0.00723 -3.16020e+00 | 17  0.00241 -4.55709e+00 | 18 -0.00248 -5.93655e+00
 19  0.00252 -2.94107e+00 | 20 -0.00352 -4.64221e+00 | 21 -0.00501 -4.22109e+00
 22 -0.02004 -9.79367e+00 | 23  0.00271  2.29899e+00 | 24 -0.02214 -7.73779e+00
 25 -0.02620 -7.61032e+00 | 26 -0.04475 -1.41801e+01 | 27 -0.02866 -2.59254e+00
 28 -0.03888 -3.41735e+00 | 29 -0.04467 -2.69049e-01 | 30 -0.05228  4.42820e+00
 31 -0.08163 -2.66090e+00 | 32 -0.10322 -2.04544e+00 | 33 -0.11325  1.03899e+01
 34 -0.08930 -5.44942e+00 | 35 -0.07871  2.09704e+01 | 36 -0.07743 -1.64707e+00
 37  0.00357  9.15170e+00 | 38  0.05588  3.66987e+01 | 39  0.01734  4.79269e+00
 40  0.03032 -3.96860e+00 | 41  0.04837  2.30071e+00 | 42  0.01487  8.66335e-01
 43 -0.02302 -6.26400e+00 | 44  0.00508  9.55578e+00 | 45  0.00952  4.00104e+00
 46 -0.02703 -9.63402e+00 | 47  0.03897 -1.66407e+00 | 48 -0.01339 -1.05990e+01
 49 -0.01702  2.08057e+01 | 50 -0.04683 -2.42948e+00 | 51 -0.02686 -7.15002e+00
 52  0.08291  9.98923e+01 | 53 -0.02514  8.16160e+00 | 54  0.00304  8.46635e+00
 55  0.06624  4.85083e+01 | 56  0.05294 -1.31443e+01 | 57  0.01002  3.64795e+00
 58  0.02487 -1.06702e+00 | 59 -0.05963 -9.37707e+00 | 60  0.00818  2.53059e+01
 61  0.02625  2.67932e+01 | 62  0.03133 -9.87110e+00 | 63 -0.01038 -1.01392e+01
 64  0.03696  5.55588e+00 | 65  0.02562 -1.78437e+01 | 66  0.05591 -2.18361e+01
 67  0.10326 -1.29748e+01 | 68  0.04554 -1.47192e+01 | 69  0.07501  1.25229e+01
 70  0.03883 -6.33920e+00 | 71  0.37067 -1.39347e+01 | 72 -0.53418 -4.28204e-01
 73  0.45213  3.02356e+00 | 74 -0.02829 -9.48003e+00 | 75 -0.99999 -3.18717e-03
 76 -1.01618 -1.09088e+01 | 77  0.07091  4.13292e+01 | 78  0.14531  1.45929e+02
 79  1.53533  5.04784e-01 | 80 -1.83445  1.85525e+00 | 81 -0.99632  1.28413e+00
 82 -0.98579  4.95708e+00 | 83  0.01972 -2.52801e+02 | 84  0.12152 -9.68438e+02
 85  1.53706  3.40588e+01 | 86 -0.00586 -4.05587e+01 | 87 -0.99105  1.74605e+01
 88 -0.81510  2.11114e+02 |
88 variables; iteration 140; function evaluation 192; phase 3
Function value 1.1207808e+03; maximum gradient component mag 1.7644e+02
Var    Value     Gradient |Var    Value     Gradient |Var    Value     Gradient
  1  0.24850  1.13594e+01 |  2  0.00935 -1.14256e+00 |  3  0.01107 -3.89890e-01
  4  0.01083 -3.91190e-01 |  5  0.00741 -1.62546e+00 |  6  0.01304  7.03278e-01
  7  0.00907 -7.20400e-01 |  8  0.01153  4.02531e-01 |  9  0.01054  1.90963e-01
 10  0.00894 -2.48472e-01 | 11  0.00920  8.57323e-02 | 12  0.00783 -2.06389e-01
 13  0.00576 -7.52706e-01 | 14  0.00578 -4.16666e-01 | 15  0.00445 -5.90239e-01
 16  0.00282 -8.42140e-01 | 17  0.00252 -4.87930e-01 | 18  0.00198 -1.68548e-01
 19 -0.00089 -7.54359e-01 | 20 -0.00109 -1.14600e-01 | 21 -0.00383 -4.54666e-01
 22 -0.01085 -2.55070e+00 | 23 -0.00939 -7.33159e-01 | 24 -0.01039  2.55302e-01
 25 -0.01527 -1.76365e-01 | 26 -0.02014 -1.39002e-01 | 27 -0.02470  7.67384e-01
 28 -0.03528 -4.81685e-01 | 29 -0.04151  1.99749e+00 | 30 -0.06365 -2.61963e+00
 31 -0.07845 -6.65639e-01 | 32 -0.10021 -3.50991e-01 | 33 -0.12715 -2.13282e+00
 34 -0.08213 -4.05234e+00 | 35 -0.09105  4.59273e+00 | 36 -0.07422 -2.76420e-01
 37  0.00550 -9.89870e-01 | 38  0.03619 -1.51307e+00 | 39  0.01461 -7.07537e-01
 40  0.03882  1.47128e+00 | 41  0.04657  1.16212e+00 | 42  0.01264  2.80077e-01
 43 -0.01129  1.98624e+00 | 44 -0.00376  6.99400e-01 | 45  0.00785  2.13863e+00
 46 -0.01855 -8.60289e-02 | 47  0.03763  2.65322e+00 | 48  0.00342  2.39326e+00
 49 -0.03569 -2.35240e+00 | 50 -0.04292 -1.94012e+00 | 51 -0.00819  2.23387e+00
 52  0.05420 -1.73240e+01 | 53 -0.01115 -6.82537e-01 | 54  0.01288 -2.90177e-01
 55  0.04908 -7.52362e+00 | 56  0.06755  1.74762e+00 | 57 -0.00080 -5.99757e+00
 58  0.02824  4.15607e-01 | 59 -0.04959 -1.39266e+00 | 60 -0.00431  6.22119e-01
 61  0.01836  7.33782e+00 | 62  0.03794 -3.26114e-01 | 63 -0.00596  8.83257e-01
 64  0.02680  2.30138e+00 | 65  0.03214  8.09434e-01 | 66  0.05500 -6.32777e+00
 67  0.10092  3.98880e+00 | 68  0.05713  3.42160e+00 | 69  0.06427  7.32706e+00
 70  0.04012 -2.36796e+00 | 71  0.37088  2.42981e+00 | 72 -0.71971 -5.83410e-02
 73  0.45166 -2.54412e+00 | 74 -0.02211 -3.93555e-01 | 75 -1.00009 -5.64703e-02
 76 -0.99320  4.39466e+00 | 77  0.19089  9.15775e+01 | 78  0.09627  1.76444e+02
 79  1.44148  1.45474e-01 | 80 -1.77783 -1.03679e+00 | 81 -0.99269  3.06429e+00
 82 -0.99834  3.76111e-01 | 83 -0.16478  1.99803e+01 | 84  0.20224  2.82042e+01
 85  1.72288 -2.34736e+00 | 86 -0.09126  8.34756e+00 | 87 -1.00348 -6.24542e+00
 88 -1.02282 -2.57702e+00 |
88 variables; iteration 160; function evaluation 212; phase 3
Function value 1.1187063e+03; maximum gradient component mag 1.1694e+02
Var    Value     Gradient |Var    Value     Gradient |Var    Value     Gradient
  1  0.24817 -3.46216e+00 |  2  0.01118  1.11539e-01 |  3  0.01001 -2.63605e-01
  4  0.01090  1.74798e-01 |  5  0.00766 -9.89184e-01 |  6  0.00956 -1.27963e-01
  7  0.01054  3.95294e-01 |  8  0.00839 -3.00994e-01 |  9  0.00805 -2.62064e-01
 10  0.00774 -1.89924e-01 | 11  0.00717 -1.91699e-01 | 12  0.00653 -1.96874e-01
 13  0.00590 -1.62810e-01 | 14  0.00528 -8.93847e-02 | 15  0.00495  1.46299e-01
 16  0.00352 -2.06008e-02 | 17  0.00226 -6.80386e-02 | 18  0.00086 -1.12158e-01
 19  0.00078  4.81771e-01 | 20 -0.00130  3.22600e-01 | 21 -0.00451 -2.25346e-01
 22 -0.00362  1.16746e+00 | 23 -0.00900 -3.78604e-02 | 24 -0.01136  3.31157e-01
 25 -0.01451  7.02465e-01 | 26 -0.02000  4.53117e-01 | 27 -0.02729 -1.19346e-02
 28 -0.03539  1.84409e-03 | 29 -0.04255  1.96525e+00 | 30 -0.06049 -1.53598e-01
 31 -0.07807  2.03433e-01 | 32 -0.10061  4.23148e-02 | 33 -0.12560 -2.12940e-01
 34 -0.07561  6.10972e-01 | 35 -0.09616  1.44973e+00 | 36 -0.07530 -3.41953e-01
 37  0.00813  1.86219e+00 | 38  0.03533 -9.80692e-01 | 39  0.01678  6.05526e-01
 40  0.03747 -5.41578e-01 | 41  0.04563 -1.54073e+00 | 42  0.01265 -1.58414e+00
 43 -0.01159  4.15673e-01 | 44 -0.00274 -4.44167e-01 | 45  0.00548 -2.01574e+00
 46 -0.01679 -5.01625e-01 | 47  0.03742 -5.79546e-01 | 48  0.00196 -7.51587e-01
 49 -0.03425 -1.86393e+00 | 50 -0.03929  3.04019e-01 | 51 -0.01419 -6.86720e-01
 52  0.06084  3.87828e+00 | 53 -0.01439  6.87241e-01 | 54  0.01029 -3.79584e-01
 55  0.05238  1.99845e+00 | 56  0.06472 -3.02657e-01 | 57  0.00346 -5.94079e-01
 58  0.02777  1.53357e-01 | 59 -0.04866 -1.67302e+00 | 60 -0.00643 -4.94146e+00
 61  0.01603  7.79252e-01 | 62  0.04019  2.43473e-01 | 63 -0.00775 -1.48618e+00
 64  0.02761  2.38889e+00 | 65  0.03031 -4.29631e-01 | 66  0.05961  2.02783e+00
 67  0.09905 -1.65582e+00 | 68  0.05686 -8.17385e-01 | 69  0.06217  1.45316e+00
 70  0.04263  4.61596e-01 | 71  0.37043  2.95865e-01 | 72 -0.70000 -6.98657e-02
 73  0.45161 -6.44223e-01 | 74 -0.02112  1.00537e-01 | 75 -1.00001  4.06187e-03
 76 -1.00025 -1.28015e-01 | 77  0.09442  3.30915e+01 | 78  0.12284  1.16941e+02
 79  1.51842 -1.88977e-01 | 80 -1.89257  2.70205e-01 | 81 -0.99829  5.12100e-01
 82 -0.99830  3.89198e-01 | 83 -0.17953  3.19199e+00 | 84  0.20723  2.40002e+01
 85  1.73890  9.36336e-01 | 86 -0.09930  3.54694e-01 | 87 -0.99875  2.15598e+00
 88 -1.00818 -4.90972e-01 |
88 variables; iteration 180; function evaluation 232; phase 3
Function value 1.1145586e+03; maximum gradient component mag -6.2317e+01
Var    Value     Gradient |Var    Value     Gradient |Var    Value     Gradient
  1  0.24820 -6.23169e+01 |  2  0.01074  1.23354e+00 |  3  0.00946  8.11014e-01
  4  0.01262  2.13789e+00 |  5  0.00605 -3.28793e-01 |  6  0.00987  1.28568e+00
  7  0.01138  2.01325e+00 |  8  0.00806  8.58553e-01 |  9  0.00778  9.17992e-01
 10  0.00794  1.17914e+00 | 11  0.00490  1.87773e-01 | 12  0.00532  6.04283e-01
 13  0.00442  5.27314e-01 | 14  0.00405  6.95823e-01 | 15  0.00714  2.32418e+00
 16  0.00356  1.27297e+00 | 17  0.00223  1.19921e+00 | 18  0.00097  1.21045e+00
 19  0.00382  3.04352e+00 | 20  0.00057  2.39445e+00 | 21 -0.00361  1.43778e+00
 22 -0.00300  2.71002e+00 | 23 -0.01116  2.57440e-01 | 24 -0.00820  3.05291e+00
 25 -0.01245  2.94490e+00 | 26 -0.02290  3.23466e-01 | 27 -0.03011 -1.41906e-01
 28 -0.03207  3.07209e+00 | 29 -0.04244  3.37086e+00 | 30 -0.06310 -3.19786e-01
 31 -0.07784  1.81742e+00 | 32 -0.10167  8.44518e-01 | 33 -0.12228  4.02200e+00
 34 -0.07301  3.63963e+00 | 35 -0.09752  1.86476e+00 | 36 -0.07713 -1.46631e+00
 37  0.01020  1.05584e+00 | 38  0.03090 -7.78674e+00 | 39  0.01768  3.51819e-01
 40  0.03799 -4.06467e-01 | 41  0.04716 -4.79115e-01 | 42  0.01107 -2.46069e+00
 43 -0.00894  1.53256e+00 | 44 -0.00568 -4.13396e+00 | 45  0.00392 -4.13897e+00
 46 -0.01350  2.12620e+00 | 47  0.03646 -1.64642e+00 | 48  0.00035 -7.99289e-01
 49 -0.02998  3.87457e+00 | 50 -0.04032  1.80491e-01 | 51 -0.01423 -1.20343e+00
 52  0.06010 -6.16072e-01 | 53 -0.01579 -1.07076e+00 | 54  0.01143  1.19095e+00
 55  0.05294  3.95534e+00 | 56  0.06533 -1.11689e+00 | 57 -0.00004 -5.48553e+00
 58  0.02796 -3.06394e-01 | 59 -0.04877 -6.12283e-01 | 60 -0.00232 -1.81246e-01
 61  0.01256 -3.40243e+00 | 62  0.04136  3.90450e-01 | 63 -0.00801 -2.12772e+00
 64  0.02761  6.85982e-01 | 65  0.03018 -2.86349e+00 | 66  0.05818 -1.77907e+00
 67  0.10017 -4.39296e-01 | 68  0.05532 -1.67269e+00 | 69  0.06293  2.60512e+00
 70  0.04365  2.67283e+00 | 71  0.37065 -3.78728e+00 | 72 -0.66986 -1.05715e-01
 73  0.45189  1.65436e+00 | 74 -0.02258 -2.04919e+00 | 75 -1.00037 -2.34806e-01
 76 -1.00382 -2.30567e+00 | 77  0.26461 -1.28707e+01 | 78 -0.02692 -2.00572e+00
 79  1.39551 -1.15920e+00 | 80 -1.96457  3.66615e+00 | 81 -0.99628  1.48491e+00
 82 -1.00813 -3.10290e+00 | 83 -0.17951 -1.58501e+01 | 84  0.20694 -5.44680e+01
 85  1.73890  4.59739e-01 | 86 -0.09858 -1.03648e+01 | 87 -0.99944  9.57306e-01
 88 -0.99121  4.09643e-01 |
88 variables; iteration 200; function evaluation 252; phase 3
Function value 1.1141373e+03; maximum gradient component mag 1.1715e+01
Var    Value     Gradient |Var    Value     Gradient |Var    Value     Gradient
  1  0.24819  1.17152e+01 |  2  0.01115 -1.63663e-01 |  3  0.01085 -1.96851e-01
  4  0.01072 -1.56119e-01 |  5  0.01065 -7.81064e-02 |  6  0.01017 -1.46882e-01
  7  0.00981 -1.54651e-01 |  8  0.00957 -9.58178e-02 |  9  0.00906 -1.22362e-01
 10  0.00843 -1.71070e-01 | 11  0.00788 -1.66354e-01 | 12  0.00723 -1.69282e-01
 13  0.00640 -2.14224e-01 | 14  0.00568 -1.78310e-01 | 15  0.00472 -1.96893e-01
 16  0.00368 -2.04191e-01 | 17  0.00255 -1.95061e-01 | 18  0.00127 -1.85671e-01
 19 -0.00033 -2.33655e-01 | 20 -0.00199 -2.18577e-01 | 21 -0.00386 -1.81873e-01
 22 -0.00600 -1.22697e-01 | 23 -0.00894 -2.43621e-01 | 24 -0.01173 -7.15294e-02
 25 -0.01589 -1.76789e-01 | 26 -0.02060 -6.68964e-02 | 27 -0.02711 -1.50376e-01
 28 -0.03538 -2.22814e-01 | 29 -0.04586 -1.29476e-01 | 30 -0.06022 -2.31947e-01
 31 -0.07833 -2.20169e-01 | 32 -0.10057 -2.02654e-01 | 33 -0.12480  9.78777e-02
 34 -0.07591 -1.27062e-01 | 35 -0.09689  2.81789e-01 | 36 -0.07449 -1.93673e-01
 37  0.00568 -8.71351e-02 | 38  0.03717  3.02306e-01 | 39  0.01520 -3.82486e-01
 40  0.03775 -8.89663e-02 | 41  0.04599 -1.83518e-01 | 42  0.01368 -2.75804e-02
 43 -0.01301 -3.53156e-02 | 44 -0.00281  1.37051e-01 | 45  0.00641 -2.89240e-01
 46 -0.01715 -1.21948e-01 | 47  0.03712 -9.32169e-04 | 48  0.00147 -1.44692e-01
 49 -0.03304  1.44792e-01 | 50 -0.04027 -1.65747e-02 | 51 -0.01342 -2.92936e-02
 52  0.05988  8.89582e-01 | 53 -0.01468 -1.56670e-01 | 54  0.01094  1.20919e-01
 55  0.05185  9.38012e-01 | 56  0.06446 -8.58489e-02 | 57  0.00416  7.68427e-01
 58  0.02608  1.62684e-02 | 59 -0.04821  1.95963e-02 | 60 -0.00299  4.48455e-01
 61  0.01462  4.70219e-01 | 62  0.03973  6.57750e-02 | 63 -0.00633 -7.83948e-02
 64  0.02641  8.40575e-01 | 65  0.03113  9.85421e-02 | 66  0.05834  1.40176e-01
 67  0.09965  5.42043e-01 | 68  0.05765 -6.72625e-02 | 69  0.06130  6.32844e-02
 70  0.04296 -2.46793e-01 | 71  0.37011 -8.87016e-02 | 72 -0.63167 -1.03858e-01
 73  0.45151 -1.40980e-01 | 74 -0.02158 -1.75295e-01 | 75 -1.00000  5.26581e-02
 76 -1.00002 -1.90460e-03 | 77  0.31295  1.85080e+00 | 78 -0.10980  2.01791e+00
 79  1.36130 -2.83632e-02 | 80 -1.96916  6.22540e-02 | 81 -1.00134 -4.53084e-01
 82 -1.00055 -1.36565e-01 | 83 -0.17942 -7.68382e-01 | 84  0.20662  5.25284e+00
 85  1.73878  1.08396e+00 | 86 -0.09642  2.31187e-01 | 87 -0.99962  6.42925e-01
 88 -0.96497  3.67162e+00 |
88 variables; iteration 220; function evaluation 272; phase 3
Function value 1.1140614e+03; maximum gradient component mag -3.8516e+00
Var    Value     Gradient |Var    Value     Gradient |Var    Value     Gradient
  1  0.24836 -3.85157e+00 |  2  0.01150  1.99759e-01 |  3  0.01085  2.91239e-02
  4  0.01078  9.26803e-02 |  5  0.00984 -1.70803e-01 |  6  0.01016  7.19768e-02
  7  0.01020  2.25632e-01 |  8  0.00958  1.34907e-01 |  9  0.00906  1.01855e-01
 10  0.00846  6.25749e-02 | 11  0.00789  5.99195e-02 | 12  0.00726  6.20479e-02
 13  0.00628 -4.50211e-02 | 14  0.00573  5.89930e-02 | 15  0.00473  2.15058e-02
 16  0.00371  1.95988e-02 | 17  0.00259  3.19399e-02 | 18  0.00127  2.23173e-02
 19 -0.00019  3.19286e-02 | 20 -0.00192  1.40008e-02 | 21 -0.00393 -1.04987e-02
 22 -0.00650 -1.46584e-01 | 23 -0.00881  3.93763e-03 | 24 -0.01167  1.41962e-01
 25 -0.01601 -5.08924e-02 | 26 -0.02112 -1.38976e-01 | 27 -0.02704  5.63663e-02
 28 -0.03542 -7.57859e-02 | 29 -0.04604 -6.79723e-02 | 30 -0.05946  3.80529e-01
 31 -0.07834 -7.34098e-02 | 32 -0.10063 -9.68007e-02 | 33 -0.12518 -5.10936e-02
 34 -0.07542  4.67922e-01 | 35 -0.09692  5.74434e-01 | 36 -0.07429  3.13998e-01
 37  0.00541  3.43121e-01 | 38  0.03803  1.61273e+00 | 39  0.01401 -1.08017e+00
 40  0.03827 -1.28257e-02 | 41  0.04529 -1.08938e+00 | 42  0.01361 -3.97783e-01
 43 -0.01247  3.07180e-01 | 44 -0.00247  2.90997e-01 | 45  0.00561 -1.33084e+00
 46 -0.01684 -1.31777e-01 | 47  0.03720 -1.84576e-01 | 48  0.00159 -2.17853e-01
 49 -0.03313 -7.03735e-02 | 50 -0.04016 -1.34981e-02 | 51 -0.01315 -1.05815e-01
 52  0.05926 -1.31373e+00 | 53 -0.01411 -1.10777e-02 | 54  0.01112 -1.04050e-01
 55  0.05142 -6.15110e-01 | 56  0.06489 -1.80481e-01 | 57  0.00341 -4.09932e-01
 58  0.02620 -1.73784e-01 | 59 -0.04798  2.89093e-01 | 60 -0.00262  7.75337e-01
 61  0.01420 -2.86144e-01 | 62  0.03973 -3.23955e-01 | 63 -0.00575  3.25411e-01
 64  0.02572 -3.40776e-01 | 65  0.03131 -6.02849e-02 | 66  0.05844  2.43070e-01
 67  0.09955  1.83248e-01 | 68  0.05762 -1.14680e-01 | 69  0.06120  3.07570e-03
 70  0.04321  2.30127e-01 | 71  0.37002  4.78704e-01 | 72 -0.64852 -8.84410e-02
 73  0.45145 -2.17373e-01 | 74 -0.02085  5.83489e-01 | 75 -0.99987  8.10473e-02
 76 -0.99974  1.30235e-01 | 77  0.32150  3.64708e+00 | 78 -0.13496  1.87231e+00
 79  1.35503 -2.19870e-01 | 80 -1.97291 -1.53843e+00 | 81 -0.99974  8.05377e-02
 82 -1.00012 -2.79382e-02 | 83 -0.17678 -4.07823e-02 | 84  0.20594 -7.68385e-01
 85  1.73593 -1.16195e-01 | 86 -0.09597 -2.81433e-01 | 87 -0.99976  4.10558e-01
 88 -0.99576  8.49488e-02 |
88 variables; iteration 240; function evaluation 292; phase 3
Function value 1.1140483e+03; maximum gradient component mag -1.5572e-01
Var    Value     Gradient |Var    Value     Gradient |Var    Value     Gradient
  1  0.24837 -4.31582e-02 |  2  0.01108 -2.61821e-03 |  3  0.01088  6.39225e-04
  4  0.01064 -2.13210e-03 |  5  0.01038  1.93884e-03 |  6  0.01008  1.39576e-03
  7  0.00972 -4.59483e-03 |  8  0.00934 -2.02221e-03 |  9  0.00890 -1.18373e-03
 10  0.00841 -1.17790e-03 | 11  0.00784 -5.70366e-04 | 12  0.00721 -5.61242e-04
 13  0.00650  2.11031e-03 | 14  0.00569 -2.99952e-04 | 15  0.00479  5.81171e-04
 16  0.00377  5.17611e-04 | 17  0.00262  3.93508e-04 | 18  0.00132  9.79065e-04
 19 -0.00016  8.22121e-04 | 20 -0.00185  1.14158e-03 | 21 -0.00379  6.00016e-04
 22 -0.00607 -3.30523e-03 | 23 -0.00870  6.42052e-03 | 24 -0.01189 -5.57654e-03
 25 -0.01579  2.48092e-03 | 26 -0.02074 -7.90081e-03 | 27 -0.02705  2.63927e-03
 28 -0.03517  2.01628e-03 | 29 -0.04581  8.40218e-03 | 30 -0.05997  2.31966e-02
 31 -0.07815  3.14421e-03 | 32 -0.10043  3.70654e-03 | 33 -0.12506 -9.09995e-04
 34 -0.07573 -5.77551e-03 | 35 -0.09726 -5.30293e-03 | 36 -0.07439  1.79284e-03
 37  0.00579 -5.08575e-03 | 38  0.03681 -1.95140e-02 | 39  0.01555 -1.92012e-02
 40  0.03762 -5.07372e-04 | 41  0.04611 -9.90788e-03 | 42  0.01361  2.05358e-03
 43 -0.01299 -3.09344e-03 | 44 -0.00300  1.24460e-03 | 45  0.00665  4.96217e-03
 46 -0.01715  1.43724e-03 | 47  0.03708 -6.09181e-03 | 48  0.00165 -2.23539e-03
 49 -0.03318 -3.49774e-03 | 50 -0.04026  2.66253e-03 | 51 -0.01329 -3.64016e-03
 52  0.05961  1.10961e-02 | 53 -0.01440 -1.76485e-03 | 54  0.01102 -1.71596e-03
 55  0.05155 -9.27455e-04 | 56  0.06476 -8.82105e-03 | 57  0.00362  1.05732e-02
 58  0.02631 -1.47415e-03 | 59 -0.04816  4.93931e-03 | 60 -0.00312  1.50238e-03
 61  0.01449  8.51260e-03 | 62  0.03983 -8.88829e-04 | 63 -0.00612 -5.89795e-03
 64  0.02598  2.16848e-02 | 65  0.03129 -1.47042e-03 | 66  0.05835 -2.42869e-03
 67  0.09952  1.80515e-02 | 68  0.05773 -3.68167e-03 | 69  0.06120 -6.65079e-03
 70  0.04312  4.32648e-03 | 71  0.37011 -1.23246e-01 | 72 -0.63976 -9.85070e-02
 73  0.45152 -3.93300e-03 | 74 -0.02139 -1.92959e-02 | 75 -1.00001  6.09304e-03
 76 -0.99999 -1.31083e-02 | 77  0.33121 -2.09301e-02 | 78 -0.16879 -3.12130e-02
 79  1.34848  3.03706e-04 | 80 -1.97448  1.94145e-03 | 81 -0.99998  2.04428e-03
 82 -1.00001  9.43903e-03 | 83 -0.17691 -3.35429e-02 | 84  0.20594 -1.55722e-01
 85  1.73608 -5.91492e-03 | 86 -0.09581 -5.10383e-02 | 87 -1.00001 -6.82038e-03
 88 -0.99599  6.50593e-02 |
88 variables; iteration 260; function evaluation 312; phase 3
Function value 1.1140462e+03; maximum gradient component mag -2.1130e+00
Var    Value     Gradient |Var    Value     Gradient |Var    Value     Gradient
  1  0.24838 -4.14797e-01 |  2  0.01115  4.39097e-02 |  3  0.01083 -3.26658e-03
  4  0.01085  9.95044e-02 |  5  0.01075  1.62737e-01 |  6  0.01009  2.37882e-02
  7  0.00994  1.00288e-01 |  8  0.00947  6.66992e-02 |  9  0.00896  3.94430e-02
 10  0.00846  3.62654e-02 | 11  0.00787  2.86576e-02 | 12  0.00724  2.97803e-02
 13  0.00646  3.10183e-03 | 14  0.00571  2.56903e-02 | 15  0.00486  4.63643e-02
 16  0.00378  2.18498e-02 | 17  0.00258  1.64783e-03 | 18  0.00125 -1.04479e-02
 19 -0.00024 -2.14261e-02 | 20 -0.00195 -2.83847e-02 | 21 -0.00376  3.12840e-02
 22 -0.00586  1.00047e-01 | 23 -0.00940 -2.93596e-01 | 24 -0.01143  2.17447e-01
 25 -0.01600 -8.80042e-02 | 26 -0.02054  9.87578e-02 | 27 -0.02730 -1.18899e-01
 28 -0.03515  1.73599e-02 | 29 -0.04549  1.86642e-01 | 30 -0.06006 -4.04866e-02
 31 -0.07813 -2.60045e-03 | 32 -0.10040 -1.31330e-02 | 33 -0.12566 -5.12324e-01
 34 -0.07559  1.47679e-01 | 35 -0.09717  1.35369e-01 | 36 -0.07424  1.52805e-01
 37  0.00544 -1.54591e-01 | 38  0.03704  3.15470e-01 | 39  0.01565  1.59543e-01
 40  0.03741 -1.19633e-02 | 41  0.04661  4.20510e-01 | 42  0.01321 -1.83084e-01
 43 -0.01308 -8.35553e-02 | 44 -0.00310 -4.02064e-02 | 45  0.00695  3.96052e-01
 46 -0.01724  2.47339e-02 | 47  0.03701 -7.20075e-02 | 48  0.00176  3.40504e-02
 49 -0.03341 -2.76184e-01 | 50 -0.04031 -3.02910e-02 | 51 -0.01332  1.26634e-04
 52  0.05977  4.66725e-01 | 53 -0.01472 -2.21753e-01 | 54  0.01100  1.42637e-01
 55  0.05175  7.60433e-01 | 56  0.06488  4.15046e-02 | 57  0.00289 -1.02515e+00
 58  0.02654  3.31629e-02 | 59 -0.04832 -6.77334e-02 | 60 -0.00298  3.72665e-01
 61  0.01465  4.13635e-01 | 62  0.03972 -1.23481e-01 | 63 -0.00642 -2.53609e-01
 64  0.02636  6.19227e-01 | 65  0.03102 -4.93758e-02 | 66  0.05878  6.69551e-01
 67  0.09918 -9.77408e-01 | 68  0.05822  3.63944e-02 | 69  0.06071 -9.01473e-01
 70  0.04322 -1.47608e-01 | 71  0.36981  2.47032e-01 | 72 -0.59837 -1.20573e-01
 73  0.45139  3.08599e-02 | 74 -0.02160  5.99476e-02 | 75 -1.00005 -2.92257e-02
 76 -1.00014 -6.89405e-02 | 77  0.33083  1.65117e-01 | 78 -0.16723  2.05882e-02
 79  1.34883  7.61358e-02 | 80 -1.97436 -2.12401e-02 | 81 -1.00116 -3.91750e-01
 82 -1.00009 -2.00371e-02 | 83 -0.17703 -7.36036e-01 | 84  0.20602 -2.11304e+00
 85  1.73621 -6.07557e-02 | 86 -0.09620 -7.64318e-01 | 87 -1.00020 -3.35516e-01
 88 -0.99584  7.86843e-02 |
88 variables; iteration 280; function evaluation 334; phase 3
Function value 1.1139640e+03; maximum gradient component mag 3.4234e-01
Var    Value     Gradient |Var    Value     Gradient |Var    Value     Gradient
  1  0.24838  5.37506e-02 |  2  0.01108  4.82119e-03 |  3  0.01090  1.57176e-02
  4  0.01064  8.34185e-03 |  5  0.01032 -1.42234e-02 |  6  0.01012  2.44793e-02
  7  0.00974  1.30608e-02 |  8  0.00936  1.34829e-02 |  9  0.00892  1.55662e-02
 10  0.00843  1.79437e-02 | 11  0.00785  1.27324e-02 | 12  0.00721  8.85656e-03
 13  0.00647  2.61459e-04 | 14  0.00569  1.04931e-02 | 15  0.00479  1.10830e-02
 16  0.00376  7.25575e-03 | 17  0.00262  1.19772e-02 | 18  0.00132  1.16268e-02
 19 -0.00014  1.58916e-02 | 20 -0.00184  1.61642e-02 | 21 -0.00381  4.42732e-03
 22 -0.00605  1.41628e-02 | 23 -0.00877 -1.42454e-02 | 24 -0.01188  1.04660e-02
 25 -0.01578  1.85001e-02 | 26 -0.02068  3.50814e-02 | 27 -0.02701  3.67006e-02
 28 -0.03521  2.41768e-04 | 29 -0.04589 -1.48817e-02 | 30 -0.05981  1.39865e-01
 31 -0.07821 -1.01644e-02 | 32 -0.10049 -1.47945e-02 | 33 -0.12502  5.97397e-02
 34 -0.07586 -4.86002e-02 | 35 -0.09711  1.53077e-01 | 36 -0.07440  1.19645e-02
 37  0.00580  2.67369e-02 | 38  0.03677 -8.88509e-03 | 39  0.01567  9.48248e-02
 40  0.03757  8.43048e-03 | 41  0.04614  1.04347e-03 | 42  0.01353 -5.50395e-02
 43 -0.01301  4.39821e-03 | 44 -0.00291  1.07261e-01 | 45  0.00657 -3.57565e-02
 46 -0.01706  8.36136e-02 | 47  0.03704 -3.44999e-02 | 48  0.00163  9.98351e-03
 49 -0.03311  9.92312e-02 | 50 -0.04022  2.40649e-02 | 51 -0.01331 -1.00489e-02
 52  0.05960 -4.63577e-02 | 53 -0.01436  1.32296e-02 | 54  0.01101 -8.87249e-03
 55  0.05157  2.75660e-02 | 56  0.06476  7.99954e-03 | 57  0.00369  1.07299e-01
 58  0.02637  2.21487e-02 | 59 -0.04821 -4.63559e-02 | 60 -0.00320 -4.44929e-02
 61  0.01448  1.39240e-02 | 62  0.03987  5.32222e-02 | 63 -0.00617 -9.70680e-02
 64  0.02585 -1.88629e-01 | 65  0.03136  9.54856e-03 | 66  0.05827 -1.57362e-01
 67  0.09955  4.16372e-02 | 68  0.05781  3.73060e-02 | 69  0.06107 -2.33870e-01
 70  0.04309 -5.47176e-02 | 71  0.35698 -6.88385e-02 | 72 -0.26819 -1.41663e-02
 73  0.44557  3.05403e-02 | 74 -0.02723 -3.48723e-02 | 75 -1.00003 -1.10492e-02
 76 -0.99999 -2.58737e-02 | 77  0.33056 -1.88303e-01 | 78 -0.16628 -2.49510e-02
 79  1.34881 -1.31863e-01 | 80 -1.97436  2.49155e-02 | 81 -1.00018 -5.69927e-02
 82 -0.99999 -8.34877e-03 | 83 -0.17692  8.17325e-02 | 84  0.20593  3.42342e-01
 85  1.73609  1.56705e-02 | 86 -0.09571  1.28513e-01 | 87 -1.00000 -6.83389e-02
 88 -0.99640  2.54921e-02 |
88 variables; iteration 300; function evaluation 356; phase 3
Function value 1.1139639e+03; maximum gradient component mag 2.7621e-04
Var    Value     Gradient |Var    Value     Gradient |Var    Value     Gradient
  1  0.24837  2.76208e-04 |  2  0.01108 -6.66795e-06 |  3  0.01087 -5.97125e-06
  4  0.01064 -8.83676e-07 |  5  0.01037  5.02021e-06 |  6  0.01007  9.32868e-07
  7  0.00972 -2.37167e-06 |  8  0.00934 -1.91514e-06 |  9  0.00890 -3.16301e-06
 10  0.00840 -6.98038e-06 | 11  0.00784 -9.53173e-06 | 12  0.00720 -8.15655e-06
 13  0.00648 -7.57977e-06 | 14  0.00568 -8.13814e-06 | 15  0.00478 -5.22450e-06
 16  0.00376 -6.83707e-06 | 17  0.00261 -6.24892e-06 | 18  0.00131 -6.53488e-06
 19 -0.00016 -4.77386e-06 | 20 -0.00186 -4.07669e-06 | 21 -0.00380 -5.18881e-06
 22 -0.00606  3.29759e-06 | 23 -0.00872 -9.08012e-06 | 24 -0.01188  1.20591e-05
 25 -0.01580 -9.55531e-06 | 26 -0.02073 -1.30905e-05 | 27 -0.02705 -9.27457e-06
 28 -0.03517 -1.36865e-06 | 29 -0.04582  1.41529e-05 | 30 -0.06001  1.70879e-05
 31 -0.07815 -2.33995e-06 | 32 -0.10043 -5.61756e-06 | 33 -0.12505 -2.05828e-05
 34 -0.07571 -1.00159e-05 | 35 -0.09725 -9.19750e-06 | 36 -0.07439  3.63816e-05
 37  0.00579  9.28800e-06 | 38  0.03682  3.62732e-05 | 39  0.01557 -2.62482e-06
 40  0.03761  4.08871e-06 | 41  0.04613  8.31198e-06 | 42  0.01361 -2.38123e-05
 43 -0.01298  5.37913e-06 | 44 -0.00299 -1.33434e-06 | 45  0.00665  1.89148e-05
 46 -0.01715  2.21160e-05 | 47  0.03709  1.08687e-05 | 48  0.00166 -9.15505e-06
 49 -0.03317  3.04885e-05 | 50 -0.04024  2.02304e-05 | 51 -0.01328  1.21282e-05
 52  0.05962  9.23856e-06 | 53 -0.01438 -1.83846e-05 | 54  0.01103  3.28789e-05
 55  0.05157  2.60531e-05 | 56  0.06479 -6.07551e-06 | 57  0.00364 -1.46488e-05
 58  0.02637  1.54168e-05 | 59 -0.04816 -4.25438e-05 | 60 -0.00317 -1.03615e-06
 61  0.01448 -2.77361e-05 | 62  0.03984 -1.46815e-05 | 63 -0.00613  7.07109e-06
 64  0.02594  2.79612e-06 | 65  0.03129  9.79432e-06 | 66  0.05835 -2.67768e-05
 67  0.09953 -6.20671e-05 | 68  0.05771 -4.77435e-06 | 69  0.06121  3.07099e-05
 70  0.04308  1.79570e-05 | 71  0.35691  1.00276e-04 | 72 -0.26756  9.54257e-06
 73  0.44554  3.60323e-07 | 74 -0.02724  3.46716e-05 | 75 -1.00002  2.13668e-07
 76 -1.00002  3.53277e-05 | 77  0.33058  3.73008e-05 | 78 -0.16636  1.25767e-05
 79  1.34892  7.12732e-06 | 80 -1.97436 -1.15596e-05 | 81 -1.00002  3.30265e-05
 82 -1.00002  3.14696e-05 | 83 -0.17691  7.43092e-06 | 84  0.20593  6.97051e-05
 85  1.73608  1.72291e-06 | 86 -0.09578 -5.61166e-07 | 87 -0.99999 -2.32488e-05
 88 -0.99668 -1.17153e-06 |
Warning: the following parameters had issues
  selparm[5] is within 0.1% of lower bound: -5.00000e+00 < -5.00000e+00 < 9.00000e+00
  selparm[6] is within 0.1% of lower bound: -5.00000e+00 < -5.00000e+00 < 9.00000e+00
  selparm[11] is within 0.1% of lower bound: -5.00000e+00 < -5.00000e+00 < 9.00000e+00
  selparm[12] is within 0.1% of lower bound: -5.00000e+00 < -5.00000e+00 < 9.00000e+00
  selparm[17] is within 0.1% of lower bound: -5.00000e+00 < -5.00000e+00 < 9.00000e+00
  selparm[18] is within 0.1% of lower bound: -5.00000e+00 < -4.99990e+00 < 9.00000e+00


 - final statistics:
88 variables; iteration 302; function evaluation 358
Function value 1.1140e+03; maximum gradient component mag 3.9970e-05
Exit code = 1;  converg criter 1.0000e-04
Var    Value     Gradient |Var    Value     Gradient |Var    Value     Gradient
  1  0.24837  3.99701e-05 |  2  0.01108 -1.82526e-06 |  3  0.01087  1.45319e-06
  4  0.01064 -1.31392e-06 |  5  0.01037  2.96677e-06 |  6  0.01007 -4.95740e-07
  7  0.00972 -3.31296e-06 |  8  0.00934 -8.79797e-07 |  9  0.00890  2.46439e-07
 10  0.00840  8.58457e-07 | 11  0.00784 -3.91953e-07 | 12  0.00720 -9.93297e-07
 13  0.00648  1.08813e-06 | 14  0.00568 -6.18579e-07 | 15  0.00478 -2.49614e-07
 16  0.00376  3.57807e-07 | 17  0.00261  3.61037e-07 | 18  0.00131  5.82688e-07
 19 -0.00016 -8.83454e-09 | 20 -0.00186  6.09595e-08 | 21 -0.00380  9.32368e-07
 22 -0.00606  1.16662e-07 | 23 -0.00872  9.14019e-06 | 24 -0.01188  6.79084e-06
 25 -0.01580  2.31651e-06 | 26 -0.02073 -3.46400e-06 | 27 -0.02705  1.21288e-07
 28 -0.03517  3.21122e-06 | 29 -0.04582  3.39276e-06 | 30 -0.06001  3.21064e-06
 31 -0.07815  9.82267e-07 | 32 -0.10043  8.67324e-07 | 33 -0.12505 -7.27863e-06
 34 -0.07571 -7.47351e-06 | 35 -0.09725 -1.26404e-05 | 36 -0.07439 -1.11842e-06
 37  0.00579 -6.08119e-06 | 38  0.03682 -8.77371e-06 | 39  0.01557 -1.26175e-06
 40  0.03761  8.20704e-07 | 41  0.04613  1.24698e-05 | 42  0.01361 -1.19142e-05
 43 -0.01298  5.16708e-07 | 44 -0.00299  1.76051e-06 | 45  0.00665  3.67502e-06
 46 -0.01715  5.55226e-06 | 47  0.03709 -1.65275e-06 | 48  0.00166  2.23592e-06
 49 -0.03317 -4.72082e-08 | 50 -0.04024  1.29085e-06 | 51 -0.01328 -2.30606e-06
 52  0.05962  1.50297e-06 | 53 -0.01438 -1.80657e-06 | 54  0.01103  2.82628e-06
 55  0.05157  4.65297e-07 | 56  0.06479  8.30155e-07 | 57  0.00364 -4.98857e-06
 58  0.02637  1.57289e-06 | 59 -0.04816  1.39699e-06 | 60 -0.00317  5.71402e-06
 61  0.01448  4.69451e-06 | 62  0.03984  3.24137e-06 | 63 -0.00613  1.92132e-06
 64  0.02594 -2.50734e-06 | 65  0.03129  2.07485e-06 | 66  0.05835  6.97965e-06
 67  0.09953 -2.41048e-06 | 68  0.05771  3.44111e-06 | 69  0.06121  8.25907e-06
 70  0.04308 -3.80666e-06 | 71  0.35691  7.59729e-06 | 72 -0.26756  2.94640e-07
 73  0.44554  2.83349e-07 | 74 -0.02724 -1.86315e-06 | 75 -1.00002  1.92524e-06
 76 -1.00002  2.52887e-05 | 77  0.33058 -4.35226e-06 | 78 -0.16636 -6.72307e-07
 79  1.34892 -2.45998e-06 | 80 -1.97436  1.13897e-06 | 81 -1.00002  4.20610e-06
 82 -1.00002  4.90490e-06 | 83 -0.17691 -2.67389e-06 | 84  0.20593 -1.41383e-05
 85  1.73608  2.29804e-06 | 86 -0.09578 -4.84417e-06 | 87 -0.99999  1.16238e-05
 88 -0.99668  1.17957e-06 |
Estimating row 1 out of 88 for hessian
Estimating row 2 out of 88 for hessian
Estimating row 3 out of 88 for hessian
Estimating row 4 out of 88 for hessian
Estimating row 5 out of 88 for hessian
Estimating row 6 out of 88 for hessian
Estimating row 7 out of 88 for hessian
Estimating row 8 out of 88 for hessian
Estimating row 9 out of 88 for hessian
Estimating row 10 out of 88 for hessian
Estimating row 11 out of 88 for hessian
Estimating row 12 out of 88 for hessian
Estimating row 13 out of 88 for hessian
Estimating row 14 out of 88 for hessian
Estimating row 15 out of 88 for hessian
Estimating row 16 out of 88 for hessian
Estimating row 17 out of 88 for hessian
Estimating row 18 out of 88 for hessian
Estimating row 19 out of 88 for hessian
Estimating row 20 out of 88 for hessian
Estimating row 21 out of 88 for hessian
Estimating row 22 out of 88 for hessian
Estimating row 23 out of 88 for hessian
Estimating row 24 out of 88 for hessian
Estimating row 25 out of 88 for hessian
Estimating row 26 out of 88 for hessian
Estimating row 27 out of 88 for hessian
Estimating row 28 out of 88 for hessian
Estimating row 29 out of 88 for hessian
Estimating row 30 out of 88 for hessian
Estimating row 31 out of 88 for hessian
Estimating row 32 out of 88 for hessian
Estimating row 33 out of 88 for hessian
Estimating row 34 out of 88 for hessian
Estimating row 35 out of 88 for hessian
Estimating row 36 out of 88 for hessian
Estimating row 37 out of 88 for hessian
Estimating row 38 out of 88 for hessian
Estimating row 39 out of 88 for hessian
Estimating row 40 out of 88 for hessian
Estimating row 41 out of 88 for hessian
Estimating row 42 out of 88 for hessian
Estimating row 43 out of 88 for hessian
Estimating row 44 out of 88 for hessian
Estimating row 45 out of 88 for hessian
Estimating row 46 out of 88 for hessian
Estimating row 47 out of 88 for hessian
Estimating row 48 out of 88 for hessian
Estimating row 49 out of 88 for hessian
Estimating row 50 out of 88 for hessian
Estimating row 51 out of 88 for hessian
Estimating row 52 out of 88 for hessian
Estimating row 53 out of 88 for hessian
Estimating row 54 out of 88 for hessian
Estimating row 55 out of 88 for hessian
Estimating row 56 out of 88 for hessian
Estimating row 57 out of 88 for hessian
Estimating row 58 out of 88 for hessian
Estimating row 59 out of 88 for hessian
Estimating row 60 out of 88 for hessian
Estimating row 61 out of 88 for hessian
Estimating row 62 out of 88 for hessian
Estimating row 63 out of 88 for hessian
Estimating row 64 out of 88 for hessian
Estimating row 65 out of 88 for hessian
Estimating row 66 out of 88 for hessian
Estimating row 67 out of 88 for hessian
Estimating row 68 out of 88 for hessian
Estimating row 69 out of 88 for hessian
Estimating row 70 out of 88 for hessian
Estimating row 71 out of 88 for hessian
Estimating row 72 out of 88 for hessian
Estimating row 73 out of 88 for hessian
Estimating row 74 out of 88 for hessian
Estimating row 75 out of 88 for hessian
Estimating row 76 out of 88 for hessian
Estimating row 77 out of 88 for hessian
Estimating row 78 out of 88 for hessian
Estimating row 79 out of 88 for hessian
Estimating row 80 out of 88 for hessian
Estimating row 81 out of 88 for hessian
Estimating row 82 out of 88 for hessian
Estimating row 83 out of 88 for hessian
Estimating row 84 out of 88 for hessian
Estimating row 85 out of 88 for hessian
Estimating row 86 out of 88 for hessian
Estimating row 87 out of 88 for hessian
Estimating row 88 out of 88 for hessian
size of file gradfil1.tmp = 0
size of file gradfil2.tmp = 0
size of file varssave.tmp = 0
size of file cmpdiff.tmp = 0
