
Initial statistics: 1 variables; iteration 0; function evaluation 0; phase 1
Function value 2.5641593e+03; maximum gradient component mag 3.1185e+04
Var    Value     Gradient |Var    Value     Gradient |Var    Value     Gradient
  1  0.01206  3.11852e+04 |

 - final statistics:
1 variables; iteration 5; function evaluation 9
Function value 2.1221e+03; maximum gradient component mag 3.0601e-02
Exit code = 1;  converg criter 1.0000e+01
Var    Value     Gradient |Var    Value     Gradient |Var    Value     Gradient
  1 -0.01503  3.06011e-02 |

Initial statistics: 79 variables; iteration 0; function evaluation 0; phase 2
Function value 2.1221124e+03; maximum gradient component mag 3.6063e+03
Var    Value     Gradient |Var    Value     Gradient |Var    Value     Gradient
  1 -0.01503  3.06011e-02 |  2 -0.00184  2.33019e+01 |  3 -0.00339  2.57484e+01
  4  0.00261  3.33781e+01 |  5 -0.00379  3.35921e+01 |  6 -0.00037  4.08820e+01
  7  0.00034  4.70734e+01 |  8  0.00444  5.68192e+01 |  9  0.00279  6.28143e+01
 10  0.00252  7.07538e+01 | 11 -0.00208  7.52537e+01 | 12 -0.00331  8.35954e+01
 13 -0.00443  9.27811e+01 | 14 -0.00453  1.03923e+02 | 15 -0.00052  1.21400e+02
 16 -0.00143  1.33586e+02 | 17  0.00293  1.54827e+02 | 18  0.00384  1.72143e+02
 19  0.00255  1.86379e+02 | 20 -0.00235  1.94322e+02 | 21 -0.00097  2.14034e+02
 22 -0.00308  2.27681e+02 | 23 -0.00091  2.52287e+02 | 24  0.00273  2.83191e+02
 25 -0.00195  2.95705e+02 | 26  0.00529  3.41295e+02 | 27  0.00323  3.57752e+02
 28 -0.00436  3.50753e+02 | 29 -0.00059  3.76727e+02 | 30 -0.00247  3.80277e+02
 31  0.00313  4.00628e+02 | 32 -0.00362  3.72693e+02 | 33  0.00004  3.78502e+02
 34  0.00531  3.88520e+02 | 35 -0.00401  3.59037e+02 | 36 -0.00201  3.68994e+02
 37  0.00428  4.03140e+02 | 38  0.00555  4.22701e+02 | 39 -0.00424  3.99916e+02
 40  0.00323  4.37134e+02 | 41  0.00274  4.39021e+02 | 42  0.00557  4.46776e+02
 43 -0.00438  3.97772e+02 | 44  0.00032  3.95967e+02 | 45 -0.00432  3.54807e+02
 46  0.00182  3.32359e+02 | 47 -0.00107  2.66498e+02 | 48  0.00403  1.99865e+02
 49 -0.00193  7.87249e+01 | 50 -0.00054 -5.40131e+01 | 51  0.00210 -2.36646e+02
 52  0.00192 -3.19536e+02 | 53 -0.00228 -3.84875e+02 | 54  0.00398 -4.53694e+02
 55 -0.00415 -5.23341e+02 | 56 -0.00017 -6.50469e+02 | 57  0.00410 -8.25938e+02
 58 -0.00219 -9.33245e+02 | 59 -0.00428 -1.01094e+03 | 60 -0.00090 -1.12385e+03
 61  0.00052 -1.12510e+03 | 62 -0.00015 -1.04339e+03 | 63  0.00310 -9.40912e+02
 64 -0.00445 -7.50023e+02 | 65  0.00097 -5.91087e+02 | 66 -0.00272 -3.97787e+02
 67  0.00414 -2.03416e+02 | 68 -0.00189 -7.77116e+01 | 69 -0.00016 -3.59024e+01
 70  0.00170  4.64905e+01 | 71  0.29178  9.60376e+01 | 72 -0.91977 -4.98892e+00
 73 -0.04231  2.53436e+02 | 74  0.07717  1.30745e+02 | 75 -0.99450 -3.83407e-01
 76 -0.12108  3.32518e+02 | 77 -0.07625  3.60634e+03 | 78 -0.99752 -8.23415e-01
 79  0.13760  1.59287e+02 |

Intermediate statistics: 79 variables; iteration 20; function evaluation 34; phase 2
Function value 1.5869450e+03; maximum gradient component mag 3.0061e+03
Var    Value     Gradient |Var    Value     Gradient |Var    Value     Gradient
  1 -0.04896  1.02258e+03 |  2 -0.00488 -2.68034e+01 |  3 -0.00496 -2.69158e+01
  4 -0.01554 -3.10208e+01 |  5 -0.00947 -2.88263e+01 |  6 -0.01727 -3.18867e+01
  7 -0.02168 -3.36720e+01 |  8 -0.03149 -3.74809e+01 |  9 -0.03323 -3.82749e+01
 10 -0.03730 -3.99478e+01 | 11 -0.03479 -3.92026e+01 | 12 -0.03763 -4.04455e+01
 13 -0.04073 -4.17899e+01 | 14 -0.04555 -4.37591e+01 | 15 -0.05738 -4.82481e+01
 16 -0.06071 -4.96496e+01 | 17 -0.07306 -5.42441e+01 | 18 -0.07888 -5.64788e+01
 19 -0.08010 -5.70664e+01 | 20 -0.07439 -5.52086e+01 | 21 -0.07813 -5.65933e+01
 22 -0.07465 -5.54375e+01 | 23 -0.07638 -5.60816e+01 | 24 -0.07731 -5.64352e+01
 25 -0.06453 -5.20309e+01 | 26 -0.06046 -5.05539e+01 | 27 -0.04011 -4.31803e+01
 28 -0.01139 -3.24924e+01 | 29  0.01804 -2.12966e+01 | 30  0.05523 -7.50184e+00
 31  0.10035  7.94350e+00 | 32  0.11348  1.15561e+01 | 33  0.08863  3.79796e+00
 34  0.02184 -1.62994e+01 | 35 -0.01671 -2.66803e+01 | 36 -0.04009 -2.90122e+01
 37 -0.03153 -1.28087e+01 | 38  0.00266  2.77044e+01 | 39  0.01699  6.25923e+01
 40  0.03873  1.10615e+02 | 41  0.03721  1.30301e+02 | 42  0.03541  1.43499e+02
 43  0.02187  1.32180e+02 | 44  0.02501  1.43248e+02 | 45  0.02122  1.40681e+02
 46  0.03317  1.52964e+02 | 47  0.04064  1.47532e+02 | 48  0.04695  1.27814e+02
 49  0.04848  7.36260e+01 | 50 -0.03520 -2.60845e+01 | 51  0.07823 -7.35848e+01
 52  0.01253 -6.02147e+01 | 53  0.11825  3.66024e+01 | 54 -0.00253 -5.89269e+01
 55  0.05028 -8.44317e+01 | 56 -0.03220 -7.77238e+01 | 57  0.07754 -1.48887e+01
 58  0.13337  7.35512e+01 | 59 -0.02973 -3.14519e+01 | 60  0.14262  7.85960e+01
 61  0.11256  5.27511e+01 | 62  0.08186  2.72097e+01 | 63  0.09184  4.84660e+01
 64  0.10058  5.53498e+01 | 65  0.05675  6.21100e+00 | 66  0.08656 -4.79283e+01
 67 -0.44702 -1.41360e+02 | 68 -0.11690 -8.43530e+01 | 69  0.13495  1.47160e+02
 70 -0.08925 -5.03623e+01 | 71  0.33091  2.07746e+02 | 72 -0.80502 -2.16592e+01
 73 -0.46307 -4.29399e+01 | 74  0.13800 -9.01172e+02 | 75 -0.98667 -6.97347e-01
 76 -0.59959 -7.04081e+01 | 77 -0.08755  3.00606e+03 | 78 -0.99261 -1.54575e+00
 79  0.46872  3.43795e+00 |
79 variables; iteration 40; function evaluation 69; phase 2
Function value 1.2945052e+03; maximum gradient component mag 4.0804e+03
Var    Value     Gradient |Var    Value     Gradient |Var    Value     Gradient
  1 -0.03101  4.08040e+03 |  2  0.00908 -5.97204e+01 |  3  0.00369 -6.14103e+01
  4  0.02902 -4.97609e+01 |  5  0.00457 -5.96270e+01 |  6  0.01843 -5.26043e+01
  7  0.02107 -5.03103e+01 |  8  0.03377 -4.30447e+01 |  9  0.02729 -4.46299e+01
 10  0.02465 -4.42522e+01 | 11  0.01009 -4.97218e+01 | 12  0.00482 -5.05666e+01
 13 -0.00047 -5.13718e+01 | 14 -0.00381 -5.11340e+01 | 15  0.00024 -4.68313e+01
 16 -0.00672 -4.84283e+01 | 17 -0.00612 -4.57796e+01 | 18 -0.01256 -4.71980e+01
 19 -0.02296 -5.11129e+01 | 20 -0.03933 -5.85205e+01 | 21 -0.04843 -6.21730e+01
 22 -0.06304 -6.89812e+01 | 23 -0.07401 -7.38363e+01 | 24 -0.08607 -7.93185e+01
 25 -0.10675 -8.86812e+01 | 26 -0.12084 -9.46869e+01 | 27 -0.12891 -9.80521e+01
 28 -0.11617 -9.23502e+01 | 29 -0.08517 -7.73723e+01 | 30 -0.03510 -4.97286e+01
 31  0.01718 -1.88453e+01 | 32  0.03463 -1.26021e+01 | 33  0.07157  9.22413e+00
 34  0.05835 -3.06481e+00 | 35  0.03789 -1.02563e+01 | 36  0.03769  3.77970e-01
 37 -0.01012 -2.22384e+01 | 38 -0.02617 -1.97117e+01 | 39 -0.02435 -3.01022e+00
 40 -0.01834  1.60219e+01 | 41  0.01015  6.38817e+01 | 42  0.01673  8.31593e+01
 43 -0.00349  5.87009e+01 | 44 -0.00670  5.67742e+01 | 45 -0.01616  4.60980e+01
 46 -0.01540  4.44331e+01 | 47 -0.00553  5.66477e+01 | 48  0.00699  8.63619e+01
 49  0.03826  1.62330e+02 | 50  0.11840  4.21586e+02 | 51  0.04358  1.88264e+02
 52  0.00720  4.13321e+01 | 53  0.05365  6.68150e+01 | 54 -0.05454 -3.45583e+01
 55  0.11587  2.33609e+02 | 56 -0.07209 -7.30492e+01 | 57  0.08518  1.36527e+01
 58  0.04062 -6.97079e+01 | 59 -0.01213 -7.26642e+01 | 60  0.14453  1.03027e+02
 61  0.05558 -1.94716e+00 | 62  0.08552  2.75551e+01 | 63  0.03875  4.54210e+00
 64  0.11149  1.14392e+02 | 65 -0.04057 -4.51766e+01 | 66  0.08478  5.42471e+01
 67 -0.08847 -8.40571e+01 | 68 -0.08057 -9.77449e+01 | 69  0.02496 -9.74306e+01
 70 -0.12881 -1.26181e+02 | 71  0.33286  3.22410e+02 | 72 -0.61830 -5.05160e+01
 73 -0.40009  5.82767e+01 | 74  0.13707 -7.33261e+02 | 75 -0.27902 -3.42214e+01
 76 -0.40740  2.08355e+00 | 77 -0.16333 -1.09900e+02 | 78 -0.23407 -1.83460e+01
 79  0.27227  2.44217e+01 |
79 variables; iteration 60; function evaluation 100; phase 2
Function value 1.2499387e+03; maximum gradient component mag 2.3340e+02
Var    Value     Gradient |Var    Value     Gradient |Var    Value     Gradient
  1 -0.03212  2.33395e+02 |  2 -0.00860  7.06604e-01 |  3 -0.00369  3.18245e+00
  4 -0.01418 -6.74721e-01 |  5 -0.01686 -1.25129e+00 |  6 -0.01483  2.21137e-01
  7 -0.01796 -4.14428e-01 |  8 -0.02439 -2.42595e+00 |  9 -0.02182 -4.46445e-01
 10 -0.01819  2.15965e+00 | 11 -0.01625  4.17289e+00 | 12 -0.01681  5.16482e+00
 13 -0.01971  5.13533e+00 | 14 -0.02338  4.77925e+00 | 15 -0.02406  5.92412e+00
 16 -0.02742  5.77374e+00 | 17 -0.03576  3.07508e+00 | 18 -0.03983  2.45353e+00
 19 -0.03702  5.32661e+00 | 20 -0.03502  7.87165e+00 | 21 -0.03746  7.63277e+00
 22 -0.04048  6.92743e+00 | 23 -0.04392  5.81410e+00 | 24 -0.04750  4.44011e+00
 25 -0.04992  4.11665e+00 | 26 -0.05071  4.40616e+00 | 27 -0.04932  5.28223e+00
 28 -0.05197  2.51601e+00 | 29 -0.04674  3.27214e+00 | 30 -0.03609  5.91756e+00
 31 -0.03400  1.94501e+00 | 32  0.00436  1.39138e+01 | 33  0.06020  3.08737e+01
 34  0.06149  2.34906e+01 | 35  0.06185  2.52477e+01 | 36  0.03477  1.89120e+01
 37  0.03285  2.77515e+01 | 38 -0.00363  2.07381e+01 | 39 -0.01170  2.61134e+01
 40 -0.00378  3.75790e+01 | 41 -0.01375  3.46818e+01 | 42 -0.02246  2.85192e+01
 43 -0.01995  2.64244e+01 | 44 -0.01644  2.31693e+01 | 45 -0.00294  2.57729e+01
 46 -0.00810  1.20985e+01 | 47  0.01229  1.03620e+01 | 48  0.02975  1.51343e+01
 49  0.02866  1.29857e+01 | 50  0.07802  4.93084e+01 | 51  0.03044  2.23875e+01
 52  0.03557 -1.00708e+01 | 53  0.04811 -2.07010e+01 | 54 -0.00113 -1.42503e+01
 55  0.08667  2.37225e+01 | 56 -0.05215 -4.29948e+01 | 57  0.08259 -2.23033e+01
 58  0.07643 -3.95279e+01 | 59  0.01846 -3.23444e+01 | 60  0.11791 -9.99138e+00
 61  0.06931 -2.16318e+01 | 62  0.11034 -3.05689e+01 | 63  0.01869 -3.99541e+01
 64  0.08156 -4.08908e+01 | 65 -0.02824 -3.76165e+01 | 66  0.05745  5.99187e+00
 67 -0.01079  1.99657e+01 | 68 -0.06439 -1.30065e+01 | 69  0.00543 -8.87165e+00
 70 -0.06436 -1.40306e+01 | 71  0.33176 -5.00368e+01 | 72 -0.50509  1.37832e+01
 73 -0.40136  6.85411e+00 | 74  0.15311 -1.14145e+02 | 75 -0.26853 -2.73755e+00
 76 -0.42168  1.80306e+00 | 77 -0.17897 -1.36189e+02 | 78 -0.24634  2.46482e+00
 79  0.22932  3.56989e+00 |
Maximum number of function evaluations exceeded

 - final statistics:
79 variables; iteration 61; function evaluation 100
Function value 1.2499e+03; maximum gradient component mag 2.3340e+02
Exit code = 3;  converg criter 1.0000e+01
Var    Value     Gradient |Var    Value     Gradient |Var    Value     Gradient
  1 -0.03212  2.33395e+02 |  2 -0.00860  7.06604e-01 |  3 -0.00369  3.18245e+00
  4 -0.01418 -6.74721e-01 |  5 -0.01686 -1.25129e+00 |  6 -0.01483  2.21137e-01
  7 -0.01796 -4.14428e-01 |  8 -0.02439 -2.42595e+00 |  9 -0.02182 -4.46445e-01
 10 -0.01819  2.15965e+00 | 11 -0.01625  4.17289e+00 | 12 -0.01681  5.16482e+00
 13 -0.01971  5.13533e+00 | 14 -0.02338  4.77925e+00 | 15 -0.02406  5.92412e+00
 16 -0.02742  5.77374e+00 | 17 -0.03576  3.07508e+00 | 18 -0.03983  2.45353e+00
 19 -0.03702  5.32661e+00 | 20 -0.03502  7.87165e+00 | 21 -0.03746  7.63277e+00
 22 -0.04048  6.92743e+00 | 23 -0.04392  5.81410e+00 | 24 -0.04750  4.44011e+00
 25 -0.04992  4.11665e+00 | 26 -0.05071  4.40616e+00 | 27 -0.04932  5.28223e+00
 28 -0.05197  2.51601e+00 | 29 -0.04674  3.27214e+00 | 30 -0.03609  5.91756e+00
 31 -0.03400  1.94501e+00 | 32  0.00436  1.39138e+01 | 33  0.06020  3.08737e+01
 34  0.06149  2.34906e+01 | 35  0.06185  2.52477e+01 | 36  0.03477  1.89120e+01
 37  0.03285  2.77515e+01 | 38 -0.00363  2.07381e+01 | 39 -0.01170  2.61134e+01
 40 -0.00378  3.75790e+01 | 41 -0.01375  3.46818e+01 | 42 -0.02246  2.85192e+01
 43 -0.01995  2.64244e+01 | 44 -0.01644  2.31693e+01 | 45 -0.00294  2.57729e+01
 46 -0.00810  1.20985e+01 | 47  0.01229  1.03620e+01 | 48  0.02975  1.51343e+01
 49  0.02866  1.29857e+01 | 50  0.07802  4.93084e+01 | 51  0.03044  2.23875e+01
 52  0.03557 -1.00708e+01 | 53  0.04811 -2.07010e+01 | 54 -0.00113 -1.42503e+01
 55  0.08667  2.37225e+01 | 56 -0.05215 -4.29948e+01 | 57  0.08259 -2.23033e+01
 58  0.07643 -3.95279e+01 | 59  0.01846 -3.23444e+01 | 60  0.11791 -9.99138e+00
 61  0.06931 -2.16318e+01 | 62  0.11034 -3.05689e+01 | 63  0.01869 -3.99541e+01
 64  0.08156 -4.08908e+01 | 65 -0.02824 -3.76165e+01 | 66  0.05745  5.99187e+00
 67 -0.01079  1.99657e+01 | 68 -0.06439 -1.30065e+01 | 69  0.00543 -8.87165e+00
 70 -0.06436 -1.40306e+01 | 71  0.33176 -5.00368e+01 | 72 -0.50509  1.37832e+01
 73 -0.40136  6.85411e+00 | 74  0.15311 -1.14145e+02 | 75 -0.26853 -2.73755e+00
 76 -0.42168  1.80306e+00 | 77 -0.17897 -1.36189e+02 | 78 -0.24634  2.46482e+00
 79  0.22932  3.56989e+00 |

Initial statistics: 90 variables; iteration 0; function evaluation 0; phase 3
Function value 1.2499156e+03; maximum gradient component mag -4.9926e+02
Var    Value     Gradient |Var    Value     Gradient |Var    Value     Gradient
  1 -0.23291 -4.99264e+02 |  2 -0.57722  1.72744e+02 |  3 -0.03212  2.33395e+02
  4 -0.00879 -2.75284e+00 |  5 -0.00389 -2.77256e-01 |  6 -0.01437 -4.13360e+00
  7 -0.01705 -4.70980e+00 |  8 -0.01503 -3.23767e+00 |  9 -0.01815 -3.87279e+00
 10 -0.02459 -5.88311e+00 | 11 -0.02201 -3.90414e+00 | 12 -0.01838 -1.29870e+00
 13 -0.01645  7.14247e-01 | 14 -0.01701  1.70624e+00 | 15 -0.01991  1.67720e+00
 16 -0.02357  1.32179e+00 | 17 -0.02425  2.46680e+00 | 18 -0.02761  2.31715e+00
 19 -0.03595 -3.79226e-01 | 20 -0.04002 -9.99451e-01 | 21 -0.03722  1.87265e+00
 22 -0.03521  4.41704e+00 | 23 -0.03765  4.17891e+00 | 24 -0.04068  3.47459e+00
 25 -0.04411  2.36252e+00 | 26 -0.04769  9.89949e-01 | 27 -0.05012  6.67501e-01
 28 -0.05090  9.57342e-01 | 29 -0.04951  1.83280e+00 | 30 -0.05216 -9.32215e-01
 31 -0.04693 -1.78302e-01 | 32 -0.03629  2.46331e+00 | 33 -0.03420 -1.50980e+00
 34  0.00416  1.04541e+01 | 35  0.06001  2.74302e+01 | 36  0.06129  2.00476e+01
 37  0.06165  2.18049e+01 | 38  0.03458  1.54577e+01 | 39  0.03266  2.42967e+01
 40 -0.00383  1.72784e+01 | 41 -0.01190  2.26541e+01 | 42 -0.00397  3.41192e+01
 43 -0.01395  3.12226e+01 | 44 -0.02265  2.50613e+01 | 45 -0.02015  2.29661e+01
 46 -0.01664  1.97105e+01 | 47 -0.00313  2.23131e+01 | 48 -0.00829  8.63899e+00
 49  0.01210  6.90292e+00 | 50  0.02956  1.16785e+01 | 51  0.02847  9.52954e+00
 52  0.07782  4.58763e+01 | 53  0.03025  1.89320e+01 | 54  0.03537 -1.35254e+01
 55  0.04791 -2.41514e+01 | 56 -0.00133 -1.77101e+01 | 57  0.08647  2.02956e+01
 58 -0.05235 -4.64418e+01 | 59  0.08240 -2.57350e+01 | 60  0.07623 -4.29643e+01
 61  0.01827 -3.58031e+01 | 62  0.11771 -1.33928e+01 | 63  0.06911 -2.50720e+01
 64  0.11014 -3.39787e+01 | 65  0.01850 -4.34128e+01 | 66  0.08137 -4.43239e+01
 67 -0.02844 -4.10723e+01 | 68  0.05725  2.54625e+00 | 69 -0.01099  1.65064e+01
 70 -0.06459 -1.64481e+01 | 71  0.00524 -1.23313e+01 | 72 -0.06455 -1.74721e+01
 73  0.33176 -5.00368e+01 | 74 -0.03693  4.93318e+01 | 75  0.39655  1.33765e+02
 76 -0.57544  3.76251e+00 | 77 -0.50509  1.37832e+01 | 78 -0.40136  6.85411e+00
 79  0.15311 -1.14145e+02 | 80  0.09771 -9.25767e+01 | 81  0.42480  2.17057e+01
 82 -0.50041 -1.90027e+00 | 83 -0.26853 -2.73755e+00 | 84 -0.42168  1.80306e+00
 85 -0.17897 -1.36189e+02 | 86 -0.02232 -1.06771e+01 | 87  0.30133  5.19705e+00
 88 -0.47371 -5.19894e-01 | 89 -0.24634  2.46482e+00 | 90  0.22932  3.56989e+00

Intermediate statistics: 90 variables; iteration 20; function evaluation 39; phase 3
Function value 1.1367757e+03; maximum gradient component mag 1.3365e+03
Var    Value     Gradient |Var    Value     Gradient |Var    Value     Gradient
  1 -0.04802 -1.31269e+02 |  2 -0.65103 -4.96327e+02 |  3 -0.02939  1.33652e+03
  4 -0.00296  9.43148e+00 |  5 -0.00600  8.43741e+00 |  6 -0.00401  9.48666e+00
  7 -0.00496  9.39289e+00 |  8 -0.00749  8.68898e+00 |  9 -0.00876  8.53153e+00
 10 -0.00963  8.58402e+00 | 11 -0.01267  7.78011e+00 | 12 -0.01555  7.07985e+00
 13 -0.01784  6.66297e+00 | 14 -0.01983  6.40943e+00 | 15 -0.02194  6.13369e+00
 16 -0.02432  5.76809e+00 | 17 -0.02621  5.63024e+00 | 18 -0.02866  5.25683e+00
 19 -0.03282  4.10339e+00 | 20 -0.03588  3.39185e+00 | 21 -0.03614  3.89583e+00
 22 -0.03623  4.50124e+00 | 23 -0.03868  3.84732e+00 | 24 -0.04155  2.90848e+00
 25 -0.04458  1.74829e+00 | 26 -0.04764  4.20582e-01 | 27 -0.05020 -5.96575e-01
 28 -0.05167 -1.45672e+00 | 29 -0.05120 -2.13854e+00 | 30 -0.05346 -5.22011e+00
 31 -0.04915 -6.81608e+00 | 32 -0.04002 -8.74691e+00 | 33 -0.03650 -1.51096e+01
 34 -0.00740 -1.71863e+01 | 35  0.03497 -2.40166e+01 | 36  0.02924 -3.48373e+01
 37  0.03410 -3.50741e+01 | 38  0.05182 -3.19123e+01 | 39  0.03842 -1.83634e+01
 40  0.00086 -6.58405e+00 | 41 -0.01340  5.51237e+00 | 42 -0.00359  2.30265e+01
 43 -0.01398  3.02567e+01 | 44 -0.02200  3.40776e+01 | 45 -0.01894  4.31492e+01
 46 -0.01679  5.30137e+01 | 47 -0.00804  7.14573e+01 | 48 -0.01012  7.15334e+01
 49  0.01426  9.21799e+01 | 50  0.02601  1.10542e+02 | 51  0.03488  1.16633e+02
 52  0.08084  1.73788e+02 | 53  0.03878  1.16371e+02 | 54  0.04535  8.84305e+01
 55  0.04851  4.78784e+01 | 56 -0.01241  4.55715e+00 | 57  0.08237  2.02281e+01
 58 -0.05026 -4.65126e+01 | 59  0.05411 -4.82879e+01 | 60  0.03351 -3.65285e+01
 61  0.03687  1.75131e+01 | 62  0.12379  1.50420e+02 | 63  0.08141  1.41233e+02
 64  0.12966  2.22871e+02 | 65  0.03714  1.09794e+02 | 66  0.08380  1.59266e+02
 67  0.00633  8.07990e+01 | 68  0.08474  1.78729e+02 | 69  0.01573  1.06235e+02
 70 -0.02722  4.09391e+01 | 71 -0.01342 -2.42232e+00 | 72 -0.05326 -1.86021e+01
 73  0.36713  1.23276e+02 | 74 -0.10808  7.69545e+01 | 75  0.44542  1.22282e+02
 76 -0.56111  1.10655e+01 | 77 -0.54948  2.15166e+01 | 78 -0.40755  1.01524e+01
 79  0.26199  3.07477e+02 | 80  0.04170  4.05533e+02 | 81  0.76779  9.24808e+00
 82 -0.54641  1.77644e+01 | 83 -0.37236  3.62512e+01 | 84 -0.43493 -1.07127e+01
 85 -0.10802  1.36880e+02 | 86  0.21885  7.15728e+02 | 87  0.70230  1.31124e+01
 88 -0.46070  3.04060e+01 | 89 -0.73567  2.80286e+00 | 90 -0.02400  7.80565e+02
90 variables; iteration 40; function evaluation 61; phase 3
Function value 1.1129354e+03; maximum gradient component mag 3.7982e+03
Var    Value     Gradient |Var    Value     Gradient |Var    Value     Gradient
  1  0.02993  1.08405e+01 |  2 -0.68774 -9.84750e+02 |  3 -0.02641  3.79819e+03
  4  0.00176  5.27790e+00 |  5 -0.00514  3.00465e+00 |  6  0.00288  7.22527e+00
  7  0.00275  8.06242e+00 |  8 -0.00196  6.96447e+00 |  9 -0.00237  7.89440e+00
 10 -0.00068  9.95520e+00 | 11 -0.00639  8.68646e+00 | 12 -0.01246  7.30394e+00
 13 -0.01697  6.74707e+00 | 14 -0.01983  7.09041e+00 | 15 -0.02168  8.04875e+00
 16 -0.02355  9.10488e+00 | 17 -0.02633  9.75716e+00 | 18 -0.02855  1.07633e+01
 19 -0.03067  1.18394e+01 | 20 -0.03347  1.24879e+01 | 21 -0.03601  1.32352e+01
 22 -0.03817  1.42981e+01 | 23 -0.04086  1.47580e+01 | 24 -0.04367  1.50845e+01
 25 -0.04639  1.53165e+01 | 26 -0.04904  1.54831e+01 | 27 -0.05175  1.61641e+01
 28 -0.05370  1.70810e+01 | 29 -0.05401  1.83291e+01 | 30 -0.05443  1.77253e+01
 31 -0.05036  1.88644e+01 | 32 -0.04159  2.15145e+01 | 33 -0.03644  1.83264e+01
 34 -0.01806  2.04585e+01 | 35  0.06780  5.92238e+01 | 36  0.02827  1.87087e+01
 37  0.02984  1.38425e+01 | 38  0.06067  1.97350e+01 | 39  0.02719  1.22360e+01
 40  0.01257  1.72704e+01 | 41 -0.01656  1.38464e+01 | 42 -0.01712  2.14868e+01
 43 -0.02215  2.63605e+01 | 44 -0.02497  3.03569e+01 | 45 -0.02302  3.65632e+01
 46 -0.02212  4.51755e+01 | 47 -0.01367  6.48063e+01 | 48 -0.01850  6.23374e+01
 49  0.00039  7.87998e+01 | 50  0.01871  1.10199e+02 | 51  0.02470  1.20554e+02
 52  0.06947  2.00973e+02 | 53  0.04698  1.81576e+02 | 54  0.05620  1.89566e+02
 55  0.05525  1.59987e+02 | 56  0.00913  8.75606e+01 | 57  0.05987  1.23453e+02
 58 -0.03405  1.57017e+01 | 59  0.04785  8.34134e+01 | 60  0.06357  1.12935e+02
 61  0.01973  9.16067e+01 | 62  0.12750  2.95698e+02 | 63  0.08800  2.30738e+02
 64  0.13478  3.16493e+02 | 65  0.02836  1.19734e+02 | 66  0.08064  1.70810e+02
 67  0.00290  7.78432e+01 | 68  0.08658  1.91154e+02 | 69  0.02534  1.23947e+02
 70 -0.00815  6.62037e+01 | 71  0.02170  3.59773e+01 | 72 -0.02901 -1.00215e+01
 73  0.37252  4.01887e+02 | 74 -0.12328  1.20462e+02 | 75  0.42410 -8.10750e+01
 76 -0.55911  1.97285e+01 | 77 -0.48982  1.58653e+01 | 78 -0.40498  3.88789e+01
 79  0.25820  9.99480e+02 | 80  0.04999  1.16488e+03 | 81  1.38825  1.08936e+02
 82 -0.68904  2.50228e+01 | 83 -0.56784 -1.11585e+01 | 84 -0.43646  9.81363e+00
 85 -0.10960  1.96572e+02 | 86  0.21897  9.54204e+02 | 87  0.71602  1.59974e+01
 88 -0.53792  3.60202e+01 | 89 -0.92577  6.83606e-01 | 90 -0.07887  1.28091e+03
90 variables; iteration 60; function evaluation 86; phase 3
Function value 1.0433695e+03; maximum gradient component mag 6.2658e+03
Var    Value     Gradient |Var    Value     Gradient |Var    Value     Gradient
  1  0.20015 -1.55444e+02 |  2 -0.76428 -1.88556e+03 |  3 -0.02453  6.24318e+02
  4  0.03406  9.75780e+01 |  5 -0.00031  8.40795e+01 |  6  0.02888  9.63917e+01
  7  0.01955  9.30920e+01 |  8  0.00322  8.68684e+01 |  9 -0.00538  8.38391e+01
 10 -0.01622  7.98662e+01 | 11 -0.02041  7.87383e+01 | 12 -0.02002  7.96444e+01
 13 -0.01875  8.10467e+01 | 14 -0.01919  8.17991e+01 | 15 -0.02151  8.17908e+01
 16 -0.02393  8.17904e+01 | 17 -0.02575  8.21157e+01 | 18 -0.02804  8.22507e+01
 19 -0.03240  8.13749e+01 | 20 -0.03558  8.10265e+01 | 21 -0.03547  8.23075e+01
 22 -0.03573  8.35812e+01 | 23 -0.03833  8.34963e+01 | 24 -0.04143  8.31473e+01
 25 -0.04457  8.26685e+01 | 26 -0.04757  8.21659e+01 | 27 -0.05157  8.17025e+01
 28 -0.05453  8.18668e+01 | 29 -0.05379  8.39006e+01 | 30 -0.05150  8.58549e+01
 31 -0.04197  9.18037e+01 | 32 -0.02818  1.00550e+02 | 33 -0.03477  9.50607e+01
 34 -0.03694  9.11389e+01 | 35  0.07880  1.61628e+02 | 36 -0.02915  8.64953e+01
 37  0.07030  1.35674e+02 | 38  0.14293  1.61570e+02 | 39 -0.07782  5.37923e+01
 40  0.14787  1.47397e+02 | 41 -0.00151  8.34034e+01 | 42 -0.04967  5.85050e+01
 43 -0.03135  5.76746e+01 | 44 -0.03259  4.81911e+01 | 45 -0.00042  4.07660e+01
 46 -0.04335  3.24769e+01 | 47 -0.12415  1.73769e+01 | 48 -0.03961  2.84996e+01
 49  0.04808  1.03807e+01 | 50 -0.07802  2.10890e+01 | 51  0.00264  3.27142e+01
 52  0.07121  8.51745e+01 | 53  0.08406  1.44666e+02 | 54  0.04890  1.35807e+02
 55  0.08571  1.64109e+02 | 56  0.04796  1.21979e+02 | 57  0.03011  7.03015e+01
 58 -0.05047  3.76285e+01 | 59  0.06357  7.26150e+01 | 60  0.03426  6.93975e+01
 61  0.05022  9.59002e+01 | 62  0.15612  1.68379e+02 | 63  0.07244  1.06028e+02
 64  0.15028  8.30363e+01 | 65  0.01098  5.69344e+01 | 66  0.01864  5.10063e+01
 67 -0.01373  6.95911e+01 | 68  0.13006  2.25722e+02 | 69  0.05812  2.29856e+02
 70 -0.02048  1.57405e+02 | 71  0.10835  3.08376e+02 | 72  0.02759  1.62634e+02
 73  0.37234  1.44256e+03 | 74 -0.16196  3.07541e+02 | 75  0.39074 -5.35665e+02
 76 -0.22072  1.21788e+02 | 77 -0.53097 -8.75022e+01 | 78 -0.45806  3.61091e+01
 79  0.26826  4.62204e+02 | 80  0.02131  5.04839e+02 | 81  1.34966 -4.98312e+00
 82 -0.39588  3.89199e+01 | 83 -0.28293  1.24798e+02 | 84 -0.46543 -1.87633e+01
 85 -0.10252  1.58778e+03 | 86  0.21092  6.26577e+03 | 87  0.84338  1.12362e+01
 88 -0.49334  1.07400e+02 | 89 -1.37804 -2.22834e+01 | 90 -0.23925  1.38952e+03
90 variables; iteration 80; function evaluation 114; phase 3
Function value 9.0041131e+02; maximum gradient component mag 6.0128e+03
Var    Value     Gradient |Var    Value     Gradient |Var    Value     Gradient
  1  0.41987 -1.20318e+02 |  2 -0.80402 -8.90026e+02 |  3 -0.03453 -5.34740e+02
  4  0.12401  9.92795e+01 |  5  0.10433  9.24665e+01 |  6  0.17579  1.16319e+02
  7 -0.03048  4.17134e+01 |  8 -0.07904  2.29035e+01 |  9 -0.10622  1.25309e+01
 10 -0.14806 -3.03339e+00 | 11 -0.10576  1.27392e+01 | 12 -0.11188  1.04356e+01
 13 -0.06437  2.86793e+01 | 14  0.00356  5.51833e+01 | 15 -0.00081  5.35279e+01
 16 -0.04606  3.58928e+01 | 17  0.00715  5.67190e+01 | 18 -0.01717  4.72552e+01
 19 -0.08555  2.06134e+01 | 20 -0.07551  2.44883e+01 | 21 -0.03892  3.87214e+01
 22 -0.00888  5.04173e+01 | 23 -0.01978  4.61056e+01 | 24 -0.01982  4.60823e+01
 25 -0.02588  4.38238e+01 | 26 -0.03922  3.88672e+01 | 27 -0.02212  4.62408e+01
 28 -0.05776  3.29191e+01 | 29 -0.04718  3.85732e+01 | 30 -0.07375  2.90113e+01
 31 -0.06519  3.45022e+01 | 32 -0.01360  6.18136e+01 | 33 -0.13755  7.52589e+00
 34  0.05010  1.11332e+02 | 35  0.13394  1.93833e+02 | 36  0.01920  1.12485e+02
 37  0.15842  2.48983e+02 | 38  0.19906  2.78781e+02 | 39 -0.27646 -4.25697e+01
 40  0.19561  2.00172e+02 | 41 -0.22324 -2.74330e+01 | 42 -0.01891  4.42947e+01
 43  0.05869  5.25701e+01 | 44 -0.11078 -1.56124e-01 | 45  0.11953  4.37997e-01
 46 -0.10929 -7.72883e+00 | 47 -0.16653 -2.35562e+01 | 48  0.00907 -8.12158e+00
 49  0.13822 -8.73473e+01 | 50 -0.19337 -3.82100e+01 | 51 -0.07162 -3.13646e+01
 52  0.09550  1.04433e+01 | 53  0.13926  7.35802e+01 | 54  0.06689  5.77944e+01
 55  0.10816  8.49883e+01 | 56  0.13401  1.06707e+02 | 57 -0.05271 -9.49803e+00
 58 -0.00559  1.19856e+01 | 59  0.14394  5.58018e+01 | 60 -0.08821 -9.80380e+00
 61  0.02137  1.74362e+01 | 62  0.21930  5.58858e+01 | 63  0.08621  3.01648e+01
 64  0.19648 -6.97310e+01 | 65 -0.02700  1.38587e-01 | 66 -0.10161 -1.33399e+01
 67 -0.01678  1.87854e+01 | 68  0.16284  1.34580e+02 | 69  0.15101  2.35298e+02
 70 -0.02779  8.43109e+01 | 71  0.11249  1.70003e+02 | 72 -0.00980  5.96208e+01
 73  0.32715  1.21171e+03 | 74 -0.12158  4.26455e+02 | 75  0.43603 -2.75902e+02
 76 -0.11048  2.42326e+02 | 77 -0.94912 -1.19710e+00 | 78 -0.50193  3.24796e+01
 79  0.29105 -6.38200e+01 | 80 -0.02204 -4.90868e+01 | 81  1.26411 -1.81047e+00
 82 -0.44359 -3.93912e+00 | 83 -0.30975  1.50313e+02 | 84 -0.59684 -5.47699e+01
 85 -0.12890  1.44456e+03 | 86  0.19472  6.01275e+03 | 87  1.17107 -1.77189e+01
 88 -0.29543  3.51175e+02 | 89 -1.54091 -1.57905e+02 | 90 -0.37231  6.96533e+02
90 variables; iteration 100; function evaluation 144; phase 3
Function value 7.6410907e+02; maximum gradient component mag -2.2406e+03
Var    Value     Gradient |Var    Value     Gradient |Var    Value     Gradient
  1  0.50490 -4.46232e+01 |  2 -0.78186 -3.93506e+02 |  3 -0.03057 -2.24058e+03
  4  0.01382  5.03772e+01 |  5 -0.00825  4.18947e+01 |  6  0.01765  5.16655e+01
  7  0.04619  6.22062e+01 |  8 -0.01489  3.91055e+01 |  9 -0.01339  3.95638e+01
 10  0.03740  5.84331e+01 | 11 -0.02089  3.64227e+01 | 12 -0.01918  3.68813e+01
 13  0.00845  4.69505e+01 | 14  0.02089  5.11574e+01 | 15  0.00473  4.48597e+01
 16  0.05475  6.20265e+01 | 17 -0.04352  2.63656e+01 | 18 -0.02565  3.24912e+01
 19  0.02296  4.90588e+01 | 20 -0.02345  3.22742e+01 | 21 -0.02816  3.00306e+01
 22 -0.08255  1.02453e+01 | 23 -0.11254 -7.36093e-01 | 24 -0.09518  4.87794e+00
 25 -0.06659  1.42029e+01 | 26  0.06208  5.23119e+01 | 27  0.12048  6.13891e+01
 28 -0.06743  1.23289e+01 | 29 -0.02987  2.39083e+01 | 30 -0.10901 -1.67834e+00
 31 -0.01061  2.99826e+01 | 32 -0.01351  2.96012e+01 | 33 -0.16344 -1.90593e+01
 34 -0.11472 -1.57851e+00 | 35 -0.02312  3.35095e+01 | 36 -0.00908  4.73887e+01
 37  0.17186  1.31539e+02 | 38  0.12234  1.12049e+02 | 39 -0.13744 -5.98717e+00
 40  0.27522  1.58128e+02 | 41 -0.37301 -7.50638e+01 | 42  0.00168  4.18340e+01
 43 -0.00709  3.35991e+01 | 44 -0.07633  7.21040e+00 | 45  0.09195  3.27321e+01
 46 -0.19203 -3.19961e+01 | 47 -0.13186 -1.71772e+01 | 48  0.16152 -5.76645e+01
 49  0.05292 -2.74636e+01 | 50 -0.23813 -5.26428e+01 | 51 -0.03330 -3.50476e+01
 52  0.07024 -3.38662e+01 | 53  0.14572 -6.72368e+01 | 54  0.06245 -3.55229e+01
 55  0.09622 -3.86777e+01 | 56  0.14479 -5.22472e+01 | 57 -0.09697 -4.84083e+01
 58  0.03380 -5.30618e+01 | 59  0.13036 -6.49403e+01 | 60 -0.13980 -4.20937e+01
 61  0.01478 -1.79465e+01 | 62  0.18970 -8.49223e+00 | 63  0.03110  2.50640e+01
 64  0.26795 -2.98350e+01 | 65 -0.06865 -7.99532e-01 | 66 -0.16595 -3.06840e+01
 67  0.00752  1.88720e+01 | 68  0.15261  7.18208e+01 | 69  0.09828  1.04881e+02
 70 -0.02767  4.74605e+01 | 71  0.12833  8.23454e+01 | 72 -0.02115  2.11171e+01
 73  0.30155  1.66316e+02 | 74 -0.10847  5.78790e+01 | 75  0.41599 -1.68802e+02
 76 -0.11988 -1.24334e+01 | 77 -1.28370  5.77964e+00 | 78 -0.53552 -1.97739e+01
 79  0.30711 -9.24712e+01 | 80 -0.04192 -6.99963e+01 | 81  1.20384  4.54147e+00
 82 -0.46678 -5.71549e+00 | 83 -0.40004  7.94945e+01 | 84 -0.63196 -5.46197e+01
 85 -0.16387  3.28803e+02 | 86  0.19339  1.03916e+03 | 87  1.58853 -4.57439e+01
 88 -0.22811  6.03338e+01 | 89 -1.44200 -4.98242e+01 | 90 -0.41175  3.09701e+02
90 variables; iteration 120; function evaluation 174; phase 3
Function value 5.9391576e+02; maximum gradient component mag 1.6672e+03
Var    Value     Gradient |Var    Value     Gradient |Var    Value     Gradient
  1  0.44107 -5.50411e+01 |  2 -0.70776 -2.74609e+02 |  3 -0.01406  1.12748e+02
  4  0.01160  1.59170e+01 |  5  0.00677  1.41627e+01 |  6  0.01068  1.58813e+01
  7 -0.02865  4.96488e-01 |  8  0.03138  2.45876e+01 |  9 -0.00886  8.74590e+00
 10 -0.01978  4.62506e+00 | 11  0.01150  1.75593e+01 | 12 -0.03261  3.34645e-02
 13  0.03708  2.90339e+01 | 14 -0.01023  9.90546e+00 | 15 -0.06095 -1.03770e+01
 16 -0.04465 -3.36645e+00 | 17  0.01577  2.27707e+01 | 18  0.02234  2.65199e+01
 19 -0.02743  5.56220e+00 | 20 -0.01027  1.38566e+01 | 21 -0.02354  8.85760e+00
 22  0.01084  2.58241e+01 | 23  0.00334  2.36844e+01 | 24  0.00793  2.75392e+01
 25 -0.01482  1.79044e+01 | 26 -0.04446  4.87377e+00 | 27 -0.06490 -3.55966e+00
 28 -0.01521  2.22056e+01 | 29 -0.02143  1.97577e+01 | 30 -0.01093  2.51558e+01
 31 -0.02249  1.83037e+01 | 32 -0.02934  1.37344e+01 | 33  0.00417  2.88369e+01
 34  0.03007  3.88910e+01 | 35 -0.03892  2.68096e+00 | 36 -0.09573 -2.59055e+01
 37 -0.11142 -3.12160e+01 | 38 -0.17912 -5.53119e+01 | 39 -0.10202 -2.71387e+01
 40  0.30484  2.43293e+02 | 41 -0.01125  2.63828e+01 | 42 -0.07754 -5.72483e+00
 43 -0.05756  6.42707e+00 | 44 -0.04640  1.39181e+01 | 45 -0.01166  3.43288e+01
 46 -0.08279 -5.21007e+00 | 47 -0.05834  4.01989e+00 | 48  0.15782  1.25098e+02
 49 -0.02271  7.20267e+00 | 50 -0.02810  2.89122e+00 | 51 -0.01864 -3.98904e+00
 52 -0.06025 -1.93344e+01 | 53  0.14856  5.54059e+01 | 54  0.07524  1.24415e+01
 55  0.05563  6.25515e+00 | 56  0.06170  1.08103e+01 | 57 -0.06202 -2.79049e+01
 58  0.16929  6.40646e+01 | 59 -0.03634 -1.79136e+01 | 60 -0.03124 -2.44156e+01
 61  0.08500  1.47010e+01 | 62  0.11096 -8.59419e+00 | 63 -0.09460 -3.65726e+01
 64  0.25935  3.69228e+01 | 65 -0.03653 -1.77023e+01 | 66 -0.06093 -3.02948e+01
 67  0.06085  7.09768e+00 | 68  0.09692  2.76702e+01 | 69  0.01025  2.25175e+01
 70 -0.01129  1.84807e+01 | 71  0.07519  3.08171e+01 | 72  0.02438  1.35040e+01
 73  0.28307  2.24943e+02 | 74 -0.14605  3.95241e+01 | 75  0.35890 -2.10897e+02
 76  0.00343  3.30297e+01 | 77 -1.53080 -1.05878e+01 | 78 -0.60092  6.80742e+00
 79  0.25073  1.80495e+02 | 80 -0.01725  1.38832e+02 | 81  1.21003  1.19899e+01
 82 -0.15887  7.57793e+00 | 83 -0.53220  1.78107e+01 | 84 -0.49202  1.37901e+01
 85 -0.41617  1.05721e+02 | 86  0.23289  1.66721e+03 | 87  1.98223 -9.35572e+01
 88 -0.08949  1.68921e+02 | 89 -1.12257 -9.07627e-01 | 90 -0.46535  2.33695e+02
90 variables; iteration 140; function evaluation 195; phase 3
Function value 4.9376796e+02; maximum gradient component mag -5.7856e+02
Var    Value     Gradient |Var    Value     Gradient |Var    Value     Gradient
  1  0.67217 -1.29800e+01 |  2 -0.71342 -4.40880e+01 |  3  0.01246 -5.78558e+02
  4 -0.00288  9.89360e+00 |  5 -0.00293  9.94998e+00 |  6 -0.00099  1.07939e+01
  7 -0.00326  1.00083e+01 |  8 -0.00893  7.89348e+00 |  9 -0.01114  7.14656e+00
 10 -0.01048  7.54761e+00 | 11 -0.00490  9.91937e+00 | 12 -0.01099  7.69504e+00
 13 -0.01437  6.56308e+00 | 14 -0.01640  5.99231e+00 | 15 -0.02229  3.90051e+00
 16 -0.02048  4.93095e+00 | 17 -0.02378  3.93447e+00 | 18 -0.02021  5.77991e+00
 19 -0.01796  7.16059e+00 | 20 -0.02892  3.11932e+00 | 21 -0.02782  4.14134e+00
 22 -0.02911  4.29274e+00 | 23 -0.02681  6.06857e+00 | 24 -0.03513  3.34730e+00
 25 -0.03739  3.24528e+00 | 26 -0.04313  1.51018e+00 | 27 -0.04934 -4.65424e-01
 28 -0.03957  4.46278e+00 | 29 -0.04901  1.84970e-01 | 30 -0.04886 -4.48867e-01
 31 -0.04386  5.12222e-01 | 32 -0.04916 -3.48080e+00 | 33 -0.05673 -8.69869e+00
 34 -0.02197  2.08806e+00 | 35 -0.06584 -1.77892e+01 | 36 -0.05056 -2.11705e+01
 37 -0.05235 -2.32641e+01 | 38 -0.06398 -2.97403e+01 | 39  0.00430 -2.07125e+01
 40  0.24243 -5.21356e+01 | 41 -0.01350 -1.29661e+01 | 42 -0.00002 -8.67763e+00
 43 -0.04351 -1.68196e+01 | 44 -0.02895 -8.88789e+00 | 45 -0.08120 -2.40869e+01
 46 -0.03735 -8.07850e+00 | 47 -0.00654 -3.47274e+00 | 48 -0.02529 -1.55340e+01
 49 -0.00658 -1.82718e+01 | 50  0.06561  8.20348e+00 | 51  0.02977 -1.35291e+00
 52  0.02163 -8.86346e+00 | 53  0.01308 -1.00987e+01 | 54  0.08013  1.14161e-01
 55  0.03373  7.91956e-01 | 56  0.04697  1.25251e+01 | 57  0.08637  1.62585e+01
 58  0.04807  1.13165e+01 | 59 -0.00347  6.44408e+00 | 60  0.05209  2.20377e+01
 61  0.02300  1.94274e+01 | 62  0.10243  3.02948e+01 | 63  0.05638  2.28648e+01
 64  0.14153  2.91754e+01 | 65  0.07182  2.92317e+01 | 66  0.08276  2.84771e+01
 67  0.03523  2.29310e+01 | 68  0.04108  2.62412e+01 | 69 -0.00500  2.20979e+01
 70 -0.01214  2.46935e+01 | 71  0.02463  1.57909e+01 | 72 -0.00964  8.17975e+00
 73  0.31090  1.47076e+01 | 74 -0.31632  4.37059e+00 | 75  0.45280 -1.06560e+01
 76  0.02698  8.16833e+00 | 77 -0.81549  2.74672e+00 | 78 -1.03216  6.47284e-01
 79  0.13211 -4.21441e+01 | 80  0.00909 -5.00494e+01 | 81  1.31159  1.52026e+00
 82  0.05599  1.08865e+01 | 83 -0.61321  1.49689e+01 | 84 -1.42880 -1.84321e+01
 85 -0.50147  4.89635e+01 | 86  0.23156  1.59703e+02 | 87  2.38852  2.85572e+00
 88  0.00214  2.36203e+01 | 89 -1.37342 -5.13511e+00 | 90 -0.70164  5.92590e+00
90 variables; iteration 160; function evaluation 215; phase 3
Function value 4.7800085e+02; maximum gradient component mag 1.2070e+02
Var    Value     Gradient |Var    Value     Gradient |Var    Value     Gradient
  1  0.83272 -5.37318e+00 |  2 -0.72995  4.95149e+00 |  3  0.02440  6.32007e+01
  4 -0.00254 -1.41140e+00 |  5 -0.00335 -1.54133e+00 |  6 -0.00317 -1.24637e+00
  7 -0.00465 -1.58643e+00 |  8 -0.00710 -2.28785e+00 |  9 -0.00602 -1.52557e+00
 10 -0.00632 -1.27137e+00 | 11 -0.00688 -1.07269e+00 | 12 -0.00896 -1.43670e+00
 13 -0.01205 -2.17494e+00 | 14 -0.01189 -1.47394e+00 | 15 -0.01316 -1.29361e+00
 16 -0.01533 -1.41404e+00 | 17 -0.01778 -1.57811e+00 | 18 -0.01978 -1.46109e+00
 19 -0.02095 -8.74317e-01 | 20 -0.02423 -1.14209e+00 | 21 -0.02728 -1.17372e+00
 22 -0.03083 -1.18856e+00 | 23 -0.03474 -1.25698e+00 | 24 -0.03890 -1.25900e+00
 25 -0.04371 -1.51521e+00 | 26 -0.04756 -1.31435e+00 | 27 -0.05225 -1.31714e+00
 28 -0.05587 -9.87806e-01 | 29 -0.05832 -6.07645e-01 | 30 -0.06117 -1.56801e+00
 31 -0.06144 -1.73612e+00 | 32 -0.06003 -1.38128e+00 | 33 -0.05657 -7.98434e-01
 34 -0.05340 -1.22590e+00 | 35 -0.04909 -2.20606e+00 | 36 -0.02453 -2.34028e+00
 37 -0.02041 -3.53993e+00 | 38  0.01478 -3.21037e+00 | 39  0.10198 -1.08575e+00
 40  0.13190  4.07034e+00 | 41  0.02417 -4.12034e+00 | 42  0.01485 -2.56593e+00
 43 -0.00521 -1.12888e+00 | 44 -0.02318 -1.73879e+00 | 45 -0.02636  2.67453e+00
 46 -0.03939 -1.92281e+00 | 47 -0.02836 -2.49697e+00 | 48  0.00025  3.17884e+00
 49  0.03114  4.21254e+00 | 50 -0.00650 -2.80944e+00 | 51  0.00729 -6.37893e-01
 52  0.01954 -1.78224e-01 | 53  0.03424  3.91801e+00 | 54  0.06122 -1.09669e-01
 55  0.03247 -2.88697e-01 | 56  0.03452  2.18704e+00 | 57  0.06538 -1.93885e+00
 58  0.05512  1.65801e+00 | 59  0.00378 -2.49406e+00 | 60  0.03266 -1.99052e+00
 61  0.01497 -6.78917e-01 | 62  0.07855 -8.05952e-01 | 63  0.04795  1.70968e+00
 64  0.14923  6.29451e+00 | 65  0.04391 -9.52481e-01 | 66  0.07628  2.39756e+00
 67  0.03126  4.44393e-01 | 68  0.02810 -9.52882e-01 | 69 -0.01605 -2.37217e+00
 70 -0.03546 -3.08593e+00 | 71  0.01546 -2.75472e+00 | 72 -0.01081 -9.71603e-01
 73  0.32057  1.37712e+01 | 74 -0.35587  3.13885e+00 | 75  0.46377  4.70394e+00
 76 -0.00547  1.88006e+00 | 77 -0.88235  1.98705e+00 | 78 -1.36836 -2.70860e+00
 79  0.04285  4.17864e+00 | 80  0.08096  6.83324e-01 | 81  1.41062  5.24285e-01
 82  0.01685 -1.90516e+00 | 83 -0.89201  1.48438e+00 | 84 -1.33148 -1.21382e+00
 85 -0.51352 -4.23573e+00 | 86  0.22925  1.20697e+02 | 87  2.54779 -8.01453e-01
 88  0.01120  1.42298e+01 | 89 -1.29928  5.28090e-02 | 90 -0.81576 -8.94924e-01
90 variables; iteration 180; function evaluation 235; phase 3
Function value 4.7693645e+02; maximum gradient component mag 3.3854e+01
Var    Value     Gradient |Var    Value     Gradient |Var    Value     Gradient
  1  1.00068  1.50706e-02 |  2 -0.73583  1.16925e+00 |  3  0.02595  3.38541e+01
  4 -0.00316 -5.12287e-01 |  5 -0.00390 -6.19740e-01 |  6 -0.00415 -5.01603e-01
  7 -0.00451 -3.97815e-01 |  8 -0.00565 -5.70761e-01 |  9 -0.00615 -4.46074e-01
 10 -0.00726 -5.28686e-01 | 11 -0.00846 -5.97247e-01 | 12 -0.00907 -3.60475e-01
 13 -0.01083 -5.40010e-01 | 14 -0.01233 -5.41178e-01 | 15 -0.01370 -4.03484e-01
 16 -0.01574 -4.70747e-01 | 17 -0.01775 -4.40276e-01 | 18 -0.02013 -4.84951e-01
 19 -0.02226 -3.28520e-01 | 20 -0.02522 -4.43179e-01 | 21 -0.02815 -4.09766e-01
 22 -0.03164 -3.82998e-01 | 23 -0.03540 -3.52958e-01 | 24 -0.03954 -3.02185e-01
 25 -0.04391 -2.93665e-01 | 26 -0.04787 -9.89621e-02 | 27 -0.05226  1.07456e-01
 28 -0.05684 -5.99728e-02 | 29 -0.06032 -2.50793e-01 | 30 -0.06145 -2.36802e-01
 31 -0.06123 -1.40245e-01 | 32 -0.06017  8.63609e-03 | 33 -0.05868 -4.78087e-01
 34 -0.05450 -2.37589e-01 | 35 -0.04807  1.03617e-01 | 36 -0.02371 -3.54106e-02
 37 -0.01439  1.11477e+00 | 38  0.01957 -7.41758e-02 | 39  0.11244 -1.66278e-01
 40  0.10655  8.45559e-01 | 41  0.03720 -3.34191e-01 | 42  0.02234  7.19338e-02
 43 -0.00405 -1.59585e-01 | 44 -0.02066  1.52161e-01 | 45 -0.03250  5.96271e-01
 46 -0.03695  4.30975e-01 | 47 -0.02414  4.11366e-01 | 48 -0.00270  2.42326e+00
 49  0.02581  1.90529e+00 | 50 -0.00064  4.27432e-02 | 51  0.00942  1.22241e+00
 52  0.02224  1.51404e+00 | 53  0.02701  1.91545e+00 | 54  0.06217  5.51267e-01
 55  0.03166  1.17362e-01 | 56  0.02877  1.43963e-01 | 57  0.07232  3.20340e-01
 58  0.04890 -6.99588e-01 | 59  0.00610 -5.17830e-01 | 60  0.03615  4.17859e-01
 61  0.01115 -1.12094e+00 | 62  0.08272  1.94835e-01 | 63  0.04663 -8.86914e-01
 64  0.14033 -2.25164e+00 | 65  0.05449  7.91341e-02 | 66  0.07559  7.09282e-01
 67  0.03022 -5.08087e-03 | 68  0.02825 -7.14377e-01 | 69 -0.01284 -4.30245e-01
 70 -0.03392 -1.06282e+00 | 71  0.01426 -1.73392e+00 | 72 -0.01368 -9.96224e-01
 73  0.32003  5.17770e+00 | 74 -0.39591  1.83473e+00 | 75  0.46314 -1.25282e+00
 76  0.00120 -9.15465e-02 | 77 -0.99526 -2.08049e-01 | 78 -1.32930  9.72682e-01
 79  0.00452  1.07648e+01 | 80  0.09828  7.00253e+00 | 81  1.46132 -2.02789e-01
 82  0.01915  1.21813e+00 | 83 -1.08209 -1.09970e+00 | 84 -1.30480  1.22431e-03
 85 -0.51606 -2.24907e+00 | 86  0.22844 -7.82935e+00 | 87  2.62309 -3.27517e-02
 88  0.01435 -5.68982e-02 | 89 -1.30761 -4.75715e-01 | 90 -0.85235 -1.28867e+00
90 variables; iteration 200; function evaluation 255; phase 3
Function value 4.7565752e+02; maximum gradient component mag 1.3446e+02
Var    Value     Gradient |Var    Value     Gradient |Var    Value     Gradient
  1  1.12611  5.23050e+00 |  2 -0.73474 -8.05473e+00 |  3  0.02427  1.30067e+02
  4 -0.00460 -1.35735e+00 |  5 -0.00417 -1.02357e+00 |  6 -0.00659 -1.80059e+00
  7 -0.00599 -1.35235e+00 |  8 -0.00486 -6.59412e-01 |  9 -0.00688 -1.19266e+00
 10 -0.00858 -1.56426e+00 | 11 -0.01078 -2.09826e+00 | 12 -0.00930 -1.08297e+00
 13 -0.01027 -1.00705e+00 | 14 -0.01328 -1.72126e+00 | 15 -0.01498 -1.83107e+00
 16 -0.01581 -1.49665e+00 | 17 -0.01982 -2.45738e+00 | 18 -0.02123 -2.23170e+00
 19 -0.02385 -2.45932e+00 | 20 -0.02717 -2.92536e+00 | 21 -0.02937 -2.77654e+00
 22 -0.03428 -3.66136e+00 | 23 -0.03725 -3.54277e+00 | 24 -0.03988 -3.06915e+00
 25 -0.04338 -2.92658e+00 | 26 -0.04637 -2.53721e+00 | 27 -0.05105 -2.77764e+00
 28 -0.05624 -3.51025e+00 | 29 -0.06092 -4.52354e+00 | 30 -0.05773 -2.27206e+00
 31 -0.05836 -2.67648e+00 | 32 -0.05889 -3.40915e+00 | 33 -0.05944 -4.90680e+00
 34 -0.05849 -6.20699e+00 | 35 -0.05771 -8.36325e+00 | 36 -0.02212 -1.54874e+00
 37 -0.01370 -1.81501e-01 | 38  0.00069 -4.83427e+00 | 39  0.14173  9.48095e+00
 40  0.09747  6.98676e+00 | 41  0.03599  3.64692e+00 | 42  0.02043  3.52393e+00
 43 -0.00591  2.53322e+00 | 44 -0.02317  2.15210e+00 | 45 -0.03262  3.55274e+00
 46 -0.03300  5.76345e+00 | 47 -0.01996  6.60872e+00 | 48 -0.00189  8.01794e+00
 49  0.03373  1.18235e+01 | 50  0.00256  6.61058e+00 | 51  0.02783  1.37476e+01
 52  0.00083 -4.40870e+00 | 53  0.02430  2.60970e+00 | 54  0.07272  9.53211e+00
 55  0.03048  1.00189e+00 | 56  0.03222  1.45241e+00 | 57  0.06781 -1.10816e+00
 58  0.05893  3.44031e+00 | 59  0.00028 -2.92234e+00 | 60  0.03347  4.65239e-01
 61  0.00623 -5.99145e-01 | 62  0.09000  1.21994e+01 | 63  0.04381  7.05410e+00
 64  0.15410  2.00085e+01 | 65  0.03762  3.07133e+00 | 66  0.08454  1.28672e+01
 67  0.01826  2.04974e+00 | 68  0.03023  6.78554e+00 | 69  0.00058  1.13514e+01
 70 -0.02964  5.12595e+00 | 71  0.01919  5.49186e+00 | 72 -0.01841 -1.32332e+00
 73  0.32322  2.41985e+01 | 74 -0.51915  9.64002e-01 | 75  0.46222 -1.67598e+01
 76  0.00281  8.79500e+00 | 77 -1.02486 -2.49105e-01 | 78 -1.35383 -2.14799e+00
 79 -0.13528  7.01190e+01 | 80  0.15826  1.34461e+02 | 81  1.63576 -3.25923e-02
 82 -0.01903  1.06253e+01 | 83 -1.04452 -4.97639e-01 | 84 -1.37720 -2.66770e+00
 85 -0.51751 -1.11828e+01 | 86  0.22658  2.19650e+01 | 87  2.66669 -3.45824e-01
 88  0.02444  3.72949e+01 | 89 -1.29530  2.90320e-01 | 90 -0.86224 -5.81098e-02
90 variables; iteration 220; function evaluation 277; phase 3
Function value 4.6769373e+02; maximum gradient component mag -6.0331e+01
Var    Value     Gradient |Var    Value     Gradient |Var    Value     Gradient
  1  1.00235  8.19557e-02 |  2 -0.73215  1.70016e+00 |  3  0.02498 -6.03307e+01
  4 -0.00378  8.10711e-01 |  5 -0.00408  8.76283e-01 |  6 -0.00471  8.33416e-01
  7 -0.00533  8.26390e-01 |  8 -0.00602  8.21675e-01 |  9 -0.00665  8.80537e-01
 10 -0.00737  9.47772e-01 | 11 -0.00855  8.73428e-01 | 12 -0.00991  7.79676e-01
 13 -0.01122  7.67007e-01 | 14 -0.01266  7.66334e-01 | 15 -0.01430  7.51126e-01
 16 -0.01601  7.88902e-01 | 17 -0.01831  6.42170e-01 | 18 -0.02043  6.49269e-01
 19 -0.02272  6.63606e-01 | 20 -0.02526  6.48700e-01 | 21 -0.02794  6.89372e-01
 22 -0.03163  4.93975e-01 | 23 -0.03510  5.04665e-01 | 24 -0.03884  5.68019e-01
 25 -0.04284  5.63163e-01 | 26 -0.04664  6.11438e-01 | 27 -0.05114  5.63951e-01
 28 -0.05524  5.15016e-01 | 29 -0.05834  4.51836e-01 | 30 -0.05952  3.75048e-01
 31 -0.05957  3.16833e-01 | 32 -0.05930  7.91009e-02 | 33 -0.05688  1.56087e-01
 34 -0.05368 -1.09593e-01 | 35 -0.04894 -6.17192e-01 | 36 -0.02494 -5.45245e-01
 37 -0.01994 -1.19610e+00 | 38  0.01300 -1.02084e+00 | 39  0.15346  1.54553e-01
 40  0.05100 -7.70852e+00 | 41  0.04541  3.19179e-01 | 42  0.02722  1.35966e-01
 43 -0.00114 -1.46762e-01 | 44 -0.01953 -3.54028e-01 | 45 -0.03308 -7.39816e-01
 46 -0.03592 -3.78469e-01 | 47 -0.02274 -7.27402e-01 | 48 -0.00879 -2.17060e+00
 49  0.02682 -2.48506e-01 | 50  0.00183 -1.78083e-01 | 51  0.00850  1.12798e-01
 52  0.02643  2.33722e+00 | 53  0.02366 -4.30762e-01 | 54  0.06429  1.12402e-01
 55  0.03287  1.78738e-01 | 56  0.03027 -8.74079e-02 | 57  0.07465 -7.35894e-01
 58  0.05351 -4.11050e-01 | 59  0.00904  6.82552e-03 | 60  0.03627 -8.99443e-01
 61  0.01333 -6.27473e-01 | 62  0.07657 -5.82464e-01 | 63  0.04486 -1.09801e-01
 64  0.14693 -1.95145e+00 | 65  0.05327 -2.06677e-01 | 66  0.07733  8.41716e-01
 67  0.03212  6.79587e-01 | 68  0.02968  8.12114e-02 | 69 -0.01473  1.67805e-01
 70 -0.03469  7.69335e-01 | 71  0.00802 -6.15520e-01 | 72 -0.01886  3.01681e-01
 73  0.32612  1.40515e+00 | 74 -0.74136  1.33668e-01 | 75  0.46666  1.14091e+00
 76  0.00274 -2.82753e-01 | 77 -0.93830  9.60547e-01 | 78 -1.34024 -5.45750e-01
 79 -0.37352  3.38848e+00 | 80  0.20575  1.34789e+01 | 81  1.96660 -1.03858e+00
 82  0.01170  2.42529e+00 | 83 -0.96370  1.72063e-01 | 84 -1.31039  3.29146e-01
 85 -0.51824 -7.43210e+00 | 86  0.22902 -4.26838e+01 | 87  2.69971 -4.27653e-02
 88  0.01437 -5.03382e+00 | 89 -1.29543  2.82680e-01 | 90 -0.83637 -1.04856e+00
90 variables; iteration 240; function evaluation 297; phase 3
Function value 4.6746578e+02; maximum gradient component mag -2.4066e+01
Var    Value     Gradient |Var    Value     Gradient |Var    Value     Gradient
  1  0.98643 -5.30750e-01 |  2 -0.73349 -1.18226e+00 |  3  0.02550 -2.40663e+01
  4 -0.00364  5.17841e-01 |  5 -0.00423  4.66683e-01 |  6 -0.00460  5.30665e-01
  7 -0.00527  5.05233e-01 |  8 -0.00607  4.61734e-01 |  9 -0.00687  4.59314e-01
 10 -0.00782  4.34647e-01 | 11 -0.00896  3.82118e-01 | 12 -0.01005  4.05825e-01
 13 -0.01130  4.25848e-01 | 14 -0.01272  4.41657e-01 | 15 -0.01443  4.09531e-01
 16 -0.01619  4.35160e-01 | 17 -0.01832  3.76345e-01 | 18 -0.02050  3.75316e-01
 19 -0.02292  3.50448e-01 | 20 -0.02555  3.16899e-01 | 21 -0.02832  3.35918e-01
 22 -0.03181  2.55649e-01 | 23 -0.03537  2.55294e-01 | 24 -0.03933  2.37049e-01
 25 -0.04335  2.53332e-01 | 26 -0.04727  2.69619e-01 | 27 -0.05179  2.39947e-01
 28 -0.05591  2.03249e-01 | 29 -0.05895  1.79391e-01 | 30 -0.05988  2.37314e-01
 31 -0.05983  2.17118e-01 | 32 -0.05920  1.65252e-01 | 33 -0.05688  1.75661e-01
 34 -0.05304  2.60059e-01 | 35 -0.04778  1.46602e-02 | 36 -0.02266  4.69570e-01
 37 -0.01716 -3.98690e-02 | 38  0.01681 -3.19728e-01 | 39  0.13096  2.50985e-01
 40  0.08728 -2.01817e+00 | 41  0.04014 -9.48556e-02 | 42  0.02477  2.92160e-01
 43 -0.00226  1.60593e-01 | 44 -0.01960  2.62727e-01 | 45 -0.03386 -5.24138e-01
 46 -0.03611  1.28056e-01 | 47 -0.02195  2.70250e-01 | 48 -0.00728 -1.08567e+00
 49  0.02425 -8.14983e-01 | 50  0.00330  2.90572e-01 | 51  0.00868 -3.23923e-01
 52  0.02220 -5.15160e-02 | 53  0.02458 -8.19021e-01 | 54  0.06395 -2.53168e-01
 55  0.03223 -1.41226e-01 | 56  0.02959  4.97549e-02 | 57  0.07536  6.16307e-01
 58  0.05254  2.70684e-01 | 59  0.00786  1.94761e-01 | 60  0.03752  5.16093e-01
 61  0.01329 -6.17408e-02 | 62  0.07545 -2.10692e-01 | 63  0.04512  1.67440e-01
 64  0.14639 -1.78997e+00 | 65  0.05445 -2.05277e-01 | 66  0.07410 -1.58270e-01
 67  0.03178  4.67192e-01 | 68  0.03033  5.53579e-01 | 69 -0.01368  1.05037e+00
 70 -0.03639  4.65235e-01 | 71  0.00925  9.53196e-01 | 72 -0.02005  5.23204e-01
 73  0.32576 -8.12252e-02 | 74 -0.75217  1.15071e-01 | 75  0.46618 -7.74683e-01
 76  0.00320 -3.38080e-01 | 77 -1.04488 -6.53444e-01 | 78 -1.33939 -3.98355e-01
 79 -0.38061  4.95884e-02 | 80  0.20706 -1.39265e+00 | 81  1.98140  3.14027e-02
 82  0.00966 -4.08462e-01 | 83 -0.92840  4.02599e-01 | 84 -1.32200  7.38441e-02
 85 -0.51807 -4.47507e+00 | 86  0.22896 -1.48028e+01 | 87  2.69945 -5.24066e-02
 88  0.01394 -1.60932e+00 | 89 -1.31177 -7.66548e-01 | 90 -0.83754 -1.09453e+00
90 variables; iteration 260; function evaluation 317; phase 3
Function value 4.6741042e+02; maximum gradient component mag -3.5560e+00
Var    Value     Gradient |Var    Value     Gradient |Var    Value     Gradient
  1  0.99774 -8.82387e-02 |  2 -0.73270  7.21998e-01 |  3  0.02551 -3.55603e+00
  4 -0.00375  2.48541e-02 |  5 -0.00424  1.85656e-02 |  6 -0.00478  1.54195e-02
  7 -0.00541  8.10757e-03 |  8 -0.00612  6.61984e-03 |  9 -0.00693  1.32198e-03
 10 -0.00786 -1.14862e-02 | 11 -0.00886 -5.06618e-03 | 12 -0.00999  1.19342e-02
 13 -0.01129  1.26704e-02 | 14 -0.01276  1.58326e-02 | 15 -0.01441  1.81307e-02
 16 -0.01627  9.77812e-03 | 17 -0.01826  1.97087e-02 | 18 -0.02047  1.47240e-02
 19 -0.02287  9.06710e-03 | 20 -0.02544  1.00999e-02 | 21 -0.02827  1.00857e-02
 22 -0.03162  1.37290e-02 | 23 -0.03520  1.40359e-02 | 24 -0.03916  1.48382e-02
 25 -0.04323  1.46642e-02 | 26 -0.04720  1.60984e-02 | 27 -0.05169  1.41286e-02
 28 -0.05576  1.01337e-02 | 29 -0.05877  1.04856e-02 | 30 -0.05981  6.97047e-03
 31 -0.05972  1.42475e-02 | 32 -0.05902  7.45035e-03 | 33 -0.05678 -1.25278e-02
 34 -0.05301  4.25975e-02 | 35 -0.04747 -4.93252e-02 | 36 -0.02312 -3.09877e-02
 37 -0.01637  1.59996e-02 | 38  0.01870 -1.03095e-01 | 39  0.11933 -1.82761e-02
 40  0.10266  4.76235e-02 | 41  0.03881 -5.06837e-02 | 42  0.02271 -1.40388e-02
 43 -0.00328 -4.13765e-02 | 44 -0.02061 -2.48188e-02 | 45 -0.03313 -2.79843e-02
 46 -0.03675 -3.83989e-02 | 47 -0.02309 -1.72251e-02 | 48 -0.00544  3.65205e-02
 49  0.02451 -7.81898e-02 | 50  0.00160 -4.53235e-02 | 51  0.00862 -8.00023e-02
 52  0.02118 -1.35153e-01 | 53  0.02613 -1.39878e-01 | 54  0.06383 -1.46285e-01
 55  0.03243 -1.49755e-01 | 56  0.02998 -7.95998e-02 | 57  0.07446 -1.09183e-01
 58  0.05293 -2.59361e-02 | 59  0.00814 -9.83074e-02 | 60  0.03660 -1.76347e-01
 61  0.01374 -1.33854e-01 | 62  0.07510 -2.54702e-01 | 63  0.04348 -1.78101e-01
 64  0.14808 -2.69947e-01 | 65  0.05397 -5.76879e-02 | 66  0.07381 -1.22294e-01
 67  0.03136  4.00500e-02 | 68  0.03001 -7.86648e-02 | 69 -0.01487 -1.07097e-01
 70 -0.03588  5.33690e-02 | 71  0.00897  5.86177e-02 | 72 -0.01989 -2.63738e-02
 73  0.32551  1.47602e-01 | 74 -0.74904  1.21490e-01 | 75  0.46635  1.85392e-01
 76  0.00450  5.13436e-02 | 77 -1.00935  4.55870e-02 | 78 -1.33231  4.62604e-02
 79 -0.38135  9.14906e-02 | 80  0.20712  6.28387e-01 | 81  1.98263  5.91479e-02
 82  0.01027  1.65232e-01 | 83 -0.97625  4.87671e-02 | 84 -1.32126  1.73093e-03
 85 -0.51827  1.23923e+00 | 86  0.22907  3.03328e+00 | 87  2.70428  2.61105e-02
 88  0.01371 -1.73630e-02 | 89 -1.30112 -2.67759e-02 | 90 -0.83690 -1.06141e+00
90 variables; iteration 280; function evaluation 337; phase 3
Function value 4.6737813e+02; maximum gradient component mag 3.0598e-01
Var    Value     Gradient |Var    Value     Gradient |Var    Value     Gradient
  1  1.00032  6.29697e-03 |  2 -0.73410 -1.60087e-02 |  3  0.02560  1.78518e-01
  4 -0.00374 -5.97212e-04 |  5 -0.00422 -1.73979e-03 |  6 -0.00475 -1.36550e-03
  7 -0.00536 -6.35921e-04 |  8 -0.00605  1.02957e-04 |  9 -0.00684 -3.47307e-04
 10 -0.00774 -4.67944e-04 | 11 -0.00876 -9.61690e-04 | 12 -0.00992 -1.42963e-03
 13 -0.01122 -1.13069e-03 | 14 -0.01270 -1.88515e-03 | 15 -0.01435 -2.02538e-03
 16 -0.01618 -1.25316e-03 | 17 -0.01820 -2.28336e-03 | 18 -0.02040 -1.79514e-03
 19 -0.02278 -8.45385e-04 | 20 -0.02536 -7.14018e-04 | 21 -0.02820 -1.23792e-03
 22 -0.03157 -1.70353e-03 | 23 -0.03517 -1.96464e-03 | 24 -0.03914 -1.95027e-03
 25 -0.04324 -1.64857e-03 | 26 -0.04723 -2.40943e-03 | 27 -0.05173 -2.79303e-03
 28 -0.05580 -1.60290e-03 | 29 -0.05882 -1.96410e-03 | 30 -0.05985 -2.78162e-03
 31 -0.05976 -3.82412e-03 | 32 -0.05904 -4.80668e-03 | 33 -0.05675 -4.19924e-03
 34 -0.05306 -3.48790e-03 | 35 -0.04734 -2.19114e-03 | 36 -0.02302  1.67687e-03
 37 -0.01639  1.86120e-03 | 38  0.01901  2.52309e-03 | 39  0.11934  1.21476e-03
 40  0.10180 -3.99930e-03 | 41  0.03887 -3.05914e-03 | 42  0.02268  5.91590e-04
 43 -0.00321  2.95624e-03 | 44 -0.02054  1.55858e-04 | 45 -0.03304  4.06345e-03
 46 -0.03671  1.85082e-03 | 47 -0.02318 -2.63011e-03 | 48 -0.00561  3.49492e-03
 49  0.02485  1.22253e-03 | 50  0.00177  5.61231e-03 | 51  0.00883 -1.72615e-04
 52  0.02138  9.15344e-04 | 53  0.02583  9.02236e-04 | 54  0.06355  2.86193e-03
 55  0.03244 -5.74897e-04 | 56  0.02983  6.21169e-03 | 57  0.07427  1.09824e-02
 58  0.05266  1.26259e-02 | 59  0.00813  9.77572e-03 | 60  0.03664  5.02186e-03
 61  0.01374  1.19079e-02 | 62  0.07511  1.02232e-02 | 63  0.04353  2.67733e-03
 64  0.14794  9.31373e-03 | 65  0.05386  4.27578e-03 | 66  0.07409  1.85473e-03
 67  0.03112  1.06992e-03 | 68  0.03010  2.14212e-03 | 69 -0.01473  1.14867e-02
 70 -0.03606 -3.29844e-04 | 71  0.00873  9.69854e-03 | 72 -0.01991 -2.79188e-04
 73  0.32561  3.05976e-01 | 74 -0.75523  1.16569e-01 | 75  0.46628 -3.98126e-02
 76  0.00370  2.20695e-02 | 77 -1.01105 -3.78045e-03 | 78 -1.33505  5.07066e-03
 79 -0.38114 -1.35729e-01 | 80  0.20714 -8.86829e-02 | 81  1.98219 -6.47620e-03
 82  0.00946 -6.99161e-03 | 83 -0.98071  6.12560e-03 | 84 -1.32374 -1.18160e-03
 85 -0.51781 -2.87067e-02 | 86  0.22926 -9.08704e-02 | 87  2.68359  6.71788e-03
 88  0.01099 -1.10441e-03 | 89 -1.30053 -4.77655e-03 | 90 -0.78826  1.81774e-02
90 variables; iteration 300; function evaluation 357; phase 3
Function value 4.6736859e+02; maximum gradient component mag 2.1744e+00
Var    Value     Gradient |Var    Value     Gradient |Var    Value     Gradient
  1  0.99979  1.01695e-03 |  2 -0.73412 -1.68389e-01 |  3  0.02560  5.95511e-01
  4 -0.00375 -1.90319e-02 |  5 -0.00420 -1.27325e-02 |  6 -0.00472 -6.22765e-03
  7 -0.00535 -1.32290e-02 |  8 -0.00604 -1.31844e-02 |  9 -0.00685 -2.05311e-02
 10 -0.00775 -2.30077e-02 | 11 -0.00876 -1.79065e-02 | 12 -0.00992 -2.07025e-02
 13 -0.01122 -1.68408e-02 | 14 -0.01269 -1.79729e-02 | 15 -0.01436 -2.32295e-02
 16 -0.01619 -2.28747e-02 | 17 -0.01818 -1.13009e-02 | 18 -0.02039 -1.65906e-02
 19 -0.02281 -3.03766e-02 | 20 -0.02537 -2.28673e-02 | 21 -0.02820 -1.85961e-02
 22 -0.03157 -2.00345e-02 | 23 -0.03518 -2.56237e-02 | 24 -0.03914 -1.65822e-02
 25 -0.04324 -2.14745e-02 | 26 -0.04722 -1.51334e-02 | 27 -0.05173 -1.65619e-02
 28 -0.05582 -2.82844e-02 | 29 -0.05883 -2.53576e-02 | 30 -0.05985 -1.94533e-02
 31 -0.05976 -1.98023e-02 | 32 -0.05904 -2.18870e-02 | 33 -0.05676 -3.23020e-02
 34 -0.05307 -2.71271e-02 | 35 -0.04738 -4.15811e-02 | 36 -0.02306 -3.32194e-02
 37 -0.01632  1.67388e-02 | 38  0.01898 -1.63785e-02 | 39  0.11936  8.16328e-03
 40  0.10180  3.36276e-03 | 41  0.03886 -5.97453e-03 | 42  0.02268  2.04096e-04
 43 -0.00325 -1.58949e-02 | 44 -0.02055 -9.84947e-03 | 45 -0.03299  2.23758e-02
 46 -0.03674 -1.93442e-02 | 47 -0.02327 -5.07054e-02 | 48 -0.00554  2.98788e-02
 49  0.02490  1.64431e-02 | 50  0.00171 -3.00725e-02 | 51  0.00889  4.34812e-03
 52  0.02136 -3.19094e-02 | 53  0.02581 -3.59751e-02 | 54  0.06360 -1.51724e-02
 55  0.03234 -9.97745e-02 | 56  0.02968 -1.03086e-01 | 57  0.07428  1.45771e-02
 58  0.05284  9.59245e-02 | 59  0.00811 -2.67787e-03 | 60  0.03664 -1.76664e-02
 61  0.01395  4.72324e-02 | 62  0.07484 -1.90035e-01 | 63  0.04357 -5.48035e-02
 64  0.14790 -2.46564e-02 | 65  0.05395  5.45985e-02 | 66  0.07402  6.16409e-02
 67  0.03096  4.03848e-02 | 68  0.03057  2.68052e-01 | 69 -0.01471  9.05069e-02
 70 -0.03609  2.31830e-02 | 71  0.00864  1.73625e-02 | 72 -0.01995 -1.26708e-02
 73  0.32596 -2.43687e-01 | 74 -0.92718 -5.97283e-04 | 75  0.46648  2.47488e-01
 76  0.00383 -8.48130e-02 | 77 -1.01077  3.53387e-03 | 78 -1.33487  1.11916e-02
 79 -0.38069  8.94654e-02 | 80  0.20705  3.39742e-01 | 81  1.98127 -1.18364e-02
 82  0.00952  9.76429e-02 | 83 -0.98095  4.22894e-03 | 84 -1.32353  1.77045e-03
 85 -0.51697  1.20972e+00 | 86  0.22917  2.17440e+00 | 87  2.65073  3.35448e-02
 88  0.01094  2.28777e-01 | 89 -1.30041  1.22946e-02 | 90 -0.78844  5.74336e-03
90 variables; iteration 320; function evaluation 377; phase 3
Function value 4.6736842e+02; maximum gradient component mag 8.0003e-01
Var    Value     Gradient |Var    Value     Gradient |Var    Value     Gradient
  1  0.99975 -1.75392e-03 |  2 -0.73408  8.94949e-03 |  3  0.02560  8.00026e-01
  4 -0.00374 -2.59749e-03 |  5 -0.00422 -5.99857e-03 |  6 -0.00475 -4.90113e-03
  7 -0.00536 -4.10574e-03 |  8 -0.00605 -2.84223e-03 |  9 -0.00684 -7.16617e-04
 10 -0.00774 -2.00182e-03 | 11 -0.00876 -4.15778e-03 | 12 -0.00992 -3.01390e-03
 13 -0.01122 -2.00417e-03 | 14 -0.01269 -1.61686e-03 | 15 -0.01434  6.42838e-04
 16 -0.01618 -9.95617e-04 | 17 -0.01819  2.00777e-03 | 18 -0.02039 -5.28582e-06
 19 -0.02278  5.75204e-04 | 20 -0.02535  3.37358e-03 | 21 -0.02820  2.94992e-03
 22 -0.03156  7.42616e-03 | 23 -0.03516  5.29182e-03 | 24 -0.03913  8.17931e-03
 25 -0.04324  4.28995e-03 | 26 -0.04722  8.53445e-03 | 27 -0.05172  1.27575e-02
 28 -0.05580  9.22680e-03 | 29 -0.05881  1.31268e-02 | 30 -0.05985  6.64575e-03
 31 -0.05976  1.18678e-02 | 32 -0.05903  1.83569e-02 | 33 -0.05674  1.57305e-02
 34 -0.05306  1.69179e-02 | 35 -0.04734  2.16449e-02 | 36 -0.02305  1.45355e-02
 37 -0.01638  3.20360e-02 | 38  0.01890  4.90268e-04 | 39  0.11950  8.82668e-02
 40  0.10171  5.15083e-02 | 41  0.03886  2.55799e-02 | 42  0.02269  2.71774e-02
 43 -0.00321  1.76022e-02 | 44 -0.02055  7.46634e-03 | 45 -0.03303  1.33940e-02
 46 -0.03671  2.18894e-03 | 47 -0.02314  1.26642e-02 | 48 -0.00563 -1.02418e-02
 49  0.02489  2.61902e-03 | 50  0.00171 -3.62544e-02 | 51  0.00880 -3.59820e-02
 52  0.02137 -2.51156e-02 | 53  0.02579 -3.58601e-02 | 54  0.06360  3.48322e-02
 55  0.03245  2.92448e-02 | 56  0.02991  5.59841e-02 | 57  0.07420 -1.65568e-03
 58  0.05263  4.79900e-03 | 59  0.00817  3.27858e-02 | 60  0.03673  3.71214e-02
 61  0.01369 -2.19952e-02 | 62  0.07507 -4.23356e-02 | 63  0.04348 -3.72155e-02
 64  0.14795 -2.88088e-03 | 65  0.05386  6.03808e-03 | 66  0.07411  1.28422e-02
 67  0.03110  2.21273e-03 | 68  0.03012  1.46202e-02 | 69 -0.01472  1.18940e-02
 70 -0.03606 -5.62736e-03 | 71  0.00871 -1.04828e-02 | 72 -0.01990 -5.27376e-03
 73  0.32593 -4.33333e-02 | 74 -0.92919 -2.07889e-03 | 75  0.46643 -1.95197e-02
 76  0.00392  1.46078e-02 | 77 -1.01088  8.54339e-04 | 78 -1.33481 -1.50027e-03
 79 -0.38086  1.59763e-02 | 80  0.20708  2.39987e-02 | 81  1.98162  8.70076e-03
 82  0.00948  8.72357e-03 | 83 -0.98140 -8.98254e-04 | 84 -1.32362  1.84567e-03
 85 -0.51682 -9.41992e-02 | 86  0.22914  5.69645e-01 | 87  2.64531  2.82248e-03
 88  0.01102  1.29674e-01 | 89 -1.30037  3.15231e-03 | 90 -0.78866  7.49373e-03
90 variables; iteration 340; function evaluation 398; phase 3
Function value 4.6736682e+02; maximum gradient component mag -5.7651e+00
Var    Value     Gradient |Var    Value     Gradient |Var    Value     Gradient
  1  0.99968 -6.30567e-03 |  2 -0.73410  6.07515e-02 |  3  0.02560 -9.83600e-01
  4 -0.00374  6.79771e-03 |  5 -0.00421  9.65150e-03 |  6 -0.00474  1.12961e-02
  7 -0.00535  8.38255e-03 |  8 -0.00606  2.93186e-03 |  9 -0.00686  7.36110e-04
 10 -0.00775  2.01012e-03 | 11 -0.00876  3.13278e-03 | 12 -0.00992  4.72090e-03
 13 -0.01123  1.29495e-03 | 14 -0.01270  3.85293e-03 | 15 -0.01435  2.88777e-03
 16 -0.01617  6.70960e-03 | 17 -0.01821 -2.12652e-03 | 18 -0.02040  9.07112e-04
 19 -0.02279 -2.70975e-04 | 20 -0.02537 -5.25696e-03 | 21 -0.02820  1.08197e-03
 22 -0.03159 -1.11032e-02 | 23 -0.03518 -6.78946e-03 | 24 -0.03916 -8.84923e-03
 25 -0.04324 -4.16290e-03 | 26 -0.04724 -1.07162e-02 | 27 -0.05176 -1.65867e-02
 28 -0.05581 -1.03791e-02 | 29 -0.05884 -1.64055e-02 | 30 -0.05985 -7.67591e-03
 31 -0.05976 -1.53920e-02 | 32 -0.05905 -2.00137e-02 | 33 -0.05673 -1.14913e-02
 34 -0.05305 -1.59606e-02 | 35 -0.04732 -1.03373e-02 | 36 -0.02296  3.27396e-03
 37 -0.01647 -6.40079e-02 | 38  0.01916  1.03383e-02 | 39  0.11908 -1.02508e-01
 40  0.10201 -5.34556e-02 | 41  0.03889 -2.47735e-02 | 42  0.02266 -2.75556e-02
 43 -0.00324 -1.97927e-02 | 44 -0.02051  5.88208e-03 | 45 -0.03308 -1.75165e-02
 46 -0.03670  8.13841e-03 | 47 -0.02322 -1.65492e-02 | 48 -0.00559  2.03254e-02
 49  0.02481 -5.39172e-03 | 50  0.00186  5.61262e-02 | 51  0.00893  5.12848e-02
 52  0.02140  7.72068e-03 | 53  0.02579 -2.23641e-02 | 54  0.06345 -8.59884e-02
 55  0.03248 -2.55247e-02 | 56  0.02976 -6.00612e-02 | 57  0.07435 -1.52525e-02
 58  0.05267 -3.45433e-02 | 59  0.00812 -3.74794e-02 | 60  0.03643 -1.30291e-01
 61  0.01376 -6.96466e-03 | 62  0.07518  2.72203e-02 | 63  0.04368  5.88245e-02
 64  0.14785 -1.48033e-02 | 65  0.05392  2.26339e-02 | 66  0.07413  1.32471e-02
 67  0.03105 -1.24457e-02 | 68  0.03007  2.52193e-04 | 69 -0.01471  2.74308e-02
 70 -0.03603  2.71391e-02 | 71  0.00875  3.42313e-02 | 72 -0.01991  1.37690e-02
 73  0.32596 -6.71924e-02 | 74 -0.92059  4.33033e-03 | 75  0.46646  6.08958e-02
 76  0.00379 -1.03857e-01 | 77 -1.01079  3.23312e-03 | 78 -1.33496  6.94366e-03
 79 -0.38087 -9.03378e-03 | 80  0.20709 -5.37563e-02 | 81  1.98165  9.49961e-03
 82  0.00945  1.71645e-02 | 83 -0.98136 -4.68819e-04 | 84 -1.32403 -1.69989e-02
 85 -0.51230 -5.76508e+00 | 86  0.22859 -9.30271e-01 | 87  2.52451 -2.43134e-01
 88  0.01102 -2.01494e-01 | 89 -1.30056 -8.62566e-02 | 90 -0.78905 -2.00541e-02
90 variables; iteration 360; function evaluation 419; phase 3
Function value 4.6734500e+02; maximum gradient component mag 8.4736e-03
Var    Value     Gradient |Var    Value     Gradient |Var    Value     Gradient
  1  1.00022  2.15554e-05 |  2 -0.73409 -2.51613e-04 |  3  0.02560  5.38835e-03
  4 -0.00374 -1.04831e-04 |  5 -0.00422 -8.06100e-05 |  6 -0.00475 -8.68418e-05
  7 -0.00536 -8.18551e-05 |  8 -0.00605 -6.38254e-05 |  9 -0.00685 -8.77579e-05
 10 -0.00774 -7.37470e-05 | 11 -0.00876 -6.12442e-05 | 12 -0.00992 -6.57738e-05
 13 -0.01122 -6.55976e-05 | 14 -0.01269 -6.94067e-05 | 15 -0.01435 -9.34923e-05
 16 -0.01618 -8.77708e-05 | 17 -0.01820 -7.80499e-05 | 18 -0.02040 -7.31953e-05
 19 -0.02278 -9.27433e-05 | 20 -0.02536 -9.24931e-05 | 21 -0.02820 -9.90021e-05
 22 -0.03157 -7.81679e-05 | 23 -0.03517 -1.04751e-04 | 24 -0.03914 -1.26255e-04
 25 -0.04324 -7.84736e-05 | 26 -0.04723 -1.31615e-04 | 27 -0.05173 -1.12312e-04
 28 -0.05581 -9.40161e-05 | 29 -0.05882 -1.08153e-04 | 30 -0.05985  7.47577e-06
 31 -0.05976 -2.12399e-05 | 32 -0.05904 -7.31082e-05 | 33 -0.05674  1.47328e-05
 34 -0.05306  4.59733e-05 | 35 -0.04734  4.44321e-05 | 36 -0.02303  1.02559e-04
 37 -0.01639  9.50100e-05 | 38  0.01901  1.92047e-04 | 39  0.11933  5.70857e-04
 40  0.10183  3.81622e-04 | 41  0.03888  4.24838e-04 | 42  0.02268  1.31047e-04
 43 -0.00322  1.20936e-04 | 44 -0.02054  1.33528e-04 | 45 -0.03305  9.39943e-05
 46 -0.03671  9.60370e-05 | 47 -0.02317  4.97421e-05 | 48 -0.00562  2.38790e-04
 49  0.02486  1.81940e-04 | 50  0.00176  5.41899e-05 | 51  0.00884  2.32367e-04
 52  0.02138 -1.22197e-04 | 53  0.02583 -2.17569e-04 | 54  0.06355 -3.45888e-04
 55  0.03245  5.36065e-04 | 56  0.02983 -7.18620e-05 | 57  0.07426  1.61150e-04
 58  0.05265  2.64383e-04 | 59  0.00812 -1.04135e-04 | 60  0.03665  1.08763e-04
 61  0.01373 -1.11481e-04 | 62  0.07512  1.58357e-04 | 63  0.04354  1.08696e-04
 64  0.14794  3.61612e-05 | 65  0.05385 -3.05507e-05 | 66  0.07410 -3.51807e-05
 67  0.03112 -1.59092e-05 | 68  0.03011 -5.68383e-05 | 69 -0.01474 -1.81057e-04
 70 -0.03605 -1.42309e-04 | 71  0.00873  3.97561e-06 | 72 -0.01990 -4.84060e-05
 73  0.32594  4.23770e-04 | 74 -0.92654  1.33398e-05 | 75  0.46644  8.04295e-05
 76  0.00388  6.55480e-05 | 77 -1.01090  4.14822e-05 | 78 -1.33486 -1.73666e-05
 79 -0.38083  2.39883e-04 | 80  0.20708  3.88862e-04 | 81  1.98157  1.95359e-04
 82  0.00946  1.51463e-04 | 83 -0.98133 -1.08998e-05 | 84 -1.32370 -2.94808e-06
 85 -0.50099  1.29499e-03 | 86  0.22719  8.47356e-03 | 87  2.36640  1.42172e-05
 88  0.01101  1.44648e-03 | 89 -1.29869  5.49877e-05 | 90 -0.78871 -3.09310e-05
  ic > imax  in fminim is answer attained ?
Var    Value     Gradient |Var    Value     Gradient |Var    Value     Gradient
  1  1.00022 -1.88021e-06 |  2 -0.73409  1.46189e-05 |  3  0.02560 -1.24238e-04
  4 -0.00374  2.07300e-06 |  5 -0.00422  2.25877e-06 |  6 -0.00475  2.32403e-06
  7 -0.00536  1.56247e-06 |  8 -0.00605  1.25592e-06 |  9 -0.00685  1.34968e-06
 10 -0.00774  1.64648e-06 | 11 -0.00876  1.61125e-06 | 12 -0.00992  1.37787e-06
 13 -0.01122  1.44279e-06 | 14 -0.01269  1.22854e-06 | 15 -0.01435  1.58122e-06
 16 -0.01618  2.63181e-06 | 17 -0.01820  8.32143e-07 | 18 -0.02040  1.27097e-06
 19 -0.02278  1.72564e-06 | 20 -0.02536  1.05705e-06 | 21 -0.02820  2.51947e-06
 22 -0.03157 -7.61913e-07 | 23 -0.03517  1.37422e-06 | 24 -0.03914  3.00888e-06
 25 -0.04324  4.69234e-07 | 26 -0.04723  7.32006e-07 | 27 -0.05173  2.38566e-06
 28 -0.05581  4.09393e-07 | 29 -0.05882  6.34023e-07 | 30 -0.05985  3.54208e-07
 31 -0.05976  3.09418e-07 | 32 -0.05904  1.01657e-06 | 33 -0.05674 -4.88795e-08
 34 -0.05306 -1.04685e-06 | 35 -0.04734  7.89250e-08 | 36 -0.02303  1.41173e-06
 37 -0.01639 -1.33578e-06 | 38  0.01901 -1.62540e-06 | 39  0.11933 -5.09248e-06
 40  0.10183 -2.81853e-06 | 41  0.03888 -3.43299e-06 | 42  0.02268 -1.48669e-06
 43 -0.00322 -3.66742e-07 | 44 -0.02054 -2.80190e-07 | 45 -0.03305  1.41059e-06
 46 -0.03671  8.78550e-07 | 47 -0.02317 -3.10859e-06 | 48 -0.00562 -8.12728e-07
 49  0.02486  1.47145e-08 | 50  0.00176  1.45069e-06 | 51  0.00884 -5.59024e-06
 52  0.02138 -7.47965e-06 | 53  0.02583 -9.32098e-06 | 54  0.06355 -4.06531e-06
 55  0.03245  1.79623e-06 | 56  0.02983 -1.07549e-06 | 57  0.07426 -2.28753e-06
 58  0.05265  1.10494e-06 | 59  0.00812  4.28366e-06 | 60  0.03665 -2.94839e-06
 61  0.01373  6.77440e-06 | 62  0.07512  8.11140e-07 | 63  0.04354  2.45539e-07
 64  0.14794 -8.35272e-06 | 65  0.05385 -2.93514e-06 | 66  0.07410 -4.12237e-06
 67  0.03112 -2.47909e-06 | 68  0.03011 -6.33066e-06 | 69 -0.01474  5.28527e-06
 70 -0.03605 -2.33787e-06 | 71  0.00873 -7.49995e-06 | 72 -0.01990 -4.53561e-07
 73  0.32594  1.02859e-05 | 74 -0.92655  1.35397e-07 | 75  0.46644 -8.11246e-06
 76  0.00388 -9.18166e-06 | 77 -1.01090 -3.54357e-07 | 78 -1.33486  2.53225e-06
 79 -0.38083 -4.37540e-06 | 80  0.20708  4.20274e-07 | 81  1.98157 -3.50725e-06
 82  0.00946 -1.62551e-06 | 83 -0.98132 -1.24408e-07 | 84 -1.32370 -5.67264e-07
 85 -0.50099 -2.47707e-05 | 86  0.22719 -2.17827e-04 | 87  2.36640  7.07407e-08
 88  0.01101 -4.30680e-05 | 89 -1.29869 -4.50653e-07 | 90 -0.78871 -6.84405e-07
Function minimizer not making progress ... is minimum attained?
Minimprove criterion = 0.0000e+00

 - final statistics:
90 variables; iteration 366; function evaluation 454
Function value 4.6734e+02; maximum gradient component mag -2.1783e-04
Exit code = 1;  converg criter 1.0000e-04
Var    Value     Gradient |Var    Value     Gradient |Var    Value     Gradient
  1  1.00022 -1.88021e-06 |  2 -0.73409  1.46189e-05 |  3  0.02560 -1.24238e-04
  4 -0.00374  2.07300e-06 |  5 -0.00422  2.25877e-06 |  6 -0.00475  2.32403e-06
  7 -0.00536  1.56247e-06 |  8 -0.00605  1.25592e-06 |  9 -0.00685  1.34968e-06
 10 -0.00774  1.64648e-06 | 11 -0.00876  1.61125e-06 | 12 -0.00992  1.37787e-06
 13 -0.01122  1.44279e-06 | 14 -0.01269  1.22854e-06 | 15 -0.01435  1.58122e-06
 16 -0.01618  2.63181e-06 | 17 -0.01820  8.32143e-07 | 18 -0.02040  1.27097e-06
 19 -0.02278  1.72564e-06 | 20 -0.02536  1.05705e-06 | 21 -0.02820  2.51947e-06
 22 -0.03157 -7.61913e-07 | 23 -0.03517  1.37422e-06 | 24 -0.03914  3.00888e-06
 25 -0.04324  4.69234e-07 | 26 -0.04723  7.32006e-07 | 27 -0.05173  2.38566e-06
 28 -0.05581  4.09393e-07 | 29 -0.05882  6.34023e-07 | 30 -0.05985  3.54208e-07
 31 -0.05976  3.09418e-07 | 32 -0.05904  1.01657e-06 | 33 -0.05674 -4.88795e-08
 34 -0.05306 -1.04685e-06 | 35 -0.04734  7.89250e-08 | 36 -0.02303  1.41173e-06
 37 -0.01639 -1.33578e-06 | 38  0.01901 -1.62540e-06 | 39  0.11933 -5.09248e-06
 40  0.10183 -2.81853e-06 | 41  0.03888 -3.43299e-06 | 42  0.02268 -1.48669e-06
 43 -0.00322 -3.66742e-07 | 44 -0.02054 -2.80190e-07 | 45 -0.03305  1.41059e-06
 46 -0.03671  8.78550e-07 | 47 -0.02317 -3.10859e-06 | 48 -0.00562 -8.12728e-07
 49  0.02486  1.47145e-08 | 50  0.00176  1.45069e-06 | 51  0.00884 -5.59024e-06
 52  0.02138 -7.47965e-06 | 53  0.02583 -9.32098e-06 | 54  0.06355 -4.06531e-06
 55  0.03245  1.79623e-06 | 56  0.02983 -1.07549e-06 | 57  0.07426 -2.28753e-06
 58  0.05265  1.10494e-06 | 59  0.00812  4.28366e-06 | 60  0.03665 -2.94839e-06
 61  0.01373  6.77440e-06 | 62  0.07512  8.11140e-07 | 63  0.04354  2.45539e-07
 64  0.14794 -8.35272e-06 | 65  0.05385 -2.93514e-06 | 66  0.07410 -4.12237e-06
 67  0.03112 -2.47909e-06 | 68  0.03011 -6.33066e-06 | 69 -0.01474  5.28527e-06
 70 -0.03605 -2.33787e-06 | 71  0.00873 -7.49995e-06 | 72 -0.01990 -4.53561e-07
 73  0.32594  1.02859e-05 | 74 -0.92655  1.35397e-07 | 75  0.46644 -8.11246e-06
 76  0.00388 -9.18166e-06 | 77 -1.01090 -3.54357e-07 | 78 -1.33486  2.53225e-06
 79 -0.38083 -4.37540e-06 | 80  0.20708  4.20274e-07 | 81  1.98157 -3.50725e-06
 82  0.00946 -1.62551e-06 | 83 -0.98132 -1.24408e-07 | 84 -1.32370 -5.67264e-07
 85 -0.50099 -2.47707e-05 | 86  0.22719 -2.17827e-04 | 87  2.36640  7.07407e-08
 88  0.01101 -4.30680e-05 | 89 -1.29869 -4.50653e-07 | 90 -0.78871 -6.84405e-07

Initial statistics: 100 variables; iteration 0; function evaluation 0; phase 4
Function value 4.6734500e+02; maximum gradient component mag -2.5633e+01
Var    Value     Gradient |Var    Value     Gradient |Var    Value     Gradient
  1  0.99978  1.88018e-06 |  2 -0.73409  1.46189e-05 |  3  0.02560 -1.24238e-04
  4 -0.00374  2.41992e-06 |  5 -0.00422  2.60569e-06 |  6 -0.00475  2.67095e-06
  7 -0.00536  1.90938e-06 |  8 -0.00605  1.60283e-06 |  9 -0.00685  1.69658e-06
 10 -0.00774  1.99338e-06 | 11 -0.00876  1.95814e-06 | 12 -0.00992  1.72475e-06
 13 -0.01122  1.78966e-06 | 14 -0.01269  1.57540e-06 | 15 -0.01435  1.92806e-06
 16 -0.01618  2.97863e-06 | 17 -0.01820  1.17893e-06 | 18 -0.02040  1.61772e-06
 19 -0.02278  2.07235e-06 | 20 -0.02536  1.40370e-06 | 21 -0.02820  2.86606e-06
 22 -0.03157 -4.15412e-07 | 23 -0.03517  1.72061e-06 | 24 -0.03914  3.35515e-06
 25 -0.04324  8.15361e-07 | 26 -0.04723  1.07798e-06 | 27 -0.05173  2.73144e-06
 28 -0.05581  7.54987e-07 | 29 -0.05882  9.79470e-07 | 30 -0.05985  6.99602e-07
 31 -0.05976  6.54817e-07 | 32 -0.05904  1.36201e-06 | 33 -0.05674  2.96669e-07
 34 -0.05306 -7.01126e-07 | 35 -0.04734  4.24892e-07 | 36 -0.02303  1.75842e-06
 37 -0.01639 -9.88971e-07 | 38  0.01901 -1.27863e-06 | 39  0.11933 -4.75164e-06
 40  0.10183 -2.47603e-06 | 41  0.03888 -3.08671e-06 | 42  0.02268 -1.14000e-06
 43 -0.00322 -1.98198e-08 | 44 -0.02054  6.65502e-08 | 45 -0.03305  1.75704e-06
 46 -0.03671  1.22490e-06 | 47 -0.02317 -2.76190e-06 | 48 -0.00562 -4.65819e-07
 49  0.02486  3.61373e-07 | 50  0.00176  1.79762e-06 | 51  0.00884 -5.24335e-06
 52  0.02138 -7.13292e-06 | 53  0.02583 -8.97434e-06 | 54  0.06355 -3.72012e-06
 55  0.03245  2.14271e-06 | 56  0.02983 -7.28951e-07 | 57  0.07426 -1.94296e-06
 58  0.05265  1.45067e-06 | 59  0.00812  4.63056e-06 | 60  0.03665 -2.60204e-06
 61  0.01373  7.12124e-06 | 62  0.07512  1.15565e-06 | 63  0.04354  5.91652e-07
 64  0.14794 -8.01513e-06 | 65  0.05385 -2.58946e-06 | 66  0.07410 -3.77779e-06
 67  0.03112 -2.13258e-06 | 68  0.03011 -5.98412e-06 | 69 -0.01474  5.63210e-06
 70 -0.03605 -1.99150e-06 | 71  0.00873 -7.15305e-06 | 72 -0.01990 -1.06805e-07
 73  0.00000 -2.56329e+01 | 74  0.00000 -5.05259e+00 | 75  0.00000  2.47330e+01
 76  0.00000  3.38950e+00 | 77  0.00000  0.00000e+00 | 78  0.00000  0.00000e+00
 79  0.00000  0.00000e+00 | 80  0.00000  0.00000e+00 | 81  0.00000  0.00000e+00
 82  0.00000  0.00000e+00 | 83  0.32594  1.02859e-05 | 84 -0.92655  1.35397e-07
 85  0.46644 -8.11246e-06 | 86  0.00388 -9.18166e-06 | 87 -0.98910  3.54357e-07
 88 -0.66514 -2.53225e-06 | 89 -0.38083 -4.37540e-06 | 90  0.20708  4.20263e-07
 91  0.01843  3.50725e-06 | 92  0.00946 -1.62551e-06 | 93 -0.98132 -1.24408e-07
 94 -0.67630  5.67264e-07 | 95 -0.50099 -2.47707e-05 | 96  0.22719 -2.17827e-04
 97 -0.36640 -7.07416e-08 | 98  0.01101 -4.30681e-05 | 99 -0.70131  4.50652e-07
100 -0.78871 -6.84407e-07 |

Intermediate statistics: 100 variables; iteration 20; function evaluation 25; phase 4
Function value 4.6679877e+02; maximum gradient component mag -9.6264e+01
Var    Value     Gradient |Var    Value     Gradient |Var    Value     Gradient
  1  0.99974 -1.53323e-03 |  2 -0.73426  2.20550e+00 |  3  0.02532 -7.78186e+01
  4 -0.00368  1.24513e+00 |  5 -0.00415  1.24377e+00 |  6 -0.00468  1.24217e+00
  7 -0.00528  1.24024e+00 |  8 -0.00597  1.23793e+00 |  9 -0.00676  1.23514e+00
 10 -0.00765  1.23178e+00 | 11 -0.00866  1.22773e+00 | 12 -0.00982  1.22277e+00
 13 -0.01112  1.21681e+00 | 14 -0.01258  1.20962e+00 | 15 -0.01423  1.20108e+00
 16 -0.01606  1.19115e+00 | 17 -0.01808  1.17981e+00 | 18 -0.02028  1.16704e+00
 19 -0.02266  1.15278e+00 | 20 -0.02525  1.13696e+00 | 21 -0.02809  1.11926e+00
 22 -0.03147  1.09869e+00 | 23 -0.03508  1.07675e+00 | 24 -0.03906  1.05356e+00
 25 -0.04317  1.03113e+00 | 26 -0.04717  1.01141e+00 | 27 -0.05168  9.93019e-01
 28 -0.05574  9.80653e-01 | 29 -0.05874  9.77151e-01 | 30 -0.05974  9.85007e-01
 31 -0.05962  9.99529e-01 | 32 -0.05885  1.01714e+00 | 33 -0.05652  1.03558e+00
 34 -0.05279  1.05172e+00 | 35 -0.04704  1.06564e+00 | 36 -0.02264  1.14061e+00
 37 -0.01600  1.10537e+00 | 38  0.01945  1.09044e+00 | 39  0.12037  4.30359e-01
 40  0.10215  1.51765e-01 | 41  0.03922  2.99772e-01 | 42  0.02310  1.31690e-01
 43 -0.00297 -1.97934e-02 | 44 -0.02035 -1.63135e-01 | 45 -0.03293 -3.51281e-01
 46 -0.03667 -6.28460e-01 | 47 -0.02315 -1.20268e+00 | 48 -0.00566 -1.96326e+00
 49  0.02514 -3.11753e+00 | 50  0.00168 -2.74918e+00 | 51  0.00865 -3.10403e+00
 52  0.02118 -3.31584e+00 | 53  0.02478 -3.38855e+00 | 54  0.06253 -3.14659e+00
 55  0.03190 -5.80953e-01 | 56  0.03066  1.75681e+00 | 57  0.07685  4.18817e+00
 58  0.05518  4.45845e+00 | 59  0.00970  3.28031e+00 | 60  0.03712  2.20954e+00
 61  0.01276  5.86298e-01 | 62  0.07303 -1.08519e+00 | 63  0.04362 -3.06170e-01
 64  0.14802 -2.14191e+00 | 65  0.05385 -4.28884e-01 | 66  0.07800 -1.02620e-01
 67  0.03111 -4.84792e-01 | 68  0.02835 -1.24295e+00 | 69 -0.01582 -7.92803e-01
 70 -0.03785 -1.16503e+00 | 71  0.00539 -2.32429e+00 | 72 -0.02433 -1.77317e+00
 73  0.02454 -2.08171e+01 | 74 -0.01541 -1.24498e+01 | 75 -0.00820  1.68523e+01
 76 -0.00176  6.94530e-01 | 77  0.00000  0.00000e+00 | 78  0.00000  0.00000e+00
 79  0.00000  0.00000e+00 | 80  0.00000  0.00000e+00 | 81  0.00000  0.00000e+00
 82  0.00000  0.00000e+00 | 83  0.32605 -8.79915e+00 | 84 -0.92657 -8.14756e-03
 85  0.46654  1.56156e-01 | 86  0.00283 -3.48701e+00 | 87 -0.98906  5.64331e-04
 88 -0.65977  2.03141e-01 | 89 -0.37760  7.59172e+00 | 90  0.20690  2.52759e+01
 91  0.02456 -9.02340e-01 | 92  0.00842  4.58378e+00 | 93 -0.98140  1.67965e-03
 94 -0.67136  3.93401e-01 | 95 -0.50037  4.88001e+00 | 96  0.22711 -9.62642e+01
 97 -0.36439 -1.56745e+00 | 98  0.01070 -1.76533e+01 | 99 -0.68897  3.90857e-01
100 -0.78586 -3.28775e-01 |
100 variables; iteration 40; function evaluation 48; phase 4
Function value 4.6618245e+02; maximum gradient component mag -5.6009e+00
Var    Value     Gradient |Var    Value     Gradient |Var    Value     Gradient
  1  0.99703 -1.14242e-01 |  2 -0.73461 -5.28375e-02 |  3  0.02525 -3.92708e+00
  4 -0.00362  1.20593e-01 |  5 -0.00407  1.25360e-01 |  6 -0.00458  1.30698e-01
  7 -0.00517  1.36596e-01 |  8 -0.00584  1.42996e-01 |  9 -0.00661  1.49748e-01
 10 -0.00748  1.56585e-01 | 11 -0.00847  1.63087e-01 | 12 -0.00961  1.68794e-01
 13 -0.01089  1.72813e-01 | 14 -0.01235  1.74243e-01 | 15 -0.01399  1.72199e-01
 16 -0.01583  1.66001e-01 | 17 -0.01785  1.55523e-01 | 18 -0.02007  1.41484e-01
 19 -0.02248  1.25613e-01 | 20 -0.02507  1.10604e-01 | 21 -0.02792  9.98825e-02
 22 -0.03128  9.84901e-02 | 23 -0.03484  1.09716e-01 | 24 -0.03875  1.37922e-01
 25 -0.04275  1.79712e-01 | 26 -0.04665  2.19377e-01 | 27 -0.05112  2.35362e-01
 28 -0.05522  2.07842e-01 | 29 -0.05828  1.68246e-01 | 30 -0.05933  1.43351e-01
 31 -0.05925  1.13252e-01 | 32 -0.05858  5.97195e-02 | 33 -0.05640 -2.61071e-02
 34 -0.05280 -8.72458e-02 | 35 -0.04708 -9.64912e-02 | 36 -0.02290 -1.81269e-01
 37 -0.01617 -1.30165e-01 | 38  0.01919 -1.18796e-01 | 39  0.11881 -2.88887e-01
 40  0.10356  5.62042e-02 | 41  0.03878  3.77468e-03 | 42  0.02329  2.46342e-01
 43 -0.00279  2.28748e-01 | 44 -0.02003  2.67919e-01 | 45 -0.03261  2.41951e-01
 46 -0.03633  2.14265e-01 | 47 -0.02266  2.40839e-01 | 48 -0.00487  2.51340e-01
 49  0.02544  1.29835e-02 | 50  0.00250  5.37205e-02 | 51  0.00924 -1.94704e-01
 52  0.02123 -5.25423e-01 | 53  0.02497 -7.56879e-01 | 54  0.06427  2.37705e-01
 55  0.03453  1.05875e+00 | 56  0.02939 -3.06916e-01 | 57  0.07458 -3.14502e-01
 58  0.05340 -1.61036e-01 | 59  0.00773 -5.68628e-01 | 60  0.03567 -8.39352e-01
 61  0.01608  5.91128e-01 | 62  0.07503 -6.50187e-01 | 63  0.04471 -1.61955e-01
 64  0.14802 -1.38953e+00 | 65  0.05537 -3.22268e-01 | 66  0.07508 -6.28305e-01
 67  0.03126 -3.04269e-01 | 68  0.02751 -4.86935e-01 | 69 -0.01467  1.00840e+00
 70 -0.03949 -2.98802e-01 | 71  0.00056 -1.39837e-01 | 72 -0.03092  2.28130e-01
 73  0.05145  5.06054e-02 | 74 -0.00665  2.71349e-01 | 75 -0.03795  9.23987e-01
 76 -0.00129  2.96758e-01 | 77  0.00000  0.00000e+00 | 78  0.00000  0.00000e+00
 79  0.00000  0.00000e+00 | 80  0.00000  0.00000e+00 | 81  0.00000  0.00000e+00
 82  0.00000  0.00000e+00 | 83  0.32590 -6.88310e-01 | 84 -0.92671 -4.07172e-04
 85  0.46628  2.27987e-01 | 86  0.00388  9.52503e-02 | 87 -0.98890  5.16642e-03
 88 -0.66510 -3.54779e-02 | 89 -0.37868 -4.82667e-01 | 90  0.20686 -1.06570e+00
 91  0.02275  3.96555e-01 | 92  0.00906 -7.35146e-01 | 93 -0.98084  9.23194e-03
 94 -0.68117 -3.44570e-01 | 95 -0.49997 -3.44158e+00 | 96  0.22700 -5.60090e+00
 97 -0.35587  4.40231e-01 | 98  0.01094 -1.02149e+00 | 99 -0.69954  6.38624e-02
100 -0.78703  1.02543e-02 |
100 variables; iteration 60; function evaluation 83; phase 4
Function value 4.6609371e+02; maximum gradient component mag 1.8550e+02
Var    Value     Gradient |Var    Value     Gradient |Var    Value     Gradient
  1  0.99747 -1.00830e-01 |  2 -0.73384 -5.37432e+00 |  3  0.02478  1.19511e+02
  4 -0.00517 -2.31075e+00 |  5 -0.00559 -2.29098e+00 |  6 -0.00603 -2.25668e+00
  7 -0.00651 -2.20436e+00 |  8 -0.00702 -2.13121e+00 |  9 -0.00758 -2.03664e+00
 10 -0.00821 -1.92398e+00 | 11 -0.00893 -1.80225e+00 | 12 -0.00981 -1.68493e+00
 13 -0.01091 -1.59332e+00 | 14 -0.01227 -1.54334e+00 | 15 -0.01393 -1.53933e+00
 16 -0.01583 -1.56540e+00 | 17 -0.01791 -1.59300e+00 | 18 -0.02014 -1.60415e+00
 19 -0.02253 -1.60448e+00 | 20 -0.02510 -1.60608e+00 | 21 -0.02793 -1.60477e+00
 22 -0.03128 -1.60528e+00 | 23 -0.03501 -1.68613e+00 | 24 -0.03924 -1.82751e+00
 25 -0.04310 -1.72855e+00 | 26 -0.04664 -1.50846e+00 | 27 -0.05044 -1.12588e+00
 28 -0.05530 -1.53165e+00 | 29 -0.06095 -2.96162e+00 | 30 -0.06009 -1.85668e+00
 31 -0.05784 -5.54838e-01 | 32 -0.05526  6.18546e-01 | 33 -0.05539 -6.12499e-01
 34 -0.05390 -1.64913e+00 | 35 -0.04658 -5.62768e-01 | 36 -0.02099  5.75083e-01
 37 -0.01515  4.52456e-01 | 38  0.01503 -5.48439e-01 | 39  0.11907  4.56423e+00
 40  0.11316  5.31863e+00 | 41  0.03089 -1.11368e+00 | 42  0.02368  1.08751e+00
 43 -0.00332  4.55408e-02 | 44 -0.02060 -2.22500e-01 | 45 -0.03356 -6.19190e-01
 46 -0.03502  5.33959e-01 | 47 -0.02066  1.15589e+00 | 48 -0.00653  3.79820e-02
 49  0.02642  1.83552e+00 | 50 -0.00009  5.99280e-02 | 51  0.00923  1.46342e+00
 52  0.02541  3.75553e+00 | 53  0.03001  4.17215e+00 | 54  0.06302  1.79730e+00
 55  0.02954 -8.03479e-01 | 56  0.03135  1.76931e+00 | 57  0.07660  3.67890e+00
 58  0.05313  2.27921e+00 | 59  0.00639  2.73130e-01 | 60  0.04426  5.05755e+00
 61  0.00777 -1.29546e+00 | 62  0.07701  3.49480e+00 | 63  0.04111  1.23723e+00
 64  0.15172  7.64420e+00 | 65  0.05475  2.31581e+00 | 66  0.07569  2.50493e+00
 67  0.03053  5.57513e-01 | 68  0.03027  8.65875e-01 | 69 -0.02174 -2.87391e+00
 70 -0.03268  1.93200e+00 | 71 -0.00074 -2.02922e+00 | 72 -0.02981 -9.65434e-01
 73  0.05280  3.71362e-01 | 74 -0.00625 -3.51337e-02 | 75 -0.04235 -2.24117e+00
 76 -0.00122 -4.57832e-01 | 77  0.00000  0.00000e+00 | 78  0.00000  0.00000e+00
 79  0.00000  0.00000e+00 | 80  0.00000  0.00000e+00 | 81  0.00000  0.00000e+00
 82  0.00000  0.00000e+00 | 83  0.32664  6.63268e+00 | 84 -0.92677  4.32716e-03
 85  0.46680 -2.02280e+00 | 86  0.00165  1.07127e+00 | 87 -0.97973  2.12798e-01
 88 -0.65440  9.92047e-01 | 89 -0.38463  3.08502e+00 | 90  0.20858  1.14957e+01
 91  0.01013 -1.05065e+00 | 92  0.00321  3.43266e+00 | 93 -0.96873  1.00300e-01
 94 -0.62751  3.65315e+00 | 95 -0.49327 -1.27973e+02 | 96  0.22547  1.85498e+02
 97 -0.29682  8.33649e+00 | 98  0.01656  3.80451e+01 | 99 -0.69756  1.13099e+00
100 -0.87627 -7.46073e-01 |
100 variables; iteration 80; function evaluation 117; phase 4
Function value 4.6537009e+02; maximum gradient component mag 2.5646e+02
Var    Value     Gradient |Var    Value     Gradient |Var    Value     Gradient
  1  1.01064  4.21137e-01 |  2 -0.73246 -8.36347e+00 |  3  0.02474  1.44947e+02
  4  0.00398  9.60753e-01 |  5 -0.00439 -2.16767e+00 |  6 -0.01119 -4.66051e+00
  7 -0.01347 -5.33774e+00 |  8 -0.01099 -4.07114e+00 |  9 -0.00744 -2.31664e+00
 10 -0.00751 -1.97278e+00 | 11 -0.01125 -3.08631e+00 | 12 -0.01264 -3.18470e+00
 13 -0.00773 -5.82516e-01 | 14 -0.00339  1.91880e+00 | 15 -0.00739  9.58551e-01
 16 -0.01282 -5.63984e-01 | 17 -0.01787 -1.87663e+00 | 18 -0.02925 -5.94844e+00
 19 -0.03597 -7.94552e+00 | 20 -0.02225 -5.76691e-01 | 21 -0.01764  2.98406e+00
 22 -0.03006 -1.30751e+00 | 23 -0.03789 -3.38231e+00 | 24 -0.04187 -3.43453e+00
 25 -0.05100 -6.03799e+00 | 26 -0.04583 -1.37096e+00 | 27 -0.05574 -4.24427e+00
 28 -0.05526 -1.77422e+00 | 29 -0.05157  2.07456e+00 | 30 -0.05327  1.80247e+00
 31 -0.06178 -2.95326e+00 | 32 -0.04804  4.59959e+00 | 33 -0.05920 -2.88038e+00
 34 -0.05977 -4.97973e+00 | 35 -0.04880 -1.89218e+00 | 36 -0.01881  1.49147e+00
 37 -0.02005 -1.84018e+00 | 38  0.02187  1.94245e+00 | 39  0.12020  4.88681e+00
 40  0.11201  4.91159e+00 | 41  0.02960 -2.11393e+00 | 42  0.01659 -1.89734e+00
 43  0.00382  2.65966e+00 | 44 -0.02199 -1.08549e+00 | 45 -0.03430 -1.14603e+00
 46 -0.03400  8.90704e-01 | 47 -0.01111  5.71576e+00 | 48 -0.00699 -3.72491e-01
 49  0.01445 -2.80295e+00 | 50  0.00217  1.02848e+00 | 51  0.00965  2.18643e+00
 52  0.02929  5.74040e+00 | 53  0.02838  3.30137e+00 | 54  0.06270  2.07267e+00
 55  0.03044  4.26345e-01 | 56  0.03230  3.09074e+00 | 57  0.07679  4.87304e+00
 58  0.04960  1.74088e+00 | 59  0.00983  2.57026e+00 | 60  0.04621  6.92269e+00
 61  0.00525 -1.95500e+00 | 62  0.07628  3.86003e+00 | 63  0.04211  2.24350e+00
 64  0.15220  9.91334e+00 | 65  0.05490  2.89815e+00 | 66  0.07464  2.60124e+00
 67  0.02886 -3.17247e-02 | 68  0.02935  4.79204e-01 | 69 -0.01659 -7.25896e-01
 70 -0.03255  1.68023e+00 | 71 -0.00101 -2.52182e+00 | 72 -0.03005 -1.57366e+00
 73  0.05239  3.53862e-01 | 74 -0.00488  2.04263e-01 | 75 -0.04106 -1.91575e+00
 76 -0.00067 -5.94554e-01 | 77  0.00000  0.00000e+00 | 78  0.00000  0.00000e+00
 79  0.00000  0.00000e+00 | 80  0.00000  0.00000e+00 | 81  0.00000  0.00000e+00
 82  0.00000  0.00000e+00 | 83  0.32611  1.18703e+01 | 84 -0.92596  7.04172e-03
 85  0.46560 -8.40139e+00 | 86  0.00374  2.12832e+00 | 87 -1.05044 -7.13925e-01
 88 -0.66301  5.37530e-01 | 89 -0.37500  8.79486e+00 | 90  0.20684  9.72354e+00
 91  0.02856 -2.34575e+00 | 92  0.00411  2.80001e+00 | 93 -0.95281  2.37441e-01
 94 -0.63140  3.38650e+00 | 95 -0.48192 -1.05470e+02 | 96  0.22360  2.56457e+02
 97 -0.23625  9.31656e+00 | 98  0.01985  5.59480e+01 | 99 -0.67967  1.40561e+00
100 -1.01685  2.40744e-01 |
100 variables; iteration 100; function evaluation 151; phase 4
Function value 4.6346103e+02; maximum gradient component mag 1.3611e+02
Var    Value     Gradient |Var    Value     Gradient |Var    Value     Gradient
  1  1.01371  5.51230e-01 |  2 -0.73518 -6.26070e+00 |  3  0.02522  4.97157e+01
  4  0.00005  7.44517e-01 |  5 -0.00465 -9.31916e-01 |  6 -0.00230  2.16489e-01
  7 -0.00752 -1.63092e+00 |  8 -0.00979 -2.27115e+00 |  9 -0.00959 -1.88006e+00
 10 -0.00873 -1.17648e+00 | 11 -0.00696 -3.68200e-02 | 12 -0.01328 -2.17195e+00
 13 -0.01269 -1.39627e+00 | 14 -0.00781  1.28117e+00 | 15 -0.01112  5.90534e-01
 16 -0.01800 -1.58491e+00 | 17 -0.01518  5.20066e-01 | 18 -0.02668 -3.59943e+00
 19 -0.02971 -3.94145e+00 | 20 -0.02776 -1.93276e+00 | 21 -0.04108 -6.81174e+00
 22 -0.02902  3.59432e-01 | 23 -0.03274  3.10526e-01 | 24 -0.03795 -2.96411e-01
 25 -0.03848  1.54734e+00 | 26 -0.03911  3.37748e+00 | 27 -0.05519 -2.76379e+00
 28 -0.05312  5.52283e-01 | 29 -0.05831 -6.48232e-01 | 30 -0.06101 -1.59302e+00
 31 -0.06343 -3.00752e+00 | 32 -0.05935 -1.16731e+00 | 33 -0.05724 -1.28220e+00
 34 -0.05257 -7.43206e-01 | 35 -0.04321  1.19366e+00 | 36 -0.02208 -2.83544e-01
 37 -0.00696  3.33718e+00 | 38  0.01914 -1.09065e+00 | 39  0.11627 -1.75887e+00
 40  0.09981 -1.59884e+00 | 41  0.04192 -5.34974e-02 | 42  0.02368 -4.30002e-01
 43  0.00104  1.09718e+00 | 44 -0.01384  2.44097e+00 | 45 -0.03643 -2.24936e+00
 46 -0.03725 -7.25416e-01 | 47 -0.02251  1.50912e-01 | 48 -0.00538  2.08678e-01
 49  0.01814 -1.69308e+00 | 50  0.00564  2.53380e+00 | 51  0.01068  2.00788e+00
 52  0.02083  8.59302e-01 | 53  0.02719  2.90346e-01 | 54  0.06470  1.88688e+00
 55  0.03324  1.78181e+00 | 56  0.03134  2.15101e+00 | 57  0.07496  2.60640e+00
 58  0.05067  9.18691e-01 | 59  0.00994  1.73518e+00 | 60  0.03912  2.39186e+00
 61  0.01356  8.34942e-01 | 62  0.07558  1.92596e+00 | 63  0.04377  1.29000e+00
 64  0.14820  4.26274e+00 | 65  0.05616  1.89745e+00 | 66  0.07567  1.45456e+00
 67  0.03040  9.56369e-02 | 68  0.02784 -1.08760e-01 | 69 -0.01318  1.41094e+00
 70 -0.03605  8.34480e-01 | 71 -0.00029 -1.14536e+00 | 72 -0.02957  4.81234e-03
 73  0.05075  4.31251e-01 | 74 -0.00348  4.33879e-01 | 75 -0.03678  3.05572e-01
 76  0.00058 -9.06529e-02 | 77  0.00000  0.00000e+00 | 78  0.00000  0.00000e+00
 79  0.00000  0.00000e+00 | 80  0.00000  0.00000e+00 | 81  0.00000  0.00000e+00
 82  0.00000  0.00000e+00 | 83  0.32580  2.77751e+00 | 84 -0.92640  1.59218e-03
 85  0.46586 -2.70039e+00 | 86  0.00392  4.37045e-01 | 87 -1.03978 -5.57447e-01
 88 -0.66754 -2.36412e-01 | 89 -0.37878  3.68523e+00 | 90  0.20719  9.30192e-01
 91  0.02131 -1.49011e+00 | 92  0.00643  7.93386e-02 | 93 -1.04982 -2.47584e-01
 94 -0.66057  7.07007e-01 | 95 -0.45656  1.21572e+01 | 96  0.22063  1.36111e+02
 97 -0.13766 -3.21693e+00 | 98  0.01389  3.44036e+01 | 99 -0.68092 -6.80740e-02
100 -1.21467 -1.26971e+00 |
100 variables; iteration 120; function evaluation 183; phase 4
Function value 4.6318951e+02; maximum gradient component mag -2.6250e+00
Var    Value     Gradient |Var    Value     Gradient |Var    Value     Gradient
  1  1.00021 -9.01370e-04 |  2 -0.73577  8.27118e-02 |  3  0.02552 -1.66583e+00
  4 -0.00359  3.17831e-02 |  5 -0.00409  1.56667e-02 |  6 -0.00462  1.39972e-02
  7 -0.00523  1.14701e-02 |  8 -0.00593  5.11893e-03 |  9 -0.00668  1.34084e-02
 10 -0.00754  2.34573e-02 | 11 -0.00855  1.95276e-02 | 12 -0.00966  3.18246e-02
 13 -0.01098  1.75419e-02 | 14 -0.01239  3.38884e-02 | 15 -0.01404  2.92034e-02
 16 -0.01585  2.93556e-02 | 17 -0.01790  8.23033e-03 | 18 -0.02007  1.06961e-02
 19 -0.02243  1.44622e-02 | 20 -0.02498  2.24858e-02 | 21 -0.02784  5.25923e-03
 22 -0.03118  1.58683e-02 | 23 -0.03477  1.53248e-02 | 24 -0.03871  3.68671e-02
 25 -0.04287  9.16088e-03 | 26 -0.04682  3.37489e-02 | 27 -0.05134  3.21033e-02
 28 -0.05551 -2.32362e-02 | 29 -0.05844  2.04075e-02 | 30 -0.05951 -6.77754e-03
 31 -0.05936  1.27794e-02 | 32 -0.05856  4.32554e-02 | 33 -0.05630  1.69620e-02
 34 -0.05262  1.45498e-02 | 35 -0.04695 -4.37516e-03 | 36 -0.02271 -7.82656e-05
 37 -0.01611  1.74850e-04 | 38  0.01909 -9.68453e-03 | 39  0.11928 -3.36951e-02
 40  0.10280 -3.61992e-02 | 41  0.03942 -3.89788e-02 | 42  0.02357 -1.69271e-02
 43 -0.00230  2.96520e-03 | 44 -0.01970 -1.21712e-02 | 45 -0.03233 -7.24704e-03
 46 -0.03640 -4.44561e-02 | 47 -0.02297  3.88410e-02 | 48 -0.00597 -2.67522e-02
 49  0.02374 -5.21711e-02 | 50  0.00065 -2.75761e-02 | 51  0.00791 -3.28744e-02
 52  0.02064 -1.47826e-02 | 53  0.02911 -3.58436e-03 | 54  0.06460 -4.40273e-02
 55  0.03275 -4.22230e-02 | 56  0.03013 -8.21205e-03 | 57  0.07418 -3.75967e-02
 58  0.05268 -4.01267e-02 | 59  0.00859  2.21877e-02 | 60  0.03726 -9.70828e-03
 61  0.01426 -1.92852e-02 | 62  0.07574 -1.98526e-02 | 63  0.04431 -3.11358e-03
 64  0.14728 -4.26580e-02 | 65  0.05463 -1.49129e-02 | 66  0.07584 -1.80389e-02
 67  0.03195 -7.01064e-03 | 68  0.02935 -1.94853e-03 | 69 -0.01632  1.93542e-02
 70 -0.03833 -3.75809e-04 | 71  0.00175  2.27405e-02 | 72 -0.03056  6.12982e-03
 73  0.05056 -1.33658e-02 | 74 -0.00379 -6.20072e-03 | 75 -0.03721 -1.20069e-02
 76  0.00078 -1.18396e-03 | 77  0.00000  0.00000e+00 | 78  0.00000  0.00000e+00
 79  0.00000  0.00000e+00 | 80  0.00000  0.00000e+00 | 81  0.00000  0.00000e+00
 82  0.00000  0.00000e+00 | 83  0.32601 -3.89856e-02 | 84 -0.92678 -3.32099e-05
 85  0.46630  5.89385e-03 | 86  0.00302 -1.41261e-02 | 87 -1.01031  1.71739e-02
 88 -0.66284  6.08785e-03 | 89 -0.37970 -2.05493e-03 | 90  0.20709 -1.11998e-01
 91  0.02040 -4.96639e-03 | 92  0.00827 -1.81996e-02 | 93 -1.01812  4.18689e-03
 94 -0.67349 -7.29252e-03 | 95 -0.45236 -7.50887e-01 | 96  0.22031 -2.62498e+00
 97 -0.11983  4.73205e-02 | 98  0.01147 -5.41868e-01 | 99 -0.69556  1.18398e-02
100 -1.21385 -2.51891e-02 |
Warning: the following parameters had issues
  MGparm[6] is within 0.1% of upper bound: 0.00000e+00 < 1.00000e+00 < 1.00000e+00
  selparm[2] is within 1% of lower bound: -6.00000e+00 < -5.96696e+00 < 4.00000e+00
  selparm[5] is within 0.1% of lower bound: -5.00000e+00 < -4.99897e+00 < 9.00000e+00
  selparm[11] is within 0.1% of lower bound: -5.00000e+00 < -4.99704e+00 < 9.00000e+00


 - final statistics:
100 variables; iteration 129; function evaluation 192
Function value 4.6319e+02; maximum gradient component mag 6.9580e-05
Exit code = 1;  converg criter 1.0000e-04
Var    Value     Gradient |Var    Value     Gradient |Var    Value     Gradient
  1  1.00022  1.18482e-08 |  2 -0.73574 -1.12365e-06 |  3  0.02552  6.21817e-05
  4 -0.00362  2.14437e-07 |  5 -0.00408 -1.25796e-06 |  6 -0.00460 -1.06015e-06
  7 -0.00520 -1.55556e-06 |  8 -0.00588 -1.63588e-06 |  9 -0.00666 -1.38538e-06
 10 -0.00754  5.28358e-07 | 11 -0.00854 -1.50771e-06 | 12 -0.00969 -8.14477e-07
 13 -0.01097 -2.01715e-06 | 14 -0.01243  1.04698e-08 | 15 -0.01406  7.65493e-07
 16 -0.01588  2.47281e-06 | 17 -0.01787 -2.53343e-06 | 18 -0.02005 -2.67932e-06
 19 -0.02242 -2.27648e-06 | 20 -0.02499 -6.76368e-07 | 21 -0.02782  5.22725e-07
 22 -0.03118 -5.09949e-07 | 23 -0.03477 -1.07092e-06 | 24 -0.03875  2.38677e-07
 25 -0.04286 -1.60584e-06 | 26 -0.04686 -5.77006e-07 | 27 -0.05137 -2.10054e-06
 28 -0.05544  2.15880e-06 | 29 -0.05845 -1.76202e-07 | 30 -0.05947 -9.48569e-07
 31 -0.05936 -3.80067e-06 | 32 -0.05862 -9.51503e-08 | 33 -0.05631 -1.04726e-06
 34 -0.05263 -1.17262e-06 | 35 -0.04693  9.92948e-07 | 36 -0.02271  2.97549e-06
 37 -0.01610  9.05528e-07 | 38  0.01911  1.44599e-06 | 39  0.11923  1.21597e-06
 40  0.10280  1.45611e-06 | 41  0.03950  4.52813e-07 | 42  0.02357 -3.09292e-07
 43 -0.00234  3.59555e-06 | 44 -0.01969 -3.54674e-07 | 45 -0.03234  1.68588e-06
 46 -0.03633  2.46157e-06 | 47 -0.02309  4.44904e-07 | 48 -0.00597  9.57164e-07
 49  0.02378  3.63396e-07 | 50  0.00065  3.27021e-06 | 51  0.00793  2.75004e-06
 52  0.02062  1.52448e-06 | 53  0.02907  1.66270e-07 | 54  0.06461  2.72873e-06
 55  0.03278  8.40401e-07 | 56  0.03010  7.23615e-07 | 57  0.07418  2.03671e-06
 58  0.05272  1.10071e-06 | 59  0.00852 -7.32794e-07 | 60  0.03726  6.97578e-07
 61  0.01429 -4.34446e-08 | 62  0.07574  1.65468e-07 | 63  0.04430 -8.18732e-07
 64  0.14726  1.28230e-07 | 65  0.05465  2.34761e-10 | 66  0.07584 -9.67306e-07
 67  0.03196 -1.25632e-06 | 68  0.02935 -9.04000e-07 | 69 -0.01634 -9.39136e-07
 70 -0.03830 -2.80199e-07 | 71  0.00172 -2.31178e-06 | 72 -0.03054 -1.08894e-07
 73  0.05056  6.07665e-07 | 74 -0.00379 -2.01458e-07 | 75 -0.03719  1.15654e-07
 76  0.00078  2.25450e-07 | 77  0.00000  0.00000e+00 | 78  0.00000  0.00000e+00
 79  0.00000  0.00000e+00 | 80  0.00000  0.00000e+00 | 81  0.00000  0.00000e+00
 82  0.00000  0.00000e+00 | 83  0.32601  4.48924e-06 | 84 -0.92678  2.51946e-09
 85  0.46630 -3.79145e-06 | 86  0.00305  6.25804e-07 | 87 -1.01091 -6.17138e-07
 88 -0.66298 -1.75829e-07 | 89 -0.37973  4.06747e-06 | 90  0.20710  1.01922e-05
 91  0.02035 -4.49253e-07 | 92  0.00826  2.01498e-06 | 93 -1.01850  3.47717e-08
 94 -0.67339  1.49213e-06 | 95 -0.45231  4.51849e-05 | 96  0.22030  6.95803e-05
 97 -0.11965 -6.40845e-06 | 98  0.01156  1.00113e-05 | 99 -0.69580 -1.76068e-06
100 -1.21278  1.35276e-07 |
Estimating row 1 out of 100 for hessian
Estimating row 2 out of 100 for hessian
Estimating row 3 out of 100 for hessian
Estimating row 4 out of 100 for hessian
Estimating row 5 out of 100 for hessian
Estimating row 6 out of 100 for hessian
Estimating row 7 out of 100 for hessian
Estimating row 8 out of 100 for hessian
Estimating row 9 out of 100 for hessian
Estimating row 10 out of 100 for hessian
Estimating row 11 out of 100 for hessian
Estimating row 12 out of 100 for hessian
Estimating row 13 out of 100 for hessian
Estimating row 14 out of 100 for hessian
Estimating row 15 out of 100 for hessian
Estimating row 16 out of 100 for hessian
Estimating row 17 out of 100 for hessian
Estimating row 18 out of 100 for hessian
Estimating row 19 out of 100 for hessian
Estimating row 20 out of 100 for hessian
Estimating row 21 out of 100 for hessian
Estimating row 22 out of 100 for hessian
Estimating row 23 out of 100 for hessian
Estimating row 24 out of 100 for hessian
Estimating row 25 out of 100 for hessian
Estimating row 26 out of 100 for hessian
Estimating row 27 out of 100 for hessian
Estimating row 28 out of 100 for hessian
Estimating row 29 out of 100 for hessian
Estimating row 30 out of 100 for hessian
Estimating row 31 out of 100 for hessian
Estimating row 32 out of 100 for hessian
Estimating row 33 out of 100 for hessian
Estimating row 34 out of 100 for hessian
Estimating row 35 out of 100 for hessian
Estimating row 36 out of 100 for hessian
Estimating row 37 out of 100 for hessian
Estimating row 38 out of 100 for hessian
Estimating row 39 out of 100 for hessian
Estimating row 40 out of 100 for hessian
Estimating row 41 out of 100 for hessian
Estimating row 42 out of 100 for hessian
Estimating row 43 out of 100 for hessian
Estimating row 44 out of 100 for hessian
Estimating row 45 out of 100 for hessian
Estimating row 46 out of 100 for hessian
Estimating row 47 out of 100 for hessian
Estimating row 48 out of 100 for hessian
Estimating row 49 out of 100 for hessian
Estimating row 50 out of 100 for hessian
Estimating row 51 out of 100 for hessian
Estimating row 52 out of 100 for hessian
Estimating row 53 out of 100 for hessian
Estimating row 54 out of 100 for hessian
Estimating row 55 out of 100 for hessian
Estimating row 56 out of 100 for hessian
Estimating row 57 out of 100 for hessian
Estimating row 58 out of 100 for hessian
Estimating row 59 out of 100 for hessian
Estimating row 60 out of 100 for hessian
Estimating row 61 out of 100 for hessian
Estimating row 62 out of 100 for hessian
Estimating row 63 out of 100 for hessian
Estimating row 64 out of 100 for hessian
Estimating row 65 out of 100 for hessian
Estimating row 66 out of 100 for hessian
Estimating row 67 out of 100 for hessian
Estimating row 68 out of 100 for hessian
Estimating row 69 out of 100 for hessian
Estimating row 70 out of 100 for hessian
Estimating row 71 out of 100 for hessian
Estimating row 72 out of 100 for hessian
Estimating row 73 out of 100 for hessian
Estimating row 74 out of 100 for hessian
Estimating row 75 out of 100 for hessian
Estimating row 76 out of 100 for hessian
Estimating row 77 out of 100 for hessian
Estimating row 78 out of 100 for hessian
Estimating row 79 out of 100 for hessian
Estimating row 80 out of 100 for hessian
Estimating row 81 out of 100 for hessian
Estimating row 82 out of 100 for hessian
Estimating row 83 out of 100 for hessian
Estimating row 84 out of 100 for hessian
Estimating row 85 out of 100 for hessian
Estimating row 86 out of 100 for hessian
Estimating row 87 out of 100 for hessian
Estimating row 88 out of 100 for hessian
Estimating row 89 out of 100 for hessian
Estimating row 90 out of 100 for hessian
Estimating row 91 out of 100 for hessian
Estimating row 92 out of 100 for hessian
Estimating row 93 out of 100 for hessian
Estimating row 94 out of 100 for hessian
Estimating row 95 out of 100 for hessian
Estimating row 96 out of 100 for hessian
Estimating row 97 out of 100 for hessian
Estimating row 98 out of 100 for hessian
Estimating row 99 out of 100 for hessian
Estimating row 100 out of 100 for hessian
size of file gradfil1.tmp = 0
size of file gradfil2.tmp = 0
size of file varssave.tmp = 0
size of file cmpdiff.tmp = 0
