
Initial statistics: 1 variables; iteration 0; function evaluation 0; phase 1
Function value 2.5685068e+03; maximum gradient component mag 2.8260e+04
Var    Value     Gradient |Var    Value     Gradient |Var    Value     Gradient
  1  0.01322  2.82604e+04 |

 - final statistics:
1 variables; iteration 4; function evaluation 8
Function value 2.2214e+03; maximum gradient component mag 4.8336e+00
Exit code = 1;  converg criter 1.0000e+01
Var    Value     Gradient |Var    Value     Gradient |Var    Value     Gradient
  1 -0.01029  4.83362e+00 |

Initial statistics: 79 variables; iteration 0; function evaluation 0; phase 2
Function value 2.2214364e+03; maximum gradient component mag 2.9498e+03
Var    Value     Gradient |Var    Value     Gradient |Var    Value     Gradient
  1 -0.01029  4.83362e+00 |  2 -0.00397  2.44985e+01 |  3  0.00213  3.17903e+01
  4 -0.00413  3.19062e+01 |  5 -0.00243  3.75972e+01 |  6 -0.00488  4.10298e+01
  7 -0.00355  4.78189e+01 |  8  0.00393  6.06326e+01 |  9 -0.00291  6.23740e+01
 10  0.00211  7.54838e+01 | 11  0.00246  8.54642e+01 | 12 -0.00353  8.94111e+01
 13  0.00009  1.04804e+02 | 14 -0.00197  1.14518e+02 | 15  0.00035  1.30927e+02
 16 -0.00448  1.38122e+02 | 17  0.00499  1.68547e+02 | 18  0.00124  1.78701e+02
 19 -0.00211  1.89437e+02 | 20 -0.00196  2.07344e+02 | 21  0.00318  2.36215e+02
 22  0.00478  2.59838e+02 | 23  0.00217  2.74866e+02 | 24  0.00172  2.96692e+02
 25  0.00436  3.30843e+02 | 26  0.00100  3.46951e+02 | 27  0.00493  3.83970e+02
 28 -0.00271  3.77545e+02 | 29 -0.00422  3.88503e+02 | 30  0.00138  4.21472e+02
 31  0.00030  4.21844e+02 | 32  0.00532  4.39353e+02 | 33 -0.00316  4.04991e+02
 34 -0.00361  3.98742e+02 | 35 -0.00480  3.99116e+02 | 36  0.00181  4.29177e+02
 37 -0.00171  4.31111e+02 | 38 -0.00104  4.49898e+02 | 39 -0.00048  4.65253e+02
 40 -0.00460  4.57292e+02 | 41 -0.00039  4.75531e+02 | 42 -0.00379  4.55011e+02
 43  0.00371  4.67666e+02 | 44 -0.00323  4.22564e+02 | 45  0.00431  4.32339e+02
 46  0.00198  3.76778e+02 | 47 -0.00244  2.93151e+02 | 48 -0.00180  2.13032e+02
 49  0.00288  9.90845e+01 | 50  0.00060 -3.84185e+01 | 51 -0.00367 -2.06443e+02
 52 -0.00050 -3.13181e+02 | 53  0.00123 -4.45931e+02 | 54 -0.00380 -4.95819e+02
 55  0.00314 -6.39062e+02 | 56 -0.00171 -7.37082e+02 | 57 -0.00196 -9.06584e+02
 58  0.00310 -1.08073e+03 | 59 -0.00142 -1.13341e+03 | 60  0.00333 -1.25477e+03
 61  0.00378 -1.26683e+03 | 62  0.00037 -1.13171e+03 | 63 -0.00393 -9.69911e+02
 64  0.00104 -8.39076e+02 | 65  0.00147 -6.35821e+02 | 66  0.00061 -4.28395e+02
 67  0.00392 -1.98444e+02 | 68  0.00533 -4.78719e+01 | 69 -0.00259  5.09082e+00
 70  0.00443  9.51088e+01 | 71  0.27630 -5.10939e+02 | 72 -0.70295  1.25347e+01
 73 -0.05048  1.40918e+02 | 74  0.07767  1.81500e+02 | 75 -0.99450 -3.83095e-01
 76 -0.12091  3.04863e+02 | 77 -0.07317  2.94978e+03 | 78 -0.67899 -1.21457e+02
 79  0.13326  1.73505e+02 |

Intermediate statistics: 79 variables; iteration 20; function evaluation 34; phase 2
Function value 1.6415777e+03; maximum gradient component mag 4.9304e+03
Var    Value     Gradient |Var    Value     Gradient |Var    Value     Gradient
  1 -0.05143  4.93042e+03 |  2 -0.00778 -3.36193e+01 |  3 -0.01401 -3.51433e+01
  4 -0.01312 -3.31615e+01 |  5 -0.01715 -3.33634e+01 |  6 -0.01909 -3.23519e+01
  7 -0.02339 -3.23286e+01 |  8 -0.03153 -3.41466e+01 |  9 -0.03165 -3.15005e+01
 10 -0.03879 -3.24786e+01 | 11 -0.04345 -3.19269e+01 | 12 -0.04453 -2.90937e+01
 13 -0.05105 -2.93952e+01 | 14 -0.05424 -2.75796e+01 | 15 -0.05966 -2.71723e+01
 16 -0.06109 -2.41215e+01 | 17 -0.06959 -2.61189e+01 | 18 -0.07097 -2.35434e+01
 19 -0.07216 -2.13086e+01 | 20 -0.07424 -2.01617e+01 | 21 -0.07504 -1.87423e+01
 22 -0.07169 -1.41102e+01 | 23 -0.06481 -6.26140e+00 | 24 -0.05332  6.34883e+00
 25 -0.03436  2.85479e+01 | 26 -0.01639  5.22579e+01 | 27  0.01367  9.51707e+01
 28  0.02459  1.15173e+02 | 29  0.03839  1.43941e+02 | 30  0.05681  1.87206e+02
 31  0.06818  2.16120e+02 | 32  0.08743  2.62017e+02 | 33  0.08051  2.44944e+02
 34  0.08460  2.50178e+02 | 35  0.08091  2.39912e+02 | 36  0.08489  2.43989e+02
 37  0.07002  2.11174e+02 | 38  0.05437  1.79743e+02 | 39  0.03608  1.41704e+02
 40  0.01331  9.52085e+01 | 41 -0.00842  5.20318e+01 | 42 -0.02652  1.41913e+01
 43 -0.03614 -1.67417e+01 | 44 -0.03985 -3.65914e+01 | 45 -0.09376 -6.96526e+01
 46 -0.05835 -6.92013e+01 | 47  0.03189 -6.38656e+01 | 48  0.03640 -4.86170e+01
 49  0.04383 -1.41749e+01 | 50  0.03867  6.21360e+01 | 51  0.06253  1.99405e+02
 52  0.14674  5.18081e+02 | 53 -0.04285 -3.09791e+01 | 54  0.05526  5.57382e+01
 55  0.07867  9.92985e+01 | 56 -0.13486 -7.59319e+01 | 57  0.16162  4.67255e+02
 58  0.12345  2.51424e+02 | 59 -0.11548 -6.67239e+01 | 60  0.14257  1.70363e+02
 61  0.12132  1.04528e+02 | 62  0.15019  4.37547e+01 | 63 -0.19350 -1.32235e+02
 64  0.12934 -2.53057e+02 | 65 -0.02990 -1.61141e+02 | 66  0.08026 -2.82008e+02
 67 -0.15938 -1.31661e+02 | 68  0.01865 -9.89467e+01 | 69  0.07479 -8.14731e+01
 70 -0.09888 -1.01224e+02 | 71  0.39362  1.03208e+03 | 72 -0.70135 -2.33243e+01
 73 -0.44875  7.64611e+00 | 74  0.16743  1.00648e+03 | 75 -0.98447 -1.24576e+00
 76 -0.98554 -3.22307e+00 | 77 -0.16598 -7.01447e+01 | 78 -1.75283  3.89076e+01
 79  1.04905 -7.58518e-02 |
79 variables; iteration 40; function evaluation 61; phase 2
Function value 1.4775248e+03; maximum gradient component mag -7.3618e+02
Var    Value     Gradient |Var    Value     Gradient |Var    Value     Gradient
  1 -0.03698  6.50499e+02 |  2 -0.00374  6.47949e+00 |  3 -0.01013  4.27465e+00
  4 -0.00759  5.80590e+00 |  5 -0.01103  4.92071e+00 |  6 -0.01171  5.25979e+00
  7 -0.01516  4.50251e+00 |  8 -0.02301  1.91924e+00 |  9 -0.02102  3.68132e+00
 10 -0.02722  1.95338e+00 | 11 -0.03031  1.67664e+00 | 12 -0.02937  3.33411e+00
 13 -0.03462  2.22045e+00 | 14 -0.03638  2.78690e+00 | 15 -0.04078  2.12105e+00
 16 -0.04118  3.40863e+00 | 17 -0.04933  7.80472e-01 | 18 -0.04994  1.74599e+00
 19 -0.05045  2.57308e+00 | 20 -0.05218  2.72948e+00 | 21 -0.05344  2.62143e+00
 22 -0.05007  4.80422e+00 | 23 -0.04215  9.23410e+00 | 24 -0.03027  1.57449e+01
 25 -0.01861  2.31761e+01 | 26 -0.01932  2.34049e+01 | 27 -0.04467  9.03291e+00
 28 -0.04967  5.12242e+00 | 29 -0.04007  8.62436e+00 | 30  0.01655  3.80757e+01
 31  0.05733  5.57975e+01 | 32  0.05201  4.36092e+01 | 33  0.06597  4.21761e+01
 34  0.04695  2.81839e+01 | 35  0.03319  2.43466e+01 | 36  0.01510  2.04868e+01
 37  0.02801  3.64335e+01 | 38  0.02580  4.87784e+01 | 39  0.01309  5.19821e+01
 40 -0.00581  4.35847e+01 | 41 -0.01667  3.73216e+01 | 42 -0.01508  3.41493e+01
 43  0.00307  3.58550e+01 | 44  0.00446  3.02284e+01 | 45 -0.03150  1.21016e+01
 46 -0.02494  5.85852e+00 | 47  0.01862  7.40327e+00 | 48  0.06515  2.13984e+01
 49  0.01311 -9.68206e+00 | 50  0.03085  1.92239e+01 | 51  0.04030  6.69538e+01
 52  0.09326  1.16670e+02 | 53 -0.03890 -4.63072e+01 | 54  0.08256  1.32381e+01
 55  0.05061 -5.24073e+01 | 56 -0.12034 -7.05542e+01 | 57  0.11257  2.72062e+01
 58  0.11219  5.67220e+01 | 59  0.00104  2.97621e+00 | 60  0.09971  6.69843e+01
 61  0.12799  6.78546e+01 | 62  0.11116 -5.67241e+00 | 63 -0.18892 -8.46612e+01
 64  0.12427 -1.39539e+01 | 65 -0.02319 -5.51726e+00 | 66  0.10981  1.09793e+02
 67 -0.05258  1.13517e+01 | 68 -0.03664  1.22007e+01 | 69  0.04219  2.44301e+01
 70 -0.08864 -2.91078e+01 | 71  0.36928  5.94299e+02 | 72 -0.51996  2.53524e+01
 73 -0.55342 -2.51270e+01 | 74  0.14126 -7.36182e+02 | 75 -0.23382  4.88609e+01
 76 -0.72033 -5.91940e+01 | 77 -0.17326 -1.18375e+02 | 78 -1.75993 -4.48716e+00
 79  0.60753  1.07998e-01 |
79 variables; iteration 60; function evaluation 94; phase 2
Function value 1.4230123e+03; maximum gradient component mag 7.4880e+02
Var    Value     Gradient |Var    Value     Gradient |Var    Value     Gradient
  1 -0.03020  7.48799e+02 |  2 -0.00648 -1.36062e+01 |  3  0.00142 -9.52399e+00
  4 -0.00957 -1.34885e+01 |  5 -0.01923 -1.68474e+01 |  6 -0.03573 -2.31547e+01
  7 -0.01278 -1.19383e+01 |  8 -0.02335 -1.55358e+01 |  9  0.00197 -2.07026e+00
 10 -0.02253 -1.22704e+01 | 11 -0.02444 -1.14871e+01 | 12 -0.03993 -1.73498e+01
 13 -0.03119 -1.10599e+01 | 14 -0.00818  3.67012e+00 | 15 -0.01036  5.10340e+00
 16 -0.03574 -6.90037e+00 | 17 -0.02619  1.07340e+00 | 18 -0.02855  2.07287e+00
 19 -0.03621 -4.67542e-01 | 20 -0.04648 -4.75507e+00 | 21 -0.05290 -7.27450e+00
 22 -0.05285 -6.00702e+00 | 23 -0.04642 -9.03223e-01 | 24 -0.03652  6.47073e+00
 25 -0.03989  5.75204e+00 | 26 -0.06718 -1.08682e+01 | 27 -0.04150  6.06731e+00
 28 -0.03425  9.30549e+00 | 29 -0.04029  2.42017e+00 | 30 -0.02640  7.39569e+00
 31 -0.00881  1.11618e+01 | 32  0.02452  2.10050e+01 | 33  0.02286  8.97474e+00
 34  0.05195  1.21676e+01 | 35  0.04936  1.01904e+01 | 36  0.04340  9.56019e+00
 37  0.03486  1.50961e+01 | 38 -0.00763  3.77163e+00 | 39 -0.01457  8.85637e+00
 40 -0.02464  6.83645e+00 | 41 -0.03986 -1.01585e+00 | 42 -0.03740 -2.02019e+00
 43 -0.00932  7.64903e+00 | 44 -0.01209  3.07254e+00 | 45 -0.02185  4.13745e+00
 46 -0.01066  6.64221e+00 | 47  0.02880  1.68890e+01 | 48  0.02818  1.55312e+01
 49  0.04997  9.11897e+00 | 50  0.01506 -6.00883e+00 | 51  0.01843  8.72011e-01
 52  0.04505  3.22502e+01 | 53  0.05315  4.18923e+00 | 54  0.01650 -5.76763e+00
 55  0.06104 -9.33316e+00 | 56 -0.03120 -3.50411e+01 | 57  0.09267  4.35653e+00
 58  0.09836 -4.72256e+01 | 59 -0.06752 -7.79404e+01 | 60  0.11178 -4.96514e+01
 61  0.08834 -3.43183e+01 | 62  0.09675 -5.92688e+00 | 63 -0.00068 -3.50553e+01
 64  0.11199  1.50084e+01 | 65 -0.01342 -3.76837e+01 | 66  0.06087 -2.64826e+01
 67 -0.03357 -2.48688e+01 | 68 -0.00665 -1.90368e+00 | 69  0.00757 -1.33146e+01
 70 -0.03667 -6.52106e+00 | 71  0.36185 -1.71502e+02 | 72 -0.63893 -2.90636e+00
 73 -0.53332 -2.89976e+01 | 74  0.14007 -2.96948e+02 | 75 -0.28962 -5.13740e+01
 76 -0.40292 -2.02506e+01 | 77 -0.16098 -1.22515e+02 | 78 -1.76529  3.26408e+00
 79  0.29842  2.62933e+00 |
Maximum number of function evaluations exceeded

 - final statistics:
79 variables; iteration 64; function evaluation 100
Function value 1.4175e+03; maximum gradient component mag -2.1439e+02
Exit code = 3;  converg criter 1.0000e+01
Var    Value     Gradient |Var    Value     Gradient |Var    Value     Gradient
  1 -0.03027  1.01214e+02 |  2 -0.00222 -1.52914e+00 |  3 -0.00947 -4.01947e+00
  4 -0.01292 -4.88263e+00 |  5 -0.01538 -5.26571e+00 |  6 -0.02143 -7.12645e+00
  7 -0.01973 -5.56676e+00 |  8 -0.01459 -2.32132e+00 |  9 -0.00087  5.12420e+00
 10 -0.02290 -3.77182e+00 | 11 -0.02409 -2.98627e+00 | 12 -0.03865 -8.44786e+00
 13 -0.02509 -4.12094e-01 | 14 -0.00109  1.37971e+01 | 15 -0.02795  1.64761e+00
 16 -0.03235  1.18424e+00 | 17 -0.02712  5.88860e+00 | 18 -0.03722  2.11371e+00
 19 -0.04382  4.42781e-03 | 20 -0.04631  8.34564e-02 | 21 -0.04508  1.83486e+00
 22 -0.04446  3.13394e+00 | 23 -0.04929  1.06809e+00 | 24 -0.04542  3.82186e+00
 25 -0.04278  6.36446e+00 | 26 -0.06063 -3.50146e+00 | 27 -0.06360 -5.33192e+00
 28 -0.01819  2.00164e+01 | 29 -0.04422  1.24771e+00 | 30 -0.03939 -2.01507e-01
 31 -0.01373  6.33946e+00 | 32  0.01587  1.08841e+01 | 33  0.02943  5.77618e+00
 34  0.05956  5.19596e+00 | 35  0.05168  2.31261e+00 | 36  0.04467  2.87617e+00
 37  0.02856  6.66857e+00 | 38  0.00038  6.34829e+00 | 39 -0.01306  9.12505e+00
 40 -0.03226  2.91195e+00 | 41 -0.03626  2.43341e+00 | 42 -0.03857 -1.35693e+00
 43 -0.02309 -2.72544e-01 | 44 -0.00547  5.62987e+00 | 45 -0.01811  6.88405e+00
 46 -0.00836  8.35277e+00 | 47  0.02781  1.39011e+01 | 48  0.02564  1.27046e+01
 49  0.05342  6.57044e+00 | 50  0.01282 -8.31924e+00 | 51  0.02063 -4.42642e+00
 52  0.03618  1.24285e+01 | 53  0.05707  1.83981e+00 | 54  0.01559 -2.66758e+00
 55  0.06032 -4.44161e+00 | 56 -0.01858 -2.01574e+01 | 57  0.08741  4.93243e+00
 58  0.10087 -4.04223e+01 | 59 -0.05949 -6.70182e+01 | 60  0.11272 -5.61292e+01
 61  0.08601 -5.23807e+01 | 62  0.09273 -3.38576e+01 | 63  0.00509 -3.99857e+01
 64  0.10080 -6.10202e-01 | 65  0.01190 -1.70659e+01 | 66  0.05852 -3.20587e+00
 67 -0.02439 -2.55360e+00 | 68 -0.00737  1.21715e+01 | 69  0.00335 -5.47515e+00
 70 -0.03307  7.01962e+00 | 71  0.36212 -3.35577e+01 | 72 -0.65212 -3.69582e+00
 73 -0.47264 -1.76522e+01 | 74  0.14210 -2.14389e+02 | 75 -0.27318 -2.18108e+01
 76 -0.39156 -1.26780e+01 | 77 -0.15877 -1.25029e+02 | 78 -1.76566  5.77786e+00
 79  0.26459  4.27697e-01 |

Initial statistics: 88 variables; iteration 0; function evaluation 0; phase 3
Function value 1.4174359e+03; maximum gradient component mag -2.9862e+02
Var    Value     Gradient |Var    Value     Gradient |Var    Value     Gradient
  1 -0.03027  1.01214e+02 |  2 -0.00206  1.33301e+00 |  3 -0.00931 -1.15762e+00
  4 -0.01276 -2.02106e+00 |  5 -0.01522 -2.40439e+00 |  6 -0.02127 -4.26594e+00
  7 -0.01957 -2.70599e+00 |  8 -0.01443  5.40104e-01 |  9 -0.00071  7.98637e+00
 10 -0.02274 -9.11514e-01 | 11 -0.02393 -1.26145e-01 | 12 -0.03849 -5.59105e+00
 13 -0.02493  2.44788e+00 | 14 -0.00093  1.66593e+01 | 15 -0.02779  4.50708e+00
 16 -0.03219  4.04277e+00 | 17 -0.02696  8.74826e+00 | 18 -0.03706  4.97107e+00
 19 -0.04366  2.85987e+00 | 20 -0.04615  2.93811e+00 | 21 -0.04492  4.68994e+00
 22 -0.04429  5.98924e+00 | 23 -0.04913  3.92176e+00 | 24 -0.04526  6.67687e+00
 25 -0.04262  9.22033e+00 | 26 -0.06047 -6.52278e-01 | 27 -0.06344 -2.48409e+00
 28 -0.01803  2.28776e+01 | 29 -0.04406  4.10305e+00 | 30 -0.03923  2.65523e+00
 31 -0.01357  9.20102e+00 | 32  0.01603  1.37453e+01 | 33  0.02959  8.63519e+00
 34  0.05973  8.04542e+00 | 35  0.05184  5.16525e+00 | 36  0.04484  5.73119e+00
 37  0.02872  9.52775e+00 | 38  0.00054  9.21046e+00 | 39 -0.01290  1.19867e+01
 40 -0.03210  5.77052e+00 | 41 -0.03609  5.29101e+00 | 42 -0.03841  1.50001e+00
 43 -0.02292  2.58777e+00 | 44 -0.00531  8.49196e+00 | 45 -0.01795  9.74513e+00
 46 -0.00820  1.12147e+01 | 47  0.02797  1.67604e+01 | 48  0.02580  1.55643e+01
 49  0.05358  9.42234e+00 | 50  0.01298 -5.45762e+00 | 51  0.02079 -1.56574e+00
 52  0.03634  1.52858e+01 | 53  0.05724  4.69038e+00 | 54  0.01575  1.93730e-01
 55  0.06048 -1.59224e+00 | 56 -0.01842 -1.72966e+01 | 57  0.08757  7.76739e+00
 58  0.10103 -3.75945e+01 | 59 -0.05933 -6.41700e+01 | 60  0.11288 -5.33093e+01
 61  0.08617 -4.95429e+01 | 62  0.09289 -3.10246e+01 | 63  0.00525 -3.71235e+01
 64  0.10097  2.21607e+00 | 65  0.01206 -1.42042e+01 | 66  0.05868 -3.55774e-01
 67 -0.02423  3.06470e-01 | 68 -0.00721  1.50335e+01 | 69  0.00351 -2.61302e+00
 70 -0.03291  9.87805e+00 | 71  0.36212 -3.35577e+01 | 72 -0.03277  9.92321e+00
 73  0.45376  9.80452e+01 | 74 -0.50439  8.54642e-01 | 75 -0.65212 -3.69582e+00
 76 -0.47264 -1.76522e+01 | 77  0.14210 -2.14389e+02 | 78  0.09759 -2.98623e+02
 79  0.42530  8.49179e+00 | 80 -0.49149 -9.81713e+00 | 81 -0.27318 -2.18108e+01
 82 -0.39156 -1.26780e+01 | 83 -0.15877 -1.25029e+02 | 84 -0.02372 -2.79924e+01
 85  0.31321  2.23877e+00 | 86 -0.63797 -3.47317e-01 | 87 -0.23434 -5.77786e+00
 88  0.26459  4.27697e-01 |

Intermediate statistics: 88 variables; iteration 20; function evaluation 29; phase 3
Function value 1.3952585e+03; maximum gradient component mag -7.0391e+02
Var    Value     Gradient |Var    Value     Gradient |Var    Value     Gradient
  1 -0.02609 -7.03906e+02 |  2 -0.00518  1.65586e+01 |  3 -0.00187  1.80857e+01
  4 -0.00156  1.84530e+01 |  5 -0.00224  1.84548e+01 |  6 -0.00068  1.94038e+01
  7 -0.00493  1.80305e+01 |  8 -0.01181  1.56092e+01 |  9 -0.02435  1.08722e+01
 10 -0.01378  1.57013e+01 | 11 -0.01726  1.47733e+01 | 12 -0.01236  1.74270e+01
 13 -0.02565  1.23692e+01 | 14 -0.04314  5.50379e+00 | 15 -0.03331  1.03041e+01
 16 -0.03554  9.95533e+00 | 17 -0.04255  7.47719e+00 | 18 -0.04155  8.44081e+00
 19 -0.04193  8.72831e+00 | 20 -0.04449  8.03706e+00 | 21 -0.04788  6.78126e+00
 22 -0.05064  5.69351e+00 | 23 -0.05038  5.77296e+00 | 24 -0.05293  4.36262e+00
 25 -0.05582  2.81737e+00 | 26 -0.04982  4.75954e+00 | 27 -0.04808  3.98837e+00
 28 -0.05928 -3.32097e+00 | 29 -0.04410 -1.53694e+00 | 30 -0.03432 -4.81814e+00
 31 -0.02551 -1.13764e+01 | 32 -0.00900 -1.93654e+01 | 33  0.02501 -3.16978e+01
 34  0.06549 -5.48375e+01 | 35  0.07450 -6.52050e+01 | 36  0.04990 -5.58923e+01
 37  0.01052 -4.18035e+01 | 38 -0.01531 -3.29989e+01 | 39 -0.03389 -2.80141e+01
 40 -0.03649 -2.60895e+01 | 41 -0.03794 -2.56182e+01 | 42 -0.02810 -2.76835e+01
 43 -0.01105 -3.45242e+01 | 44 -0.00835 -3.76407e+01 | 45 -0.02420 -3.03773e+01
 46 -0.01345 -3.29439e+01 | 47  0.01410 -4.33289e+01 | 48  0.00917 -3.68014e+01
 49  0.03640 -4.25625e+01 | 50  0.03417 -2.58912e+01 | 51  0.01540 -9.68299e+00
 52  0.03223  9.66699e+00 | 53  0.05683  1.58492e+01 | 54  0.01868  2.16710e+01
 55  0.04249  3.01379e+01 | 56  0.01817  4.96153e+01 | 57  0.07804  8.81519e+01
 58  0.06413  7.00969e+01 | 59  0.08054  9.89455e+01 | 60  0.07443  9.11938e+01
 61  0.10705  9.42947e+01 | 62  0.06172  6.93307e+01 | 63  0.07645  7.68210e+01
 64  0.05738  6.49373e+01 | 65  0.05054  6.66721e+01 | 66  0.05918  6.10291e+01
 67 -0.00661  4.38058e+01 | 68 -0.02155  3.20715e+01 | 69  0.02720  3.68955e+01
 70 -0.03521  2.19048e+01 | 71  0.32087  1.10100e+02 | 72  0.01444  9.81331e+01
 73  0.39116  1.29514e+01 | 74 -0.49758  7.38334e+00 | 75 -0.47605  1.83026e+00
 76 -0.37685  2.67949e+01 | 77  0.19067  3.57011e+01 | 78  0.07041  3.15859e+01
 79  0.17985 -1.23277e+01 | 80 -0.48286  1.07691e+00 | 81 -0.18781  5.69485e+01
 82 -0.39587 -8.65346e+00 | 83 -0.04039 -9.52926e+00 | 84 -0.09677 -1.74626e+01
 85  0.32703  3.74709e+00 | 86 -0.64104 -2.21547e-01 | 87 -0.17866  2.71501e+01
 88  0.08098 -4.18673e+00 |
88 variables; iteration 40; function evaluation 55; phase 3
Function value 1.3920530e+03; maximum gradient component mag -1.1364e+02
Var    Value     Gradient |Var    Value     Gradient |Var    Value     Gradient
  1 -0.02653 -1.13639e+02 |  2 -0.00445  4.33329e+00 |  3 -0.00474  4.56725e+00
  4 -0.00540  4.69818e+00 |  5 -0.00627  4.79662e+00 |  6 -0.00645  5.24239e+00
  7 -0.00854  4.95443e+00 |  8 -0.01215  4.08317e+00 |  9 -0.01932  1.72968e+00
 10 -0.01498  4.41770e+00 | 11 -0.01784  4.06519e+00 | 12 -0.01563  6.05428e+00
 13 -0.02504  2.84466e+00 | 14 -0.03912 -2.51305e+00 | 15 -0.03213  1.80545e+00
 16 -0.03457  1.81888e+00 | 17 -0.04002  3.65005e-01 | 18 -0.04035  1.26961e+00
 19 -0.04181  1.53314e+00 | 20 -0.04443  1.25892e+00 | 21 -0.04683  8.23632e-01
 22 -0.04882  4.85178e-01 | 23 -0.04991  3.77461e-01 | 24 -0.05087  5.41354e-02
 25 -0.05243 -2.73704e-01 | 26 -0.05318 -4.49021e-01 | 27 -0.05269 -6.26120e-01
 28 -0.05621 -4.13063e+00 | 29 -0.04322 -5.83978e-01 | 30 -0.02902  1.89968e+00
 31 -0.02937 -4.42535e+00 | 32 -0.02002 -7.97111e+00 | 33 -0.00996 -1.19094e+01
 34  0.05115 -5.12843e+00 | 35  0.12536 -3.04707e-01 | 36  0.04211 -4.24019e+00
 37  0.00724 -5.14409e+00 | 38  0.00293  3.19507e+00 | 39 -0.03608 -5.02168e+00
 40 -0.03619 -2.73770e+00 | 41 -0.03839 -3.65787e+00 | 42 -0.02719 -3.38622e+00
 43 -0.01308 -7.86442e+00 | 44 -0.00838 -1.19026e+01 | 45 -0.02239 -1.16196e+01
 46 -0.01434 -1.53103e+01 | 47  0.02413 -2.03405e+01 | 48  0.00682 -2.23312e+01
 49  0.02402 -2.60277e+01 | 50  0.05279 -8.11979e+00 | 51  0.01149 -9.41586e+00
 52  0.02576 -8.05449e+00 | 53  0.05487 -2.14302e+00 | 54  0.02550  1.06944e+01
 55  0.04524  6.31385e+00 | 56  0.01222  8.62344e+00 | 57  0.06661  2.14628e+01
 58  0.07875  3.21494e+01 | 59  0.06691  3.77242e+01 | 60  0.07757  4.45221e+01
 61  0.10749  4.39024e+01 | 62  0.06389  2.87367e+01 | 63  0.07079  2.68241e+01
 64  0.05776  2.30735e+01 | 65  0.04855  2.78317e+01 | 66  0.05928  2.57972e+01
 67 -0.01326  1.59980e+01 | 68 -0.01684  1.45280e+01 | 69  0.02435  1.38481e+01
 70 -0.03578  4.79823e+00 | 71  0.32184  9.53461e+01 | 72  0.00561  7.10672e+01
 73  0.39216 -5.53128e+00 | 74 -0.40188  9.11451e+00 | 75 -0.48552 -8.57213e+00
 76 -0.40280  1.34964e+01 | 77  0.18378  7.31345e+01 | 78  0.06984  1.03201e+02
 79  0.19276 -9.39853e+00 | 80 -0.37261  6.41441e+00 | 81 -0.19538  6.34385e+00
 82 -0.39383  1.66247e+00 | 83 -0.02915 -3.70047e+01 | 84 -0.10801 -2.62500e+01
 85  0.39331  6.87870e+00 | 86 -0.52153 -2.23032e+00 | 87 -0.20684  1.91443e+01
 88  0.07002  2.27741e+01 |
88 variables; iteration 60; function evaluation 89; phase 3
Function value 1.3825794e+03; maximum gradient component mag 3.9888e+03
Var    Value     Gradient |Var    Value     Gradient |Var    Value     Gradient
  1 -0.02639  3.98882e+03 |  2 -0.01756 -7.74983e+01 |  3 -0.01576 -7.57347e+01
  4 -0.01910 -7.61304e+01 |  5 -0.02230 -7.63588e+01 |  6 -0.02922 -7.81963e+01
  7 -0.02839 -7.63037e+01 |  8 -0.02294 -7.18936e+01 |  9 -0.00478 -6.03427e+01
 10 -0.03626 -7.44525e+01 | 11 -0.03820 -7.31328e+01 | 12 -0.05617 -8.01494e+01
 13 -0.03844 -6.79186e+01 | 14 -0.01594 -5.10188e+01 | 15 -0.04036 -6.28098e+01
 16 -0.04266 -6.08817e+01 | 17 -0.03997 -5.56435e+01 | 18 -0.04401 -5.50089e+01
 19 -0.04634 -5.35209e+01 | 20 -0.04717 -5.07949e+01 | 21 -0.04574 -4.70265e+01
 22 -0.04481 -4.35795e+01 | 23 -0.04730 -4.30947e+01 | 24 -0.04424 -3.85567e+01
 25 -0.04343 -3.40472e+01 | 26 -0.05354 -3.85353e+01 | 27 -0.05299 -3.41512e+01
 28 -0.05094 -3.02383e+01 | 29 -0.04547 -2.26044e+01 | 30 -0.03014 -2.40860e+00
 31 -0.04818 -1.88203e+01 | 32  0.00517  4.25993e+01 | 33  0.11757  2.49303e+02
 34 -0.08178 -4.91139e+01 | 35  0.17478  4.22928e+02 | 36  0.06174  1.39595e+02
 37 -0.01093  3.55070e+01 | 38 -0.06231 -1.62855e+01 | 39 -0.00646  6.12196e+01
 40 -0.02976  3.29862e+01 | 41 -0.03944  2.16622e+01 | 42 -0.03058  3.11805e+01
 43  0.00254  7.16014e+01 | 44  0.01404  8.73300e+01 | 45 -0.01779  4.63626e+01
 46  0.05215  1.58884e+02 | 47 -0.04071  2.36541e+00 | 48  0.07351  1.75647e+02
 49  0.00808  3.38964e+01 | 50  0.04066  6.90767e+01 | 51  0.05957  7.77975e+01
 52 -0.00119 -5.82152e+01 | 53  0.04443 -5.80851e+01 | 54  0.04272 -1.41693e+01
 55  0.01846 -2.61639e+01 | 56  0.08674  7.16757e+01 | 57  0.01457 -4.76342e+01
 58  0.11684  2.10571e+01 | 59  0.05268 -6.76745e+01 | 60  0.05977 -1.02736e+02
 61  0.12239 -1.22108e+02 | 62  0.04087 -1.22704e+02 | 63  0.07409 -1.32708e+02
 64  0.06462 -1.29383e+02 | 65  0.03902 -1.27090e+02 | 66  0.04558 -1.37370e+02
 67 -0.01336 -1.06444e+02 | 68 -0.02739 -1.01099e+02 | 69  0.01933 -9.84452e+01
 70 -0.05039 -9.20465e+01 | 71  0.34854  4.83502e+02 | 72 -0.03616  2.92299e+02
 73  0.41976 -5.81667e+00 | 74 -0.34521  2.72268e+01 | 75 -0.45939  1.35877e+01
 76 -0.40900  2.67388e+01 | 77  0.18033  1.25441e+02 | 78  0.06631  1.88167e+02
 79  0.30570 -2.24899e+01 | 80 -0.33880  1.61835e+01 | 81 -0.20915 -1.32981e+02
 82 -0.34549  9.82777e+01 | 83 -0.01887 -1.78799e+02 | 84 -0.09324 -1.08499e+02
 85  0.57956  1.32305e+01 | 86  0.18855 -7.55703e+01 | 87 -0.29727  1.83965e+01
 88 -0.03447  8.33173e+02 |
88 variables; iteration 80; function evaluation 124; phase 3
Function value 1.3612208e+03; maximum gradient component mag 2.9640e+03
Var    Value     Gradient |Var    Value     Gradient |Var    Value     Gradient
  1 -0.02269  2.96400e+03 |  2  0.14000 -2.18604e+01 |  3 -0.00217 -8.93728e+01
  4 -0.02054 -9.64995e+01 |  5 -0.03699 -1.02688e+02 |  6 -0.09420 -1.25438e+02
  7 -0.12080 -1.34849e+02 |  8 -0.09763 -1.25139e+02 |  9 -0.04380 -1.00570e+02
 10 -0.20566 -1.61244e+02 | 11 -0.10824 -1.26205e+02 | 12 -0.06414 -1.04905e+02
 13 -0.04439 -9.27362e+01 | 14 -0.09423 -1.15625e+02 | 15  0.00437 -5.71518e+01
 16  0.01714 -4.36754e+01 | 17  0.00997 -4.43818e+01 | 18  0.01170 -3.83677e+01
 19  0.00078 -4.26850e+01 | 20 -0.01786 -5.29425e+01 | 21 -0.02899 -5.82293e+01
 22 -0.03833 -6.22807e+01 | 23 -0.06180 -7.68627e+01 | 24 -0.04996 -6.58359e+01
 25 -0.05097 -6.24681e+01 | 26 -0.04831 -5.54902e+01 | 27 -0.03632 -3.93018e+01
 28  0.03185  4.49209e+01 | 29 -0.11811 -9.68655e+01 | 30  0.01762  4.56789e+01
 31 -0.10971 -8.51394e+01 | 32  0.03968  8.56865e+01 | 33  0.14493  3.19192e+02
 34 -0.20490 -1.42924e+02 | 35  0.23328  5.99785e+02 | 36  0.05898  9.19773e+01
 37 -0.05132 -4.51911e+01 | 38 -0.14037 -1.10256e+02 | 39  0.04490  8.29062e+01
 40  0.01532  4.07818e+01 | 41 -0.02856 -1.37219e+01 | 42  0.00574  2.86873e+01
 43 -0.01399  3.39603e+00 | 44  0.03506  8.41607e+01 | 45  0.00754  6.46662e+01
 46  0.11727  3.45458e+02 | 47 -0.13149 -8.59223e+01 | 48  0.11132  3.19535e+02
 49  0.05715  1.10511e+02 | 50 -0.00717 -2.27740e+01 | 51  0.08829  1.45798e+01
 52  0.01219 -1.31776e+02 | 53 -0.00149 -1.41203e+02 | 54  0.12526  1.44836e+02
 55 -0.04336 -6.94794e+01 | 56  0.15015  1.46750e+02 | 57 -0.00770 -1.27574e+02
 58  0.11546 -2.13856e+02 | 59  0.08554 -2.99624e+02 | 60 -0.02221 -2.43710e+02
 61  0.12606 -3.91358e+02 | 62  0.12507 -3.54183e+02 | 63 -0.03254 -2.13887e+02
 64  0.08985 -2.87559e+02 | 65  0.08664 -2.64196e+02 | 66 -0.07100 -1.87027e+02
 67  0.08420 -1.59839e+02 | 68 -0.11309 -1.61396e+02 | 69  0.00499 -1.73032e+02
 70 -0.04042 -1.26531e+02 | 71  0.38087  6.51976e+02 | 72 -0.06887  2.98486e+02
 73  0.44809  7.94262e+00 | 74 -0.40815  4.52700e+01 | 75 -0.40820  7.01838e+01
 76 -0.55335 -1.89538e+01 | 77  0.14734  1.01837e+02 | 78  0.07593  1.66895e+02
 79  0.44147 -2.73803e+01 | 80 -0.28964 -1.21954e+00 | 81 -0.23057 -5.57777e+01
 82 -0.35053  8.33285e+01 | 83  0.11038 -1.07771e+02 | 84 -0.19351 -6.85052e+01
 85  1.13668  1.80081e+01 | 86  0.18838  4.69279e+01 | 87 -0.53088 -2.23047e+01
 88 -0.18871  1.73742e+03 |
88 variables; iteration 100; function evaluation 155; phase 3
Function value 1.3310971e+03; maximum gradient component mag 3.9866e+03
Var    Value     Gradient |Var    Value     Gradient |Var    Value     Gradient
  1 -0.02215  3.98658e+03 |  2  0.16995 -2.66909e+01 |  3 -0.02615 -1.15967e+02
  4 -0.02725 -1.15792e+02 |  5 -0.03331 -1.17618e+02 |  6 -0.11070 -1.47221e+02
  7 -0.10530 -1.44754e+02 |  8 -0.10224 -1.43013e+02 |  9 -0.10427 -1.43090e+02
 10 -0.22402 -1.80747e+02 | 11 -0.13300 -1.52280e+02 | 12 -0.10630 -1.41299e+02
 13 -0.03333 -1.07263e+02 | 14 -0.04964 -1.13525e+02 | 15 -0.07253 -1.22883e+02
 16  0.05601 -4.39633e+01 | 17  0.09424 -7.33368e+00 | 18  0.02040 -6.12502e+01
 19  0.00956 -6.52527e+01 | 20 -0.02664 -8.63215e+01 | 21 -0.02823 -8.46928e+01
 22 -0.01986 -7.60709e+01 | 23 -0.01530 -6.97344e+01 | 24 -0.05695 -9.60747e+01
 25 -0.04213 -8.20506e+01 | 26 -0.03474 -7.14283e+01 | 27 -0.02377 -5.61685e+01
 28 -0.02002 -4.71518e+01 | 29 -0.16894 -1.45215e+02 | 30  0.05979  6.98080e+01
 31 -0.16426 -1.40062e+02 | 32  0.04381  4.55095e+01 | 33  0.14340  2.22928e+02
 34 -0.19291 -1.57241e+02 | 35  0.23703  4.31629e+02 | 36  0.01884 -1.78751e+01
 37 -0.04685 -7.71015e+01 | 38 -0.14498 -1.37053e+02 | 39  0.07991  7.30089e+01
 40  0.00554 -1.95865e+01 | 41  0.03134  1.32279e+01 | 42  0.05241  4.56857e+01
 43 -0.01573 -3.31378e+01 | 44  0.03890  5.19950e+01 | 45  0.00642  3.37228e+01
 46  0.12507  3.31277e+02 | 47 -0.17175 -1.29806e+02 | 48  0.11419  2.96444e+02
 49  0.07807  1.26424e+02 | 50 -0.00214 -4.13974e+01 | 51  0.07174 -3.02446e+01
 52  0.05046 -9.81833e+01 | 53 -0.02470 -1.23201e+02 | 54  0.15566  3.87638e+02
 55 -0.05420 -5.98960e+01 | 56  0.16211  3.31625e+02 | 57 -0.00636 -8.56653e+01
 58  0.13187 -5.62499e+01 | 59  0.09884 -1.86909e+02 | 60 -0.08897 -1.90610e+02
 61  0.16851 -1.77759e+02 | 62  0.12095 -1.60118e+02 | 63 -0.10028 -1.76949e+02
 64  0.13362 -1.17738e+02 | 65  0.11414 -1.36178e+02 | 66 -0.16458 -1.87563e+02
 67  0.08769 -1.48736e+02 | 68 -0.10050 -1.73984e+02 | 69  0.01925 -1.96684e+02
 70 -0.05590 -1.60672e+02 | 71  0.38517  6.32032e+02 | 72 -0.06701  2.97528e+02
 73  0.47257  2.64835e+01 | 74 -0.51437  2.89480e+01 | 75 -0.42567  5.03204e+01
 76 -0.59757 -2.40197e+01 | 77  0.20411 -2.02098e+02 | 78  0.04876 -2.90128e+02
 79  0.54683 -2.05682e+01 | 80 -0.41796 -2.24009e+01 | 81 -0.24805 -3.78642e+01
 82 -0.36831  4.44922e+01 | 83  0.15699  2.56487e+00 | 84 -0.19359 -3.30800e+01
 85  1.10806  2.02425e+01 | 86  0.13855  1.50270e+02 | 87 -0.54674 -2.67228e+01
 88 -0.23456  1.84869e+03 |
88 variables; iteration 120; function evaluation 182; phase 3
Function value 1.0390947e+03; maximum gradient component mag -1.7269e+03
Var    Value     Gradient |Var    Value     Gradient |Var    Value     Gradient
  1 -0.00167 -1.72689e+03 |  2  0.01560  2.07573e+01 |  3  0.01754  2.18037e+01
  4 -0.00579  1.27070e+01 |  5  0.01184  2.01462e+01 |  6  0.00037  1.58466e+01
  7  0.00079  1.64240e+01 |  8 -0.00675  1.37685e+01 |  9  0.00160  1.77702e+01
 10 -0.02122  8.78551e+00 | 11 -0.01485  1.20726e+01 | 12 -0.00736  1.60112e+01
 13 -0.01203  1.48086e+01 | 14 -0.02243  1.11243e+01 | 15 -0.00186  2.13793e+01
 16 -0.03014  9.61609e+00 | 17 -0.04173  5.41322e+00 | 18  0.00165  2.71281e+01
 19 -0.01405  2.09125e+01 | 20  0.00454  3.21013e+01 | 21 -0.02424  1.90344e+01
 22 -0.03385  1.59147e+01 | 23 -0.07900 -4.72432e+00 | 24 -0.04782  1.29087e+01
 25 -0.05095  1.43686e+01 | 26 -0.04229  2.31122e+01 | 27 -0.03225  3.35075e+01
 28 -0.00579  5.49917e+01 | 29 -0.06390  1.72509e+01 | 30 -0.06929  1.29897e+01
 31 -0.04464  2.27664e+01 | 32 -0.04173  1.57287e+01 | 33  0.04987  4.98870e+01
 34 -0.10352 -2.74040e+01 | 35  0.20252  3.46626e+01 | 36  0.01724 -1.21570e+00
 37 -0.00869 -1.06060e+01 | 38 -0.07179 -2.74617e+01 | 39  0.00825 -1.01159e+01
 40  0.02879 -1.22516e+01 | 41  0.01750 -1.84350e+01 | 42  0.04504 -2.40418e+01
 43  0.03078 -2.80570e+01 | 44  0.02239 -1.96208e+01 | 45 -0.04200 -1.69996e+01
 46  0.03964  2.03555e+00 | 47 -0.11566 -4.07911e+01 | 48  0.08469  6.47877e+00
 49  0.03138 -2.41036e+01 | 50  0.03866 -2.57215e+01 | 51  0.04985 -2.91838e+01
 52  0.03262 -4.54833e+01 | 53  0.06426 -6.70672e+01 | 54  0.04047 -5.22865e+01
 55  0.01447 -4.63524e+01 | 56  0.08502  1.95521e+01 | 57  0.05220 -1.66456e+01
 58  0.04444 -3.78074e+01 | 59  0.12629 -1.36952e+01 | 60  0.01105 -5.50833e+01
 61  0.08462 -9.98197e+01 | 62  0.15974 -1.47671e+02 | 63 -0.07189 -8.46337e+01
 64 -0.12109 -8.87736e+01 | 65  0.18987 -8.89484e+01 | 66 -0.37125 -1.06989e+02
 67 -0.03156 -6.71986e+01 | 68 -0.01716 -5.03690e+01 | 69  0.02644 -2.49313e+01
 70 -0.03981  1.04224e+01 | 71  0.31545 -1.02666e+03 | 72 -0.06030 -5.99369e+02
 73  0.38756  9.40458e+01 | 74 -0.48300 -6.13637e+01 | 75 -0.44448  5.41078e+01
 76 -0.38569 -5.38506e+01 | 77  0.22747  3.90525e+02 | 78  0.05575  5.56516e+02
 79  0.69400  4.08501e+00 | 80 -1.07360 -2.91611e-01 | 81 -0.31967  4.84641e+00
 82 -0.39765  1.82208e+01 | 83  0.16907 -5.88980e+01 | 84  0.01461 -3.00501e+02
 85  0.92081 -1.84657e+01 | 86 -0.03554 -7.37567e+01 | 87 -0.63885 -1.45063e+01
 88 -0.38056  1.44491e+02 |
88 variables; iteration 140; function evaluation 204; phase 3
Function value 9.5412644e+02; maximum gradient component mag 2.9359e+02
Var    Value     Gradient |Var    Value     Gradient |Var    Value     Gradient
  1  0.01284  2.84222e+02 |  2 -0.00770 -6.31315e+00 |  3 -0.00369 -4.41854e+00
  4 -0.00976 -6.55627e+00 |  5 -0.00349 -3.64240e+00 |  6 -0.00688 -4.61346e+00
  7 -0.00677 -4.08697e+00 |  8 -0.00643 -3.39452e+00 |  9  0.00315  1.31976e+00
 10 -0.00263 -3.98787e-01 | 11 -0.00864 -2.17115e+00 | 12 -0.01120 -2.37148e+00
 13 -0.00450  1.69887e+00 | 14 -0.01021  3.00155e-01 | 15 -0.01981 -2.84805e+00
 16 -0.01942 -1.26527e+00 | 17 -0.02046 -2.10804e-01 | 18 -0.02367 -1.32874e-01
 19 -0.03029 -1.71126e+00 | 20 -0.03825 -3.81457e+00 | 21 -0.03503 -6.79236e-02
 22 -0.04107 -8.43545e-01 | 23 -0.04463  5.37942e-02 | 24 -0.04805  1.44012e+00
 25 -0.05347  2.72655e+00 | 26 -0.05945  4.06620e+00 | 27 -0.06205  7.36574e+00
 28 -0.06548  8.36187e+00 | 29 -0.07047  6.36053e+00 | 30 -0.06236  1.11252e+01
 31 -0.06164  6.51796e+00 | 32 -0.02841  1.94434e+01 | 33  0.01533  3.47430e+01
 34 -0.01962  9.34041e-01 | 35  0.12055  6.38683e+01 | 36  0.07374  3.21813e+01
 37  0.01453  7.11155e+00 | 38 -0.00321  3.30275e+00 | 39 -0.00277  6.43221e+00
 40 -0.00303  5.98555e+00 | 41  0.00064  6.68268e+00 | 42  0.01686  1.06388e+01
 43  0.02584  1.14959e+01 | 44  0.02223  1.83226e+01 | 45 -0.01493  1.26760e+01
 46 -0.01252  1.47279e+01 | 47 -0.00865  8.03580e+00 | 48  0.02511  2.48545e+01
 49  0.04416  1.69959e+01 | 50  0.02410  9.97984e+00 | 51  0.03304  1.53299e+01
 52  0.01488 -1.31393e+01 | 53  0.06289 -1.98094e+01 | 54 -0.01612 -3.60488e+01
 55  0.06197 -9.23819e+00 | 56  0.00793  2.84608e+00 | 57  0.05274  3.56846e+00
 58  0.07315  1.57566e+00 | 59  0.03237 -1.11971e+01 | 60  0.11643 -2.63126e+01
 61 -0.07372 -8.23764e+01 | 62  0.15013 -5.86876e+01 | 63 -0.03506 -5.88025e+01
 64  0.07020 -5.62700e+01 | 65  0.03374 -4.53584e+01 | 66  0.04602 -3.66606e+01
 67 -0.01450 -7.69005e+00 | 68 -0.02913 -3.56367e+00 | 69  0.01307  4.63678e+00
 70 -0.06064 -5.42376e+00 | 71  0.36142  2.22581e+02 | 72 -0.23290  3.09520e+01
 73  0.41799 -2.29992e+01 | 74 -0.24154  1.21945e+01 | 75 -0.49969 -5.57233e+00
 76 -0.39540  8.11697e+00 | 77  0.20378  2.02765e+02 | 78  0.05718  2.93590e+02
 79  0.33907 -3.69992e+00 | 80 -0.39398  1.78710e+01 | 81 -0.20115 -2.89556e+01
 82 -0.39736  2.73202e+01 | 83  0.05273 -5.39441e+01 | 84  0.08829 -5.07816e+01
 85  1.15699  1.80702e+00 | 86 -0.02665 -4.59238e+01 | 87 -0.88616 -4.19766e-01
 88 -0.44113  4.23256e+01 |
88 variables; iteration 160; function evaluation 226; phase 3
Function value 9.3383174e+02; maximum gradient component mag -1.3958e+02
Var    Value     Gradient |Var    Value     Gradient |Var    Value     Gradient
  1  0.01430 -1.39582e+02 |  2 -0.00476  1.58435e+00 |  3 -0.00639  1.13612e+00
  4 -0.00720  1.03404e+00 |  5 -0.00805  9.46306e-01 |  6 -0.00931  7.27951e-01
  7 -0.01018  7.07910e-01 |  8 -0.01061  9.10388e-01 |  9 -0.01013  1.54324e+00
 10 -0.01480  1.01774e-01 | 11 -0.01494  6.00498e-01 | 12 -0.01616  7.21358e-01
 13 -0.01737  9.20375e-01 | 14 -0.01761  1.63039e+00 | 15 -0.01972  1.61672e+00
 16 -0.02383  7.96644e-01 | 17 -0.02483  1.44615e+00 | 18 -0.02864  8.75827e-01
 19 -0.03110  9.84799e-01 | 20 -0.03243  1.81772e+00 | 21 -0.03545  1.92777e+00
 22 -0.03864  2.21422e+00 | 23 -0.04663  3.35961e-01 | 24 -0.04827  2.00009e+00
 25 -0.05534  1.58729e+00 | 26 -0.05848  3.59373e+00 | 27 -0.06503  3.36131e+00
 28 -0.06988  2.51726e+00 | 29 -0.07254  1.18098e+00 | 30 -0.06922  1.13609e+00
 31 -0.05907  1.18503e+00 | 32 -0.03767  3.44865e+00 | 33 -0.00421  7.58087e+00
 34  0.02812  6.31430e+00 | 35  0.06903  1.08882e+01 | 36  0.08079  1.03808e+01
 37  0.04260  5.25741e+00 | 38  0.00945  1.50041e+00 | 39 -0.00744 -5.81389e-01
 40 -0.00905 -1.57156e+00 | 41  0.00114  5.07506e-01 | 42  0.01198 -1.04223e+00
 43  0.03168 -6.98512e-01 | 44  0.00907 -1.76191e+00 | 45 -0.01608  2.59256e-01
 46 -0.01287  6.93901e-01 | 47  0.00431 -3.68012e+00 | 48  0.00365 -6.76493e+00
 49  0.04096 -1.12210e+01 | 50  0.04326 -8.50869e+00 | 51  0.00670 -1.34989e+01
 52  0.02612 -1.15011e+01 | 53  0.05234 -1.00764e+01 | 54  0.02774  5.98265e+00
 55  0.04412 -5.43075e+00 | 56  0.00700 -3.08169e-01 | 57  0.05448 -5.17234e+00
 58  0.06614 -1.31333e+01 | 59  0.04239 -9.91460e+00 | 60  0.07093 -3.31702e+00
 61  0.10651 -1.24106e+01 | 62  0.02568 -1.47191e+01 | 63  0.08527 -1.81672e+00
 64  0.04833 -9.44872e+00 | 65  0.03343 -6.63044e+00 | 66  0.05242 -6.27282e+00
 67 -0.02843 -5.05119e+00 | 68 -0.03063 -2.62885e+00 | 69  0.00483 -2.85196e+00
 70 -0.06104  1.43483e-01 | 71  0.28664 -3.15743e+01 | 72 -0.15216  1.04755e+00
 73  0.35993  2.03356e+01 | 74 -0.00687  9.95525e-01 | 75 -0.46122  4.91727e+00
 76 -0.46832 -1.49718e+00 | 77  0.24693  2.86766e+01 | 78  0.02262  3.55750e+01
 79  0.39405 -5.70198e-01 | 80 -0.42506  2.37972e+00 | 81 -0.21076 -9.54479e+00
 82 -0.41076  5.66136e+00 | 83  0.04423 -5.58288e+01 | 84  0.08854 -1.44966e+01
 85  1.14284 -6.59862e-01 | 86  0.00502 -2.73734e+01 | 87 -1.11032  2.77365e-01
 88 -0.49999 -2.35563e-01 |
88 variables; iteration 180; function evaluation 246; phase 3
Function value 9.3161297e+02; maximum gradient component mag 8.2614e+01
Var    Value     Gradient |Var    Value     Gradient |Var    Value     Gradient
  1  0.01672  8.26135e+01 |  2 -0.00558 -1.25628e+00 |  3 -0.00588 -1.18255e+00
  4 -0.00627 -1.11978e+00 |  5 -0.00694 -1.14014e+00 |  6 -0.00757 -1.10786e+00
  7 -0.00840 -1.11767e+00 |  8 -0.00941 -1.15678e+00 |  9 -0.01083 -1.31341e+00
 10 -0.01179 -1.22474e+00 | 11 -0.01299 -1.17116e+00 | 12 -0.01422 -1.05919e+00
 13 -0.01631 -1.23736e+00 | 14 -0.01870 -1.47036e+00 | 15 -0.01996 -1.12971e+00
 16 -0.02177 -9.32257e-01 | 17 -0.02426 -9.55232e-01 | 18 -0.02703 -1.04156e+00
 19 -0.02940 -8.75753e-01 | 20 -0.03285 -1.03708e+00 | 21 -0.03620 -1.07935e+00
 22 -0.03998 -1.07031e+00 | 23 -0.04443 -1.11600e+00 | 24 -0.04943 -1.12624e+00
 25 -0.05595 -1.17986e+00 | 26 -0.06273 -1.14949e+00 | 27 -0.06847 -9.04181e-01
 28 -0.07279 -1.45150e+00 | 29 -0.07125 -4.21201e-01 | 30 -0.06865 -1.22356e+00
 31 -0.05576 -2.86729e-01 | 32 -0.03689 -4.22544e-01 | 33 -0.00740  4.73415e-01
 34  0.03089 -2.53969e-01 | 35  0.06501  1.16831e+00 | 36  0.06797  1.32922e-01
 37  0.04280  4.47308e-01 | 38  0.01330 -4.13385e-02 | 39 -0.00212 -1.68312e-01
 40 -0.00420 -5.15020e-01 | 41  0.00201  6.60864e-01 | 42  0.01353 -4.22036e-02
 43  0.03075  7.15179e-01 | 44  0.00998  6.77860e-01 | 45 -0.02091  5.53251e-01
 46 -0.01882  1.95471e+00 | 47  0.00033  1.32482e+00 | 48  0.00674  2.72777e+00
 49  0.04369  2.30241e+00 | 50  0.03266  3.01713e+00 | 51  0.01864  3.64165e+00
 52  0.02475  1.98109e+00 | 53  0.05496  2.80935e+00 | 54  0.01707  3.18795e+00
 55  0.04871  1.78100e+00 | 56  0.00315  1.60559e+00 | 57  0.05173  1.46141e+00
 58  0.07042  2.29135e+00 | 59  0.04303 -1.09472e+00 | 60  0.06496  1.65757e+00
 61  0.10254  1.74449e+00 | 62  0.04912 -8.02656e-01 | 63  0.06611  1.23587e-01
 64  0.05836  1.06735e+00 | 65  0.03300 -9.50220e-01 | 66  0.05052 -7.55046e-03
 67 -0.02467 -7.37427e-01 | 68 -0.03064 -9.32851e-01 | 69  0.00583 -6.81412e-01
 70 -0.06074 -1.47113e+00 | 71  0.29635  1.86480e+01 | 72 -0.16671  9.17509e+00
 73  0.36521 -3.70845e+00 | 74 -0.02609  1.04537e+00 | 75 -0.46394 -1.31845e+00
 76 -0.45449  8.08226e-01 | 77  0.26893  8.16221e-01 | 78  0.00523  7.08733e-01
 79  0.41256 -2.22268e-01 | 80 -0.48984  3.90257e-02 | 81 -0.21031 -1.15298e+00
 82 -0.41636  5.83215e-01 | 83  0.08745 -4.69846e+00 | 84  0.05768 -5.73580e+00
 85  1.00000  1.82767e-01 | 86  0.03036 -2.27325e+00 | 87 -1.11006  5.24679e-01
 88 -0.52952  1.66543e+00 |
88 variables; iteration 200; function evaluation 266; phase 3
Function value 9.3144045e+02; maximum gradient component mag 5.2917e+01
Var    Value     Gradient |Var    Value     Gradient |Var    Value     Gradient
  1  0.01649  5.29171e+01 |  2 -0.00682 -1.30346e+00 |  3 -0.00573 -6.81673e-01
  4 -0.00676 -8.75895e-01 |  5 -0.00693 -6.98447e-01 |  6 -0.00750 -6.44780e-01
  7 -0.00808 -5.56330e-01 |  8 -0.00914 -6.18813e-01 |  9 -0.00979 -4.61680e-01
 10 -0.01094 -4.48342e-01 | 11 -0.01261 -5.94506e-01 | 12 -0.01406 -5.83037e-01
 13 -0.01555 -5.08085e-01 | 14 -0.01860 -1.03277e+00 | 15 -0.02019 -8.40553e-01
 16 -0.02320 -1.19213e+00 | 17 -0.02611 -1.42436e+00 | 18 -0.02794 -1.10643e+00
 19 -0.03028 -9.49836e-01 | 20 -0.03232 -4.60918e-01 | 21 -0.03628 -8.10043e-01
 22 -0.03989 -7.32057e-01 | 23 -0.04570 -1.48583e+00 | 24 -0.04904 -6.73466e-01
 25 -0.05546 -6.94727e-01 | 26 -0.06223 -6.81113e-01 | 27 -0.06883 -9.48227e-01
 28 -0.07295 -1.40871e+00 | 29 -0.07111 -2.39690e-01 | 30 -0.06904 -1.36897e+00
 31 -0.05519  5.79700e-02 | 32 -0.03950 -1.72751e+00 | 33 -0.00487  1.40030e+00
 34  0.03379  3.70291e-01 | 35  0.06496  8.66431e-01 | 36  0.06156 -1.16387e+00
 37  0.04764  1.87578e+00 | 38  0.01245  7.92885e-02 | 39 -0.00187  5.09817e-01
 40 -0.00310  6.08426e-01 | 41  0.00248  1.57341e+00 | 42  0.01260  3.16733e-01
 43  0.03446  2.36033e+00 | 44  0.00751  3.58012e-02 | 45 -0.02211  1.90436e-02
 46 -0.02171  4.16921e-01 | 47  0.00319  2.03383e+00 | 48  0.00709  2.39902e+00
 49  0.04295  1.33852e+00 | 50  0.03222  3.18201e+00 | 51  0.02075  5.51396e+00
 52  0.02393  1.23326e+00 | 53  0.05600  1.25833e+00 | 54  0.01376 -1.00639e+00
 55  0.05052  6.39224e-01 | 56  0.00260  4.97560e-01 | 57  0.05127 -6.77336e-02
 58  0.06992  2.07724e+00 | 59  0.04674  7.26788e-01 | 60  0.06190 -1.56874e-01
 61  0.10295  1.71365e+00 | 62  0.05152  4.63509e-02 | 63  0.06566 -1.01612e+00
 64  0.05544 -1.46478e+00 | 65  0.03594  2.89164e-01 | 66  0.05123  8.19742e-01
 67 -0.02758 -2.00052e+00 | 68 -0.02933  1.26108e-01 | 69  0.00616  3.07597e-01
 70 -0.06031 -5.53786e-01 | 71  0.30177  4.89779e-01 | 72 -0.20045  3.39493e+00
 73  0.36908  5.04226e-01 | 74 -0.01702 -1.11109e-02 | 75 -0.46622 -1.89953e-01
 76 -0.45883  7.29581e-01 | 77  0.24981  2.05529e+01 | 78  0.01599  2.32861e+01
 79  0.38580  1.54231e-03 | 80 -0.37502  2.02226e+00 | 81 -0.20498 -1.97009e+00
 82 -0.41383  3.27213e+00 | 83  0.08724  1.34916e+01 | 84  0.05781  2.50180e+01
 85  1.02908  6.59253e-01 | 86  0.03233  6.32691e+00 | 87 -1.18130  9.76273e-01
 88 -0.53946 -3.71989e-01 |
88 variables; iteration 220; function evaluation 292; phase 3
Function value 9.2785453e+02; maximum gradient component mag -2.6209e+02
Var    Value     Gradient |Var    Value     Gradient |Var    Value     Gradient
  1  0.01655 -2.62094e+02 |  2 -0.00403  3.91753e+00 |  3 -0.00661  3.07180e+00
  4 -0.00735  2.97537e+00 |  5 -0.00933  2.41135e+00 |  6 -0.01037  2.24861e+00
  7 -0.01168  2.01234e+00 |  8 -0.01113  2.57012e+00 |  9 -0.00821  4.15523e+00
 10 -0.01290  2.67244e+00 | 11 -0.01468  2.43711e+00 | 12 -0.01874  1.30864e+00
 13 -0.01627  2.99058e+00 | 14 -0.01419  4.63018e+00 | 15 -0.02020  2.85977e+00
 16 -0.02483  1.74032e+00 | 17 -0.02461  2.84383e+00 | 18 -0.03132  8.81182e-01
 19 -0.03419  6.93021e-01 | 20 -0.03560  1.36361e+00 | 21 -0.03757  1.85520e+00
 22 -0.04020  2.29323e+00 | 23 -0.04542  1.71348e+00 | 24 -0.04792  2.77918e+00
 25 -0.05341  3.09084e+00 | 26 -0.05990  3.13596e+00 | 27 -0.06760  2.17211e+00
 28 -0.07725 -1.51450e+00 | 29 -0.07443  1.04798e-01 | 30 -0.05824  7.02928e+00
 31 -0.05886  2.06038e-01 | 32 -0.03113  4.19308e+00 | 33  0.00435  6.35889e+00
 34  0.03765  2.11048e+00 | 35  0.04684 -2.36267e+00 | 36  0.07316  1.11091e+00
 37  0.05138  3.68641e+00 | 38  0.01477  2.50737e+00 | 39 -0.01329 -1.89334e+00
 40  0.00063  4.07793e+00 | 41 -0.00308  1.69909e+00 | 42  0.00879  1.75495e+00
 43  0.04568  9.45351e+00 | 44  0.00811  5.37196e+00 | 45 -0.02122  6.22920e+00
 46 -0.01954  7.56950e+00 | 47 -0.00388  5.38933e+00 | 48  0.01172  9.40643e+00
 49  0.04311  2.36812e+00 | 50  0.03951 -1.09736e-01 | 51  0.01509 -4.89252e+00
 52  0.02345 -9.72999e+00 | 53  0.06296 -1.18697e+01 | 54 -0.00844 -2.38306e+01
 55  0.06184 -1.10270e+01 | 56 -0.00566 -9.65609e+00 | 57  0.05450 -1.09898e+01
 58  0.06579 -1.12577e+01 | 59  0.05664 -2.48099e+00 | 60  0.05599 -8.96051e+00
 61  0.09935 -8.92406e+00 | 62  0.07109 -6.46044e-01 | 63  0.04900 -1.50336e+01
 64  0.05659 -1.03604e+01 | 65  0.04691 -2.10983e+00 | 66  0.03987 -9.82876e+00
 67 -0.01686  2.22286e+00 | 68 -0.02995  1.75361e-02 | 69  0.00439 -1.50850e+00
 70 -0.05913  1.31195e+00 | 71  0.31703 -2.24976e+01 | 72 -0.34116 -3.66778e-01
 73  0.38102  1.06518e+01 | 74 -0.00614 -2.58232e+00 | 75 -0.47557  5.48328e-01
 76 -0.46584  7.41732e-02 | 77  0.16099  9.22522e+01 | 78  0.06277  1.58739e+02
 79  0.23924  3.15879e+00 | 80 -0.20799  3.44617e+00 | 81 -0.18544  7.33352e+00
 82 -0.41548  4.64082e+00 | 83  0.11365  8.17504e+00 | 84  0.03667 -2.72557e+01
 85  1.41034  8.18781e+00 | 86  0.04935 -9.87674e+00 | 87 -1.70871  1.78911e+01
 88 -0.60549 -7.82566e+00 |
88 variables; iteration 240; function evaluation 313; phase 3
Function value 9.2179291e+02; maximum gradient component mag 7.9032e+01
Var    Value     Gradient |Var    Value     Gradient |Var    Value     Gradient
  1  0.01765  7.90315e+01 |  2 -0.00806 -2.12418e+00 |  3 -0.00564 -9.80971e-01
  4 -0.00614 -9.67484e-01 |  5 -0.00638 -8.21397e-01 |  6 -0.00662 -6.38974e-01
  7 -0.00699 -4.70608e-01 |  8 -0.00770 -3.92036e-01 |  9 -0.00925 -6.05509e-01
 10 -0.00894  5.39654e-03 | 11 -0.01087 -2.47204e-01 | 12 -0.01334 -6.60576e-01
 13 -0.01482 -5.87041e-01 | 14 -0.01573 -1.74633e-01 | 15 -0.02014 -1.20546e+00
 16 -0.02246 -1.23241e+00 | 17 -0.02356 -6.24901e-01 | 18 -0.02841 -1.66031e+00
 19 -0.03012 -1.19446e+00 | 20 -0.03250 -8.43225e-01 | 21 -0.03559 -7.54275e-01
 22 -0.03870 -4.18030e-01 | 23 -0.04279 -3.11500e-01 | 24 -0.04755 -2.86830e-01
 25 -0.05413 -4.39093e-01 | 26 -0.06135 -6.75135e-01 | 27 -0.06853 -1.19696e+00
 28 -0.07542 -3.16550e+00 | 29 -0.06890  1.00663e+00 | 30 -0.07009 -1.60252e+00
 31 -0.05579  6.92304e-01 | 32 -0.03824  5.62813e-01 | 33 -0.00297  4.97327e+00
 34  0.00930 -3.47115e+00 | 35  0.09838  1.31668e+01 | 36  0.05609  2.72096e+00
 37  0.03373  2.16431e+00 | 38  0.00409 -1.35151e-01 | 39  0.00612  6.02656e+00
 40 -0.00719  8.80868e-01 | 41  0.00325  3.65179e+00 | 42  0.01682  3.62789e+00
 43  0.03400  4.27826e+00 | 44  0.01267  3.52690e+00 | 45 -0.01972  2.16933e+00
 46 -0.02229  9.55070e-01 | 47 -0.00341  2.06816e-01 | 48  0.00536  2.24828e+00
 49  0.03746 -5.16053e-01 | 50  0.04389  5.59873e+00 | 51  0.01705  7.08722e+00
 52  0.02552  2.70974e+00 | 53  0.05540  2.08630e+00 | 54  0.01791  2.94037e+00
 55  0.05065  9.36013e-01 | 56 -0.00398 -5.24968e+00 | 57  0.05321 -1.02119e+00
 58  0.07102  5.99636e-01 | 59  0.04812 -2.20034e+00 | 60  0.05765 -6.39192e+00
 61  0.11155 -4.70317e+00 | 62  0.02176 -1.46457e+01 | 63  0.08380 -1.26387e-01
 64  0.05291 -5.32481e+00 | 65  0.02258 -7.04371e+00 | 66  0.05678  4.30589e+00
 67 -0.02571  1.52612e+00 | 68 -0.02975  2.56609e+00 | 69  0.00533  2.94757e+00
 70 -0.06116 -2.22022e-01 | 71  0.31928 -3.78247e+00 | 72 -0.34955  4.94880e-01
 73  0.38215  4.77763e+00 | 74 -0.01122 -2.91266e+00 | 75 -0.47290  1.92724e+00
 76 -0.46735 -1.21784e+00 | 77  0.16011  1.86779e+01 | 78  0.01734  3.68147e+01
 79  0.20664  8.07665e-01 | 80 -0.02618  7.86705e-01 | 81 -0.19334 -2.83656e+00
 82 -0.46557  3.42112e+00 | 83  0.02537  6.24993e+00 | 84  0.08535  5.34869e+00
 85  1.64787 -1.60629e-01 | 86  0.04953  3.98086e+00 | 87 -1.79797 -3.09278e+00
 88 -0.59301 -5.39413e+00 |
88 variables; iteration 260; function evaluation 333; phase 3
Function value 9.2003369e+02; maximum gradient component mag 1.9301e+01
Var    Value     Gradient |Var    Value     Gradient |Var    Value     Gradient
  1  0.01734  1.93011e+01 |  2 -0.00492 -2.80063e-01 |  3 -0.00575 -4.19718e-01
  4 -0.00622 -3.96709e-01 |  5 -0.00693 -4.35615e-01 |  6 -0.00774 -4.82726e-01
  7 -0.00851 -4.78179e-01 |  8 -0.00930 -4.32640e-01 |  9 -0.01009 -3.42101e-01
 10 -0.01144 -4.17835e-01 | 11 -0.01260 -3.51553e-01 | 12 -0.01401 -3.24448e-01
 13 -0.01573 -3.45240e-01 | 14 -0.01711 -1.41112e-01 | 15 -0.01959 -3.17164e-01
 16 -0.02124 -3.60256e-02 | 17 -0.02394 -1.27994e-01 | 18 -0.02623  2.98254e-02
 19 -0.02932 -1.16270e-01 | 20 -0.03310 -4.10254e-01 | 21 -0.03620 -3.10987e-01
 22 -0.03963 -1.17338e-01 | 23 -0.04358  7.58583e-02 | 24 -0.04890 -1.80017e-01
 25 -0.05525 -2.19365e-01 | 26 -0.06187 -1.54359e-01 | 27 -0.06785 -6.33590e-02
 28 -0.06977  7.74913e-01 | 29 -0.07176 -2.66385e-01 | 30 -0.06675  4.55849e-01
 31 -0.05698 -2.76032e-01 | 32 -0.03519  1.19024e+00 | 33 -0.00564  2.01411e+00
 34  0.02859 -1.53148e-01 | 35  0.06738  2.09365e+00 | 36  0.07083  1.37937e+00
 37  0.03702 -2.00309e-01 | 38  0.01232  3.90166e-01 | 39 -0.00361 -1.19621e-01
 40 -0.00365  2.98406e-01 | 41 -0.00064  3.60539e-02 | 42  0.01598  8.08960e-01
 43  0.03297  8.17982e-01 | 44  0.00893 -3.54504e-01 | 45 -0.02073  1.31980e-01
 46 -0.02076  6.39958e-01 | 47 -0.00110  5.54418e-01 | 48  0.00151  5.13579e-01
 49  0.04273  6.11147e-01 | 50  0.04022  3.69467e-01 | 51  0.01357 -1.20108e-01
 52  0.02624  4.66925e-02 | 53  0.05577 -1.92113e-01 | 54  0.01497 -1.09258e+00
 55  0.04904  6.16717e-01 | 56  0.00149  4.74046e-01 | 57  0.05178  1.35544e+00
 58  0.06974  3.90591e-01 | 59  0.04542 -8.30298e-01 | 60  0.06426  5.15293e-01
 61  0.10027 -2.23003e+00 | 62  0.05245 -1.09341e+00 | 63  0.06460 -1.58405e+00
 64  0.05602 -1.62039e+00 | 65  0.03364 -1.28028e+00 | 66  0.04852 -1.93263e+00
 67 -0.02505 -1.61241e+00 | 68 -0.03013 -1.50036e+00 | 69  0.00403 -1.91432e+00
 70 -0.06157 -1.03151e+00 | 71  0.31735  5.19705e+00 | 72 -0.33523  1.02181e+00
 73  0.37946 -2.22418e+00 | 74 -0.00824  1.31534e+00 | 75 -0.47194  2.21529e-01
 76 -0.46630  4.48647e-01 | 77  0.22906  1.12570e+01 | 78 -0.07841  1.11236e+01
 79  0.29625 -2.95299e-01 | 80  0.01305  2.19533e+00 | 81 -0.20485 -1.05702e+00
 82 -0.50428 -1.43440e-01 | 83  0.00529 -5.62497e-01 | 84  0.09934  1.65275e+00
 85  1.68257 -8.36302e-01 | 86  0.02859 -2.72713e+00 | 87 -1.80650 -1.33671e+00
 88 -0.52645  2.23593e+00 |
88 variables; iteration 280; function evaluation 353; phase 3
Function value 9.1980699e+02; maximum gradient component mag 6.9807e+01
Var    Value     Gradient |Var    Value     Gradient |Var    Value     Gradient
  1  0.01767  6.98068e+01 |  2 -0.00532 -1.07382e+00 |  3 -0.00563 -1.00710e+00
  4 -0.00615 -9.94171e-01 |  5 -0.00671 -9.71907e-01 |  6 -0.00736 -9.49542e-01
  7 -0.00806 -9.11679e-01 |  8 -0.00890 -8.81554e-01 |  9 -0.00986 -8.48050e-01
 10 -0.01096 -8.11987e-01 | 11 -0.01234 -8.29998e-01 | 12 -0.01387 -8.39392e-01
 13 -0.01540 -7.72032e-01 | 14 -0.01716 -7.16908e-01 | 15 -0.01947 -8.10716e-01
 16 -0.02165 -7.49322e-01 | 17 -0.02396 -6.51697e-01 | 18 -0.02686 -7.60574e-01
 19 -0.02957 -7.11822e-01 | 20 -0.03273 -6.90388e-01 | 21 -0.03589 -6.01816e-01
 22 -0.03958 -5.12079e-01 | 23 -0.04381 -4.32404e-01 | 24 -0.04871 -4.32161e-01
 25 -0.05503 -4.06943e-01 | 26 -0.06158 -2.52618e-01 | 27 -0.06780 -2.43189e-01
 28 -0.07146 -3.78419e-01 | 29 -0.07130 -7.95048e-02 | 30 -0.06751 -7.56204e-03
 31 -0.05636  1.21282e-01 | 32 -0.03671  6.05736e-01 | 33 -0.00567  2.39975e+00
 34  0.02955  8.77931e-01 | 35  0.06906  3.80086e+00 | 36  0.06818  2.30857e+00
 37  0.03826  1.13692e+00 | 38  0.01115  6.80968e-01 | 39 -0.00232  9.46029e-01
 40 -0.00301  1.08340e+00 | 41 -0.00002  8.16182e-01 | 42  0.01456  1.07558e+00
 43  0.03140  1.49272e+00 | 44  0.01145  1.64403e+00 | 45 -0.02109  8.66504e-01
 46 -0.02053  1.74614e+00 | 47 -0.00246  1.18824e+00 | 48  0.00346  2.24103e+00
 49  0.04165  1.35854e+00 | 50  0.04009  1.99533e+00 | 51  0.01480  1.73382e+00
 52  0.02561  4.00175e-01 | 53  0.05544  5.61069e-01 | 54  0.01559 -1.57033e-01
 55  0.04839  1.67509e-01 | 56  0.00206  1.06695e-01 | 57  0.05091  1.01460e-01
 58  0.06982  8.53476e-01 | 59  0.04660 -2.37675e-01 | 60  0.06182 -1.10803e+00
 61  0.10218 -9.53984e-01 | 62  0.05008 -1.93297e+00 | 63  0.06520 -1.76899e+00
 64  0.05651 -1.52140e+00 | 65  0.03250 -1.98337e+00 | 66  0.04887 -1.70245e+00
 67 -0.02499 -1.49974e+00 | 68 -0.03034 -1.31372e+00 | 69  0.00448 -1.20709e+00
 70 -0.06128 -1.29802e+00 | 71  0.31744 -4.23286e-01 | 72 -0.34180  6.18137e-01
 73  0.37993 -9.89491e-01 | 74 -0.00771  1.61151e-01 | 75 -0.47280 -1.56589e-01
 76 -0.46621  4.80257e-01 | 77  0.26063  6.16880e+00 | 78 -0.15895  4.06136e+00
 79  0.33177 -5.76864e-01 | 80  0.02311  3.23207e+00 | 81 -0.21111 -3.18916e+00
 82 -0.50444  1.46602e+00 | 83  0.02593  4.36625e+00 | 84  0.08933  3.79778e+00
 85  1.64124 -3.42615e-01 | 86  0.03008  1.66259e+00 | 87 -1.79542 -7.19836e-01
 88 -0.52400  4.77182e+00 |
88 variables; iteration 300; function evaluation 374; phase 3
Function value 9.1948337e+02; maximum gradient component mag 4.0717e+01
Var    Value     Gradient |Var    Value     Gradient |Var    Value     Gradient
  1  0.01751  4.07170e+01 |  2 -0.00493 -5.23536e-01 |  3 -0.00552 -5.66956e-01
  4 -0.00602 -5.53391e-01 |  5 -0.00671 -5.83726e-01 |  6 -0.00741 -5.87476e-01
  7 -0.00819 -5.84503e-01 |  8 -0.00904 -5.63497e-01 |  9 -0.00992 -5.00237e-01
 10 -0.01103 -4.77910e-01 | 11 -0.01242 -5.05852e-01 | 12 -0.01383 -4.72527e-01
 13 -0.01550 -4.72483e-01 | 14 -0.01740 -4.86396e-01 | 15 -0.01940 -4.49873e-01
 16 -0.02159 -4.03411e-01 | 17 -0.02365 -2.04042e-01 | 18 -0.02682 -4.41402e-01
 19 -0.02954 -4.08537e-01 | 20 -0.03279 -4.43370e-01 | 21 -0.03595 -3.59372e-01
 22 -0.03964 -2.82832e-01 | 23 -0.04397 -2.67847e-01 | 24 -0.04875 -2.11335e-01
 25 -0.05497 -1.52754e-01 | 26 -0.06156 -4.65054e-02 | 27 -0.06781 -1.00199e-01
 28 -0.07041  3.48245e-01 | 29 -0.07142 -1.08877e-01 | 30 -0.06712  1.65877e-01
 31 -0.05641 -7.71120e-02 | 32 -0.03654  3.63081e-01 | 33 -0.00770  9.71132e-01
 34  0.03425  1.33071e+00 | 35  0.06005  6.01404e-01 | 36  0.07256  1.84071e+00
 37  0.03917  5.95538e-01 | 38  0.01246  6.83561e-01 | 39 -0.00179  8.59958e-01
 40 -0.00390  4.81073e-01 | 41 -0.00090  2.28448e-01 | 42  0.01309  2.11165e-01
 43  0.03136  9.61119e-01 | 44  0.01236  1.47268e+00 | 45 -0.01953  1.17643e+00
 46 -0.02152  8.67390e-01 | 47 -0.00122  1.12141e+00 | 48  0.00120  8.61591e-01
 49  0.04214  1.01734e+00 | 50  0.04056  1.38734e+00 | 51  0.01383  8.68626e-01
 52  0.02596  5.99126e-01 | 53  0.05584  5.76447e-01 | 54  0.01414 -1.37868e+00
 55  0.04923  7.54449e-01 | 56  0.00163  2.65563e-01 | 57  0.05138  5.69627e-01
 58  0.06908  1.89523e-01 | 59  0.04684 -7.38540e-02 | 60  0.06215 -1.05116e+00
 61  0.10186 -1.32901e+00 | 62  0.05040 -1.66999e+00 | 63  0.06496 -1.37093e+00
 64  0.05664 -1.06331e+00 | 65  0.03275 -1.26363e+00 | 66  0.04885 -8.75383e-01
 67 -0.02469 -7.59391e-01 | 68 -0.03025 -8.55974e-01 | 69  0.00456 -7.55461e-01
 70 -0.06125 -7.46031e-01 | 71  0.32242  2.27406e+00 | 72 -0.45689  3.11268e-01
 73  0.38321 -1.03191e+00 | 74 -0.00444  1.23514e+00 | 75 -0.47512 -2.90669e-01
 76 -0.47006 -1.71349e-02 | 77  0.29556  1.53645e+01 | 78 -0.41882  8.71034e-01
 79  0.36739 -1.19213e+00 | 80  0.02919  6.29151e+00 | 81 -0.21728 -3.38099e+00
 82 -0.51225  1.26779e+00 | 83  0.00877  9.26993e+00 | 84  0.09671  2.25982e+01
 85  1.67587 -7.98376e-01 | 86  0.03377  6.59700e+00 | 87 -1.80479 -1.31587e+00
 88 -0.53784  1.12904e+00 |
88 variables; iteration 320; function evaluation 394; phase 3
Function value 9.1942751e+02; maximum gradient component mag 1.1526e+01
Var    Value     Gradient |Var    Value     Gradient |Var    Value     Gradient
  1  0.01750  1.15259e+01 |  2 -0.00515 -1.66750e-01 |  3 -0.00554 -1.36128e-01
  4 -0.00604 -1.24507e-01 |  5 -0.00666 -1.34376e-01 |  6 -0.00738 -1.45849e-01
  7 -0.00808 -1.14285e-01 |  8 -0.00890 -8.64906e-02 |  9 -0.00988 -7.45125e-02
 10 -0.01106 -8.54999e-02 | 11 -0.01231 -6.28888e-02 | 12 -0.01392 -1.21324e-01
 13 -0.01544 -6.41530e-02 | 14 -0.01698  6.81972e-02 | 15 -0.01939 -8.96247e-02
 16 -0.02160 -5.92379e-02 | 17 -0.02387  3.61665e-02 | 18 -0.02678 -9.96411e-02
 19 -0.02948 -7.13302e-02 | 20 -0.03261 -5.91207e-02 | 21 -0.03583 -1.91551e-02
 22 -0.03940  1.02587e-01 | 23 -0.04366  1.34793e-01 | 24 -0.04858  1.01509e-01
 25 -0.05487  1.02444e-01 | 26 -0.06164  7.62870e-02 | 27 -0.06792 -2.41669e-02
 28 -0.07172 -3.00655e-01 | 29 -0.07138  1.65396e-02 | 30 -0.06684  3.98588e-01
 31 -0.05629  1.45086e-02 | 32 -0.03617  4.92364e-01 | 33 -0.00800  6.36916e-01
 34  0.03243  3.20993e-01 | 35  0.06415  6.18138e-01 | 36  0.06932  3.43680e-01
 37  0.04013  1.89219e-01 | 38  0.01271  3.05276e-01 | 39 -0.00346 -1.65119e-01
 40 -0.00456 -1.48209e-01 | 41 -0.00002  1.68629e-01 | 42  0.01529  4.16198e-01
 43  0.03107  7.31985e-02 | 44  0.01166  4.72112e-01 | 45 -0.02041  2.01735e-01
 46 -0.02102  3.99645e-01 | 47 -0.00225 -2.23950e-01 | 48  0.00144  1.38656e-01
 49  0.04308  1.59312e-01 | 50  0.03947 -1.76842e-01 | 51  0.01429  2.05828e-01
 52  0.02592 -1.93152e-01 | 53  0.05531 -3.47731e-01 | 54  0.01595 -2.11109e-01
 55  0.04821 -2.86444e-01 | 56  0.00205 -7.51896e-02 | 57  0.05089 -2.49376e-01
 58  0.06979  4.17362e-01 | 59  0.04605 -1.23580e-01 | 60  0.06250 -1.82593e-01
 61  0.10196  2.01221e-01 | 62  0.05040 -3.30365e-01 | 63  0.06534  1.95959e-01
 64  0.05625 -5.77364e-02 | 65  0.03308 -1.47588e-01 | 66  0.04903  5.67239e-02
 67 -0.02530 -5.91122e-01 | 68 -0.02994 -3.53815e-01 | 69  0.00437 -6.12822e-01
 70 -0.06133 -3.74859e-01 | 71  0.32520  1.01559e+00 | 72 -0.58582  9.90283e-02
 73  0.38510 -6.10085e-01 | 74 -0.00515  4.86759e-01 | 75 -0.47638 -1.65821e-01
 76 -0.46826  3.60030e-01 | 77  0.30014  7.07773e-01 | 78 -0.70788  2.57992e-02
 79  0.37216 -4.39862e-02 | 80  0.03020  6.39446e-01 | 81 -0.21811 -5.90663e-01
 82 -0.51374  4.10548e-01 | 83  0.00702  7.33446e-01 | 84  0.09757  1.87342e+00
 85  1.67968 -8.23450e-02 | 86  0.03342  1.70823e-01 | 87 -1.80562 -6.39262e-02
 88 -0.53805  1.67260e-01 |
88 variables; iteration 340; function evaluation 414; phase 3
Function value 9.1941799e+02; maximum gradient component mag -9.6337e-02
Var    Value     Gradient |Var    Value     Gradient |Var    Value     Gradient
  1  0.01745 -9.63371e-02 |  2 -0.00510  1.27603e-03 |  3 -0.00556  1.07515e-03
  4 -0.00608  1.97930e-03 |  5 -0.00668  1.03190e-03 |  6 -0.00735  1.40401e-03
  7 -0.00813  1.36291e-03 |  8 -0.00901  1.27369e-03 |  9 -0.01001 -8.11182e-05
 10 -0.01115  1.93144e-03 | 11 -0.01244  1.98608e-03 | 12 -0.01389  2.68590e-03
 13 -0.01553  1.30012e-03 | 14 -0.01736  4.22547e-04 | 15 -0.01939  2.91306e-03
 16 -0.02165  1.20148e-03 | 17 -0.02410  4.64836e-03 | 18 -0.02670  4.74810e-05
 19 -0.02945  9.02681e-04 | 20 -0.03258  1.51747e-03 | 21 -0.03585  2.18970e-03
 22 -0.03963  1.41974e-03 | 23 -0.04392  1.09975e-03 | 24 -0.04874  1.45146e-03
 25 -0.05498  1.92440e-03 | 26 -0.06166  1.10860e-03 | 27 -0.06772 -5.64520e-04
 28 -0.07102 -5.29596e-03 | 29 -0.07115  1.24545e-03 | 30 -0.06721  2.76550e-03
 31 -0.05591  3.64685e-03 | 32 -0.03661  3.35466e-03 | 33 -0.00876 -1.56010e-02
 34  0.03289  4.33347e-03 | 35  0.06361  1.43006e-03 | 36  0.06983  1.32266e-02
 37  0.04032  4.64484e-03 | 38  0.01217  5.08054e-05 | 39 -0.00288 -5.74485e-03
 40 -0.00400 -2.79148e-03 | 41 -0.00019 -5.51127e-03 | 42  0.01461 -9.31674e-03
 43  0.03189  1.29079e-02 | 44  0.01105 -5.92992e-03 | 45 -0.02042  8.82925e-03
 46 -0.02159 -3.74298e-03 | 47 -0.00140 -6.71159e-03 | 48  0.00125  5.06449e-04
 49  0.04278 -3.05151e-03 | 50  0.04011 -8.50348e-03 | 51  0.01381 -5.41598e-04
 52  0.02608 -1.50876e-02 | 53  0.05541 -1.88525e-02 | 54  0.01591 -2.10733e-02
 55  0.04836 -1.07650e-02 | 56  0.00185 -1.33139e-02 | 57  0.05128 -7.93508e-03
 58  0.06939  6.05448e-03 | 59  0.04633 -2.79693e-03 | 60  0.06270 -2.15703e-03
 61  0.10158 -1.25661e-02 | 62  0.05129 -3.18846e-03 | 63  0.06475  1.02774e-03
 64  0.05644  2.93949e-03 | 65  0.03338  1.54610e-02 | 66  0.04863  2.29452e-02
 67 -0.02470  2.90680e-03 | 68 -0.03002  7.48139e-03 | 69  0.00452  2.72110e-03
 70 -0.06124 -2.35535e-03 | 71  0.32609 -3.39657e-03 | 72 -0.68122  4.27363e-02
 73  0.38576  2.01352e-02 | 74 -0.00500 -2.77736e-02 | 75 -0.47679  3.68137e-03
 76 -0.46908  1.98903e-03 | 77  0.30080 -3.49657e-02 | 78 -0.91778 -1.92305e-02
 79  0.37236  2.05424e-03 | 80  0.03041 -1.07915e-02 | 81 -0.21809  7.18766e-03
 82 -0.51582 -4.67434e-03 | 83  0.00633 -2.79761e-02 | 84  0.09785 -3.44196e-03
 85  1.68107 -9.56836e-03 | 86  0.03369 -5.29499e-03 | 87 -1.80598 -1.95784e-02
 88 -0.53881 -2.03543e-02 |
88 variables; iteration 360; function evaluation 434; phase 3
Function value 9.1941388e+02; maximum gradient component mag 5.9214e-02
Var    Value     Gradient |Var    Value     Gradient |Var    Value     Gradient
  1  0.01745  7.88794e-03 |  2 -0.00510  7.46740e-05 |  3 -0.00556 -1.44481e-04
  4 -0.00608  4.94667e-06 |  5 -0.00668 -2.08082e-04 |  6 -0.00735 -2.25095e-04
  7 -0.00813 -2.67070e-04 |  8 -0.00901 -3.25064e-04 |  9 -0.01001 -4.73858e-04
 10 -0.01115 -5.88883e-04 | 11 -0.01244 -3.72733e-04 | 12 -0.01390 -2.02411e-04
 13 -0.01553 -5.56257e-04 | 14 -0.01736 -6.97231e-04 | 15 -0.01940 -2.55961e-04
 16 -0.02165  3.27743e-04 | 17 -0.02411 -2.60411e-04 | 18 -0.02670  1.57469e-04
 19 -0.02945  1.55845e-04 | 20 -0.03258 -4.96859e-04 | 21 -0.03585 -4.49770e-04
 22 -0.03964 -3.89531e-04 | 23 -0.04393 -3.02988e-05 | 24 -0.04874 -5.98844e-04
 25 -0.05499 -7.83169e-04 | 26 -0.06166 -7.34150e-04 | 27 -0.06772 -5.13512e-04
 28 -0.07101  4.27733e-04 | 29 -0.07116 -5.79179e-04 | 30 -0.06721 -9.35861e-04
 31 -0.05592 -9.99593e-04 | 32 -0.03662  7.33907e-05 | 33 -0.00872  5.84575e-04
 34  0.03289  6.19937e-05 | 35  0.06363 -6.19132e-04 | 36  0.06978 -1.34075e-03
 37  0.04032 -7.16309e-04 | 38  0.01218 -9.15206e-05 | 39 -0.00286 -1.20656e-04
 40 -0.00400 -1.47002e-03 | 41 -0.00017 -1.44549e-04 | 42  0.01463  1.59890e-04
 43  0.03184 -4.92045e-04 | 44  0.01106  1.07863e-03 | 45 -0.02044  4.64669e-04
 46 -0.02159  1.74998e-03 | 47 -0.00139  1.60149e-03 | 48  0.00125  3.29205e-03
 49  0.04277  2.84200e-03 | 50  0.04012  3.34223e-03 | 51  0.01379  1.80841e-03
 52  0.02608  3.13002e-03 | 53  0.05540  3.81077e-03 | 54  0.01591  1.97558e-03
 55  0.04835  2.24956e-03 | 56  0.00186  1.86139e-03 | 57  0.05128  3.55511e-04
 58  0.06938 -2.73832e-03 | 59  0.04634 -1.71640e-04 | 60  0.06270 -4.75137e-05
 61  0.10159 -5.72468e-04 | 62  0.05129  4.49414e-04 | 63  0.06475  4.02080e-04
 64  0.05644 -1.05453e-03 | 65  0.03337 -2.11155e-03 | 66  0.04862 -2.95706e-03
 67 -0.02468 -1.83602e-03 | 68 -0.03003 -1.75449e-03 | 69  0.00452 -1.53305e-03
 70 -0.06123 -4.77336e-04 | 71  0.32668  5.92145e-02 | 72 -0.85537  2.40119e-04
 73  0.38614 -1.11450e-02 | 74 -0.00469  2.13201e-02 | 75 -0.47704 -3.15529e-03
 76 -0.46932  2.43413e-03 | 77  0.30066  1.24387e-02 | 78 -0.83079  3.25643e-05
 79  0.37224 -7.50103e-04 | 80  0.03037  3.10985e-03 | 81 -0.21806 -1.10170e-03
 82 -0.51576 -2.76022e-04 | 83  0.00641 -7.65921e-03 | 84  0.09782 -1.82904e-02
 85  1.68090  1.83129e-03 | 86  0.03367 -8.08969e-03 | 87 -1.80594  3.57568e-03
 88 -0.53871  1.34627e-05 |
  ic > imax  in fminim is answer attained ?
Var    Value     Gradient |Var    Value     Gradient |Var    Value     Gradient
  1  0.01745 -2.92031e-04 |  2 -0.00510  2.60373e-06 |  3 -0.00556  4.63697e-06
  4 -0.00608  5.01218e-06 |  5 -0.00668  4.57049e-06 |  6 -0.00735  4.78446e-06
  7 -0.00813  5.06798e-06 |  8 -0.00901  5.57730e-06 |  9 -0.01001  3.26346e-06
 10 -0.01115  6.32277e-06 | 11 -0.01244  5.74363e-06 | 12 -0.01390  4.05201e-06
 13 -0.01553  4.24517e-06 | 14 -0.01736  4.24863e-06 | 15 -0.01940  2.61093e-06
 16 -0.02165 -8.70729e-07 | 17 -0.02411  9.31427e-07 | 18 -0.02670 -1.49438e-06
 19 -0.02945 -7.61482e-07 | 20 -0.03258  1.45929e-06 | 21 -0.03585  1.95950e-06
 22 -0.03964  2.39948e-06 | 23 -0.04393  2.34966e-06 | 24 -0.04874  2.58331e-06
 25 -0.05499  1.91679e-06 | 26 -0.06166  2.16806e-06 | 27 -0.06772 -2.31924e-06
 28 -0.07101 -1.12797e-05 | 29 -0.07116 -6.19921e-08 | 30 -0.06721  1.28221e-06
 31 -0.05591 -2.04090e-06 | 32 -0.03662 -5.94243e-06 | 33 -0.00872 -1.12856e-06
 34  0.03288 -7.97915e-06 | 35  0.06363 -1.75199e-05 | 36  0.06978 -6.32473e-06
 37  0.04032 -1.51231e-05 | 38  0.01218  1.15379e-06 | 39 -0.00286 -1.64051e-05
 40 -0.00399  1.22452e-06 | 41 -0.00017  2.46219e-06 | 42  0.01463 -1.11654e-05
 43  0.03185 -9.66165e-06 | 44  0.01106 -1.47978e-05 | 45 -0.02044  9.23755e-06
 46 -0.02159  1.18157e-05 | 47 -0.00139 -4.67948e-06 | 48  0.00125  8.01209e-06
 49  0.04277 -6.53588e-06 | 50  0.04012  6.58837e-06 | 51  0.01379  2.49227e-05
 52  0.02608 -2.27390e-06 | 53  0.05540 -8.64645e-07 | 54  0.01591  9.04161e-06
 55  0.04835 -7.13433e-06 | 56  0.00186 -7.26194e-06 | 57  0.05128 -1.41063e-05
 58  0.06938  5.13041e-06 | 59  0.04634 -2.70382e-06 | 60  0.06270 -8.11032e-06
 61  0.10159 -1.13754e-05 | 62  0.05129  3.23646e-06 | 63  0.06475  7.13903e-06
 64  0.05644  9.07071e-06 | 65  0.03337  1.41264e-05 | 66  0.04862  2.83745e-05
 67 -0.02468  1.02387e-05 | 68 -0.03003  8.96223e-06 | 69  0.00452  7.26581e-06
 70 -0.06123  5.55258e-06 | 71  0.32669  8.72145e-05 | 72 -0.85599  5.64612e-08
 73  0.38614 -6.33793e-06 | 74 -0.00470  2.68590e-05 | 75 -0.47704 -5.50830e-06
 76 -0.46931  5.94577e-06 | 77  0.30066  4.27924e-05 | 78 -0.83080  3.15714e-07
 79  0.37224  3.01002e-06 | 80  0.03037  1.58070e-05 | 81 -0.21806  1.50042e-05
 82 -0.51576 -4.79892e-06 | 83  0.00642 -1.70631e-04 | 84  0.09781 -3.83857e-04
 85  1.68088  6.64785e-06 | 86  0.03367 -1.22493e-04 | 87 -1.80593  9.25633e-06
 88 -0.53872 -4.96598e-06 |
Function minimizer not making progress ... is minimum attained?
Minimprove criterion = 0.0000e+00

 - final statistics:
88 variables; iteration 368; function evaluation 471
Function value 9.1941e+02; maximum gradient component mag -3.8386e-04
Exit code = 1;  converg criter 1.0000e-04
Var    Value     Gradient |Var    Value     Gradient |Var    Value     Gradient
  1  0.01745 -2.92031e-04 |  2 -0.00510  2.60373e-06 |  3 -0.00556  4.63697e-06
  4 -0.00608  5.01218e-06 |  5 -0.00668  4.57049e-06 |  6 -0.00735  4.78446e-06
  7 -0.00813  5.06798e-06 |  8 -0.00901  5.57730e-06 |  9 -0.01001  3.26346e-06
 10 -0.01115  6.32277e-06 | 11 -0.01244  5.74363e-06 | 12 -0.01390  4.05201e-06
 13 -0.01553  4.24517e-06 | 14 -0.01736  4.24863e-06 | 15 -0.01940  2.61093e-06
 16 -0.02165 -8.70729e-07 | 17 -0.02411  9.31427e-07 | 18 -0.02670 -1.49438e-06
 19 -0.02945 -7.61482e-07 | 20 -0.03258  1.45929e-06 | 21 -0.03585  1.95950e-06
 22 -0.03964  2.39948e-06 | 23 -0.04393  2.34966e-06 | 24 -0.04874  2.58331e-06
 25 -0.05499  1.91679e-06 | 26 -0.06166  2.16806e-06 | 27 -0.06772 -2.31924e-06
 28 -0.07101 -1.12797e-05 | 29 -0.07116 -6.19921e-08 | 30 -0.06721  1.28221e-06
 31 -0.05591 -2.04090e-06 | 32 -0.03662 -5.94243e-06 | 33 -0.00872 -1.12856e-06
 34  0.03288 -7.97915e-06 | 35  0.06363 -1.75199e-05 | 36  0.06978 -6.32473e-06
 37  0.04032 -1.51231e-05 | 38  0.01218  1.15379e-06 | 39 -0.00286 -1.64051e-05
 40 -0.00399  1.22452e-06 | 41 -0.00017  2.46219e-06 | 42  0.01463 -1.11654e-05
 43  0.03185 -9.66165e-06 | 44  0.01106 -1.47978e-05 | 45 -0.02044  9.23755e-06
 46 -0.02159  1.18157e-05 | 47 -0.00139 -4.67948e-06 | 48  0.00125  8.01209e-06
 49  0.04277 -6.53588e-06 | 50  0.04012  6.58837e-06 | 51  0.01379  2.49227e-05
 52  0.02608 -2.27390e-06 | 53  0.05540 -8.64645e-07 | 54  0.01591  9.04161e-06
 55  0.04835 -7.13433e-06 | 56  0.00186 -7.26194e-06 | 57  0.05128 -1.41063e-05
 58  0.06938  5.13041e-06 | 59  0.04634 -2.70382e-06 | 60  0.06270 -8.11032e-06
 61  0.10159 -1.13754e-05 | 62  0.05129  3.23646e-06 | 63  0.06475  7.13903e-06
 64  0.05644  9.07071e-06 | 65  0.03337  1.41264e-05 | 66  0.04862  2.83745e-05
 67 -0.02468  1.02387e-05 | 68 -0.03003  8.96223e-06 | 69  0.00452  7.26581e-06
 70 -0.06123  5.55258e-06 | 71  0.32669  8.72145e-05 | 72 -0.85599  5.64612e-08
 73  0.38614 -6.33793e-06 | 74 -0.00470  2.68590e-05 | 75 -0.47704 -5.50830e-06
 76 -0.46931  5.94577e-06 | 77  0.30066  4.27924e-05 | 78 -0.83080  3.15714e-07
 79  0.37224  3.01002e-06 | 80  0.03037  1.58070e-05 | 81 -0.21806  1.50042e-05
 82 -0.51576 -4.79892e-06 | 83  0.00642 -1.70631e-04 | 84  0.09781 -3.83857e-04
 85  1.68088  6.64785e-06 | 86  0.03367 -1.22493e-04 | 87 -1.80593  9.25633e-06
 88 -0.53872 -4.96598e-06 |

Initial statistics: 98 variables; iteration 0; function evaluation 0; phase 4
Function value 9.1941388e+02; maximum gradient component mag -3.3971e+01
Var    Value     Gradient |Var    Value     Gradient |Var    Value     Gradient
  1  0.01745 -2.92031e-04 |  2 -0.00510  1.68776e-06 |  3 -0.00556  3.72101e-06
  4 -0.00608  4.09623e-06 |  5 -0.00668  3.65455e-06 |  6 -0.00735  3.86852e-06
  7 -0.00813  4.15206e-06 |  8 -0.00901  4.66140e-06 |  9 -0.01001  2.34757e-06
 10 -0.01115  5.40692e-06 | 11 -0.01244  4.82781e-06 | 12 -0.01390  3.13623e-06
 13 -0.01553  3.32945e-06 | 14 -0.01736  3.33297e-06 | 15 -0.01940  1.69536e-06
 16 -0.02165 -1.78620e-06 | 17 -0.02411  1.60879e-08 | 18 -0.02670 -2.40957e-06
 19 -0.02945 -1.67650e-06 | 20 -0.03258  5.44494e-07 | 21 -0.03585  1.04496e-06
 22 -0.03964  1.48526e-06 | 23 -0.04393  1.43584e-06 | 24 -0.04874  1.67000e-06
 25 -0.05499  1.00421e-06 | 26 -0.06166  1.25636e-06 | 27 -0.06772 -3.23006e-06
 28 -0.07101 -1.21900e-05 | 29 -0.07116 -9.72272e-07 | 30 -0.06721  3.71319e-07
 31 -0.05591 -2.95337e-06 | 32 -0.03662 -6.85691e-06 | 33 -0.00872 -2.04447e-06
 34  0.03288 -8.89393e-06 | 35  0.06363 -1.84313e-05 | 36  0.06978 -7.23523e-06
 37  0.04032 -1.60372e-05 | 38  0.01218  2.37959e-07 | 39 -0.00286 -1.73211e-05
 40 -0.00399  3.08543e-07 | 41 -0.00017  1.54620e-06 | 42  0.01463 -1.20812e-05
 43  0.03185 -1.05765e-05 | 44  0.01106 -1.57136e-05 | 45 -0.02044  8.32202e-06
 46 -0.02159  1.09003e-05 | 47 -0.00139 -5.59547e-06 | 48  0.00125  7.09609e-06
 49  0.04277 -7.44981e-06 | 50  0.04012  5.67418e-06 | 51  0.01379  2.40069e-05
 52  0.02608 -3.18914e-06 | 53  0.05540 -1.77719e-06 | 54  0.01591  8.12588e-06
 55  0.04835 -8.04770e-06 | 56  0.00186 -8.17793e-06 | 57  0.05128 -1.50194e-05
 58  0.06938  4.21984e-06 | 59  0.04634 -3.61741e-06 | 60  0.06270 -9.02188e-06
 61  0.10159 -1.22798e-05 | 62  0.05129  2.32343e-06 | 63  0.06475  6.22777e-06
 64  0.05644  8.15831e-06 | 65  0.03337  1.32116e-05 | 66  0.04862  2.74612e-05
 67 -0.02468  9.32343e-06 | 68 -0.03003  8.04725e-06 | 69  0.00452  6.34984e-06
 70 -0.06123  4.64082e-06 | 71  0.00000  3.12519e+01 | 72  0.00000  1.08313e+01
 73  0.00000  2.65157e+01 | 74  0.00000 -3.39708e+01 | 75  0.00000  0.00000e+00
 76  0.00000  0.00000e+00 | 77  0.00000  0.00000e+00 | 78  0.00000  0.00000e+00
 79  0.00000  0.00000e+00 | 80  0.00000  0.00000e+00 | 81  0.32669  8.72145e-05
 82 -0.85599  5.64612e-08 | 83  0.38614 -6.33793e-06 | 84 -0.00470  2.68590e-05
 85 -0.47704 -5.50829e-06 | 86 -0.46931  5.94577e-06 | 87  0.30066  4.27924e-05
 88 -0.83080  3.15714e-07 | 89  0.37224  3.01002e-06 | 90  0.03037  1.58070e-05
 91 -0.21806  1.50042e-05 | 92 -0.51576 -4.79892e-06 | 93  0.00642 -1.70631e-04
 94  0.09781 -3.83857e-04 | 95  0.31912 -6.64785e-06 | 96  0.03367 -1.22493e-04
 97 -0.19407 -9.25633e-06 | 98 -0.53872 -4.96598e-06 |

Intermediate statistics: 98 variables; iteration 20; function evaluation 25; phase 4
Function value 9.1889423e+02; maximum gradient component mag 1.0362e+02
Var    Value     Gradient |Var    Value     Gradient |Var    Value     Gradient
  1  0.01788  1.03621e+02 |  2 -0.00328 -6.75086e-01 |  3 -0.00379 -6.95152e-01
  4 -0.00437 -7.17671e-01 |  5 -0.00503 -7.42919e-01 |  6 -0.00578 -7.71205e-01
  7 -0.00662 -8.02835e-01 |  8 -0.00759 -8.38122e-01 |  9 -0.00868 -8.77340e-01
 10 -0.00992 -9.21109e-01 | 11 -0.01132 -9.69220e-01 | 12 -0.01290 -1.02204e+00
 13 -0.01466 -1.07953e+00 | 14 -0.01662 -1.14168e+00 | 15 -0.01879 -1.20843e+00
 16 -0.02119 -1.27965e+00 | 17 -0.02379 -1.35486e+00 | 18 -0.02654 -1.43317e+00
 19 -0.02945 -1.51518e+00 | 20 -0.03274 -1.60582e+00 | 21 -0.03619 -1.69959e+00
 22 -0.04016 -1.80296e+00 | 23 -0.04465 -1.91424e+00 | 24 -0.04966 -2.02988e+00
 25 -0.05609 -2.15650e+00 | 26 -0.06289 -2.26938e+00 | 27 -0.06902 -2.35444e+00
 28 -0.07233 -2.39297e+00 | 29 -0.07245 -2.39862e+00 | 30 -0.06843 -2.37504e+00
 31 -0.05698 -2.27697e+00 | 32 -0.03745 -2.09277e+00 | 33 -0.00922 -1.82215e+00
 34  0.03287 -1.39064e+00 | 35  0.06193 -1.24221e+00 | 36  0.06963 -3.86256e-01
 37  0.04111 -3.88264e-02 | 38  0.01255 -1.46758e-01 | 39 -0.00277 -2.67208e-01
 40 -0.00404 -3.42455e-01 | 41 -0.00033 -4.21422e-01 | 42  0.01410 -5.17031e-01
 43  0.03039 -6.88023e-01 | 44  0.01070 -5.00236e-01 | 45 -0.02076 -5.87354e-01
 46 -0.02205 -5.03568e-01 | 47 -0.00199 -1.99319e-01 | 48  0.00124  1.86016e-01
 49  0.04302  7.95821e-01 | 50  0.03884  1.25944e-01 | 51  0.01362 -1.97873e-01
 52  0.02582  8.03836e-01 | 53  0.05556  2.18435e+00 | 54  0.01526 -1.17158e-01
 55  0.04726 -3.95280e-01 | 56  0.00143  4.71381e-01 | 57  0.05124  3.09952e+00
 58  0.06924  4.55356e+00 | 59  0.04585  3.34807e+00 | 60  0.06250  3.61960e+00
 61  0.10144  5.81689e+00 | 62  0.05110  3.94295e+00 | 63  0.06388  5.88982e+00
 64  0.05677  8.52294e+00 | 65  0.03479  8.95881e+00 | 66  0.04975  9.10770e+00
 67 -0.02506  1.93451e+00 | 68 -0.03136 -9.33639e-01 | 69  0.00421 -1.36102e+00
 70 -0.05836  7.66173e-01 | 71 -0.00315  2.95599e+01 | 72  0.00663  1.73102e+01
 73 -0.00985  1.76327e+01 | 74  0.01228 -2.53474e+01 | 75  0.00000  0.00000e+00
 76  0.00000  0.00000e+00 | 77  0.00000  0.00000e+00 | 78  0.00000  0.00000e+00
 79  0.00000  0.00000e+00 | 80  0.00000  0.00000e+00 | 81  0.32653  3.00406e+00
 82 -0.85599 -3.71281e-03 | 83  0.38478 -8.85827e+00 | 84 -0.00519 -1.31972e+00
 85 -0.47734 -2.65686e+00 | 86 -0.46959 -2.62355e-01 | 87  0.30146 -3.78473e+00
 88 -0.83079 -5.69287e-03 | 89  0.37967  2.18648e-01 | 90  0.02839 -2.29581e+00
 91 -0.22156 -7.18046e+00 | 92 -0.51721 -7.70057e-01 | 93  0.01372  3.14572e+01
 94  0.09437  6.77611e+01 | 95  0.33418 -1.16751e+00 | 96  0.03451  1.90004e+01
 97 -0.19898 -3.68279e+00 | 98 -0.53946  2.25321e+00 |
98 variables; iteration 40; function evaluation 49; phase 4
Function value 9.1816494e+02; maximum gradient component mag 2.5088e+01
Var    Value     Gradient |Var    Value     Gradient |Var    Value     Gradient
  1  0.01759  2.50879e+01 |  2 -0.00648 -1.17498e+00 |  3 -0.00682 -1.13382e+00
  4 -0.00722 -1.08936e+00 |  5 -0.00768 -1.04181e+00 |  6 -0.00821 -9.91591e-01
  7 -0.00883 -9.39418e-01 |  8 -0.00956 -8.86373e-01 |  9 -0.01041 -8.33943e-01
 10 -0.01141 -7.83344e-01 | 11 -0.01256 -7.37409e-01 | 12 -0.01389 -6.97980e-01
 13 -0.01542 -6.67455e-01 | 14 -0.01717 -6.48578e-01 | 15 -0.01916 -6.43664e-01
 16 -0.02140 -6.53969e-01 | 17 -0.02386 -6.78919e-01 | 18 -0.02649 -7.14721e-01
 19 -0.02928 -7.58945e-01 | 20 -0.03248 -8.16091e-01 | 21 -0.03580 -8.72743e-01
 22 -0.03963 -9.33988e-01 | 23 -0.04396 -9.92205e-01 | 24 -0.04879 -1.04484e+00
 25 -0.05507 -1.11947e+00 | 26 -0.06186 -1.24484e+00 | 27 -0.06813 -1.42431e+00
 28 -0.07160 -1.56153e+00 | 29 -0.07189 -1.64998e+00 | 30 -0.06809 -1.70376e+00
 31 -0.05684 -1.63209e+00 | 32 -0.03727 -1.31415e+00 | 33 -0.00911 -9.09621e-01
 34  0.03471  2.80372e-01 | 35  0.06091 -1.73202e-02 | 36  0.07053  1.42906e+00
 37  0.04206  1.82907e+00 | 38  0.01245  1.39338e+00 | 39 -0.00240  1.49730e+00
 40 -0.00389  1.46845e+00 | 41 -0.00045  1.41700e+00 | 42  0.01446  1.67901e+00
 43  0.03324  2.32711e+00 | 44  0.00997  8.72316e-01 | 45 -0.02002  7.12679e-01
 46 -0.02084  3.71888e-01 | 47 -0.00095 -3.38186e-01 | 48  0.00083 -1.37990e+00
 49  0.03989 -2.39005e+00 | 50  0.04102  6.46513e-01 | 51  0.01554  2.26469e+00
 52  0.02513  7.79836e-01 | 53  0.05595  2.56545e+00 | 54  0.01633  1.16568e+00
 55  0.04806  8.69882e-02 | 56  0.00243 -2.86230e-02 | 57  0.05087 -1.25443e-01
 58  0.06858  1.36695e+00 | 59  0.04757  3.27441e+00 | 60  0.06426  2.83901e+00
 61  0.09995 -9.66754e-01 | 62  0.05040  1.34761e-01 | 63  0.06589  2.92868e+00
 64  0.05774  3.71095e+00 | 65  0.03294  1.61132e+00 | 66  0.04730  7.65944e-01
 67 -0.02359  1.15063e+00 | 68 -0.02964  3.67170e-01 | 69  0.00336 -2.51441e+00
 70 -0.05372  6.36206e-01 | 71 -0.01688  7.61892e+00 | 72  0.00661  3.93046e+00
 73 -0.02397  6.25727e+00 | 74  0.03460 -6.83020e-01 | 75  0.00000  0.00000e+00
 76  0.00000  0.00000e+00 | 77  0.00000  0.00000e+00 | 78  0.00000  0.00000e+00
 79  0.00000  0.00000e+00 | 80  0.00000  0.00000e+00 | 81  0.32646 -3.33561e-01
 82 -0.85596 -6.59900e-04 | 83  0.38658 -5.32285e-01 | 84 -0.00418  1.98490e-01
 85 -0.47778 -7.46191e-01 | 86 -0.46935  1.55108e-01 | 87  0.30188 -1.66701e+00
 88 -0.83097  1.13695e-03 | 89  0.38478  2.41149e+00 | 90  0.02840  1.38270e-01
 91 -0.21891  1.67772e+00 | 92 -0.51376  3.21213e-02 | 93  0.01023  4.14024e+00
 94  0.09564  1.38726e+01 | 95  0.33225  1.26864e+00 | 96  0.03571  4.03344e+00
 97 -0.19926  4.39131e-01 | 98 -0.54389 -4.37284e-01 |
98 variables; iteration 60; function evaluation 80; phase 4
Function value 9.1807555e+02; maximum gradient component mag 3.9354e+00
Var    Value     Gradient |Var    Value     Gradient |Var    Value     Gradient
  1  0.01798  3.93537e+00 |  2 -0.00412 -6.93941e-02 |  3 -0.00462 -7.72732e-02
  4 -0.00517 -8.23877e-02 |  5 -0.00579 -8.37260e-02 |  6 -0.00649 -8.03113e-02
  7 -0.00726 -7.14546e-02 |  8 -0.00814 -5.71606e-02 |  9 -0.00913 -3.86569e-02
 10 -0.01026 -1.87438e-02 | 11 -0.01155 -2.42160e-03 | 12 -0.01304  4.44572e-03
 13 -0.01475 -3.35878e-03 | 14 -0.01669 -2.70254e-02 | 15 -0.01886 -6.04374e-02
 16 -0.02125 -8.97053e-02 | 17 -0.02379 -9.85448e-02 | 18 -0.02642 -8.05014e-02
 19 -0.02916 -4.45513e-02 | 20 -0.03232 -1.25500e-02 | 21 -0.03567 -6.72934e-03
 22 -0.03957 -1.88596e-02 | 23 -0.04394 -6.16023e-03 | 24 -0.04883  1.34287e-02
 25 -0.05535 -6.68820e-02 | 26 -0.06208 -3.09700e-02 | 27 -0.06829 -6.54431e-02
 28 -0.07173 -1.39423e-01 | 29 -0.07158  4.84884e-02 | 30 -0.06777 -2.48548e-02
 31 -0.05647 -3.33389e-02 | 32 -0.03714 -2.52250e-02 | 33 -0.00915  3.38796e-02
 34  0.03219  4.13724e-04 | 35  0.06248  5.21603e-02 | 36  0.06918  9.79525e-02
 37  0.04012  5.86897e-02 | 38  0.01201  6.91146e-03 | 39 -0.00301  5.70955e-03
 40 -0.00420  9.85559e-03 | 41 -0.00048  9.65806e-03 | 42  0.01406  9.51995e-03
 43  0.03079 -9.99826e-03 | 44  0.01056  3.75042e-02 | 45 -0.02072 -8.48517e-03
 46 -0.02167  9.06113e-02 | 47 -0.00164  1.04018e-01 | 48  0.00112  8.84467e-02
 49  0.04206  2.33099e-02 | 50  0.03928  1.04979e-01 | 51  0.01377  5.79584e-02
 52  0.02556 -4.78404e-02 | 53  0.05501  1.48030e-01 | 54  0.01548 -7.60335e-02
 55  0.04800  1.36172e-01 | 56  0.00175  2.85909e-02 | 57  0.05076 -6.41678e-02
 58  0.06893  9.55600e-02 | 59  0.04605  5.99458e-02 | 60  0.06214  3.73337e-02
 61  0.10102  1.39122e-01 | 62  0.05104 -1.26001e-03 | 63  0.06410 -4.16930e-03
 64  0.05599  9.93935e-02 | 65  0.03308 -1.68033e-02 | 66  0.04768  2.63823e-02
 67 -0.02570  2.74976e-02 | 68 -0.03149  1.91528e-02 | 69  0.00531 -6.17311e-02
 70 -0.05384  1.47165e-02 | 71 -0.02343 -3.72205e-02 | 72  0.00743  1.12297e-02
 73 -0.02994  3.95197e-02 | 74  0.03524  2.64206e-02 | 75  0.00000  0.00000e+00
 76  0.00000  0.00000e+00 | 77  0.00000  0.00000e+00 | 78  0.00000  0.00000e+00
 79  0.00000  0.00000e+00 | 80  0.00000  0.00000e+00 | 81  0.32658  1.20502e-01
 82 -0.85591  1.28465e-04 | 83  0.38655 -7.91734e-02 | 84 -0.00443  1.06012e-01
 85 -0.47663  6.89694e-02 | 86 -0.46959  6.22158e-04 | 87  0.30073  1.18817e-01
 88 -0.83143  1.82240e-04 | 89  0.37404 -5.16040e-02 | 90  0.03006 -1.00288e-01
 91 -0.21688  4.78470e-02 | 92 -0.51584 -2.18857e-02 | 93  0.00910  1.62327e+00
 94  0.09653  3.50100e+00 | 95  0.32966  1.11041e-01 | 96  0.03396  1.00110e+00
 97 -0.19812  1.78797e-01 | 98 -0.53904  1.27139e-01 |
98 variables; iteration 80; function evaluation 116; phase 4
Function value 9.1807524e+02; maximum gradient component mag 7.0467e-01
Var    Value     Gradient |Var    Value     Gradient |Var    Value     Gradient
  1  0.01797  7.04665e-01 |  2 -0.00406 -2.19817e-03 |  3 -0.00455 -6.95332e-03
  4 -0.00511 -1.20909e-02 |  5 -0.00573 -1.44775e-02 |  6 -0.00643 -1.30525e-02
  7 -0.00722 -9.75400e-03 |  8 -0.00812 -8.62201e-03 |  9 -0.00917 -1.23382e-02
 10 -0.01036 -1.81501e-02 | 11 -0.01169 -1.83209e-02 | 12 -0.01317 -9.31829e-03
 13 -0.01484 -4.62036e-04 | 14 -0.01673 -4.47059e-03 | 15 -0.01885 -1.49451e-02
 16 -0.02116 -1.30422e-02 | 17 -0.02367 -4.08502e-03 | 18 -0.02634 -5.89439e-03
 19 -0.02916 -9.52391e-03 | 20 -0.03237 -5.44803e-03 | 21 -0.03573 -5.02931e-03
 22 -0.03963 -1.53552e-02 | 23 -0.04400 -8.00242e-03 | 24 -0.04894 -1.37051e-02
 25 -0.05530 -8.02668e-03 | 26 -0.06208 -4.04342e-03 | 27 -0.06824 -1.35872e-02
 28 -0.07153  4.45931e-03 | 29 -0.07169  6.84293e-03 | 30 -0.06778 -1.32584e-02
 31 -0.05643  4.48150e-03 | 32 -0.03713 -5.99908e-03 | 33 -0.00924  3.08113e-04
 34  0.03227  8.70659e-05 | 35  0.06255  1.26731e-02 | 36  0.06905  1.19957e-02
 37  0.04011  1.56402e-02 | 38  0.01206  4.80827e-03 | 39 -0.00299  6.44819e-03
 40 -0.00422  4.60330e-03 | 41 -0.00052 -2.13177e-03 | 42  0.01405  5.67372e-03
 43  0.03094  1.73109e-02 | 44  0.01054  6.99160e-03 | 45 -0.02064  5.26510e-03
 46 -0.02178  2.07738e-03 | 47 -0.00170  1.17726e-02 | 48  0.00104  1.04002e-02
 49  0.04219  2.11865e-02 | 50  0.03922  1.33600e-02 | 51  0.01373  3.47973e-03
 52  0.02566  9.98877e-03 | 53  0.05490  1.03158e-02 | 54  0.01569  2.27758e-02
 55  0.04789  7.70613e-03 | 56  0.00173 -4.09358e-03 | 57  0.05086  1.49441e-02
 58  0.06887  3.89696e-03 | 59  0.04603  6.61572e-03 | 60  0.06222  1.84488e-02
 61  0.10095  8.02155e-03 | 62  0.05113  1.07836e-02 | 63  0.06414  5.06729e-03
 64  0.05587  1.22933e-03 | 65  0.03320  1.37321e-02 | 66  0.04767  5.35648e-04
 67 -0.02574 -4.60380e-03 | 68 -0.03153 -2.91729e-03 | 69  0.00538 -6.35461e-03
 70 -0.05395 -1.47213e-02 | 71 -0.02339 -9.70453e-03 | 72  0.00743 -6.04579e-04
 73 -0.02995 -4.07028e-04 | 74  0.03524  7.04379e-03 | 75  0.00000  0.00000e+00
 76  0.00000  0.00000e+00 | 77  0.00000  0.00000e+00 | 78  0.00000  0.00000e+00
 79  0.00000  0.00000e+00 | 80  0.00000  0.00000e+00 | 81  0.32664  3.41050e-02
 82 -0.85591  6.57137e-05 | 83  0.38665 -5.41526e-03 | 84 -0.00465  2.49565e-03
 85 -0.47681 -1.40426e-02 | 86 -0.46941 -3.08850e-03 | 87  0.30064  1.99086e-02
 88 -0.83170  9.59102e-05 | 89  0.37414  1.48235e-03 | 90  0.03031  2.17988e-02
 91 -0.21694 -1.48942e-02 | 92 -0.51594  7.69248e-03 | 93  0.00794  2.78631e-01
 94  0.09704  6.23490e-01 | 95  0.32718  1.80623e-02 | 96  0.03393  1.75002e-01
 97 -0.19748  3.20109e-02 | 98 -0.53905  2.01757e-02 |
98 variables; iteration 100; function evaluation 150; phase 4
Function value 9.1807524e+02; maximum gradient component mag -6.5693e-04
Var    Value     Gradient |Var    Value     Gradient |Var    Value     Gradient
  1  0.01797  4.69026e-04 |  2 -0.00408  3.45239e-04 |  3 -0.00456  1.86194e-04
  4 -0.00510 -5.82002e-05 |  5 -0.00572  2.20143e-04 |  6 -0.00642 -1.81152e-04
  7 -0.00722 -3.52423e-04 |  8 -0.00813 -1.90713e-04 |  9 -0.00916 -2.64184e-04
 10 -0.01034  1.83173e-04 | 11 -0.01167 -1.03318e-07 | 12 -0.01317 -4.56990e-05
 13 -0.01486  6.55036e-05 | 14 -0.01674 -5.01975e-04 | 15 -0.01883 -1.10066e-04
 16 -0.02115  1.94042e-04 | 17 -0.02368  1.45266e-04 | 18 -0.02634  1.20059e-04
 19 -0.02916  1.53993e-05 | 20 -0.03238  1.56350e-04 | 21 -0.03574  8.37505e-05
 22 -0.03961 -2.88138e-04 | 23 -0.04400 -6.56928e-04 | 24 -0.04892  1.23822e-04
 25 -0.05529 -7.29932e-05 | 26 -0.06208  1.28408e-04 | 27 -0.06823  3.34862e-04
 28 -0.07155 -2.35969e-04 | 29 -0.07171  5.08330e-05 | 30 -0.06777 -1.10617e-04
 31 -0.05645  4.39079e-04 | 32 -0.03712  2.05234e-04 | 33 -0.00924  1.31145e-05
 34  0.03228 -4.30966e-04 | 35  0.06254  6.35619e-06 | 36  0.06905 -8.03746e-05
 37  0.04009  4.15492e-04 | 38  0.01206 -5.97634e-05 | 39 -0.00299  9.16141e-05
 40 -0.00422  1.54272e-04 | 41 -0.00050  3.97055e-05 | 42  0.01406 -7.65620e-05
 43  0.03092  2.18280e-04 | 44  0.01054 -3.73811e-05 | 45 -0.02064  1.51241e-04
 46 -0.02177 -1.06235e-04 | 47 -0.00171 -1.03174e-04 | 48  0.00103  2.99637e-05
 49  0.04217  1.28125e-04 | 50  0.03923  1.92255e-05 | 51  0.01373 -1.24088e-04
 52  0.02566  2.68762e-04 | 53  0.05491 -2.38992e-04 | 54  0.01567  5.11665e-04
 55  0.04789 -1.93133e-04 | 56  0.00174 -2.66082e-04 | 57  0.05085  4.37999e-04
 58  0.06887 -1.73304e-04 | 59  0.04604 -1.62208e-04 | 60  0.06220  2.44726e-04
 61  0.10096 -1.88909e-04 | 62  0.05111 -2.80796e-05 | 63  0.06415  1.55434e-04
 64  0.05588 -7.89794e-05 | 65  0.03318 -2.00782e-05 | 66  0.04768  4.82574e-05
 67 -0.02574  3.03018e-05 | 68 -0.03153 -3.48131e-04 | 69  0.00538  1.68642e-04
 70 -0.05395 -3.11075e-04 | 71 -0.02338 -7.70043e-05 | 72  0.00743 -3.01661e-05
 73 -0.02995 -1.19162e-04 | 74  0.03523  4.39891e-05 | 75  0.00000  0.00000e+00
 76  0.00000  0.00000e+00 | 77  0.00000  0.00000e+00 | 78  0.00000  0.00000e+00
 79  0.00000  0.00000e+00 | 80  0.00000  0.00000e+00 | 81  0.32664  1.75187e-04
 82 -0.85591  8.74471e-07 | 83  0.38665  1.24599e-04 | 84 -0.00464 -1.94012e-04
 85 -0.47679 -4.16043e-04 | 86 -0.46940 -1.55495e-04 | 87  0.30065 -1.84360e-05
 88 -0.83184  1.00007e-05 | 89  0.37412  1.61296e-04 | 90  0.03030  6.13637e-04
 91 -0.21693 -3.65646e-04 | 92 -0.51595  1.83758e-04 | 93  0.00778  1.22995e-04
 94  0.09711  6.11131e-04 | 95  0.32684  2.75513e-05 | 96  0.03393  1.49380e-04
 97 -0.19739  9.18218e-05 | 98 -0.53904 -4.60829e-05 |

 - final statistics:
98 variables; iteration 109; function evaluation 164
Function value 9.1808e+02; maximum gradient component mag 5.2958e-05
Exit code = 1;  converg criter 1.0000e-04
Var    Value     Gradient |Var    Value     Gradient |Var    Value     Gradient
  1  0.01797  5.29582e-05 |  2 -0.00408 -5.59877e-06 |  3 -0.00456  5.21224e-07
  4 -0.00510 -1.03019e-05 |  5 -0.00572  1.42749e-05 |  6 -0.00642 -1.92504e-05
  7 -0.00722  1.85707e-05 |  8 -0.00813 -4.30752e-05 |  9 -0.00916  2.57232e-05
 10 -0.01034  4.99219e-07 | 11 -0.01167  2.65682e-06 | 12 -0.01317  2.75633e-06
 13 -0.01486  6.19232e-06 | 14 -0.01674  1.26972e-05 | 15 -0.01883  3.97680e-06
 16 -0.02115 -9.33007e-06 | 17 -0.02368  4.99840e-06 | 18 -0.02634  1.66109e-06
 19 -0.02916 -2.00094e-07 | 20 -0.03238 -6.26304e-07 | 21 -0.03574 -5.62597e-07
 22 -0.03961  4.86825e-06 | 23 -0.04400  1.40572e-05 | 24 -0.04892 -3.66700e-06
 25 -0.05529  6.23289e-07 | 26 -0.06208 -3.32237e-06 | 27 -0.06823 -8.56077e-06
 28 -0.07155  6.26772e-06 | 29 -0.07171  1.18325e-06 | 30 -0.06777  3.44006e-06
 31 -0.05645 -5.31951e-06 | 32 -0.03712  2.54570e-06 | 33 -0.00924 -4.01896e-05
 34  0.03228  1.27364e-05 | 35  0.06254  6.16483e-06 | 36  0.06906  9.36403e-06
 37  0.04009 -1.02108e-10 | 38  0.01206  8.08693e-06 | 39 -0.00299  2.64007e-06
 40 -0.00422 -3.82403e-05 | 41 -0.00050 -6.75201e-06 | 42  0.01406  3.04972e-06
 43  0.03092  3.51431e-06 | 44  0.01054  2.24843e-05 | 45 -0.02064 -1.59233e-05
 46 -0.02176 -3.57872e-06 | 47 -0.00171 -2.14729e-06 | 48  0.00103  7.61104e-06
 49  0.04217 -1.57143e-06 | 50  0.03923 -2.27449e-07 | 51  0.01373  3.85985e-06
 52  0.02566 -4.58223e-06 | 53  0.05491  6.05636e-06 | 54  0.01567 -8.81348e-06
 55  0.04789  4.69430e-06 | 56  0.00174  5.81294e-06 | 57  0.05085 -8.04152e-06
 58  0.06888  4.20012e-06 | 59  0.04604  4.21359e-06 | 60  0.06220 -4.19089e-06
 61  0.10096  5.71987e-06 | 62  0.05111  1.47634e-07 | 63  0.06415 -2.70459e-06
 64  0.05588  3.30692e-06 | 65  0.03318 -1.92509e-06 | 66  0.04768  1.38750e-06
 67 -0.02574 -2.65939e-06 | 68 -0.03153  7.27432e-06 | 69  0.00538 -4.24963e-06
 70 -0.05395  5.33995e-06 | 71 -0.02338  7.38037e-07 | 72  0.00743  7.15635e-07
 73 -0.02995  2.30923e-06 | 74  0.03523 -5.91362e-07 | 75  0.00000  0.00000e+00
 76  0.00000  0.00000e+00 | 77  0.00000  0.00000e+00 | 78  0.00000  0.00000e+00
 79  0.00000  0.00000e+00 | 80  0.00000  0.00000e+00 | 81  0.32664 -6.07946e-07
 82 -0.85591  2.17373e-08 | 83  0.38665 -2.86211e-06 | 84 -0.00464  4.01734e-06
 85 -0.47679  7.08785e-06 | 86 -0.46940  2.76185e-06 | 87  0.30065  3.81539e-06
 88 -0.83188  2.76610e-06 | 89  0.37412 -3.32775e-06 | 90  0.03030 -1.02435e-05
 91 -0.21693  5.99483e-06 | 92 -0.51595 -3.11332e-06 | 93  0.00778  2.21972e-05
 94  0.09711  4.32843e-05 | 95  0.32684  1.37533e-06 | 96  0.03393  1.28322e-05
 97 -0.19739  1.15932e-06 | 98 -0.53904  3.38741e-06 |
Estimating row 1 out of 98 for hessian
Estimating row 2 out of 98 for hessian
Estimating row 3 out of 98 for hessian
Estimating row 4 out of 98 for hessian
Estimating row 5 out of 98 for hessian
Estimating row 6 out of 98 for hessian
Estimating row 7 out of 98 for hessian
Estimating row 8 out of 98 for hessian
Estimating row 9 out of 98 for hessian
Estimating row 10 out of 98 for hessian
Estimating row 11 out of 98 for hessian
Estimating row 12 out of 98 for hessian
Estimating row 13 out of 98 for hessian
Estimating row 14 out of 98 for hessian
Estimating row 15 out of 98 for hessian
Estimating row 16 out of 98 for hessian
Estimating row 17 out of 98 for hessian
Estimating row 18 out of 98 for hessian
Estimating row 19 out of 98 for hessian
Estimating row 20 out of 98 for hessian
Estimating row 21 out of 98 for hessian
Estimating row 22 out of 98 for hessian
Estimating row 23 out of 98 for hessian
Estimating row 24 out of 98 for hessian
Estimating row 25 out of 98 for hessian
Estimating row 26 out of 98 for hessian
Estimating row 27 out of 98 for hessian
Estimating row 28 out of 98 for hessian
Estimating row 29 out of 98 for hessian
Estimating row 30 out of 98 for hessian
Estimating row 31 out of 98 for hessian
Estimating row 32 out of 98 for hessian
Estimating row 33 out of 98 for hessian
Estimating row 34 out of 98 for hessian
Estimating row 35 out of 98 for hessian
Estimating row 36 out of 98 for hessian
Estimating row 37 out of 98 for hessian
Estimating row 38 out of 98 for hessian
Estimating row 39 out of 98 for hessian
Estimating row 40 out of 98 for hessian
Estimating row 41 out of 98 for hessian
Estimating row 42 out of 98 for hessian
Estimating row 43 out of 98 for hessian
Estimating row 44 out of 98 for hessian
Estimating row 45 out of 98 for hessian
Estimating row 46 out of 98 for hessian
Estimating row 47 out of 98 for hessian
Estimating row 48 out of 98 for hessian
Estimating row 49 out of 98 for hessian
Estimating row 50 out of 98 for hessian
Estimating row 51 out of 98 for hessian
Estimating row 52 out of 98 for hessian
Estimating row 53 out of 98 for hessian
Estimating row 54 out of 98 for hessian
Estimating row 55 out of 98 for hessian
Estimating row 56 out of 98 for hessian
Estimating row 57 out of 98 for hessian
Estimating row 58 out of 98 for hessian
Estimating row 59 out of 98 for hessian
Estimating row 60 out of 98 for hessian
Estimating row 61 out of 98 for hessian
Estimating row 62 out of 98 for hessian
Estimating row 63 out of 98 for hessian
Estimating row 64 out of 98 for hessian
Estimating row 65 out of 98 for hessian
Estimating row 66 out of 98 for hessian
Estimating row 67 out of 98 for hessian
Estimating row 68 out of 98 for hessian
Estimating row 69 out of 98 for hessian
Estimating row 70 out of 98 for hessian
Estimating row 71 out of 98 for hessian
Estimating row 72 out of 98 for hessian
Estimating row 73 out of 98 for hessian
Estimating row 74 out of 98 for hessian
Estimating row 75 out of 98 for hessian
Estimating row 76 out of 98 for hessian
Estimating row 77 out of 98 for hessian
Estimating row 78 out of 98 for hessian
Estimating row 79 out of 98 for hessian
Estimating row 80 out of 98 for hessian
Estimating row 81 out of 98 for hessian
Estimating row 82 out of 98 for hessian
Estimating row 83 out of 98 for hessian
Estimating row 84 out of 98 for hessian
Estimating row 85 out of 98 for hessian
Estimating row 86 out of 98 for hessian
Estimating row 87 out of 98 for hessian
Estimating row 88 out of 98 for hessian
Estimating row 89 out of 98 for hessian
Estimating row 90 out of 98 for hessian
Estimating row 91 out of 98 for hessian
Estimating row 92 out of 98 for hessian
Estimating row 93 out of 98 for hessian
Estimating row 94 out of 98 for hessian
Estimating row 95 out of 98 for hessian
Estimating row 96 out of 98 for hessian
Estimating row 97 out of 98 for hessian
Estimating row 98 out of 98 for hessian
size of file gradfil1.tmp = 0
size of file gradfil2.tmp = 0
size of file varssave.tmp = 0
size of file cmpdiff.tmp = 0
