
Initial statistics: 73 variables; iteration 0; function evaluation 0; phase 1
Function value 1.0143200e+03; maximum gradient component mag -2.6539e+04
Var    Value     Gradient |Var    Value     Gradient |Var    Value     Gradient
  1  0.16446 -2.44725e+03 |  2 -0.12706 -3.92658e+03 |  3 -1.00000 -1.44386e-07
  4  0.00915 -2.65386e+04 |  5  0.00209  3.97955e+02 |  6 -0.00369  3.96832e+02
  7  0.00307  4.02214e+02 |  8 -0.00114  4.02245e+02 |  9 -0.00198  4.04260e+02
 10  0.00341  4.10116e+02 | 11 -0.00213  4.10024e+02 | 12  0.00087  4.15330e+02
 13 -0.00299  4.16668e+02 | 14 -0.00273  4.20944e+02 | 15  0.00506  4.31028e+02
 16  0.00072  4.32737e+02 | 17  0.00173  4.38729e+02 | 18 -0.00011  4.42706e+02
 19  0.00252  4.50804e+02 | 20  0.00515  4.59341e+02 | 21  0.00349  4.63866e+02
 22  0.00157  4.67961e+02 | 23 -0.00463  4.67425e+02 | 24  0.00383  4.82742e+02
 25  0.00145  4.86367e+02 | 26 -0.00506  4.84567e+02 | 27  0.00458  5.01396e+02
 28  0.00366  5.03331e+02 | 29  0.00362  5.02301e+02 | 30 -0.00488  4.84904e+02
 31 -0.00436  4.71055e+02 | 32  0.00159  4.53164e+02 | 33  0.00150  4.19390e+02
 34 -0.00126  3.77894e+02 | 35  0.00034  3.36265e+02 | 36  0.00157  2.96080e+02
 37 -0.00296  2.63917e+02 | 38  0.00181  2.32831e+02 | 39 -0.00408  2.13700e+02
 40 -0.00462  1.91417e+02 | 41  0.00454  1.54181e+02 | 42  0.00215  1.27622e+02
 43 -0.00044  9.82101e+01 | 44  0.00482  4.88382e+01 | 45 -0.00217  2.20698e+01
 46 -0.00376 -1.83583e+01 | 47 -0.00103 -7.22870e+01 | 48  0.00415 -1.58648e+02
 49  0.00506 -2.63875e+02 | 50 -0.00224 -3.42401e+02 | 51  0.00179 -4.84473e+02
 52 -0.00429 -5.79844e+02 | 53 -0.00329 -7.11065e+02 | 54 -0.00087 -8.37492e+02
 55  0.00206 -9.42505e+02 | 56  0.00452 -1.02327e+03 | 57  0.00191 -1.08044e+03
 58 -0.00360 -1.14931e+03 | 59 -0.00085 -1.30433e+03 | 60  0.00321 -1.43299e+03
 61 -0.00282 -1.37017e+03 | 62 -0.00047 -1.34852e+03 | 63 -0.00030 -1.26394e+03
 64 -0.00428 -1.06661e+03 | 65 -0.00431 -8.49315e+02 | 66  0.00429 -6.51620e+02
 67  0.00035 -3.42327e+02 | 68 -0.00328 -4.84261e+01 | 69 -0.00257  1.94805e+02
 70 -0.00395  3.86266e+02 | 71 -0.00069  4.83080e+02 | 72 -0.00116  5.06586e+02
 73  0.00049  4.88031e+02 |

Intermediate statistics: 73 variables; iteration 20; function evaluation 29; phase 1
Function value 4.2259001e+02; maximum gradient component mag 2.1259e+03
Var    Value     Gradient |Var    Value     Gradient |Var    Value     Gradient
  1  0.16362  5.19909e+02 |  2 -0.14423 -9.90734e+02 |  3 -1.02354 -1.89308e+01
  4  0.00118  2.12594e+03 |  5  0.01291 -1.86554e+01 |  6  0.02649 -1.25217e+01
  7  0.00489 -2.10332e+01 |  8  0.01330 -1.69141e+01 |  9  0.01199 -1.68099e+01
 10 -0.00607 -2.38702e+01 | 11  0.00426 -1.86427e+01 | 12 -0.00788 -2.31524e+01
 13 -0.00308 -2.01411e+01 | 14 -0.00893 -2.18313e+01 | 15 -0.03368 -3.20324e+01
 16 -0.02843 -2.87972e+01 | 17 -0.03685 -3.17180e+01 | 18 -0.03856 -3.15915e+01
 19 -0.05176 -3.67742e+01 | 20 -0.06575 -4.23440e+01 | 21 -0.06843 -4.28626e+01
 22 -0.07029 -4.30707e+01 | 23 -0.06042 -3.78273e+01 | 24 -0.09155 -5.14681e+01
 25 -0.09083 -5.05030e+01 | 26 -0.07624 -4.29604e+01 | 27 -0.10851 -5.68575e+01
 28 -0.10141 -5.26232e+01 | 29 -0.08901 -4.53692e+01 | 30 -0.05331 -2.46332e+01
 31 -0.03755 -1.22847e+01 | 32 -0.02366  9.58001e-01 | 33  0.00416  2.72092e+01
 34  0.04525  7.11055e+01 | 35  0.08149  1.20379e+02 | 36  0.08885  1.40129e+02
 37  0.08031  1.39890e+02 | 38  0.07301  1.43074e+02 | 39  0.05831  1.34561e+02
 40  0.04256  1.20793e+02 | 41  0.02701  1.02737e+02 | 42  0.01665  8.72408e+01
 43  0.00869  7.20135e+01 | 44 -0.00563  4.80493e+01 | 45 -0.00829  3.43853e+01
 46 -0.01974  1.40619e+01 | 47 -0.05905 -1.74590e+01 | 48 -0.07129 -3.32733e+01
 49  0.00213 -3.88380e+00 | 50  0.06121  3.33336e+01 | 51  0.02347  2.22607e+01
 52  0.04066  3.81522e+01 | 53  0.05283  4.95545e+01 | 54  0.05390  3.54628e+01
 55  0.09874  5.19896e+00 | 56  0.01969 -9.42159e+01 | 57 -0.18415 -1.12247e+02
 58  0.10128 -2.23399e+00 | 59  0.09849  8.11986e+01 | 60  0.08721  7.56518e+01
 61  0.08319  4.43632e+01 | 62  0.03067  1.80327e+01 | 63  0.10784  1.09333e+02
 64  0.09310  1.07722e+02 | 65  0.05595  5.13776e+01 | 66  0.02986  1.30818e+01
 67  0.03640 -1.89977e+00 | 68  0.00422 -2.35012e+01 | 69  0.00031 -3.58584e+01
 70 -0.08837 -6.71679e+01 | 71 -0.02673 -5.69539e+01 | 72 -0.02798 -5.56999e+01
 73 -0.00964 -4.31788e+01 |
73 variables; iteration 40; function evaluation 59; phase 1
Function value 3.7599774e+02; maximum gradient component mag -2.4109e+02
Var    Value     Gradient |Var    Value     Gradient |Var    Value     Gradient
  1  0.14560 -5.14921e+01 |  2 -0.13208 -1.27837e+02 |  3 -1.00989 -9.12321e-01
  4  0.00572 -2.41090e+02 |  5 -0.00535  2.50233e+00 |  6 -0.00978  1.24703e+00
  7 -0.00726  3.02899e+00 |  8 -0.01095  2.21658e+00 |  9 -0.01257  2.37105e+00
 10 -0.01128  3.91974e+00 | 11 -0.01530  3.16566e+00 | 12 -0.01627  3.88032e+00
 13 -0.01963  3.55259e+00 | 14 -0.02225  3.62550e+00 | 15 -0.02318  4.56261e+00
 16 -0.02729  3.96309e+00 | 17 -0.02975  4.19461e+00 | 18 -0.03305  3.99846e+00
 19 -0.03466  4.65882e+00 | 20 -0.03607  5.38256e+00 | 21 -0.03923  5.05190e+00
 22 -0.04231  4.63496e+00 | 23 -0.04647  3.55617e+00 | 24 -0.04644  4.73076e+00
 25 -0.04972  4.08604e+00 | 26 -0.05362  2.99774e+00 | 27 -0.05411  3.61105e+00
 28 -0.05635  2.89931e+00 | 29 -0.05765  2.01142e+00 | 30 -0.05538  2.08044e+00
 31 -0.04561  4.61886e+00 | 32 -0.02879  8.56468e+00 | 33 -0.01836  5.95272e+00
 34  0.01835  1.18744e+01 | 35  0.02853  3.75799e+00 | 36  0.04599 -4.00420e-01
 37  0.11114  6.97989e+00 | 38  0.04685 -3.14392e-01 | 39  0.02368 -8.09814e-01
 40  0.01320  4.93892e-01 | 41 -0.00428 -3.81151e+00 | 42 -0.01499 -8.55556e+00
 43 -0.01742 -1.15747e+01 | 44 -0.01456 -1.34753e+01 | 45 -0.00851 -1.52542e+01
 46 -0.00814 -1.62806e+01 | 47 -0.03190 -1.78322e+01 | 48 -0.02985 -1.86785e+01
 49 -0.00056 -1.82952e+01 | 50  0.05858 -7.86018e+00 | 51  0.01206 -1.21953e+01
 52  0.02536 -1.62047e+01 | 53  0.05083 -1.12966e+01 | 54  0.03454 -7.63535e+00
 55  0.07746  8.83751e+00 | 56  0.03201 -7.59085e+00 | 57 -0.00956 -1.73661e+01
 58  0.08526  2.83580e+01 | 59  0.07742  1.79236e+01 | 60  0.05078  2.01324e+00
 61  0.11200  1.16962e+01 | 62  0.00204 -9.22868e+00 | 63  0.11160  2.97119e+01
 64  0.04329  5.67121e+00 | 65  0.07595  8.30346e+00 | 66  0.00679 -1.47106e+01
 67  0.03587 -1.29298e+01 | 68 -0.00603 -1.50787e+01 | 69 -0.01701 -9.51805e+00
 70 -0.04296 -6.57297e+00 | 71 -0.03843 -5.44334e+00 | 72 -0.01668  4.54069e+00
 73 -0.00938 -1.14071e-01 |
73 variables; iteration 60; function evaluation 92; phase 1
Function value 3.7334717e+02; maximum gradient component mag -2.3248e+02
Var    Value     Gradient |Var    Value     Gradient |Var    Value     Gradient
  1  0.14638 -2.96528e+01 |  2 -0.13131 -3.31767e+01 |  3 -1.01001 -1.11202e+00
  4  0.00697 -2.32482e+02 |  5 -0.00358  3.52298e+00 |  6 -0.00338  4.21910e+00
  7 -0.00626  3.67467e+00 |  8 -0.00700  4.11470e+00 |  9 -0.01005  3.62075e+00
 10 -0.01352  3.00177e+00 | 11 -0.01597  2.90790e+00 | 12 -0.01776  3.18162e+00
 13 -0.02027  3.18996e+00 | 14 -0.02286  3.21663e+00 | 15 -0.02566  3.17427e+00
 16 -0.02831  3.22859e+00 | 17 -0.03155  3.00156e+00 | 18 -0.03468  2.82592e+00
 19 -0.03866  2.18225e+00 | 20 -0.04066  2.49771e+00 | 21 -0.04375  2.13293e+00
 22 -0.04659  1.77775e+00 | 23 -0.04685  2.75979e+00 | 24 -0.04655  4.01034e+00
 25 -0.04843  4.08330e+00 | 26 -0.05196  3.13497e+00 | 27 -0.05311  3.25052e+00
 28 -0.05540  2.35422e+00 | 29 -0.05267  3.50789e+00 | 30 -0.04980  3.51219e+00
 31 -0.04527  2.56338e+00 | 32 -0.03900  2.34592e-01 | 33 -0.02579 -1.44954e+00
 34 -0.00438 -2.72531e+00 | 35  0.02635 -3.66402e+00 | 36  0.06978 -4.06668e+00
 37  0.09646 -4.38621e+00 | 38  0.04277 -5.79285e+00 | 39  0.02386 -2.51363e+00
 40 -0.00921 -6.72146e+00 | 41 -0.01319 -4.25074e+00 | 42 -0.00757 -4.17285e-01
 43 -0.00785 -2.22746e-01 | 44 -0.01223 -2.29418e+00 | 45 -0.00577 -6.48567e-01
 46 -0.00881 -4.47027e-01 | 47 -0.02141  1.46539e+00 | 48 -0.02095 -4.71503e-01
 49  0.01606  1.14267e+00 | 50  0.02955 -3.15559e+00 | 51  0.01439 -2.74805e+00
 52  0.03897 -9.74193e-02 | 53  0.04066 -1.69009e+00 | 54  0.04336 -2.18904e+00
 55  0.06023  1.17492e+00 | 56  0.03764 -5.70216e-01 | 57  0.02406 -7.41211e+00
 58  0.05342 -9.96424e+00 | 59  0.08027 -1.19745e+01 | 60  0.05721 -1.11992e+01
 61  0.09496  8.37170e-01 | 62  0.05431  3.00177e+00 | 63  0.07719  1.52745e+00
 64  0.06840 -1.14604e+00 | 65  0.05121 -2.20107e+00 | 66  0.03656  5.82490e-01
 67  0.02078 -2.51689e+00 | 68  0.00434  2.80188e+00 | 69 -0.01880  2.54667e+00
 70 -0.04220  2.90238e+00 | 71 -0.03173  4.13518e+00 | 72 -0.02562  3.21734e+00
 73 -0.00560  4.33185e+00 |
Maximum number of function evaluations exceeded

 - final statistics:
73 variables; iteration 65; function evaluation 100
Function value 3.7325e+02; maximum gradient component mag -2.1956e+02
Exit code = 3;  converg criter 1.0000e+01
Var    Value     Gradient |Var    Value     Gradient |Var    Value     Gradient
  1  0.14651 -2.72805e+01 |  2 -0.13140 -4.11663e+01 |  3 -1.00572 -6.48787e-01
  4  0.00698 -2.19560e+02 |  5 -0.00246  3.71801e+00 |  6 -0.00394  3.70118e+00
  7 -0.00703  3.05435e+00 |  8 -0.00900  2.95427e+00 |  9 -0.01016  3.27670e+00
 10 -0.01329  2.80761e+00 | 11 -0.01701  2.13053e+00 | 12 -0.01822  2.65735e+00
 13 -0.01948  3.24151e+00 | 14 -0.01886  4.80228e+00 | 15 -0.02685  2.27252e+00
 16 -0.03017  1.97947e+00 | 17 -0.03305  1.91007e+00 | 18 -0.03493  2.34629e+00
 19 -0.03749  2.43117e+00 | 20 -0.04101  1.95506e+00 | 21 -0.04125  3.08844e+00
 22 -0.04627  1.57811e+00 | 23 -0.04874  1.36013e+00 | 24 -0.04700  3.38129e+00
 25 -0.04832  3.76071e+00 | 26 -0.05217  2.62885e+00 | 27 -0.05433  2.17574e+00
 28 -0.05318  3.22883e+00 | 29 -0.05364  2.59029e+00 | 30 -0.05067  2.67924e+00
 31 -0.04755  1.03583e+00 | 32 -0.03916 -8.87625e-02 | 33 -0.02393 -7.65320e-01
 34 -0.00488 -2.92587e+00 | 35  0.02676 -3.35755e+00 | 36  0.07229 -3.17891e+00
 37  0.09295 -3.78417e+00 | 38  0.04525 -4.74650e+00 | 39  0.02258 -2.46632e+00
 40 -0.00492 -4.92088e+00 | 41 -0.01233 -3.71916e+00 | 42 -0.01032 -1.38168e+00
 43 -0.00922 -7.24710e-01 | 44 -0.00863 -9.03870e-01 | 45 -0.00736 -1.44063e+00
 46 -0.01017 -1.27466e+00 | 47 -0.02088  1.38637e+00 | 48 -0.02153 -1.03568e+00
 49  0.01638  1.01182e+00 | 50  0.02939 -3.37296e+00 | 51  0.01593 -2.55159e+00
 52  0.03680 -1.11361e+00 | 53  0.04152 -1.56066e+00 | 54  0.04475 -1.94501e+00
 55  0.05851 -3.64504e-01 | 56  0.03768 -1.09343e+00 | 57  0.02589 -6.47841e+00
 58  0.05155 -9.37267e+00 | 59  0.08031 -9.17284e+00 | 60  0.06127 -8.15879e+00
 61  0.09161  5.15152e-01 | 62  0.05656  3.05193e+00 | 63  0.07492  1.39458e+00
 64  0.07133  1.22918e+00 | 65  0.04985 -1.13303e+00 | 66  0.03617  1.11687e+00
 67  0.02219 -1.91133e+00 | 68  0.00303  1.96122e+00 | 69 -0.01874  2.05469e+00
 70 -0.04131  2.86136e+00 | 71 -0.03313  2.80620e+00 | 72 -0.02472  3.06508e+00
 73 -0.00628  3.40945e+00 |

Initial statistics: 82 variables; iteration 0; function evaluation 0; phase 2
Function value 3.7325263e+02; maximum gradient component mag 6.1853e+02
Var    Value     Gradient |Var    Value     Gradient |Var    Value     Gradient
  1  0.14651 -2.72805e+01 |  2 -0.13140 -4.11663e+01 |  3 -0.99428  6.48787e-01
  4  0.00698 -2.19560e+02 |  5 -0.00247  3.52126e+00 |  6 -0.00395  3.50443e+00
  7 -0.00704  2.85762e+00 |  8 -0.00901  2.75754e+00 |  9 -0.01017  3.07998e+00
 10 -0.01330  2.61090e+00 | 11 -0.01702  1.93385e+00 | 12 -0.01823  2.46068e+00
 13 -0.01950  3.04485e+00 | 14 -0.01887  4.60561e+00 | 15 -0.02686  2.07595e+00
 16 -0.03018  1.78294e+00 | 17 -0.03306  1.71358e+00 | 18 -0.03495  2.14983e+00
 19 -0.03750  2.23476e+00 | 20 -0.04102  1.75871e+00 | 21 -0.04126  2.89210e+00
 22 -0.04628  1.38188e+00 | 23 -0.04875  1.16396e+00 | 24 -0.04701  3.18507e+00
 25 -0.04833  3.56452e+00 | 26 -0.05218  2.43276e+00 | 27 -0.05434  1.97970e+00
 28 -0.05319  3.03276e+00 | 29 -0.05365  2.39424e+00 | 30 -0.05068  2.48310e+00
 31 -0.04756  8.39627e-01 | 32 -0.03917 -2.85140e-01 | 33 -0.02394 -9.61931e-01
 34 -0.00490 -3.12261e+00 | 35  0.02675 -3.55412e+00 | 36  0.07228 -3.37440e+00
 37  0.09294 -3.97883e+00 | 38  0.04524 -4.94276e+00 | 39  0.02257 -2.66295e+00
 40 -0.00493 -5.11763e+00 | 41 -0.01234 -3.91587e+00 | 42 -0.01033 -1.57840e+00
 43 -0.00923 -9.21439e-01 | 44 -0.00864 -1.10060e+00 | 45 -0.00737 -1.63736e+00
 46 -0.01018 -1.47138e+00 | 47 -0.02089  1.18973e+00 | 48 -0.02154 -1.23232e+00
 49  0.01637  8.15133e-01 | 50  0.02938 -3.56950e+00 | 51  0.01592 -2.74828e+00
 52  0.03679 -1.31003e+00 | 53  0.04151 -1.75699e+00 | 54  0.04473 -2.14128e+00
 55  0.05850 -5.60424e-01 | 56  0.03767 -1.28984e+00 | 57  0.02588 -6.67500e+00
 58  0.05154 -9.56878e+00 | 59  0.08030 -9.36805e+00 | 60  0.06125 -8.35465e+00
 61  0.09160  3.20436e-01 | 62  0.05655  2.85596e+00 | 63  0.07491  1.19919e+00
 64  0.07131  1.03367e+00 | 65  0.04984 -1.32918e+00 | 66  0.03616  9.20441e-01
 67  0.02217 -2.10796e+00 | 68  0.00302  1.76448e+00 | 69 -0.01875  1.85802e+00
 70 -0.04132  2.66503e+00 | 71 -0.03314  2.60971e+00 | 72 -0.02473  2.86848e+00
 73 -0.00629  3.21271e+00 | 74  0.28885  1.12944e+02 | 75 -0.99503 -4.42059e-01
 76 -0.04303 -4.26223e+01 | 77  0.07288 -1.73941e+02 | 78 -0.99450 -2.06709e-01
 79 -0.12120 -2.39711e+02 | 80 -0.07411  6.18528e+02 | 81 -0.99752 -2.83556e-01
 82  0.13730  7.21908e+00 |

Intermediate statistics: 82 variables; iteration 20; function evaluation 27; phase 2
Function value 3.5436232e+02; maximum gradient component mag 4.0003e+02
Var    Value     Gradient |Var    Value     Gradient |Var    Value     Gradient
  1  0.15279  4.77431e+01 |  2 -0.13375 -7.64455e+01 |  3 -0.99702  4.95759e-01
  4  0.00615 -1.82106e+02 |  5 -0.00401  2.33255e+00 |  6 -0.00546  2.39601e+00
  7 -0.00764  2.21637e+00 |  8 -0.00948  2.26161e+00 |  9 -0.01111  2.48210e+00
 10 -0.01360  2.39838e+00 | 11 -0.01642  2.24420e+00 | 12 -0.01837  2.56891e+00
 13 -0.02044  2.91832e+00 | 14 -0.02192  3.63092e+00 | 15 -0.02657  2.83151e+00
 16 -0.02955  2.87749e+00 | 17 -0.03239  3.01218e+00 | 18 -0.03491  3.32439e+00
 19 -0.03765  3.51386e+00 | 20 -0.04062  3.52247e+00 | 21 -0.04248  4.04106e+00
 22 -0.04565  3.73931e+00 | 23 -0.04799  3.84582e+00 | 24 -0.04909  4.59963e+00
 25 -0.05107  4.87706e+00 | 26 -0.05357  4.76072e+00 | 27 -0.05527  4.85351e+00
 28 -0.05569  5.37232e+00 | 29 -0.05548  5.49307e+00 | 30 -0.05288  5.86827e+00
 31 -0.04794  5.83632e+00 | 32 -0.03866  6.03920e+00 | 33 -0.02348  6.63282e+00
 34 -0.00240  6.94914e+00 | 35  0.02889  8.91078e+00 | 36  0.06907  1.21639e+01
 37  0.08748  1.29220e+01 | 38  0.05374  8.86680e+00 | 39  0.02600  7.05727e+00
 40  0.00237  4.00549e+00 | 41 -0.00747  3.47222e+00 | 42 -0.00954  3.67079e+00
 43 -0.01001  3.13768e+00 | 44 -0.00952  2.18533e+00 | 45 -0.00735  1.05767e+00
 46 -0.00961  1.60997e-01 | 47 -0.02263  4.31596e-01 | 48 -0.01965 -1.05276e+00
 49  0.01393 -7.65884e-01 | 50  0.03347 -3.26161e+00 | 51  0.01880 -3.85285e+00
 52  0.03483 -6.13219e+00 | 53  0.04001 -9.27707e+00 | 54  0.04402 -1.21376e+01
 55  0.05785 -1.34147e+01 | 56  0.03699 -1.19253e+01 | 57  0.02594 -1.37987e+01
 58  0.05930 -1.69512e+01 | 59  0.06348 -2.35440e+01 | 60  0.08265 -1.58298e+01
 61  0.07707 -1.69547e+01 | 62  0.05949 -7.34705e+00 | 63  0.07924 -7.57642e+00
 64  0.06502 -9.21474e+00 | 65  0.05576 -8.06304e+00 | 66  0.02994 -8.77548e+00
 67  0.02734 -9.96193e+00 | 68  0.00248 -8.55370e+00 | 69 -0.01825 -7.79058e+00
 70 -0.04215 -5.84481e+00 | 71 -0.03176 -5.37810e+00 | 72 -0.02300 -5.74126e+00
 73 -0.01445 -6.70896e+00 | 74  0.25219  2.07272e+01 | 75 -0.98753 -2.57355e-01
 76  0.07478 -1.01743e+01 | 77  0.05706 -1.64207e+01 | 78 -0.98902 -1.01864e-01
 79 -0.02864 -4.33538e+01 | 80 -0.08114  4.00033e+02 | 81 -0.99105 -1.50930e-01
 82  0.12105  2.73534e+00 |
82 variables; iteration 40; function evaluation 50; phase 2
Function value 3.5086952e+02; maximum gradient component mag -2.9151e+02
Var    Value     Gradient |Var    Value     Gradient |Var    Value     Gradient
  1  0.15300 -8.01043e+01 |  2 -0.13401 -1.52046e+02 |  3 -1.02270  8.46730e-01
  4  0.00557 -2.91511e+02 |  5 -0.00494  3.46573e+00 |  6 -0.00643  3.39358e+00
  7 -0.00812  3.29392e+00 |  8 -0.00989  3.22064e+00 |  9 -0.01200  3.06537e+00
 10 -0.01382  3.10954e+00 | 11 -0.01508  3.47279e+00 | 12 -0.01812  3.10660e+00
 13 -0.02179  2.50481e+00 | 14 -0.02764  9.19114e-01 | 15 -0.02547  3.13090e+00
 16 -0.02841  2.97755e+00 | 17 -0.03209  2.47607e+00 | 18 -0.03573  1.98594e+00
 19 -0.03892  1.70319e+00 | 20 -0.04251  1.16473e+00 | 21 -0.04316  2.06341e+00
 22 -0.04773  8.42452e-01 | 23 -0.04993  8.06277e-01 | 24 -0.04959  2.06970e+00
 25 -0.05133  2.22068e+00 | 26 -0.05496  1.23339e+00 | 27 -0.05737  6.40809e-01
 28 -0.05487  2.38744e+00 | 29 -0.05662  9.97846e-01 | 30 -0.05357  1.06315e+00
 31 -0.05072 -7.10433e-01 | 32 -0.04133 -1.26812e+00 | 33 -0.02098  3.98559e-01
 34  0.00460  3.43765e-01 | 35  0.02163 -5.28177e+00 | 36  0.06607 -5.59128e+00
 37  0.08841 -6.99967e+00 | 38  0.04943 -6.36940e+00 | 39  0.01955 -5.42222e+00
 40  0.00983 -1.46615e+00 | 41 -0.00276 -1.40430e+00 | 42 -0.00899 -2.02498e+00
 43 -0.00967 -2.07495e+00 | 44 -0.00826 -2.24257e+00 | 45 -0.00493 -2.78654e+00
 46 -0.00665 -3.29913e+00 | 47 -0.02269 -3.72576e+00 | 48 -0.01927 -5.50855e+00
 49  0.01280 -7.74718e+00 | 50  0.03783 -9.62140e+00 | 51  0.01956 -8.50656e+00
 52  0.03615 -1.00797e+01 | 53  0.03709 -1.22253e+01 | 54  0.04405 -1.12879e+01
 55  0.05603 -9.01534e+00 | 56  0.04307 -1.43721e+00 | 57  0.02186 -6.56989e+00
 58  0.06143 -4.43252e+00 | 59  0.07087 -9.85556e+00 | 60  0.06974 -5.61953e+00
 61  0.09139  5.21980e-01 | 62  0.05270  1.47904e+00 | 63  0.07765  2.72772e+00
 64  0.06636  4.51894e+00 | 65  0.05816  9.57322e+00 | 66  0.02899  7.57238e+00
 67  0.03106  9.09192e+00 | 68  0.00223  6.28410e+00 | 69 -0.01884  5.72276e+00
 70 -0.03618  9.87984e+00 | 71 -0.03093  7.20066e+00 | 72 -0.02269  5.42014e+00
 73 -0.01366  4.98614e+00 | 74  0.24558 -1.15433e+01 | 75 -0.82441 -8.07522e-02
 76  0.12420 -6.89082e+00 | 77  0.04736 -2.69160e+01 | 78 -1.13242 -9.72624e-01
 79  0.00611 -2.83714e+01 | 80 -0.09147  6.78234e+00 | 81 -1.05225 -1.22511e+00
 82  0.12509 -8.04732e+00 |
82 variables; iteration 60; function evaluation 81; phase 2
Function value 3.4934243e+02; maximum gradient component mag -2.4516e+02
Var    Value     Gradient |Var    Value     Gradient |Var    Value     Gradient
  1  0.15389 -5.46029e+01 |  2 -0.13371 -6.55622e+01 |  3 -1.03135 -2.63484e-01
  4  0.00497 -2.45156e+02 |  5 -0.00466  3.65950e+00 |  6 -0.00600  3.68112e+00
  7 -0.00788  3.53385e+00 |  8 -0.00974  3.45751e+00 |  9 -0.01179  3.37188e+00
 10 -0.01385  3.34844e+00 | 11 -0.01577  3.46580e+00 | 12 -0.01857  3.25453e+00
 13 -0.02121  3.17303e+00 | 14 -0.02367  3.22915e+00 | 15 -0.02717  2.83375e+00
 16 -0.03148  2.06299e+00 | 17 -0.03510  1.62773e+00 | 18 -0.03524  2.93297e+00
 19 -0.03608  3.92290e+00 | 20 -0.03706  4.83416e+00 | 21 -0.04416  2.44693e+00
 22 -0.04611  2.67612e+00 | 23 -0.04828  2.74256e+00 | 24 -0.05053  2.69930e+00
 25 -0.05245  2.82544e+00 | 26 -0.05529  2.32829e+00 | 27 -0.05584  2.84697e+00
 28 -0.05854  1.76691e+00 | 29 -0.05794  1.74788e+00 | 30 -0.05406  2.34117e+00
 31 -0.04923  1.64111e+00 | 32 -0.03956  1.24538e+00 | 33 -0.02266  1.48493e+00
 34 -0.00062  5.33911e-01 | 35  0.03028 -3.80611e-01 | 36  0.07258 -1.15895e+00
 37  0.05742 -6.64298e+00 | 38  0.06732 -1.39870e-01 | 39  0.03195  3.66070e-01
 40  0.01258  1.47134e+00 | 41 -0.01181 -3.23083e+00 | 42 -0.01124 -1.43260e+00
 43 -0.01112 -1.22808e+00 | 44 -0.01038 -1.60904e+00 | 45 -0.00637 -1.72993e+00
 46 -0.00809 -2.05742e+00 | 47 -0.02143 -1.27187e+00 | 48 -0.01645 -1.86282e+00
 49  0.01256 -4.36398e+00 | 50  0.03652 -5.87723e+00 | 51  0.02590 -3.44855e+00
 52  0.02754 -7.85186e+00 | 53  0.04176 -5.28180e+00 | 54  0.04529 -5.08839e+00
 55  0.05501 -8.91548e+00 | 56  0.03626 -6.99905e+00 | 57  0.03049 -5.42785e+00
 58  0.05188 -8.17789e+00 | 59  0.07568 -8.09156e+00 | 60  0.07437 -6.19752e+00
 61  0.08288 -7.90199e+00 | 62  0.05715 -3.01761e+00 | 63  0.07495 -2.50564e+00
 64  0.07475  3.40889e-01 | 65  0.04338 -2.33872e+00 | 66  0.03908  4.40115e+00
 67  0.02648  3.08263e+00 | 68  0.00402  4.73145e+00 | 69 -0.01408  5.91725e+00
 70 -0.04148  4.29592e+00 | 71 -0.03009  5.17806e+00 | 72 -0.02115  5.24962e+00
 73 -0.01244  6.55998e+00 | 74  0.24378 -9.28100e+00 | 75 -0.81114  1.36210e-01
 76  0.21855 -2.05180e+00 | 77  0.03578 -1.56550e+01 | 78 -0.91116  5.61700e-01
 79  0.10164 -7.04617e+00 | 80 -0.09372 -4.39189e+01 | 81 -0.96605  8.07035e-01
 82  0.14479 -6.07666e+00 |
Maximum number of function evaluations exceeded

 - final statistics:
82 variables; iteration 72; function evaluation 100
Function value 3.4888e+02; maximum gradient component mag -1.8069e+02
Exit code = 3;  converg criter 1.0000e+01
Var    Value     Gradient |Var    Value     Gradient |Var    Value     Gradient
  1  0.15499 -1.38034e+01 |  2 -0.13365 -2.74532e+01 |  3 -0.98568  9.10424e-01
  4  0.00500 -1.80692e+02 |  5 -0.00445  2.63691e+00 |  6 -0.00800  1.71989e+00
  7 -0.00926  1.81969e+00 |  8 -0.01045  2.02352e+00 |  9 -0.01277  1.80271e+00
 10 -0.01284  2.65352e+00 | 11 -0.01617  2.13033e+00 | 12 -0.01640  3.08313e+00
 13 -0.02140  1.90832e+00 | 14 -0.02488  1.47795e+00 | 15 -0.02803  1.22786e+00
 16 -0.02993  1.61424e+00 | 17 -0.03286  1.52329e+00 | 18 -0.03463  2.02283e+00
 19 -0.03748  1.97441e+00 | 20 -0.04180  1.12217e+00 | 21 -0.04407  1.25054e+00
 22 -0.04457  2.25260e+00 | 23 -0.05029  4.12095e-01 | 24 -0.05064  1.38155e+00
 25 -0.05299  1.26258e+00 | 26 -0.05414  1.69625e+00 | 27 -0.05691  9.44682e-01
 28 -0.05681  1.41523e+00 | 29 -0.05598  1.47399e+00 | 30 -0.05590 -1.18035e-01
 31 -0.04886  2.89920e-01 | 32 -0.03805  2.80342e-01 | 33 -0.02108  1.90882e-01
 34 -0.00006 -1.68928e+00 | 35  0.03041 -3.47952e+00 | 36  0.07633 -5.01849e+00
 37  0.04978 -1.17848e+01 | 38  0.06614 -4.60901e+00 | 39  0.03021 -3.39678e+00
 40  0.00858 -2.52383e+00 | 41 -0.00554 -2.83130e+00 | 42 -0.00894 -2.04729e+00
 43 -0.00989 -1.77103e+00 | 44 -0.00948 -1.77277e+00 | 45 -0.00905 -2.70486e+00
 46 -0.00697 -9.10177e-01 | 47 -0.01999  5.16138e-01 | 48 -0.01735 -3.49311e-01
 49  0.01219 -9.30680e-01 | 50  0.03931  2.36026e-01 | 51  0.02011  5.77409e-03
 52  0.03238 -2.48278e-01 | 53  0.04236  1.40104e+00 | 54  0.04142 -2.50999e-01
 55  0.05867  3.11531e-01 | 56  0.03652  2.24423e-02 | 57  0.02748 -6.93859e-01
 58  0.05663  2.18267e-01 | 59  0.07294 -2.09690e+00 | 60  0.07363 -1.35430e-01
 61  0.08767 -4.07979e-01 | 62  0.05242 -1.22265e+00 | 63  0.07697 -1.15058e+00
 64  0.07355 -8.20290e-01 | 65  0.04453 -4.23453e+00 | 66  0.03769  9.18293e-01
 67  0.02746 -2.82318e-01 | 68  0.00331  8.97598e-01 | 69 -0.01405  2.82550e+00
 70 -0.04017  2.66691e+00 | 71 -0.03113  2.42699e+00 | 72 -0.01985  3.51495e+00
 73 -0.01340  3.51659e+00 | 74  0.24263 -3.69220e+00 | 75 -0.82145 -6.42915e-02
 76  0.30162 -7.34185e-01 | 77  0.03136 -7.64497e+00 | 78 -0.94636  2.91341e-01
 79  0.18201 -2.48269e+00 | 80 -0.09247  5.97238e+00 | 81 -0.98619  1.71117e-01
 82  0.13594 -5.38801e+00 |

Initial statistics: 91 variables; iteration 0; function evaluation 0; phase 3
Function value 3.4888061e+02; maximum gradient component mag -1.8069e+02
Var    Value     Gradient |Var    Value     Gradient |Var    Value     Gradient
  1  0.15499 -1.38034e+01 |  2 -0.13365 -2.74532e+01 |  3 -0.98568  9.10424e-01
  4  0.71389  3.02804e+00 |  5 -0.86431  4.50990e+01 |  6  0.00500 -1.80692e+02
  7 -0.00446  2.55703e+00 |  8 -0.00800  1.64001e+00 |  9 -0.00927  1.73981e+00
 10 -0.01045  1.94365e+00 | 11 -0.01278  1.72284e+00 | 12 -0.01284  2.57365e+00
 13 -0.01617  2.05047e+00 | 14 -0.01640  3.00327e+00 | 15 -0.02141  1.82848e+00
 16 -0.02488  1.39813e+00 | 17 -0.02804  1.14806e+00 | 18 -0.02994  1.53444e+00
 19 -0.03286  1.44351e+00 | 20 -0.03463  1.94306e+00 | 21 -0.03748  1.89467e+00
 22 -0.04180  1.04246e+00 | 23 -0.04408  1.17084e+00 | 24 -0.04457  2.17291e+00
 25 -0.05030  3.32460e-01 | 26 -0.05065  1.30192e+00 | 27 -0.05299  1.18297e+00
 28 -0.05414  1.61665e+00 | 29 -0.05692  8.65116e-01 | 30 -0.05682  1.33566e+00
 31 -0.05599  1.39441e+00 | 32 -0.05591 -1.97612e-01 | 33 -0.04886  2.10270e-01
 34 -0.03806  2.00599e-01 | 35 -0.02109  1.11041e-01 | 36 -0.00006 -1.76917e+00
 37  0.03041 -3.55931e+00 | 38  0.07632 -5.09781e+00 | 39  0.04977 -1.18645e+01
 40  0.06614 -4.68847e+00 | 41  0.03021 -3.47658e+00 | 42  0.00858 -2.60371e+00
 43 -0.00555 -2.91118e+00 | 44 -0.00894 -2.12717e+00 | 45 -0.00989 -1.85091e+00
 46 -0.00948 -1.85265e+00 | 47 -0.00906 -2.78473e+00 | 48 -0.00697 -9.90057e-01
 49 -0.02000  4.36293e-01 | 50 -0.01735 -4.29166e-01 | 51  0.01218 -1.01055e+00
 52  0.03931  1.56293e-01 | 53  0.02010 -7.40709e-02 | 54  0.03237 -3.28060e-01
 55  0.04235  1.32134e+00 | 56  0.04142 -3.30715e-01 | 57  0.05867  2.31985e-01
 58  0.03652 -5.73111e-02 | 59  0.02748 -7.73670e-01 | 60  0.05662  1.38698e-01
 61  0.07293 -2.17627e+00 | 62  0.07363 -2.14782e-01 | 63  0.08767 -4.87108e-01
 64  0.05242 -1.30227e+00 | 65  0.07697 -1.22988e+00 | 66  0.07354 -8.99643e-01
 67  0.04453 -4.31423e+00 | 68  0.03769  8.38549e-01 | 69  0.02746 -3.62129e-01
 70  0.00330  8.17714e-01 | 71 -0.01405  2.74564e+00 | 72 -0.04018  2.58718e+00
 73 -0.03113  2.34720e+00 | 74 -0.01985  3.43510e+00 | 75 -0.01340  3.43673e+00
 76  0.24263 -3.69220e+00 | 77  0.39429 -2.79747e+01 | 78 -0.14715 -1.70947e-02
 79 -0.82145 -6.42915e-02 | 80  0.30162 -7.34185e-01 | 81  0.03136 -7.64497e+00
 82  0.43305  9.19373e+00 | 83 -0.15435 -1.78635e-01 | 84 -0.94636  2.91341e-01
 85  0.18201 -2.48269e+00 | 86 -0.09247  5.97238e+00 | 87 -0.02647 -2.27025e+00
 88  0.30214 -5.32269e+01 | 89 -0.51338 -3.57547e-02 | 90 -0.98619  1.71117e-01
 91  0.13594 -5.38801e+00 |

Intermediate statistics: 91 variables; iteration 20; function evaluation 25; phase 3
Function value 3.4620543e+02; maximum gradient component mag 1.2568e+02
Var    Value     Gradient |Var    Value     Gradient |Var    Value     Gradient
  1  0.15697  5.61463e+01 |  2 -0.13101  1.25677e+02 |  3 -1.00835 -1.52575e+00
  4  0.66372  2.83150e+00 |  5 -0.93600  1.52571e+01 |  6  0.00553  9.77414e+01
  7 -0.00475 -9.17135e-01 |  8 -0.00665 -1.08860e+00 |  9 -0.00819 -1.04090e+00
 10 -0.00984 -9.64908e-01 | 11 -0.01188 -9.81782e-01 | 12 -0.01352 -7.43815e-01
 13 -0.01606 -8.25457e-01 | 14 -0.01798 -5.51784e-01 | 15 -0.02114 -7.86069e-01
 16 -0.02403 -8.38462e-01 | 17 -0.02692 -8.44470e-01 | 18 -0.02956 -7.01932e-01
 19 -0.03247 -6.70364e-01 | 20 -0.03514 -5.13827e-01 | 21 -0.03803 -4.80143e-01
 22 -0.04114 -6.02779e-01 | 23 -0.04373 -5.33531e-01 | 24 -0.04591 -3.24083e-01
 25 -0.04883 -5.92335e-01 | 26 -0.05079 -4.07766e-01 | 27 -0.05306 -3.91224e-01
 28 -0.05505 -2.93078e-01 | 29 -0.05684 -3.27676e-01 | 30 -0.05772 -1.83042e-01
 31 -0.05730 -4.20541e-02 | 32 -0.05517 -3.19310e-02 | 33 -0.04943  3.65785e-01
 34 -0.03952  9.68140e-01 | 35 -0.02373  1.99950e+00 | 36 -0.00169  2.99053e+00
 37  0.02829  4.84565e+00 | 38  0.06430  7.92638e+00 | 39  0.08052  1.00063e+01
 40  0.05615  9.63390e+00 | 41  0.02752  8.63088e+00 | 42  0.00756  8.09561e+00
 43 -0.00453  7.58232e+00 | 44 -0.00839  7.98005e+00 | 45 -0.00913  8.21566e+00
 46 -0.00807  8.20662e+00 | 47 -0.00549  7.64180e+00 | 48 -0.00596  7.52250e+00
 49 -0.02156  5.95234e+00 | 50 -0.01846  4.53894e+00 | 51  0.01116  4.34944e+00
 52  0.03672  4.84809e+00 | 53  0.01929  3.08293e+00 | 54  0.03413  2.60878e+00
 55  0.03989  1.49275e-02 | 56  0.04075 -5.24888e+00 | 57  0.05675 -1.04301e+01
 58  0.03578 -1.31930e+01 | 59  0.02710 -1.48760e+01 | 60  0.05262 -1.66598e+01
 61  0.07584 -1.45252e+01 | 62  0.07234 -9.83688e+00 | 63  0.08627 -8.57147e+00
 64  0.05383 -6.81343e+00 | 65  0.07700 -7.52116e+00 | 66  0.06806 -7.37633e+00
 67  0.05418 -4.77710e+00 | 68  0.03086 -3.71623e+00 | 69  0.03025 -8.68510e-01
 70  0.00569  1.70121e+00 | 71 -0.01278  3.82678e+00 | 72 -0.03871  3.48984e+00
 73 -0.03002  3.82957e+00 | 74 -0.02032  5.08958e+00 | 75 -0.01183  5.91899e+00
 76  0.26625 -1.20011e+01 | 77  0.41281  1.26000e+01 | 78 -0.14614 -1.57025e-02
 79 -0.87980  8.37784e-01 | 80  0.31113 -3.21796e-01 | 81 -0.00681 -1.76594e+01
 82  0.40476  2.17459e+01 | 83 -0.14918 -1.83692e-02 | 84 -0.95668  2.18431e-01
 85  0.26107 -1.68388e+00 | 86 -0.08947  4.57552e+01 | 87 -0.01667 -1.25886e-01
 88  0.30362 -8.85190e+01 | 89 -0.51329 -1.64091e-03 | 90 -0.99389 -1.27807e-01
 91  0.11299  2.34263e+00 |
91 variables; iteration 40; function evaluation 47; phase 3
Function value 3.4525957e+02; maximum gradient component mag 4.6988e+01
Var    Value     Gradient |Var    Value     Gradient |Var    Value     Gradient
  1  0.15595 -3.15698e+00 |  2 -0.13088  4.69881e+01 |  3 -1.00053 -7.02758e-02
  4  0.66480 -1.52461e-01 |  5 -0.97382  5.14607e+00 |  6  0.00493 -2.56160e+01
  7 -0.00492  2.09342e-01 |  8 -0.00619  2.64502e-01 |  9 -0.00778  2.54470e-01
 10 -0.00959  2.16816e-01 | 11 -0.01143  2.31667e-01 | 12 -0.01395  2.35568e-02
 13 -0.01605  7.68890e-02 | 14 -0.01906 -2.20001e-01 | 15 -0.02117 -3.69527e-02
 16 -0.02394 -1.02739e-01 | 17 -0.02711 -3.26925e-01 | 18 -0.03020 -4.85547e-01
 19 -0.03348 -7.28992e-01 | 20 -0.03509 -1.28646e-01 | 21 -0.03758  2.94412e-02
 22 -0.04373 -1.75984e+00 | 23 -0.04530 -1.25013e+00 | 24 -0.04255  1.50939e+00
 25 -0.05138 -2.03273e+00 | 26 -0.04908  3.71101e-01 | 27 -0.05061  7.10256e-01
 28 -0.05441 -3.01601e-01 | 29 -0.05252  1.64567e+00 | 30 -0.05903 -1.56397e+00
 31 -0.06181 -3.43116e+00 | 32 -0.05152  8.61757e-01 | 33 -0.05082 -1.94683e+00
 34 -0.03901 -9.60672e-01 | 35 -0.02157 -1.79746e-01 | 36  0.00108 -5.47951e-01
 37  0.02461 -3.18708e+00 | 38  0.07286 -9.72908e-01 | 39  0.07220 -4.07769e+00
 40  0.05914 -9.31855e-01 | 41  0.02553 -1.37560e+00 | 42  0.00653 -7.38243e-01
 43 -0.00564 -9.63858e-01 | 44 -0.00956 -7.60110e-01 | 45 -0.01043 -7.98393e-01
 46 -0.00952 -9.85821e-01 | 47 -0.00632 -1.24718e+00 | 48 -0.00812 -1.27829e+00
 49 -0.02509 -1.44558e+00 | 50 -0.01666  7.92872e-01 | 51  0.01210  1.88589e-01
 52  0.03965  1.10019e+00 | 53  0.01822 -1.17792e+00 | 54  0.03331 -1.72381e+00
 55  0.03874 -6.67421e-01 | 56  0.04470  1.47175e+00 | 57  0.05501 -1.05717e+00
 58  0.03710 -3.80688e-01 | 59  0.02886  5.41172e-01 | 60  0.05580  1.73801e+00
 61  0.07825  1.58787e+00 | 62  0.06754 -1.24525e+00 | 63  0.09068  1.61297e+00
 64  0.04681 -7.52469e-01 | 65  0.08223  4.67049e+00 | 66  0.06897  2.62735e+00
 67  0.05166  7.84525e-01 | 68  0.03191  4.48620e-01 | 69  0.03110  2.46618e+00
 70  0.00679  3.25287e+00 | 71 -0.01492  1.63073e+00 | 72 -0.03952  8.31921e-01
 73 -0.03070  5.35827e-01 | 74 -0.02209  1.50986e+00 | 75 -0.01117  4.28487e+00
 76  0.26668 -3.77363e+00 | 77  0.41280 -1.70694e+00 | 78 -0.11744 -9.39795e-03
 79 -0.98221 -2.68712e-02 | 80  0.39759 -1.06423e-01 | 81 -0.03629 -6.02919e+00
 82  0.37459  8.77887e+00 | 83 -0.14851  1.47312e-02 | 84 -0.94347  2.69785e-01
 85  0.44064 -2.76901e-01 | 86 -0.08293 -8.87927e-01 | 87 -0.01780  1.47681e-01
 88  0.31179 -3.36231e+00 | 89 -0.52324  1.11983e-02 | 90 -0.98239  3.51320e-01
 91  0.13333  2.45668e-01 |
91 variables; iteration 60; function evaluation 76; phase 3
Function value 3.4498662e+02; maximum gradient component mag -2.8648e+01
Var    Value     Gradient |Var    Value     Gradient |Var    Value     Gradient
  1  0.15584 -4.00486e+00 |  2 -0.13143 -4.19241e+00 |  3 -1.00118 -1.36529e-01
  4  0.68376  4.77477e-02 |  5 -0.99617  6.79731e-01 |  6  0.00572 -2.86476e+01
  7 -0.00499  3.79771e-01 |  8 -0.00653  3.35310e-01 |  9 -0.00804  3.67823e-01
 10 -0.00975  3.83291e-01 | 11 -0.01165  3.89483e-01 | 12 -0.01387  3.29935e-01
 13 -0.01613  3.28847e-01 | 14 -0.01835  4.13607e-01 | 15 -0.02107  3.40576e-01
 16 -0.02372  3.48095e-01 | 17 -0.02643  3.72617e-01 | 18 -0.02944  2.81429e-01
 19 -0.03263  1.12383e-01 | 20 -0.03507  3.19335e-01 | 21 -0.03787  3.39988e-01
 22 -0.04059  3.63869e-01 | 23 -0.04303  4.59587e-01 | 24 -0.04602  1.69838e-01
 25 -0.04769  5.08882e-01 | 26 -0.05023  2.81993e-01 | 27 -0.05245  2.37778e-01
 28 -0.05439  2.87059e-01 | 29 -0.05622  1.57550e-01 | 30 -0.05683  3.23955e-01
 31 -0.05627  3.57708e-01 | 32 -0.05414  1.35557e-01 | 33 -0.04843  1.99903e-01
 34 -0.03912 -3.26041e-02 | 35 -0.02412 -2.29456e-01 | 36 -0.00137 -2.17035e-01
 37  0.02934 -2.97392e-01 | 38  0.06342 -1.08219e+00 | 39  0.08391 -8.84674e-01
 40  0.05507 -7.55482e-01 | 41  0.02655 -3.02054e-01 | 42  0.00629 -2.15966e-01
 43 -0.00584 -4.71272e-01 | 44 -0.00999 -3.63276e-01 | 45 -0.01081 -3.69633e-01
 46 -0.00933 -3.38544e-01 | 47 -0.00624 -7.06218e-01 | 48 -0.00721 -4.92999e-01
 49 -0.02252 -1.77432e-01 | 50 -0.01877 -5.83095e-01 | 51  0.01264 -4.09191e-01
 52  0.03648 -6.39430e-01 | 53  0.01938 -8.34403e-01 | 54  0.03457 -8.70132e-01
 55  0.03943 -6.87408e-01 | 56  0.04169 -3.26166e-01 | 57  0.05773 -3.40444e-01
 58  0.03618 -6.40206e-01 | 59  0.02976  2.78755e-01 | 60  0.05536 -6.98291e-04
 61  0.07688 -4.19319e-02 | 62  0.07219  1.01069e-01 | 63  0.08559  2.87955e-01
 64  0.05361  3.56353e-02 | 65  0.07751 -1.96296e-01 | 66  0.06984  4.28954e-01
 67  0.05182  3.54073e-01 | 68  0.03324  5.14227e-01 | 69  0.02992  1.09841e-01
 70  0.00442  1.42429e-01 | 71 -0.01454  8.58200e-01 | 72 -0.04029  6.11707e-01
 73 -0.03159  1.87427e-01 | 74 -0.02221  3.44671e-01 | 75 -0.01607  1.92234e-01
 76  0.27239  2.32885e-01 | 77  0.41663 -1.49703e+00 | 78 -0.08643 -7.11592e-03
 79 -1.02047 -1.81880e-02 | 80  0.47245 -3.22765e-02 | 81 -0.07157  9.51023e-02
 82  0.34084 -4.59382e-01 | 83 -0.18096  7.47739e-03 | 84 -0.98466 -5.48574e-02
 85  0.50683 -1.46958e-01 | 86 -0.07996 -1.68937e+00 | 87 -0.02320  1.80502e-01
 88  0.31458  2.43762e+00 | 89 -0.50891  8.29986e-03 | 90 -0.99374 -7.83853e-02
 91  0.10876 -8.02248e-01 |
Maximum number of function evaluations exceeded

 - final statistics:
91 variables; iteration 76; function evaluation 100
Function value 3.4497e+02; maximum gradient component mag -1.1927e+01
Exit code = 3;  converg criter 1.0000e+00
Var    Value     Gradient |Var    Value     Gradient |Var    Value     Gradient
  1  0.15602 -1.81026e+00 |  2 -0.13145 -6.32771e+00 |  3 -0.99963  4.34218e-02
  4  0.67757 -1.20166e-01 |  5 -1.00290 -5.03336e-01 |  6  0.00573 -1.19271e+01
  7 -0.00501  1.38547e-01 |  8 -0.00618  2.55781e-01 |  9 -0.00800  1.58055e-01
 10 -0.00992  8.74232e-02 | 11 -0.01181  9.80447e-02 | 12 -0.01378  1.54537e-01
 13 -0.01603  1.57805e-01 | 14 -0.01861  8.30150e-02 | 15 -0.02104  1.41959e-01
 16 -0.02374  1.35233e-01 | 17 -0.02655  1.15742e-01 | 18 -0.02939  1.09278e-01
 19 -0.03222  1.27956e-01 | 20 -0.03506  1.41653e-01 | 21 -0.03799  9.31004e-02
 22 -0.04071  1.22962e-01 | 23 -0.04354  1.30269e-02 | 24 -0.04580  1.15230e-01
 25 -0.04825  3.45593e-02 | 26 -0.05050 -2.88418e-02 | 27 -0.05213  2.63684e-01
 28 -0.05459  2.48844e-02 | 29 -0.05608  1.02076e-01 | 30 -0.05707  5.99778e-02
 31 -0.05656  8.47778e-02 | 32 -0.05420  1.80124e-02 | 33 -0.04867  1.92008e-02
 34 -0.03883  1.26974e-01 | 35 -0.02371  5.09319e-02 | 36 -0.00137 -1.25680e-02
 37  0.02865 -1.39386e-01 | 38  0.06531 -1.02525e-01 | 39  0.08354 -1.96774e-01
 40  0.05513 -2.00651e-01 | 41  0.02569 -1.99331e-01 | 42  0.00537 -2.78112e-01
 43 -0.00540 -3.38978e-02 | 44 -0.00985 -4.14624e-02 | 45 -0.01068 -2.61096e-02
 46 -0.00942 -5.38030e-02 | 47 -0.00556 -6.08067e-02 | 48 -0.00704 -7.37592e-02
 49 -0.02288 -7.76496e-02 | 50 -0.01817 -6.18213e-02 | 51  0.01226 -2.47897e-01
 52  0.03604 -3.34874e-01 | 53  0.01987 -9.96070e-02 | 54  0.03477 -8.18877e-02
 55  0.03937 -2.48933e-01 | 56  0.04157 -3.01570e-01 | 57  0.05737 -3.63201e-01
 58  0.03714 -9.92387e-02 | 59  0.02904 -2.43442e-01 | 60  0.05546 -3.12796e-01
 61  0.07687 -3.06217e-01 | 62  0.07253 -1.52643e-01 | 63  0.08503 -2.68683e-01
 64  0.05375 -6.87126e-03 | 65  0.07823  6.23799e-02 | 66  0.06897 -2.06272e-01
 67  0.05223 -2.01501e-02 | 68  0.03282  1.22241e-01 | 69  0.03019  1.97219e-01
 70  0.00501  2.31687e-01 | 71 -0.01527  1.00980e-01 | 72 -0.04044  1.57173e-01
 73 -0.03085  4.25403e-01 | 74 -0.02242  2.82989e-01 | 75 -0.01593  2.47502e-01
 76  0.27323 -5.91366e-01 | 77  0.41738  1.04600e+00 | 78 -0.04592 -5.88991e-03
 79 -1.01613  2.39447e-02 | 80  0.57383 -8.11987e-03 | 81 -0.06931 -7.39128e-01
 82  0.34329  7.93695e-01 | 83 -0.25293  2.66259e-03 | 84 -0.97892  4.29440e-03
 85  0.58672 -6.82299e-02 | 86 -0.07990  1.44617e-01 | 87 -0.02416 -2.21497e-01
 88  0.31452 -1.54817e-01 | 89 -0.52211 -7.32570e-03 | 90 -0.99239 -1.59528e-02
 91  0.10848 -2.41183e-01 |

Initial statistics: 92 variables; iteration 0; function evaluation 0; phase 4
Function value 3.4497236e+02; maximum gradient component mag -2.8536e+01
Var    Value     Gradient |Var    Value     Gradient |Var    Value     Gradient
  1  0.15602 -1.81026e+00 |  2 -0.13145 -6.32771e+00 |  3  0.27480 -2.85356e+01
  4 -0.99963  4.34218e-02 |  5  0.67757 -1.20166e-01 |  6 -0.99710  5.03336e-01
  7  0.00573 -1.19271e+01 |  8 -0.00501  1.38968e-01 |  9 -0.00618  2.56203e-01
 10 -0.00800  1.58477e-01 | 11 -0.00992  8.78451e-02 | 12 -0.01181  9.84666e-02
 13 -0.01378  1.54959e-01 | 14 -0.01603  1.58227e-01 | 15 -0.01861  8.34368e-02
 16 -0.02104  1.42380e-01 | 17 -0.02374  1.35654e-01 | 18 -0.02655  1.16163e-01
 19 -0.02939  1.09699e-01 | 20 -0.03222  1.28377e-01 | 21 -0.03506  1.42074e-01
 22 -0.03799  9.35216e-02 | 23 -0.04071  1.23383e-01 | 24 -0.04354  1.34479e-02
 25 -0.04580  1.15651e-01 | 26 -0.04825  3.49800e-02 | 27 -0.05050 -2.84211e-02
 28 -0.05213  2.64105e-01 | 29 -0.05459  2.53048e-02 | 30 -0.05608  1.02496e-01
 31 -0.05707  6.03981e-02 | 32 -0.05656  8.51981e-02 | 33 -0.05420  1.84328e-02
 34 -0.04867  1.96216e-02 | 35 -0.03883  1.27395e-01 | 36 -0.02371  5.13535e-02
 37 -0.00137 -1.21460e-02 | 38  0.02865 -1.38964e-01 | 39  0.06531 -1.02105e-01
 40  0.08354 -1.96356e-01 | 41  0.05513 -2.00231e-01 | 42  0.02569 -1.98909e-01
 43  0.00537 -2.77690e-01 | 44 -0.00540 -3.34759e-02 | 45 -0.00985 -4.10405e-02
 46 -0.01068 -2.56877e-02 | 47 -0.00942 -5.33810e-02 | 48 -0.00556 -6.03847e-02
 49 -0.00704 -7.33373e-02 | 50 -0.02288 -7.72279e-02 | 51 -0.01817 -6.13995e-02
 52  0.01226 -2.47475e-01 | 53  0.03604 -3.34452e-01 | 54  0.01987 -9.91852e-02
 55  0.03477 -8.14663e-02 | 56  0.03937 -2.48512e-01 | 57  0.04157 -3.01149e-01
 58  0.05737 -3.62780e-01 | 59  0.03714 -9.88175e-02 | 60  0.02904 -2.43021e-01
 61  0.05546 -3.12376e-01 | 62  0.07687 -3.05798e-01 | 63  0.07253 -1.52224e-01
 64  0.08503 -2.68265e-01 | 65  0.05375 -6.45080e-03 | 66  0.07823  6.27987e-02
 67  0.06897 -2.05852e-01 | 68  0.05223 -1.97296e-02 | 69  0.03282  1.22662e-01
 70  0.03019  1.97640e-01 | 71  0.00501  2.32109e-01 | 72 -0.01527  1.01402e-01
 73 -0.04044  1.57594e-01 | 74 -0.03085  4.25825e-01 | 75 -0.02242  2.83410e-01
 76 -0.01593  2.47924e-01 | 77  0.27323 -5.91366e-01 | 78  0.41738  1.04600e+00
 79 -0.04592 -5.88991e-03 | 80 -0.98387 -2.39447e-02 | 81  0.57383 -8.11987e-03
 82 -0.06931 -7.39128e-01 | 83  0.34329  7.93695e-01 | 84 -0.25293  2.66259e-03
 85 -0.97892  4.29440e-03 | 86  0.58672 -6.82299e-02 | 87 -0.07990  1.44617e-01
 88 -0.02416 -2.21497e-01 | 89  0.31452 -1.54817e-01 | 90 -0.52211 -7.32570e-03
 91 -0.99239 -1.59528e-02 | 92  0.10848 -2.41183e-01 |

Intermediate statistics: 92 variables; iteration 20; function evaluation 24; phase 4
Function value 3.4474648e+02; maximum gradient component mag -2.9473e+02
Var    Value     Gradient |Var    Value     Gradient |Var    Value     Gradient
  1  0.14463 -5.20209e+01 |  2 -0.13322 -7.70440e+01 |  3  0.29005 -4.97876e+01
  4 -1.00169 -1.18413e-01 |  5  0.74021 -2.66249e+00 |  6 -1.00239 -3.40917e-01
  7  0.00650 -2.94731e+02 |  8 -0.00491  3.39808e+00 |  9 -0.00638  3.33598e+00
 10 -0.00793  3.30130e+00 | 11 -0.00965  3.25673e+00 | 12 -0.01157  3.19527e+00
 13 -0.01367  3.12252e+00 | 14 -0.01593  3.05145e+00 | 15 -0.01832  2.98476e+00
 16 -0.02090  2.89668e+00 | 17 -0.02358  2.81243e+00 | 18 -0.02635  2.72631e+00
 19 -0.02918  2.63597e+00 | 20 -0.03206  2.54056e+00 | 21 -0.03494  2.44445e+00
 22 -0.03779  2.35653e+00 | 23 -0.04060  2.25811e+00 | 24 -0.04322  2.18459e+00
 25 -0.04574  2.07994e+00 | 26 -0.04803  2.00778e+00 | 27 -0.05016  1.93275e+00
 28 -0.05244  1.77680e+00 | 29 -0.05446  1.71280e+00 | 30 -0.05621  1.56929e+00
 31 -0.05721  1.42736e+00 | 32 -0.05688  1.23993e+00 | 33 -0.05457  1.02041e+00
 34 -0.04934  7.09401e-01 | 35 -0.04009  2.53777e-01 | 36 -0.02517 -3.70284e-01
 37 -0.00296 -1.28535e+00 | 38  0.02753 -2.66645e+00 | 39  0.06426 -4.94843e+00
 40  0.08505 -6.56437e+00 | 41  0.05735 -4.65091e+00 | 42  0.02695 -3.07565e+00
 43  0.00618 -2.26725e+00 | 44 -0.00584 -2.00520e+00 | 45 -0.01058 -1.96954e+00
 46 -0.01150 -2.03442e+00 | 47 -0.00994 -2.10462e+00 | 48 -0.00587 -2.22037e+00
 49 -0.00714 -2.00088e+00 | 50 -0.02267 -1.12348e+00 | 51 -0.01827 -1.04434e+00
 52  0.01233 -2.05614e+00 | 53  0.03700 -3.09542e+00 | 54  0.01970 -2.90256e+00
 55  0.03358 -4.61527e+00 | 56  0.04120 -5.11538e+00 | 57  0.04146 -5.39064e+00
 58  0.05667 -6.74159e+00 | 59  0.03686 -5.56404e+00 | 60  0.02882 -5.30703e+00
 61  0.05503 -8.10800e+00 | 62  0.07695 -1.13018e+01 | 63  0.07130 -1.09246e+01
 64  0.08415 -1.01506e+01 | 65  0.05363 -3.39382e+00 | 66  0.07787  1.00871e+00
 67  0.07197  6.05989e+00 | 68  0.05244  5.69144e+00 | 69  0.03403  2.95456e+00
 70  0.02973 -5.80050e-01 | 71  0.00353 -1.07069e+00 | 72 -0.01594  8.57276e-01
 73 -0.03875  3.43145e+00 | 74 -0.02936  4.26148e+00 | 75 -0.02346  3.48924e+00
 76 -0.01685  2.66104e+00 | 77  0.26152 -6.61772e+00 | 78  0.41247  7.77304e+00
 79 -0.04576 -3.41181e-03 | 80 -0.98321 -5.12172e-04 | 81  0.57411 -1.41377e-02
 82 -0.09928 -5.19263e+00 | 83  0.31500  4.59549e+00 | 84 -0.25306  1.95096e-03
 85 -0.97917  8.43566e-03 | 86  0.58892 -6.22310e-02 | 87 -0.08688  4.28010e+00
 88 -0.01566 -1.49040e+00 | 89  0.30711 -2.77508e+00 | 90 -0.52173 -2.76105e-02
 91 -0.99228  1.60941e-02 | 92  0.07649 -1.21405e+01 |
92 variables; iteration 40; function evaluation 48; phase 4
Function value 3.4458967e+02; maximum gradient component mag -1.8224e+02
Var    Value     Gradient |Var    Value     Gradient |Var    Value     Gradient
  1  0.13948 -3.44337e+01 |  2 -0.13424 -5.78591e+01 |  3  0.29645 -3.06527e+01
  4 -1.00636 -5.94128e-01 |  5  0.83575 -1.24940e+00 |  6 -1.00351 -4.98146e-01
  7  0.00660 -1.82240e+02 |  8 -0.00511  2.53256e+00 |  9 -0.00631  2.60121e+00
 10 -0.00808  2.48830e+00 | 11 -0.00996  2.39153e+00 | 12 -0.01184  2.36618e+00
 13 -0.01379  2.38164e+00 | 14 -0.01602  2.34735e+00 | 15 -0.01852  2.25577e+00
 16 -0.02095  2.26094e+00 | 17 -0.02360  2.22063e+00 | 18 -0.02634  2.17971e+00
 19 -0.02914  2.14292e+00 | 20 -0.03198  2.09510e+00 | 21 -0.03486  2.03648e+00
 22 -0.03766  2.00737e+00 | 23 -0.04049  1.92812e+00 | 24 -0.04301  1.94931e+00
 25 -0.04564  1.81728e+00 | 26 -0.04780  1.84479e+00 | 27 -0.04975  1.89527e+00
 28 -0.05270  1.40836e+00 | 29 -0.05405  1.76020e+00 | 30 -0.05619  1.45739e+00
 31 -0.05710  1.43334e+00 | 32 -0.05704  1.16951e+00 | 33 -0.05463  1.10999e+00
 34 -0.04948  8.90257e-01 | 35 -0.04055  4.55644e-01 | 36 -0.02535  2.24557e-01
 37 -0.00071  6.17739e-01 | 38  0.02557 -1.67804e+00 | 39  0.06469 -2.50622e+00
 40  0.08576 -3.62346e+00 | 41  0.05855 -2.35551e+00 | 42  0.02644 -1.83240e+00
 43  0.00438 -1.88324e+00 | 44 -0.00591 -1.20005e+00 | 45 -0.01000 -9.62586e-01
 46 -0.01070 -9.54716e-01 | 47 -0.00954 -1.21465e+00 | 48 -0.00633 -1.64894e+00
 49 -0.00866 -2.02155e+00 | 50 -0.02344 -1.51924e+00 | 51 -0.01770 -1.36340e+00
 52  0.01208 -3.05883e+00 | 53  0.03519 -4.44560e+00 | 54  0.01984 -3.09759e+00
 55  0.03437 -3.04457e+00 | 56  0.04247 -2.47902e+00 | 57  0.04076 -3.10019e+00
 58  0.05613 -3.55068e+00 | 59  0.03765 -1.58144e+00 | 60  0.02896 -1.37018e+00
 61  0.05401 -2.55844e+00 | 62  0.07728 -2.40880e+00 | 63  0.07311 -1.24093e+00
 64  0.08451 -1.49232e+00 | 65  0.05373 -6.28677e-01 | 66  0.07835 -1.55309e+00
 67  0.07016 -1.15058e+00 | 68  0.05131 -3.28178e-01 | 69  0.03328  1.14508e+00
 70  0.03153  2.66265e+00 | 71  0.00584  3.33283e+00 | 72 -0.01577  2.77763e+00
 73 -0.04002  2.19833e+00 | 74 -0.03008  2.59572e+00 | 75 -0.02256  3.28237e+00
 76 -0.01484  3.63173e+00 | 77  0.25938 -3.59041e+00 | 78  0.41181  4.54481e+00
 79 -0.04122 -2.74295e-03 | 80 -0.98217  1.81301e-02 | 81  0.58477 -1.00136e-02
 82 -0.11102 -3.82399e+00 | 83  0.30376  3.26296e+00 | 84 -0.24855 -2.24797e-04
 85 -0.97894  1.20435e-02 | 86  0.66461 -3.06255e-02 | 87 -0.09042 -1.04543e+01
 88 -0.01220 -1.80091e+00 | 89  0.30435  1.03777e+01 | 90 -0.55059 -2.88165e-02
 91 -0.98978  1.55668e-01 | 92  0.07508 -6.33872e+00 |
92 variables; iteration 60; function evaluation 74; phase 4
Function value 3.4451160e+02; maximum gradient component mag -3.7189e+01
Var    Value     Gradient |Var    Value     Gradient |Var    Value     Gradient
  1  0.13629 -6.84490e+00 |  2 -0.13484 -1.26998e+01 |  3  0.30113 -4.61113e+00
  4 -0.99620  5.06872e-01 |  5  0.93572 -2.91821e-01 |  6 -0.99852  2.06506e-01
  7  0.00724 -3.71895e+01 |  8 -0.00486  4.84409e-01 |  9 -0.00640  4.26979e-01
 10 -0.00798  4.17511e-01 | 11 -0.00983  3.61544e-01 | 12 -0.01172  3.56559e-01
 13 -0.01363  4.19299e-01 | 14 -0.01575  4.67285e-01 | 15 -0.01797  5.43517e-01
 16 -0.02065  4.74283e-01 | 17 -0.02348  3.89205e-01 | 18 -0.02637  3.17418e-01
 19 -0.02903  3.89998e-01 | 20 -0.03170  4.73814e-01 | 21 -0.03468  4.13711e-01
 22 -0.03770  3.15351e-01 | 23 -0.04066  2.20367e-01 | 24 -0.04358  7.38915e-02
 25 -0.04574  2.36444e-01 | 26 -0.04831  8.27113e-02 | 27 -0.05097 -2.07848e-01
 28 -0.05228  2.50064e-01 | 29 -0.05418  3.63101e-01 | 30 -0.05640  8.45601e-02
 31 -0.05754  1.73629e-02 | 32 -0.05717  3.97518e-02 | 33 -0.05509 -6.62725e-02
 34 -0.04934  2.44625e-01 | 35 -0.03945  5.57412e-01 | 36 -0.02499  2.70517e-01
 37 -0.00478 -6.66677e-01 | 38  0.02929  4.73773e-01 | 39  0.06306 -7.86477e-01
 40  0.08596 -8.66670e-01 | 41  0.05782 -7.22805e-01 | 42  0.02798 -3.74445e-01
 43  0.00612 -6.32059e-01 | 44 -0.00500 -2.83619e-01 | 45 -0.01114 -8.23240e-01
 46 -0.01219 -8.26398e-01 | 47 -0.01048 -6.93481e-01 | 48 -0.00634 -5.28823e-01
 49 -0.00714 -1.94030e-01 | 50 -0.02350 -7.39877e-01 | 51 -0.01858 -7.23675e-01
 52  0.01198 -8.80782e-01 | 53  0.03481 -1.27872e+00 | 54  0.02041 -5.73237e-01
 55  0.03425 -7.64870e-01 | 56  0.04195 -4.48259e-01 | 57  0.04100 -6.41359e-01
 58  0.05687 -3.66456e-01 | 59  0.03691 -4.93083e-01 | 60  0.02771 -8.08505e-01
 61  0.05506 -9.87551e-02 | 62  0.07684 -2.34458e-01 | 63  0.07304  3.55269e-01
 64  0.08362  5.51248e-01 | 65  0.05577  1.16569e+00 | 66  0.07783 -1.01883e+00
 67  0.06920 -1.98875e+00 | 68  0.05155 -9.75374e-01 | 69  0.03448  6.08467e-01
 70  0.03143  9.09696e-01 | 71  0.00451  4.76869e-01 | 72 -0.01528  9.06067e-01
 73 -0.03897  8.14213e-01 | 74 -0.03001  5.72178e-01 | 75 -0.02341  4.92196e-01
 76 -0.01433  1.32674e+00 | 77  0.25674 -1.57818e-01 | 78  0.41088  6.07535e-01
 79 -0.02472 -2.28978e-03 | 80 -0.97342  1.13789e-01 | 81  0.61981 -3.08933e-03
 82 -0.11730 -5.79641e-01 | 83  0.29773  5.25585e-01 | 84 -0.25765  1.18854e-03
 85 -0.97869  1.33785e-02 | 86  0.80966  6.15465e-04 | 87 -0.09121 -4.54609e+00
 88 -0.01124 -8.31080e-01 | 89  0.30336  4.44294e+00 | 90 -0.61389 -1.48008e-02
 91 -0.99126  9.24942e-02 | 92  0.06193 -1.37766e+00 |
92 variables; iteration 80; function evaluation 106; phase 4
Function value 3.4449565e+02; maximum gradient component mag -2.4446e+00
Var    Value     Gradient |Var    Value     Gradient |Var    Value     Gradient
  1  0.13581 -1.43714e+00 |  2 -0.13493 -2.44462e+00 |  3  0.30182 -5.91923e-01
  4 -1.00003  2.17771e-02 |  5  0.97958 -7.80028e-02 |  6 -0.99977 -9.83931e-03
  7  0.00743 -5.62470e-01 |  8 -0.00469  1.05583e-01 |  9 -0.00646 -4.05372e-02
 10 -0.00796 -9.27618e-03 | 11 -0.00973 -2.68080e-02 | 12 -0.01155  8.30994e-03
 13 -0.01362  9.11903e-03 | 14 -0.01583  2.23207e-02 | 15 -0.01838 -4.43306e-02
 16 -0.02122 -1.80712e-01 | 17 -0.02371 -9.52673e-02 | 18 -0.02589  1.84061e-01
 19 -0.02906  1.97103e-02 | 20 -0.03191  2.91590e-02 | 21 -0.03497 -6.60436e-02
 22 -0.03795 -1.32383e-01 | 23 -0.04041  4.61044e-02 | 24 -0.04296  1.08221e-01
 25 -0.04527  2.11302e-01 | 26 -0.04843 -2.52409e-01 | 27 -0.04968  2.41980e-01
 28 -0.05229  2.26387e-03 | 29 -0.05467 -1.48771e-01 | 30 -0.05570  2.68966e-01
 31 -0.05718  2.37785e-02 | 32 -0.05718 -1.42276e-01 | 33 -0.05441  1.75052e-01
 34 -0.04974 -7.75129e-02 | 35 -0.04047 -2.25349e-02 | 36 -0.02583 -9.88729e-02
 37 -0.00338  4.98707e-02 | 38  0.02666 -4.36123e-02 | 39  0.06396 -2.04924e-03
 40  0.08640  4.96723e-02 | 41  0.05798 -1.98163e-02 | 42  0.02758  2.69828e-03
 43  0.00647 -6.54673e-02 | 44 -0.00528  4.00384e-02 | 45 -0.01041 -3.61615e-02
 46 -0.01153 -3.04597e-02 | 47 -0.01021 -4.11337e-02 | 48 -0.00671 -1.07291e-01
 49 -0.00798  2.24317e-02 | 50 -0.02288  1.68159e-02 | 51 -0.01816  2.03974e-02
 52  0.01136 -1.98625e-01 | 53  0.03563  1.28043e-01 | 54  0.01968 -1.05575e-01
 55  0.03445 -1.21464e-01 | 56  0.04162 -8.48879e-03 | 57  0.04175  6.45591e-02
 58  0.05629 -9.18727e-02 | 59  0.03701  3.50766e-02 | 60  0.02851  1.65584e-03
 61  0.05436 -3.91391e-02 | 62  0.07711 -4.90102e-02 | 63  0.07281  2.30726e-02
 64  0.08455  4.58030e-02 | 65  0.05329 -6.15834e-02 | 66  0.07870  1.03371e-01
 67  0.06996  1.53273e-01 | 68  0.05205  1.51363e-01 | 69  0.03317 -5.57806e-02
 70  0.03160  1.88425e-01 | 71  0.00499 -7.73085e-02 | 72 -0.01579  1.17289e-02
 73 -0.03901  2.05244e-01 | 74 -0.03027 -1.03033e-01 | 75 -0.02276  1.85869e-01
 76 -0.01539 -5.57566e-02 | 77  0.25547 -5.75767e-02 | 78  0.41035  1.28289e-01
 79 -0.00918 -2.39417e-03 | 80 -0.98142  2.50356e-02 | 81  0.64123 -1.14095e-03
 82 -0.11937 -1.57746e-01 | 83  0.29579  1.18420e-01 | 84 -0.26463  1.74509e-04
 85 -0.98434 -4.53380e-02 | 86  0.85089  6.67095e-03 | 87 -0.09115 -3.40742e-01
 88 -0.01114  3.53308e-01 | 89  0.30326  7.69585e-01 | 90 -0.61497  5.85877e-04
 91 -0.99474 -9.26260e-02 | 92  0.05824 -9.57710e-02 |
92 variables; iteration 100; function evaluation 140; phase 4
Function value 3.4449360e+02; maximum gradient component mag 8.9767e-01
Var    Value     Gradient |Var    Value     Gradient |Var    Value     Gradient
  1  0.13590  3.94183e-03 |  2 -0.13491  1.30489e-01 |  3  0.30170  1.01000e-01
  4 -1.00001  4.58130e-02 |  5  0.99865  2.18711e-04 |  6 -0.99982 -2.74257e-02
  7  0.00743  8.97665e-01 |  8 -0.00496 -2.91217e-02 |  9 -0.00630  4.48621e-03
 10 -0.00791 -1.09624e-02 | 11 -0.00963 -4.10536e-03 | 12 -0.01154 -7.11458e-03
 13 -0.01360 -4.40932e-03 | 14 -0.01586 -8.11820e-03 | 15 -0.01826 -8.86502e-03
 16 -0.02079  2.22304e-03 | 17 -0.02334  6.07759e-02 | 18 -0.02629 -2.66985e-02
 19 -0.02912 -2.55894e-02 | 20 -0.03199 -2.77349e-02 | 21 -0.03478  1.56250e-02
 22 -0.03765  1.26182e-02 | 23 -0.04047 -8.87825e-04 | 24 -0.04318 -2.15627e-02
 25 -0.04570 -3.31180e-02 | 26 -0.04790  2.69512e-02 | 27 -0.05018 -4.05873e-02
 28 -0.05229 -1.02996e-02 | 29 -0.05437  1.45685e-02 | 30 -0.05624 -4.54899e-02
 31 -0.05726 -2.77508e-02 | 32 -0.05690  1.36001e-02 | 33 -0.05478 -4.15064e-02
 34 -0.04958  2.84755e-03 | 35 -0.04042 -5.49057e-03 | 36 -0.02558  1.18199e-02
 37 -0.00348  1.51326e-03 | 38  0.02679 -6.64688e-03 | 39  0.06402  1.01341e-02
 40  0.08599 -8.50188e-04 | 41  0.05810  1.56755e-02 | 42  0.02755  4.84666e-03
 43  0.00665  1.87680e-02 | 44 -0.00542  1.22846e-03 | 45 -0.01037  1.28935e-02
 46 -0.01150  2.30092e-02 | 47 -0.01017  2.83825e-02 | 48 -0.00656  1.49277e-02
 49 -0.00817 -4.36632e-03 | 50 -0.02298  4.14272e-03 | 51 -0.01828 -2.16077e-04
 52  0.01190  4.56210e-02 | 53  0.03507 -9.18739e-04 | 54  0.01986  2.58573e-02
 55  0.03461  3.20023e-02 | 56  0.04153  1.39210e-02 | 57  0.04156  4.28696e-03
 58  0.05649  1.20288e-02 | 59  0.03689  1.67581e-04 | 60  0.02850 -3.49227e-03
 61  0.05431 -1.16051e-02 | 62  0.07719  8.02928e-03 | 63  0.07277 -1.60208e-02
 64  0.08440 -3.11008e-02 | 65  0.05353 -4.93062e-03 | 66  0.07859  3.85439e-02
 67  0.06997  6.87621e-02 | 68  0.05190  3.41742e-02 | 69  0.03354 -3.49676e-05
 70  0.03113 -5.17511e-02 | 71  0.00531 -8.86714e-03 | 72 -0.01577 -2.57410e-02
 73 -0.03937 -4.53667e-02 | 74 -0.02993  8.98670e-03 | 75 -0.02304 -2.53996e-02
 76 -0.01525 -1.48785e-02 | 77  0.25548 -2.48040e-03 | 78  0.41035 -1.45277e-04
 79  0.01733 -3.20557e-03 | 80 -0.98387 -7.04142e-03 | 81  0.65293  7.51794e-05
 82 -0.11902  4.70868e-02 | 83  0.29611 -3.14229e-02 | 84 -0.26894  3.22933e-04
 85 -0.97942  6.27825e-03 | 86  0.82228  2.63544e-03 | 87 -0.09110 -7.09095e-02
 88 -0.01175 -8.67553e-02 | 89  0.30331  1.61139e-02 | 90 -0.58870 -4.42274e-03
 91 -0.99268  1.87816e-02 | 92  0.05839  1.31304e-02 |
92 variables; iteration 120; function evaluation 176; phase 4
Function value 3.4440245e+02; maximum gradient component mag -5.0429e+01
Var    Value     Gradient |Var    Value     Gradient |Var    Value     Gradient
  1  0.13626 -8.84397e+00 |  2 -0.13445 -3.28840e+01 |  3  0.30065 -9.68055e+00
  4 -1.00004  1.20875e-02 |  5  0.99310 -3.00798e-02 |  6 -1.00039 -2.97348e-02
  7  0.00733 -5.04292e+01 |  8 -0.00426  1.01168e+00 |  9 -0.00669  5.83670e-01
 10 -0.00760  8.63763e-01 | 11 -0.00793  1.47269e+00 | 12 -0.01010  1.35948e+00
 13 -0.01122  1.78797e+00 | 14 -0.01660  3.81570e-01 | 15 -0.01731  1.14719e+00
 16 -0.02053  8.37652e-01 | 17 -0.02527 -1.47539e-01 | 18 -0.02551  1.05560e+00
 19 -0.02899  7.38548e-01 | 20 -0.03123  1.04553e+00 | 21 -0.03386  1.17285e+00
 22 -0.03851  2.46689e-01 | 23 -0.04079  5.07046e-01 | 24 -0.04335  5.57542e-01
 25 -0.04568  6.40493e-01 | 26 -0.04833  4.52589e-01 | 27 -0.05151 -1.20876e-01
 28 -0.05249  5.32405e-01 | 29 -0.05449  5.92436e-01 | 30 -0.05616  6.28427e-01
 31 -0.05696  7.58414e-01 | 32 -0.05657  7.94806e-01 | 33 -0.05537  1.86947e-01
 34 -0.05066 -7.97183e-02 | 35 -0.04099  1.43416e-01 | 36 -0.02580  2.58462e-01
 37 -0.00324  3.21130e-01 | 38  0.02756  2.67650e-01 | 39  0.06332 -4.05883e-01
 40  0.08714 -4.04493e-01 | 41  0.05714 -6.06220e-01 | 42  0.02723 -3.78882e-01
 43  0.00636 -3.43663e-01 | 44 -0.00670 -8.25303e-01 | 45 -0.01030 -3.55945e-01
 46 -0.01031  1.30732e-02 | 47 -0.01265 -1.68162e+00 | 48 -0.00628 -6.77146e-01
 49 -0.00673 -2.77517e-01 | 50 -0.02428 -1.35844e+00 | 51 -0.01747 -5.22540e-01
 52  0.01241 -1.25544e+00 | 53  0.03413 -2.37626e+00 | 54  0.02079 -1.48239e+00
 55  0.03428 -2.19442e+00 | 56  0.04147 -2.13651e+00 | 57  0.04142 -1.85720e+00
 58  0.05665 -1.73110e+00 | 59  0.03631 -1.43512e+00 | 60  0.02888 -6.68968e-01
 61  0.05394 -1.09785e+00 | 62  0.07685 -9.63551e-01 | 63  0.07355 -2.13297e-01
 64  0.08371 -5.87968e-01 | 65  0.05367 -2.76812e-02 | 66  0.07906 -1.11291e-01
 67  0.06931 -4.29825e-01 | 68  0.05127  7.76824e-02 | 69  0.03524  1.31173e+00
 70  0.02968  3.42098e-01 | 71  0.00583  1.13344e+00 | 72 -0.01585  9.57247e-01
 73 -0.03948  9.28574e-01 | 74 -0.02972  1.10119e+00 | 75 -0.02336  6.83352e-01
 76 -0.01506  9.80871e-01 | 77  0.26493 -5.08263e+00 | 78  0.41466  5.59371e+00
 79  0.31207  1.46768e-02 | 80 -0.98828 -6.20165e-02 | 81  0.03138 -4.02112e-02
 82 -0.11750 -6.49778e-01 | 83  0.29743  4.65175e-01 | 84 -0.28763  7.48119e-05
 85 -0.97278  6.24455e-02 | 86  1.08593 -1.97568e-02 | 87 -0.09107 -2.27083e+00
 88 -0.00994  3.94590e-01 | 89  0.30343  2.64547e+00 | 90 -0.67851 -2.19459e-03
 91 -0.98158  5.10347e-01 | 92  0.06178 -1.95192e+00 |
92 variables; iteration 140; function evaluation 196; phase 4
Function value 3.4437372e+02; maximum gradient component mag 2.2231e-02
Var    Value     Gradient |Var    Value     Gradient |Var    Value     Gradient
  1  0.13658  2.49177e-03 |  2 -0.13411  5.87149e-03 |  3  0.30004  1.89401e-03
  4 -1.00005  6.41869e-03 |  5  1.00153 -4.08335e-05 |  6 -1.00026 -1.69105e-04
  7  0.00731  2.22315e-02 |  8 -0.00495 -4.83691e-04 |  9 -0.00637 -1.96241e-04
 10 -0.00795 -2.94264e-04 | 11 -0.00968 -5.50162e-04 | 12 -0.01159 -3.63196e-04
 13 -0.01366 -4.33981e-04 | 14 -0.01591  2.93666e-05 | 15 -0.01831 -3.31189e-04
 16 -0.02086  1.72428e-05 | 17 -0.02354  4.59553e-04 | 18 -0.02631 -5.24831e-04
 19 -0.02914 -2.25784e-04 | 20 -0.03201 -7.29722e-04 | 21 -0.03489 -1.64179e-04
 22 -0.03774 -4.40982e-05 | 23 -0.04054 -8.73379e-05 | 24 -0.04321 -1.58764e-04
 25 -0.04570 -3.25981e-04 | 26 -0.04802  3.18225e-04 | 27 -0.05016  1.61893e-04
 28 -0.05234 -3.62821e-05 | 29 -0.05445 -2.65766e-04 | 30 -0.05620 -4.28963e-04
 31 -0.05725 -2.57320e-04 | 32 -0.05694 -9.84095e-05 | 33 -0.05470  4.78483e-05
 34 -0.04954  2.57485e-04 | 35 -0.04033 -1.68290e-04 | 36 -0.02547  3.02736e-06
 37 -0.00330  2.17065e-04 | 38  0.02703 -1.40329e-04 | 39  0.06415  3.01620e-04
 40  0.08579  6.08151e-04 | 41  0.05769  1.86227e-04 | 42  0.02727  1.44742e-04
 43  0.00639  4.04231e-04 | 44 -0.00559  9.93612e-05 | 45 -0.01050  3.05187e-04
 46 -0.01158  3.18667e-04 | 47 -0.01018  3.98365e-04 | 48 -0.00643  2.29200e-04
 49 -0.00790 -1.96627e-04 | 50 -0.02273  4.50730e-04 | 51 -0.01805  3.66106e-04
 52  0.01203  4.43411e-04 | 53  0.03531  6.87232e-04 | 54  0.01996  3.36180e-04
 55  0.03474  2.50576e-04 | 56  0.04154  2.82200e-04 | 57  0.04162  3.40721e-04
 58  0.05643  5.84091e-04 | 59  0.03676  2.75787e-04 | 60  0.02839  5.41034e-04
 61  0.05423  6.45001e-04 | 62  0.07721  1.98502e-04 | 63  0.07284  2.63873e-05
 64  0.08447  5.09927e-04 | 65  0.05361 -1.11753e-04 | 66  0.07858 -2.45166e-05
 67  0.06997  8.63674e-04 | 68  0.05203  5.10052e-04 | 69  0.03350 -6.47374e-04
 70  0.03117 -5.85701e-05 | 71  0.00530  9.28258e-06 | 72 -0.01569 -2.89170e-04
 73 -0.03932 -5.28410e-04 | 74 -0.02998  4.84263e-06 | 75 -0.02287 -3.20645e-04
 76 -0.01515 -6.71229e-04 | 77  0.27147  2.80658e-04 | 78  0.41760 -8.52802e-04
 79  0.29271  1.51765e-05 | 80 -0.98486 -2.08477e-04 | 81  0.01150 -2.79486e-06
 82 -0.11712  1.42095e-05 | 83  0.29785 -9.94067e-05 | 84 -0.31312  6.52872e-05
 85 -0.98010  7.49468e-05 | 86  1.19803 -1.28463e-05 | 87 -0.09058  2.92348e-03
 88 -0.01266  2.43193e-03 | 89  0.30382 -1.18103e-03 | 90 -0.53531  4.08724e-05
 91 -0.99300  5.54770e-04 | 92  0.06061  6.66185e-04 |
92 variables; iteration 160; function evaluation 216; phase 4
Function value 3.4437372e+02; maximum gradient component mag -1.0690e-04
Var    Value     Gradient |Var    Value     Gradient |Var    Value     Gradient
  1  0.13659  4.27677e-06 |  2 -0.13411 -1.18752e-05 |  3  0.30004 -1.13515e-05
  4 -1.00007 -5.59350e-05 |  5  1.00154 -3.81401e-07 |  6 -1.00026 -9.40296e-08
  7  0.00731 -1.06905e-04 |  8 -0.00495  1.15993e-06 |  9 -0.00637  1.17093e-06
 10 -0.00795  1.61696e-06 | 11 -0.00968  1.35958e-06 | 12 -0.01159  1.88302e-06
 13 -0.01366  2.77435e-06 | 14 -0.01591  1.22006e-06 | 15 -0.01831  7.61608e-07
 16 -0.02086  3.08480e-06 | 17 -0.02354  2.69441e-06 | 18 -0.02631  6.10653e-07
 19 -0.02914  1.78566e-06 | 20 -0.03201 -1.19024e-06 | 21 -0.03489  3.04925e-06
 22 -0.03774  1.00826e-06 | 23 -0.04054  8.42754e-07 | 24 -0.04321  2.18083e-07
 25 -0.04570 -3.51915e-07 | 26 -0.04802  3.72757e-06 | 27 -0.05016  1.33064e-06
 28 -0.05234  1.46521e-06 | 29 -0.05445  1.53618e-06 | 30 -0.05620 -1.62540e-06
 31 -0.05725  9.55987e-07 | 32 -0.05694  1.03573e-06 | 33 -0.05470 -1.74921e-07
 34 -0.04954  2.70739e-06 | 35 -0.04033  2.17324e-07 | 36 -0.02547  1.59267e-06
 37 -0.00330 -1.56094e-07 | 38  0.02703 -2.75007e-07 | 39  0.06415 -1.05424e-06
 40  0.08579 -2.59888e-06 | 41  0.05769 -8.74137e-07 | 42  0.02727 -8.13604e-07
 43  0.00639 -7.31055e-07 | 44 -0.00559 -3.45123e-07 | 45 -0.01050  3.88682e-07
 46 -0.01158  1.04154e-06 | 47 -0.01018 -2.34616e-06 | 48 -0.00643 -2.21482e-07
 49 -0.00790 -4.00539e-08 | 50 -0.02273 -1.99947e-06 | 51 -0.01805  1.45401e-06
 52  0.01203 -2.01492e-06 | 53  0.03531 -3.06678e-06 | 54  0.01996 -1.17657e-06
 55  0.03474 -1.51004e-06 | 56  0.04154 -3.30328e-06 | 57  0.04162 -3.77263e-06
 58  0.05643 -2.11335e-06 | 59  0.03676 -2.19093e-06 | 60  0.02839 -1.99408e-06
 61  0.05423 -7.31687e-07 | 62  0.07721 -1.93884e-06 | 63  0.07284 -3.64769e-06
 64  0.08447 -3.22987e-06 | 65  0.05361 -1.12840e-06 | 66  0.07858 -2.14733e-06
 67  0.06997 -6.98283e-07 | 68  0.05202  2.66184e-08 | 69  0.03350 -1.99552e-07
 70  0.03117 -4.56327e-07 | 71  0.00530  1.37591e-06 | 72 -0.01569  7.15168e-07
 73 -0.03932  1.87664e-07 | 74 -0.02998  2.09721e-06 | 75 -0.02287  7.57878e-08
 76 -0.01515  1.53181e-06 | 77  0.27147 -6.05179e-06 | 78  0.41760  5.38930e-06
 79  0.29270 -1.09441e-07 | 80 -0.98485  1.03254e-07 | 81  0.01150 -3.42054e-07
 82 -0.11711 -4.17979e-07 | 83  0.29786  2.45842e-07 | 84 -0.31563  2.75449e-08
 85 -0.98011 -3.81468e-09 | 86  1.19823  4.07942e-08 | 87 -0.09058  9.90574e-06
 88 -0.01266  7.98278e-07 | 89  0.30382 -1.24030e-05 | 90 -0.53525  2.25074e-08
 91 -0.99301 -8.73828e-07 | 92  0.06061 -3.47455e-06 |
  ic > imax  in fminim is answer attained ?
Var    Value     Gradient |Var    Value     Gradient |Var    Value     Gradient
  1  0.13659  4.27677e-06 |  2 -0.13411 -1.18752e-05 |  3  0.30004 -1.13515e-05
  4 -1.00007 -5.59350e-05 |  5  1.00154 -3.81401e-07 |  6 -1.00026 -9.40296e-08
  7  0.00731 -1.06905e-04 |  8 -0.00495  1.15993e-06 |  9 -0.00637  1.17093e-06
 10 -0.00795  1.61696e-06 | 11 -0.00968  1.35958e-06 | 12 -0.01159  1.88302e-06
 13 -0.01366  2.77435e-06 | 14 -0.01591  1.22006e-06 | 15 -0.01831  7.61608e-07
 16 -0.02086  3.08480e-06 | 17 -0.02354  2.69441e-06 | 18 -0.02631  6.10653e-07
 19 -0.02914  1.78566e-06 | 20 -0.03201 -1.19024e-06 | 21 -0.03489  3.04925e-06
 22 -0.03774  1.00826e-06 | 23 -0.04054  8.42754e-07 | 24 -0.04321  2.18083e-07
 25 -0.04570 -3.51915e-07 | 26 -0.04802  3.72757e-06 | 27 -0.05016  1.33064e-06
 28 -0.05234  1.46521e-06 | 29 -0.05445  1.53618e-06 | 30 -0.05620 -1.62540e-06
 31 -0.05725  9.55987e-07 | 32 -0.05694  1.03573e-06 | 33 -0.05470 -1.74921e-07
 34 -0.04954  2.70739e-06 | 35 -0.04033  2.17324e-07 | 36 -0.02547  1.59267e-06
 37 -0.00330 -1.56094e-07 | 38  0.02703 -2.75007e-07 | 39  0.06415 -1.05424e-06
 40  0.08579 -2.59888e-06 | 41  0.05769 -8.74137e-07 | 42  0.02727 -8.13604e-07
 43  0.00639 -7.31055e-07 | 44 -0.00559 -3.45123e-07 | 45 -0.01050  3.88682e-07
 46 -0.01158  1.04154e-06 | 47 -0.01018 -2.34616e-06 | 48 -0.00643 -2.21482e-07
 49 -0.00790 -4.00539e-08 | 50 -0.02273 -1.99947e-06 | 51 -0.01805  1.45401e-06
 52  0.01203 -2.01492e-06 | 53  0.03531 -3.06678e-06 | 54  0.01996 -1.17657e-06
 55  0.03474 -1.51004e-06 | 56  0.04154 -3.30328e-06 | 57  0.04162 -3.77263e-06
 58  0.05643 -2.11335e-06 | 59  0.03676 -2.19093e-06 | 60  0.02839 -1.99408e-06
 61  0.05423 -7.31687e-07 | 62  0.07721 -1.93884e-06 | 63  0.07284 -3.64769e-06
 64  0.08447 -3.22987e-06 | 65  0.05361 -1.12840e-06 | 66  0.07858 -2.14733e-06
 67  0.06997 -6.98283e-07 | 68  0.05202  2.66184e-08 | 69  0.03350 -1.99552e-07
 70  0.03117 -4.56327e-07 | 71  0.00530  1.37591e-06 | 72 -0.01569  7.15168e-07
 73 -0.03932  1.87664e-07 | 74 -0.02998  2.09721e-06 | 75 -0.02287  7.57878e-08
 76 -0.01515  1.53181e-06 | 77  0.27147 -6.05179e-06 | 78  0.41760  5.38930e-06
 79  0.29270 -1.09441e-07 | 80 -0.98485  1.03254e-07 | 81  0.01150 -3.42054e-07
 82 -0.11711 -4.17979e-07 | 83  0.29786  2.45842e-07 | 84 -0.31563  2.75449e-08
 85 -0.98011 -3.81468e-09 | 86  1.19823  4.07942e-08 | 87 -0.09058  9.90574e-06
 88 -0.01266  7.98278e-07 | 89  0.30382 -1.24030e-05 | 90 -0.53525  2.25074e-08
 91 -0.99301 -8.73828e-07 | 92  0.06061 -3.47455e-06 |
Function minimizer not making progress ... is minimum attained?
Minimprove criterion = 0.0000e+00
Warning: the following parameters had issues
  MGparm[5] is within 0.1% of lower bound: -1.0000e+00 < -1.0000e+00 < 2.0000e+00
  MGparm[6] is within 0.1% of upper bound: 5.0000e-02 < 3.5000e-01 < 3.5000e-01
  MGparm[7] is within 0.1% of lower bound: 5.0000e-02 < 5.0000e-02 < 2.5000e-01
  selparm[5] is within 0.1% of lower bound: -5.0000e+00 < -4.9980e+00 < 9.0000e+00
  selparm[11] is within 0.1% of lower bound: -5.0000e+00 < -4.9966e+00 < 9.0000e+00
  selparm[17] is within 0.1% of lower bound: -5.0000e+00 < -4.9996e+00 < 9.0000e+00


 - final statistics:
92 variables; iteration 161; function evaluation 246
Function value 3.4437e+02; maximum gradient component mag -1.0690e-04
Exit code = 1;  converg criter 1.0000e-04
Var    Value     Gradient |Var    Value     Gradient |Var    Value     Gradient
  1  0.13659  4.27677e-06 |  2 -0.13411 -1.18752e-05 |  3  0.30004 -1.13515e-05
  4 -1.00007 -5.59350e-05 |  5  1.00154 -3.81401e-07 |  6 -1.00026 -9.40296e-08
  7  0.00731 -1.06905e-04 |  8 -0.00495  1.15993e-06 |  9 -0.00637  1.17093e-06
 10 -0.00795  1.61696e-06 | 11 -0.00968  1.35958e-06 | 12 -0.01159  1.88302e-06
 13 -0.01366  2.77435e-06 | 14 -0.01591  1.22006e-06 | 15 -0.01831  7.61608e-07
 16 -0.02086  3.08480e-06 | 17 -0.02354  2.69441e-06 | 18 -0.02631  6.10653e-07
 19 -0.02914  1.78566e-06 | 20 -0.03201 -1.19024e-06 | 21 -0.03489  3.04925e-06
 22 -0.03774  1.00826e-06 | 23 -0.04054  8.42754e-07 | 24 -0.04321  2.18083e-07
 25 -0.04570 -3.51915e-07 | 26 -0.04802  3.72757e-06 | 27 -0.05016  1.33064e-06
 28 -0.05234  1.46521e-06 | 29 -0.05445  1.53618e-06 | 30 -0.05620 -1.62540e-06
 31 -0.05725  9.55987e-07 | 32 -0.05694  1.03573e-06 | 33 -0.05470 -1.74921e-07
 34 -0.04954  2.70739e-06 | 35 -0.04033  2.17324e-07 | 36 -0.02547  1.59267e-06
 37 -0.00330 -1.56094e-07 | 38  0.02703 -2.75007e-07 | 39  0.06415 -1.05424e-06
 40  0.08579 -2.59888e-06 | 41  0.05769 -8.74137e-07 | 42  0.02727 -8.13604e-07
 43  0.00639 -7.31055e-07 | 44 -0.00559 -3.45123e-07 | 45 -0.01050  3.88682e-07
 46 -0.01158  1.04154e-06 | 47 -0.01018 -2.34616e-06 | 48 -0.00643 -2.21482e-07
 49 -0.00790 -4.00539e-08 | 50 -0.02273 -1.99947e-06 | 51 -0.01805  1.45401e-06
 52  0.01203 -2.01492e-06 | 53  0.03531 -3.06678e-06 | 54  0.01996 -1.17657e-06
 55  0.03474 -1.51004e-06 | 56  0.04154 -3.30328e-06 | 57  0.04162 -3.77263e-06
 58  0.05643 -2.11335e-06 | 59  0.03676 -2.19093e-06 | 60  0.02839 -1.99408e-06
 61  0.05423 -7.31687e-07 | 62  0.07721 -1.93884e-06 | 63  0.07284 -3.64769e-06
 64  0.08447 -3.22987e-06 | 65  0.05361 -1.12840e-06 | 66  0.07858 -2.14733e-06
 67  0.06997 -6.98283e-07 | 68  0.05202  2.66184e-08 | 69  0.03350 -1.99552e-07
 70  0.03117 -4.56327e-07 | 71  0.00530  1.37591e-06 | 72 -0.01569  7.15168e-07
 73 -0.03932  1.87664e-07 | 74 -0.02998  2.09721e-06 | 75 -0.02287  7.57878e-08
 76 -0.01515  1.53181e-06 | 77  0.27147 -6.05179e-06 | 78  0.41760  5.38930e-06
 79  0.29270 -1.09441e-07 | 80 -0.98485  1.03254e-07 | 81  0.01150 -3.42054e-07
 82 -0.11711 -4.17979e-07 | 83  0.29786  2.45842e-07 | 84 -0.31563  2.75449e-08
 85 -0.98011 -3.81468e-09 | 86  1.19823  4.07942e-08 | 87 -0.09058  9.90574e-06
 88 -0.01266  7.98278e-07 | 89  0.30382 -1.24030e-05 | 90 -0.53525  2.25074e-08
 91 -0.99301 -8.73828e-07 | 92  0.06061 -3.47455e-06 |
Estimating row 1 out of 92 for hessian
Estimating row 2 out of 92 for hessian
Estimating row 3 out of 92 for hessian
Estimating row 4 out of 92 for hessian
Estimating row 5 out of 92 for hessian
Estimating row 6 out of 92 for hessian
Estimating row 7 out of 92 for hessian
Estimating row 8 out of 92 for hessian
Estimating row 9 out of 92 for hessian
Estimating row 10 out of 92 for hessian
Estimating row 11 out of 92 for hessian
Estimating row 12 out of 92 for hessian
Estimating row 13 out of 92 for hessian
Estimating row 14 out of 92 for hessian
Estimating row 15 out of 92 for hessian
Estimating row 16 out of 92 for hessian
Estimating row 17 out of 92 for hessian
Estimating row 18 out of 92 for hessian
Estimating row 19 out of 92 for hessian
Estimating row 20 out of 92 for hessian
Estimating row 21 out of 92 for hessian
Estimating row 22 out of 92 for hessian
Estimating row 23 out of 92 for hessian
Estimating row 24 out of 92 for hessian
Estimating row 25 out of 92 for hessian
Estimating row 26 out of 92 for hessian
Estimating row 27 out of 92 for hessian
Estimating row 28 out of 92 for hessian
Estimating row 29 out of 92 for hessian
Estimating row 30 out of 92 for hessian
Estimating row 31 out of 92 for hessian
Estimating row 32 out of 92 for hessian
Estimating row 33 out of 92 for hessian
Estimating row 34 out of 92 for hessian
Estimating row 35 out of 92 for hessian
Estimating row 36 out of 92 for hessian
Estimating row 37 out of 92 for hessian
Estimating row 38 out of 92 for hessian
Estimating row 39 out of 92 for hessian
Estimating row 40 out of 92 for hessian
Estimating row 41 out of 92 for hessian
Estimating row 42 out of 92 for hessian
Estimating row 43 out of 92 for hessian
Estimating row 44 out of 92 for hessian
Estimating row 45 out of 92 for hessian
Estimating row 46 out of 92 for hessian
Estimating row 47 out of 92 for hessian
Estimating row 48 out of 92 for hessian
Estimating row 49 out of 92 for hessian
Estimating row 50 out of 92 for hessian
Estimating row 51 out of 92 for hessian
Estimating row 52 out of 92 for hessian
Estimating row 53 out of 92 for hessian
Estimating row 54 out of 92 for hessian
Estimating row 55 out of 92 for hessian
Estimating row 56 out of 92 for hessian
Estimating row 57 out of 92 for hessian
Estimating row 58 out of 92 for hessian
Estimating row 59 out of 92 for hessian
Estimating row 60 out of 92 for hessian
Estimating row 61 out of 92 for hessian
Estimating row 62 out of 92 for hessian
Estimating row 63 out of 92 for hessian
Estimating row 64 out of 92 for hessian
Estimating row 65 out of 92 for hessian
Estimating row 66 out of 92 for hessian
Estimating row 67 out of 92 for hessian
Estimating row 68 out of 92 for hessian
Estimating row 69 out of 92 for hessian
Estimating row 70 out of 92 for hessian
Estimating row 71 out of 92 for hessian
Estimating row 72 out of 92 for hessian
Estimating row 73 out of 92 for hessian
Estimating row 74 out of 92 for hessian
Estimating row 75 out of 92 for hessian
Estimating row 76 out of 92 for hessian
Estimating row 77 out of 92 for hessian
Estimating row 78 out of 92 for hessian
Estimating row 79 out of 92 for hessian
Estimating row 80 out of 92 for hessian
Estimating row 81 out of 92 for hessian
Estimating row 82 out of 92 for hessian
Estimating row 83 out of 92 for hessian
Estimating row 84 out of 92 for hessian
Estimating row 85 out of 92 for hessian
Estimating row 86 out of 92 for hessian
Estimating row 87 out of 92 for hessian
Estimating row 88 out of 92 for hessian
Estimating row 89 out of 92 for hessian
Estimating row 90 out of 92 for hessian
Estimating row 91 out of 92 for hessian
Estimating row 92 out of 92 for hessian
size of file gradfil1.tmp = 0
size of file gradfil2.tmp = 0
size of file varssave.tmp = 0
size of file cmpdiff.tmp = 0
