
Initial statistics: 73 variables; iteration 0; function evaluation 0; phase 1
Function value 1.0200852e+03; maximum gradient component mag 7.0701e+03
Var    Value     Gradient |Var    Value     Gradient |Var    Value     Gradient
  1  0.15445  2.40712e+03 |  2 -0.12173  5.83781e+03 |  3 -0.55224  1.93799e+03
  4  0.01434  7.07012e+03 |  5 -0.00513 -7.63768e+01 |  6  0.00498 -6.61688e+01
  7  0.00019 -6.48262e+01 |  8  0.00352 -5.74106e+01 |  9 -0.00489 -5.79328e+01
 10 -0.00244 -4.98025e+01 | 11 -0.00214 -4.24413e+01 | 12  0.00431 -2.84187e+01
 13 -0.00436 -2.76973e+01 | 14  0.00481 -8.03407e+00 | 15 -0.00246 -5.02421e+00
 16 -0.00300  6.27369e+00 | 17  0.00312  2.76500e+01 | 18 -0.00342  3.27787e+01
 19  0.00086  5.48700e+01 | 20 -0.00034  6.98055e+01 | 21  0.00357  9.51065e+01
 22 -0.00151  1.04057e+02 | 23  0.00064  1.28285e+02 | 24  0.00107  1.50372e+02
 25 -0.00316  1.63145e+02 | 26 -0.00522  1.82786e+02 | 27 -0.00239  2.17634e+02
 28 -0.00451  2.40106e+02 | 29  0.00421  2.97470e+02 | 30  0.00503  3.27730e+02
 31 -0.00384  3.16291e+02 | 32  0.00354  3.60012e+02 | 33 -0.00053  3.51347e+02
 34 -0.00454  3.33200e+02 | 35 -0.00473  3.25217e+02 | 36  0.00143  3.42125e+02
 37 -0.00290  3.23266e+02 | 38  0.00100  3.44501e+02 | 39 -0.00414  3.36908e+02
 40 -0.00335  3.55905e+02 | 41  0.00193  3.93973e+02 | 42  0.00474  4.20517e+02
 43 -0.00025  4.08741e+02 | 44  0.00228  4.24201e+02 | 45  0.00177  4.19514e+02
 46 -0.00432  3.85750e+02 | 47  0.00341  4.10545e+02 | 48  0.00236  3.86703e+02
 49 -0.00049  3.28142e+02 | 50 -0.00306  2.42794e+02 | 51  0.00002  1.47807e+02
 52  0.00054  2.34426e+01 | 53 -0.00366 -9.78713e+01 | 54  0.00241 -2.09046e+02
 55 -0.00361 -2.88132e+02 | 56  0.00157 -3.45253e+02 | 57  0.00434 -4.00490e+02
 58 -0.00246 -4.96020e+02 | 59  0.00443 -6.47950e+02 | 60  0.00312 -7.90712e+02
 61  0.00387 -8.94610e+02 | 62 -0.00123 -8.97463e+02 | 63  0.00187 -9.25960e+02
 64  0.00138 -8.84235e+02 | 65  0.00283 -7.69101e+02 | 66  0.00305 -6.25838e+02
 67 -0.00207 -4.57536e+02 | 68 -0.00105 -2.92133e+02 | 69 -0.00165 -1.28052e+02
 70  0.00289  2.04072e+01 | 71  0.00187  6.47146e+01 | 72 -0.00228  4.31500e+01
 73  0.00218  2.72685e+01 |

Intermediate statistics: 73 variables; iteration 20; function evaluation 31; phase 1
Function value 4.5147955e+02; maximum gradient component mag 5.3833e+03
Var    Value     Gradient |Var    Value     Gradient |Var    Value     Gradient
  1  0.11630  4.91411e+02 |  2 -0.14427  1.79119e+03 |  3 -0.68900  4.25616e+02
  4  0.00497  5.38331e+03 |  5  0.00345 -6.89720e+01 |  6 -0.05462 -9.34021e+01
  7 -0.03575 -8.43861e+01 |  8 -0.05356 -9.11495e+01 |  9 -0.02504 -7.70551e+01
 10 -0.03721 -8.13172e+01 | 11 -0.04014 -8.11778e+01 | 12 -0.05461 -8.64776e+01
 13 -0.03650 -7.57974e+01 | 14 -0.04720 -7.92852e+01 | 15 -0.03575 -7.10804e+01
 16 -0.03258 -6.68783e+01 | 17 -0.03126 -6.34815e+01 | 18 -0.02735 -5.82686e+01
 19 -0.02503 -5.37591e+01 | 20 -0.02421 -5.00697e+01 | 21 -0.02312 -4.61747e+01
 22 -0.02654 -4.55953e+01 | 23 -0.02888 -4.43245e+01 | 24 -0.03350 -4.47642e+01
 25 -0.04149 -4.76371e+01 | 26 -0.05007 -5.09707e+01 | 27 -0.05773 -5.38700e+01
 28 -0.06544 -5.71147e+01 | 29 -0.06657 -5.62419e+01 | 30 -0.06207 -5.21514e+01
 31 -0.05374 -4.66638e+01 | 32 -0.02696 -2.78201e+01 | 33 -0.00211 -1.21912e+01
 34  0.02198  4.86976e-01 | 35  0.04232  9.97470e+00 | 36  0.04845  1.11640e+01
 37  0.03227  4.67505e-01 | 38  0.01669 -1.53477e+00 | 39  0.01545  1.39723e+01
 40  0.02543  4.47767e+01 | 41  0.02789  6.66869e+01 | 42  0.01607  6.43140e+01
 43  0.00296  5.60229e+01 | 44 -0.00300  5.54210e+01 | 45 -0.00512  5.87133e+01
 46 -0.00848  6.06558e+01 | 47  0.00108  8.65183e+01 | 48  0.00388  9.44944e+01
 49  0.00963  9.18569e+01 | 50  0.01700  8.78129e+01 | 51  0.02947  1.01933e+02
 52  0.04681  1.24491e+02 | 53  0.04633  1.12996e+02 | 54  0.04639  1.03837e+02
 55  0.04701  9.76059e+01 | 56  0.04592  1.11041e+02 | 57  0.04081  1.03627e+02
 58  0.04857  8.98099e+01 | 59  0.06828  9.38685e+01 | 60  0.07717  9.15183e+01
 61  0.08318  8.97971e+01 | 62  0.07140  7.68586e+01 | 63  0.07351  7.18167e+01
 64  0.07392  6.65817e+01 | 65  0.06260  5.51383e+01 | 66  0.04434  2.53748e+01
 67  0.01940 -1.74862e+01 | 68  0.00911 -3.17945e+01 | 69 -0.01969 -5.15004e+01
 70 -0.04236 -6.06220e+01 | 71 -0.00648 -5.13557e+01 | 72 -0.04348 -8.21974e+01
 73  0.01473 -6.14737e+01 |
73 variables; iteration 40; function evaluation 61; phase 1
Function value 4.2106922e+02; maximum gradient component mag 5.7389e+02
Var    Value     Gradient |Var    Value     Gradient |Var    Value     Gradient
  1  0.16038  1.45699e+02 |  2 -0.15101  1.45026e+02 |  3 -0.80563  7.61326e+01
  4  0.00473  5.73892e+02 |  5 -0.00546 -8.07362e+00 |  6 -0.00792 -8.47706e+00
  7 -0.00955 -8.45752e+00 |  8 -0.01305 -9.18463e+00 |  9 -0.01244 -8.02936e+00
 10 -0.01505 -8.20865e+00 | 11 -0.01686 -7.94497e+00 | 12 -0.01953 -7.99279e+00
 13 -0.02109 -7.44071e+00 | 14 -0.02438 -7.63743e+00 | 15 -0.02675 -7.33403e+00
 16 -0.02796 -6.39976e+00 | 17 -0.02642 -3.97522e+00 | 18 -0.02722 -2.65858e+00
 19 -0.02976 -2.23746e+00 | 20 -0.03754 -4.70908e+00 | 21 -0.04566 -7.50975e+00
 22 -0.05165 -9.28301e+00 | 23 -0.05264 -8.37410e+00 | 24 -0.04942 -5.06893e+00
 25 -0.04893 -3.20388e+00 | 26 -0.05263 -3.83529e+00 | 27 -0.05810 -5.75734e+00
 28 -0.06336 -7.88183e+00 | 29 -0.06352 -7.67161e+00 | 30 -0.05751 -4.83348e+00
 31 -0.05119 -3.48834e+00 | 32 -0.03789 -2.43478e-01 | 33 -0.01928  3.01197e+00
 34  0.00374  4.98897e+00 | 35  0.03158  6.27185e+00 | 36  0.06324  8.13068e+00
 37  0.07257  6.99088e+00 | 38  0.05371  5.51785e+00 | 39  0.02942  4.56168e+00
 40  0.00802  2.88285e+00 | 41  0.00018  4.50210e+00 | 42 -0.00085  6.69042e+00
 43 -0.00238  6.59421e+00 | 44 -0.00990  2.37575e+00 | 45 -0.01549 -1.31781e+00
 46 -0.01636 -9.63630e-01 | 47  0.00480  1.61964e+01 | 48 -0.01799  3.08524e+00
 49  0.00461  4.65409e+00 | 50  0.03144  6.36463e+00 | 51  0.02149  1.95269e+00
 52  0.03934  1.01576e+01 | 53  0.04776  1.59062e+01 | 54  0.04579  1.16123e+01
 55  0.05461  6.38456e+00 | 56  0.03642  8.31410e+00 | 57  0.03562  1.25112e+01
 58  0.03691  3.82815e+00 | 59  0.07596  1.71606e+01 | 60  0.07539  1.47363e+01
 61  0.08730  1.28088e+01 | 62  0.05856  6.75809e+00 | 63  0.07178  7.02220e+00
 64  0.08077  1.05905e+01 | 65  0.04526  5.19203e-02 | 66  0.03179 -7.33474e-01
 67  0.02783 -4.87432e+00 | 68 -0.00209 -1.12444e+01 | 69 -0.02626 -1.40233e+01
 70 -0.04907 -1.01773e+01 | 71 -0.02671 -2.80967e+00 | 72 -0.02100 -7.85328e+00
 73 -0.01448 -7.42904e+00 |
73 variables; iteration 60; function evaluation 94; phase 1
Function value 4.1851432e+02; maximum gradient component mag 1.9315e+02
Var    Value     Gradient |Var    Value     Gradient |Var    Value     Gradient
  1  0.17177  4.77917e+01 |  2 -0.14979  5.87944e+01 |  3 -0.88934  1.86292e+01
  4  0.00508  1.93154e+02 |  5 -0.00632 -3.11414e+00 |  6 -0.00700 -2.81212e+00
  7 -0.01044 -3.61719e+00 |  8 -0.00849 -2.03385e+00 |  9 -0.00742 -7.20073e-01
 10 -0.01025 -1.03420e+00 | 11 -0.01634 -2.75831e+00 | 12 -0.02085 -3.72598e+00
 13 -0.02072 -2.49047e+00 | 14 -0.02209 -1.85899e+00 | 15 -0.02482 -1.81799e+00
 16 -0.02843 -2.16297e+00 | 17 -0.03048 -1.71328e+00 | 18 -0.03522 -2.60167e+00
 19 -0.03902 -3.03624e+00 | 20 -0.03940 -1.71782e+00 | 21 -0.04177 -1.49777e+00
 22 -0.04301 -7.55726e-01 | 23 -0.04581 -8.99460e-01 | 24 -0.05116 -2.51457e+00
 25 -0.05194 -1.57926e+00 | 26 -0.05807 -3.74984e+00 | 27 -0.05697 -2.05152e+00
 28 -0.04995  2.83779e+00 | 29 -0.06169 -4.00733e+00 | 30 -0.05631 -2.01004e+00
 31 -0.04986 -1.14938e+00 | 32 -0.04045 -8.45895e-01 | 33 -0.02360  5.67389e-01
 34  0.00197  2.68230e+00 | 35  0.01758 -1.78879e+00 | 36  0.06141  2.54713e+00
 37  0.08313  3.56871e+00 | 38  0.06099  3.34664e+00 | 39  0.02996  1.93093e+00
 40  0.01203  2.47055e+00 | 41 -0.00326  7.75336e-01 | 42 -0.01236 -1.32863e+00
 43 -0.01300 -1.48950e+00 | 44 -0.00846 -1.08662e-01 | 45 -0.00337  9.39448e-01
 46 -0.00385  1.15425e+00 | 47 -0.01880 -6.64484e-01 | 48 -0.01402  1.62835e+00
 49  0.00930  3.21541e+00 | 50  0.03032  3.95629e+00 | 51  0.03310  6.59818e+00
 52  0.03911  5.80220e+00 | 53  0.03842  4.17586e+00 | 54  0.04612  5.12097e+00
 55  0.06289  6.81106e+00 | 56  0.03463  3.25790e+00 | 57  0.02510  1.36875e+00
 58  0.05116  4.89335e+00 | 59  0.06927  4.52731e+00 | 60  0.07738  5.86119e+00
 61  0.08861  4.61688e+00 | 62  0.05473  1.06179e+00 | 63  0.07861  2.62922e+00
 64  0.07013  6.61020e-02 | 65  0.05301 -1.44805e+00 | 66  0.02808 -2.63271e+00
 67  0.02170 -4.47405e+00 | 68  0.00090 -2.70218e+00 | 69 -0.02274 -3.46001e+00
 70 -0.05008 -3.59812e+00 | 71 -0.03550 -2.20846e+00 | 72 -0.01797 -1.81319e+00
 73 -0.01738 -2.35672e+00 |
Maximum number of function evaluations exceeded

 - final statistics:
73 variables; iteration 64; function evaluation 100
Function value 4.1840e+02; maximum gradient component mag 1.2661e+02
Exit code = 3;  converg criter 1.0000e+01
Var    Value     Gradient |Var    Value     Gradient |Var    Value     Gradient
  1  0.17261  3.64181e+01 |  2 -0.14973  4.27209e+01 |  3 -0.89789  1.48282e+01
  4  0.00520  1.26607e+02 |  5 -0.00052  2.49994e-01 |  6 -0.00425 -7.22572e-01
  7 -0.00634 -9.42697e-01 |  8 -0.01169 -2.51215e+00 |  9 -0.00869 -3.80969e-01
 10 -0.01048 -2.42753e-01 | 11 -0.01725 -2.28075e+00 | 12 -0.02124 -3.02326e+00
 13 -0.02037 -1.45572e+00 | 14 -0.02334 -1.59504e+00 | 15 -0.02302 -9.65212e-02
 16 -0.02806 -1.14625e+00 | 17 -0.03217 -1.73207e+00 | 18 -0.03494 -1.64388e+00
 19 -0.03873 -2.07828e+00 | 20 -0.04039 -1.44735e+00 | 21 -0.04188 -7.76561e-01
 22 -0.04483 -9.77680e-01 | 23 -0.04713 -8.72132e-01 | 24 -0.04930 -7.31856e-01
 25 -0.05232 -1.06407e+00 | 26 -0.05266  3.97849e-02 | 27 -0.06040 -3.32312e+00
 28 -0.05084  2.94491e+00 | 29 -0.05934 -2.04294e+00 | 30 -0.05718 -1.97384e+00
 31 -0.05030 -9.60567e-01 | 32 -0.04072 -7.00959e-01 | 33 -0.02405  4.04182e-01
 34 -0.00094  1.14511e+00 | 35  0.02221 -7.90784e-01 | 36  0.06010  8.38818e-01
 37  0.08104  1.23961e+00 | 38  0.06115  1.80634e+00 | 39  0.03296  1.85074e+00
 40  0.00892  4.15728e-01 | 41 -0.00392 -1.36100e-01 | 42 -0.01166 -1.52912e+00
 43 -0.01296 -1.95717e+00 | 44 -0.00937 -1.00755e+00 | 45 -0.00294  6.07327e-01
 46 -0.00271  1.18497e+00 | 47 -0.01927 -1.15365e+00 | 48 -0.01498  8.84514e-01
 49  0.01003  3.03833e+00 | 50  0.02984  3.12265e+00 | 51  0.03468  6.38106e+00
 52  0.03660  3.75318e+00 | 53  0.03997  3.47861e+00 | 54  0.04471  3.53655e+00
 55  0.06375  6.18734e+00 | 56  0.03408  2.45603e+00 | 57  0.02507  7.22303e-01
 58  0.05103  3.69667e+00 | 59  0.06936  2.83499e+00 | 60  0.07708  3.83336e+00
 61  0.08780  2.49493e+00 | 62  0.05654  5.49894e-01 | 63  0.07707  7.37020e-01
 64  0.06943 -7.88455e-01 | 65  0.05507 -6.59987e-01 | 66  0.02582 -2.85037e+00
 67  0.02240 -3.49912e+00 | 68  0.00047 -1.95626e+00 | 69 -0.02291 -2.48528e+00
 70 -0.04965 -2.27171e+00 | 71 -0.03674 -1.84577e+00 | 72 -0.01716 -5.56125e-01
 73 -0.01860 -2.16730e+00 |

Initial statistics: 82 variables; iteration 0; function evaluation 0; phase 2
Function value 4.1839969e+02; maximum gradient component mag -1.7623e+02
Var    Value     Gradient |Var    Value     Gradient |Var    Value     Gradient
  1  0.17261  3.64181e+01 |  2 -0.14973  4.27209e+01 |  3 -0.89789  1.48282e+01
  4  0.00520  1.26607e+02 |  5 -0.00052  2.47709e-01 |  6 -0.00425 -7.24856e-01
  7 -0.00634 -9.44981e-01 |  8 -0.01169 -2.51443e+00 |  9 -0.00869 -3.83253e-01
 10 -0.01048 -2.45038e-01 | 11 -0.01725 -2.28303e+00 | 12 -0.02124 -3.02554e+00
 13 -0.02037 -1.45800e+00 | 14 -0.02334 -1.59732e+00 | 15 -0.02302 -9.88041e-02
 16 -0.02806 -1.14853e+00 | 17 -0.03217 -1.73435e+00 | 18 -0.03494 -1.64616e+00
 19 -0.03873 -2.08056e+00 | 20 -0.04039 -1.44963e+00 | 21 -0.04188 -7.78841e-01
 22 -0.04483 -9.79959e-01 | 23 -0.04713 -8.74410e-01 | 24 -0.04930 -7.34133e-01
 25 -0.05232 -1.06635e+00 | 26 -0.05266  3.75083e-02 | 27 -0.06040 -3.32540e+00
 28 -0.05084  2.94263e+00 | 29 -0.05934 -2.04521e+00 | 30 -0.05718 -1.97612e+00
 31 -0.05030 -9.62844e-01 | 32 -0.04072 -7.03239e-01 | 33 -0.02405  4.01899e-01
 34 -0.00094  1.14283e+00 | 35  0.02221 -7.93068e-01 | 36  0.06010  8.36544e-01
 37  0.08104  1.23734e+00 | 38  0.06115  1.80407e+00 | 39  0.03296  1.84846e+00
 40  0.00892  4.13444e-01 | 41 -0.00392 -1.38385e-01 | 42 -0.01166 -1.53140e+00
 43 -0.01296 -1.95946e+00 | 44 -0.00937 -1.00983e+00 | 45 -0.00294  6.05043e-01
 46 -0.00271  1.18269e+00 | 47 -0.01927 -1.15594e+00 | 48 -0.01498  8.82230e-01
 49  0.01003  3.03605e+00 | 50  0.02984  3.12037e+00 | 51  0.03468  6.37878e+00
 52  0.03660  3.75090e+00 | 53  0.03997  3.47633e+00 | 54  0.04471  3.53427e+00
 55  0.06375  6.18506e+00 | 56  0.03408  2.45375e+00 | 57  0.02507  7.20020e-01
 58  0.05103  3.69439e+00 | 59  0.06936  2.83272e+00 | 60  0.07708  3.83110e+00
 61  0.08780  2.49267e+00 | 62  0.05654  5.47619e-01 | 63  0.07707  7.34753e-01
 64  0.06943 -7.90725e-01 | 65  0.05507 -6.62263e-01 | 66  0.02582 -2.85265e+00
 67  0.02240 -3.50140e+00 | 68  0.00047 -1.95854e+00 | 69 -0.02291 -2.48757e+00
 70 -0.04965 -2.27399e+00 | 71 -0.03674 -1.84805e+00 | 72 -0.01716 -5.58409e-01
 73 -0.01860 -2.16958e+00 | 74  0.29805 -1.68509e+01 | 75 -0.53542  4.90114e+01
 76 -0.05041  2.42810e+01 | 77  0.07879  7.89725e+01 | 78 -0.99450 -2.77276e-01
 79 -0.11332  1.83890e+01 | 80 -0.06806 -1.76227e+02 | 81 -0.68134  2.38950e+01
 82  0.14536 -7.37962e+00 |

Intermediate statistics: 82 variables; iteration 20; function evaluation 27; phase 2
Function value 4.1145593e+02; maximum gradient component mag -1.9991e+02
Var    Value     Gradient |Var    Value     Gradient |Var    Value     Gradient
  1  0.17480  3.78285e+01 |  2 -0.14677 -6.19800e+01 |  3 -0.96914  3.31534e+00
  4  0.00488  1.08184e+01 |  5 -0.00365  1.81909e+00 |  6 -0.00562  1.60773e+00
  7 -0.00732  1.57655e+00 |  8 -0.00992  1.22066e+00 |  9 -0.01064  1.76315e+00
 10 -0.01265  1.82648e+00 | 11 -0.01603  1.34496e+00 | 12 -0.01886  1.18239e+00
 13 -0.02057  1.60838e+00 | 14 -0.02336  1.60070e+00 | 15 -0.02533  2.04148e+00
 16 -0.02882  1.78291e+00 | 17 -0.03210  1.64407e+00 | 18 -0.03503  1.69396e+00
 19 -0.03825  1.58348e+00 | 20 -0.04077  1.79906e+00 | 21 -0.04309  2.04072e+00
 22 -0.04575  1.99450e+00 | 23 -0.04812  2.05180e+00 | 24 -0.05037  2.12222e+00
 25 -0.05293  2.02659e+00 | 26 -0.05436  2.50366e+00 | 27 -0.05835  1.28632e+00
 28 -0.05507  3.99858e+00 | 29 -0.05829  2.19979e+00 | 30 -0.05579  2.68339e+00
 31 -0.04942  3.77252e+00 | 32 -0.03930  4.94305e+00 | 33 -0.02314  6.86235e+00
 34 -0.00017  9.30635e+00 | 35  0.02906  1.23368e+01 | 36  0.06458  1.74279e+01
 37  0.08229  2.11635e+01 | 38  0.05556  1.86062e+01 | 39  0.02624  1.57367e+01
 40  0.00618  1.42827e+01 | 41 -0.00500  1.38956e+01 | 42 -0.00944  1.39974e+01
 43 -0.00935  1.45538e+01 | 44 -0.00714  1.53372e+01 | 45 -0.00354  1.61331e+01
 46 -0.00379  1.62630e+01 | 47 -0.01486  1.48984e+01 | 48 -0.01144  1.59693e+01
 49  0.01444  1.86287e+01 | 50  0.03862  1.70186e+01 | 51  0.03157  6.29028e+00
 52  0.03454 -8.99751e+00 | 53  0.03237 -2.14686e+01 | 54  0.04257 -2.75024e+01
 55  0.05937 -2.80775e+01 | 56  0.03404 -2.16817e+01 | 57  0.02448 -2.25927e+01
 58  0.04503 -2.74945e+01 | 59  0.07100 -3.09342e+01 | 60  0.07278 -2.74773e+01
 61  0.08794 -2.37820e+01 | 62  0.05834 -1.52009e+01 | 63  0.07908 -1.95481e+01
 64  0.06827 -2.61535e+01 | 65  0.04952 -2.81861e+01 | 66  0.02380 -2.32451e+01
 67  0.02093 -1.68052e+01 | 68 -0.00083 -4.05831e+00 | 69 -0.02110  6.73598e+00
 70 -0.04561  1.44568e+01 | 71 -0.03117  2.23708e+01 | 72 -0.01250  2.67286e+01
 73 -0.00980  2.21377e+01 | 74  0.32045  1.05166e+01 | 75 -0.56958  2.17133e+01
 76 -0.20161 -7.61284e+00 | 77  0.06460 -2.26934e+01 | 78 -0.99053 -1.71054e-01
 79 -0.13601 -2.64879e+00 | 80 -0.07069 -1.99905e+02 | 81 -0.84005  6.12158e+00
 82  0.22384 -3.09338e+00 |
82 variables; iteration 40; function evaluation 53; phase 2
Function value 4.0861255e+02; maximum gradient component mag 8.8520e+01
Var    Value     Gradient |Var    Value     Gradient |Var    Value     Gradient
  1  0.16877  1.47091e+01 |  2 -0.14497  2.89697e+01 |  3 -1.00819 -1.04538e+00
  4  0.00515  8.85198e+01 |  5 -0.00002  7.76284e-01 |  6 -0.00399 -2.93223e-01
  7 -0.00616 -5.47968e-01 |  8 -0.01083 -1.82221e+00 |  9 -0.00934 -3.47183e-01
 10 -0.01174 -4.86903e-01 | 11 -0.01545 -1.14629e+00 | 12 -0.01784 -1.14623e+00
 13 -0.02024 -1.07694e+00 | 14 -0.02318 -1.20381e+00 | 15 -0.02597 -1.21136e+00
 16 -0.02925 -1.42348e+00 | 17 -0.03258 -1.63739e+00 | 18 -0.03547 -1.62853e+00
 19 -0.03841 -1.64883e+00 | 20 -0.04050 -1.26365e+00 | 21 -0.04252 -9.23390e-01
 22 -0.04473 -7.72539e-01 | 23 -0.04698 -7.00867e-01 | 24 -0.04938 -7.63142e-01
 25 -0.05182 -8.52106e-01 | 26 -0.05431 -1.06578e+00 | 27 -0.05567 -8.96613e-01
 28 -0.05693 -1.03177e+00 | 29 -0.05659 -1.03778e+00 | 30 -0.05377 -8.29548e-01
 31 -0.04706 -2.57814e-01 | 32 -0.03656  6.07199e-02 | 33 -0.02708 -2.81776e+00
 34 -0.00284 -1.71310e+00 | 35  0.02866 -7.18752e-01 | 36  0.06675  5.98093e-01
 37  0.08510  1.42076e+00 | 38  0.04846 -6.96017e-01 | 39  0.02548  5.58500e-01
 40 -0.00062 -2.12620e+00 | 41 -0.00233  1.70698e+00 | 42 -0.00963  3.67485e-01
 43 -0.01193 -6.00423e-01 | 44 -0.00758  7.03924e-01 | 45 -0.00391  1.21009e+00
 46 -0.00397  1.60560e+00 | 47 -0.01942 -5.66225e-01 | 48 -0.01444  1.09103e+00
 49  0.00760  8.53537e-01 | 50  0.03116  1.60415e+00 | 51  0.03336  3.89651e+00
 52  0.03432  1.57881e-01 | 53  0.03844  9.47191e-03 | 54  0.05072  1.74485e+00
 55  0.05598  6.16916e-01 | 56  0.03590  2.73982e+00 | 57  0.02504  6.20811e-03
 58  0.04535  3.47529e-01 | 59  0.07592  4.16563e+00 | 60  0.07281  2.25948e+00
 61  0.08670  2.53898e+00 | 62  0.06034  2.96000e+00 | 63  0.07439  2.18910e+00
 64  0.07314  3.56989e+00 | 65  0.05108  8.23102e-01 | 66  0.02699  1.98504e-01
 67  0.02495  1.09439e+00 | 68 -0.00217  5.84666e-03 | 69 -0.02116  5.79415e-01
 70 -0.04881 -8.97880e-01 | 71 -0.03550 -2.87353e-02 | 72 -0.01641  1.69479e+00
 73 -0.01213 -4.16917e-01 | 74  0.31596  4.59619e+00 | 75 -0.61322  3.50791e+00
 76 -0.19546  2.81307e-01 | 77  0.06697 -6.91611e-01 | 78 -0.88224  2.17465e-01
 79 -0.13919  1.17483e+00 | 80 -0.06226 -5.33272e+00 | 81 -0.93864  1.62207e+00
 82  0.27046 -8.49875e-01 |
82 variables; iteration 60; function evaluation 85; phase 2
Function value 4.0844602e+02; maximum gradient component mag -8.4267e+01
Var    Value     Gradient |Var    Value     Gradient |Var    Value     Gradient
  1  0.16787 -1.58097e+01 |  2 -0.14509 -1.98899e+01 |  3 -1.01562 -1.35462e+00
  4  0.00498 -8.42671e+01 |  5 -0.00489  9.62564e-01 |  6 -0.00581  1.15114e+00
  7 -0.00722  1.19551e+00 |  8 -0.00942  9.70655e-01 |  9 -0.01069  1.22153e+00
 10 -0.01300  1.09054e+00 | 11 -0.01530  1.03522e+00 | 12 -0.01773  9.98048e-01
 13 -0.02031  9.52508e-01 | 14 -0.02286  9.84599e-01 | 15 -0.02561  9.67402e-01
 16 -0.02854  9.03069e-01 | 17 -0.03138  9.03082e-01 | 18 -0.03392  1.07211e+00
 19 -0.03649  1.22127e+00 | 20 -0.03990  8.92789e-01 | 21 -0.04293  6.74862e-01
 22 -0.04520  7.54677e-01 | 23 -0.04738  8.34600e-01 | 24 -0.04990  6.72415e-01
 25 -0.05229  5.77025e-01 | 26 -0.05449  4.88751e-01 | 27 -0.05634  3.31169e-01
 28 -0.05697  4.96441e-01 | 29 -0.05653  4.71811e-01 | 30 -0.05346  7.13550e-01
 31 -0.04772  6.05975e-01 | 32 -0.03838  1.26158e-01 | 33 -0.02205  2.56449e-01
 34 -0.00020 -4.27765e-01 | 35  0.03040 -7.38427e-01 | 36  0.06504 -1.50100e+00
 37  0.08001 -1.92438e+00 | 38  0.05284 -1.35272e+00 | 39  0.02421 -1.04140e+00
 40  0.00501 -7.56645e-01 | 41 -0.00663 -9.70027e-01 | 42 -0.00970 -6.10454e-01
 43 -0.00978 -7.82780e-01 | 44 -0.00769 -7.18692e-01 | 45 -0.00528 -9.77830e-01
 46 -0.00632 -1.08858e+00 | 47 -0.01752 -1.08094e+00 | 48 -0.01498 -8.02431e-01
 49  0.00897 -1.32149e+00 | 50  0.03304 -1.84365e+00 | 51  0.02717 -1.89422e+00
 52  0.03793 -1.52009e+00 | 53  0.03967 -1.62003e+00 | 54  0.04893 -1.24581e+00
 55  0.05781 -1.79972e+00 | 56  0.03308 -8.89125e-01 | 57  0.02621 -8.38471e-01
 58  0.04799 -9.74275e-01 | 59  0.07222 -1.50388e+00 | 60  0.07433 -1.15245e+00
 61  0.08762 -9.93254e-01 | 62  0.05739 -2.94302e-01 | 63  0.07773 -7.40907e-02
 64  0.06965  1.18341e-01 | 65  0.05293  5.22327e-01 | 66  0.02786  8.39392e-01
 67  0.02358  9.15664e-01 | 68 -0.00156  9.73415e-01 | 69 -0.02231  1.10972e+00
 70 -0.04725  1.26370e+00 | 71 -0.03533  8.78418e-01 | 72 -0.01851  1.12775e+00
 73 -0.01093  1.05923e+00 | 74  0.31523 -2.10458e+00 | 75 -0.62759  3.33063e-01
 76 -0.19403 -3.25132e-01 | 77  0.06717 -1.58341e+00 | 78 -1.03078  6.82220e-03
 79 -0.13998 -4.62319e-01 | 80 -0.06214 -3.09851e+00 | 81 -0.99077  5.37623e-02
 82  0.29881 -1.23694e+00 |
Maximum number of function evaluations exceeded

 - final statistics:
82 variables; iteration 69; function evaluation 100
Function value 4.0844e+02; maximum gradient component mag -7.4006e+01
Exit code = 3;  converg criter 1.0000e+01
Var    Value     Gradient |Var    Value     Gradient |Var    Value     Gradient
  1  0.16795 -1.28584e+01 |  2 -0.14510 -1.82432e+01 |  3 -1.01418 -1.28990e+00
  4  0.00496 -7.40065e+01 |  5 -0.00520  7.12079e-01 |  6 -0.00581  1.02716e+00
  7 -0.00710  1.13074e+00 |  8 -0.00963  7.58034e-01 |  9 -0.01068  1.11816e+00
 10 -0.01304  9.55141e-01 | 11 -0.01535  9.02025e-01 | 12 -0.01769  9.05841e-01
 13 -0.02011  9.43953e-01 | 14 -0.02280  9.10013e-01 | 15 -0.02534  1.00044e+00
 16 -0.02806  1.05243e+00 | 17 -0.03166  6.80284e-01 | 18 -0.03492  4.81959e-01
 19 -0.03732  7.39472e-01 | 20 -0.04023  6.52836e-01 | 21 -0.04263  7.69111e-01
 22 -0.04475  9.42770e-01 | 23 -0.04777  5.61552e-01 | 24 -0.04996  5.93165e-01
 25 -0.05180  8.09012e-01 | 26 -0.05393  7.63214e-01 | 27 -0.05630  3.13514e-01
 28 -0.05667  6.38110e-01 | 29 -0.05588  8.16792e-01 | 30 -0.05355  6.62509e-01
 31 -0.04874  7.28167e-02 | 32 -0.03837  1.79708e-01 | 33 -0.02267  7.57203e-02
 34  0.00061  6.83678e-02 | 35  0.03062 -3.90803e-01 | 36  0.06548 -9.85275e-01
 37  0.07988 -1.42583e+00 | 38  0.05243 -1.04294e+00 | 39  0.02443 -6.71334e-01
 40  0.00435 -7.53105e-01 | 41 -0.00605 -5.06474e-01 | 42 -0.00983 -4.28369e-01
 43 -0.01000 -6.07288e-01 | 44 -0.00789 -5.13237e-01 | 45 -0.00490 -5.07599e-01
 46 -0.00578 -5.47980e-01 | 47 -0.01705 -6.10875e-01 | 48 -0.01552 -7.95051e-01
 49  0.00819 -1.31041e+00 | 50  0.03367 -1.24676e+00 | 51  0.02748 -1.46862e+00
 52  0.03735 -1.45637e+00 | 53  0.04024 -1.38052e+00 | 54  0.04825 -1.34331e+00
 55  0.05845 -1.39401e+00 | 56  0.03272 -9.70998e-01 | 57  0.02637 -8.16269e-01
 58  0.04759 -1.05383e+00 | 59  0.07288 -1.22260e+00 | 60  0.07392 -1.39677e+00
 61  0.08750 -1.34567e+00 | 62  0.05794 -5.35370e-01 | 63  0.07726 -7.74804e-01
 64  0.06975 -4.62716e-01 | 65  0.05301  3.25569e-02 | 66  0.02781  3.80724e-01
 67  0.02336  4.28841e-01 | 68 -0.00124  8.24555e-01 | 69 -0.02252  7.99772e-01
 70 -0.04724  1.15542e+00 | 71 -0.03527  8.80562e-01 | 72 -0.01836  1.20157e+00
 73 -0.01100  9.67266e-01 | 74  0.31521 -2.13412e+00 | 75 -0.62786  2.32946e-01
 76 -0.19417 -4.14649e-01 | 77  0.06718 -1.36591e+00 | 78 -1.03476 -7.11388e-03
 79 -0.14009 -4.61829e-01 | 80 -0.06215 -2.50437e+00 | 81 -0.99121  3.47729e-02
 82  0.30169 -1.15520e+00 |

Initial statistics: 93 variables; iteration 0; function evaluation 0; phase 3
Function value 4.0844012e+02; maximum gradient component mag 3.8344e+02
Var    Value     Gradient |Var    Value     Gradient |Var    Value     Gradient
  1  0.16795 -1.27924e+01 |  2 -0.14510 -1.81964e+01 |  3 -0.98582  1.28650e+00
  4  0.64153  1.28244e+01 |  5 -0.54390  3.83440e+02 |  6  0.00496 -7.37670e+01
  7 -0.00520  7.08125e-01 |  8 -0.00581  1.02816e+00 |  9 -0.00710  1.12911e+00
 10 -0.00963  7.62642e-01 | 11 -0.01068  1.10872e+00 | 12 -0.01304  9.58789e-01
 13 -0.01535  9.04061e-01 | 14 -0.01769  9.10475e-01 | 15 -0.02011  9.46826e-01
 16 -0.02280  9.15425e-01 | 17 -0.02534  1.00570e+00 | 18 -0.02806  1.05122e+00
 19 -0.03166  6.82452e-01 | 20 -0.03492  4.85371e-01 | 21 -0.03732  7.21094e-01
 22 -0.04023  6.52847e-01 | 23 -0.04263  7.72652e-01 | 24 -0.04475  9.35882e-01
 25 -0.04777  5.62303e-01 | 26 -0.04996  5.83487e-01 | 27 -0.05180  7.99661e-01
 28 -0.05393  7.60626e-01 | 29 -0.05630  3.21238e-01 | 30 -0.05667  6.40564e-01
 31 -0.05588  8.25867e-01 | 32 -0.05355  6.61902e-01 | 33 -0.04874  7.31818e-02
 34 -0.03837  1.85875e-01 | 35 -0.02267  7.60037e-02 | 36  0.00061  7.16002e-02
 37  0.03062 -3.84852e-01 | 38  0.06548 -9.74900e-01 | 39  0.07988 -1.41529e+00
 40  0.05243 -1.03582e+00 | 41  0.02443 -6.62773e-01 | 42  0.00435 -7.49913e-01
 43 -0.00605 -4.94769e-01 | 44 -0.00983 -4.18879e-01 | 45 -0.01000 -6.05686e-01
 46 -0.00789 -5.05812e-01 | 47 -0.00490 -4.99902e-01 | 48 -0.00578 -5.40650e-01
 49 -0.01705 -6.00000e-01 | 50 -0.01552 -7.97843e-01 | 51  0.00819 -1.30158e+00
 52  0.03367 -1.23401e+00 | 53  0.02748 -1.46066e+00 | 54  0.03735 -1.45268e+00
 55  0.04024 -1.37120e+00 | 56  0.04825 -1.33915e+00 | 57  0.05845 -1.38727e+00
 58  0.03272 -9.69776e-01 | 59  0.02637 -8.09423e-01 | 60  0.04759 -1.05723e+00
 61  0.07288 -1.21673e+00 | 62  0.07392 -1.39574e+00 | 63  0.08750 -1.35129e+00
 64  0.05794 -5.40553e-01 | 65  0.07726 -7.83813e-01 | 66  0.06975 -4.71593e-01
 67  0.05301  2.07410e-02 | 68  0.02781  3.72922e-01 | 69  0.02336  4.27282e-01
 70 -0.00124  8.14286e-01 | 71 -0.02252  7.99887e-01 | 72 -0.04724  1.15125e+00
 73 -0.03527  8.81568e-01 | 74 -0.01836  1.20271e+00 | 75 -0.01100  9.65797e-01
 76  0.31521 -2.13155e+00 | 77 -0.03568 -4.07732e+01 | 78  0.40157 -1.53279e+02
 79 -0.48021 -1.88080e+00 | 80 -0.62786  2.31188e-01 | 81 -0.19417 -4.15392e-01
 82  0.06718 -1.36129e+00 | 83  0.10482 -1.02833e+02 | 84  0.43463 -6.88679e+01
 85 -0.46144 -3.60182e+00 | 86 -0.96524  7.39336e-03 | 87 -0.14009 -4.61190e-01
 88 -0.06215 -2.49012e+00 | 89 -0.01999  3.92846e+00 | 90  0.33423  3.43549e+01
 91 -0.49643  1.64043e-01 | 92 -0.99121  3.40902e-02 | 93  0.30169 -1.15275e+00

Intermediate statistics: 93 variables; iteration 20; function evaluation 26; phase 3
Function value 3.5033473e+02; maximum gradient component mag 3.7399e+02
Var    Value     Gradient |Var    Value     Gradient |Var    Value     Gradient
  1  0.16285 -7.79187e+01 |  2 -0.12638  3.73988e+02 |  3 -1.00576 -4.16527e-01
  4  0.59588  6.01169e-01 |  5 -0.82991  7.76688e+01 |  6  0.00403  3.61260e+01
  7 -0.00467  5.33329e+00 |  8 -0.00566  5.75496e+00 |  9 -0.00707  6.08174e+00
 10 -0.00924  6.16607e+00 | 11 -0.01067  6.69555e+00 | 12 -0.01289  6.96528e+00
 13 -0.01516  7.32142e+00 | 14 -0.01751  7.74312e+00 | 15 -0.01997  8.20874e+00
 16 -0.02263  8.65588e+00 | 17 -0.02524  9.19137e+00 | 18 -0.02798  9.71112e+00
 19 -0.03118  1.00011e+01 | 20 -0.03420  1.03951e+01 | 21 -0.03678  1.10180e+01
 22 -0.03958  1.14495e+01 | 23 -0.04205  1.19361e+01 | 24 -0.04430  1.23969e+01
 25 -0.04684  1.25885e+01 | 26 -0.04898  1.29767e+01 | 27 -0.05099  1.34975e+01
 28 -0.05302  1.39643e+01 | 29 -0.05482  1.43487e+01 | 30 -0.05548  1.51895e+01
 31 -0.05480  1.61839e+01 | 32 -0.05218  1.73929e+01 | 33 -0.04659  1.89092e+01
 34 -0.03633  2.15251e+01 | 35 -0.02046  2.54113e+01 | 36  0.00279  3.14103e+01
 37  0.03326  4.04988e+01 | 38  0.06850  5.39347e+01 | 39  0.08264  6.14397e+01
 40  0.05427  5.15692e+01 | 41  0.02555  4.26224e+01 | 42  0.00562  3.69913e+01
 43 -0.00512  3.40563e+01 | 44 -0.00901  3.24604e+01 | 45 -0.00935  3.12332e+01
 46 -0.00792  2.98296e+01 | 47 -0.00489  2.78306e+01 | 48 -0.00598  2.46386e+01
 49 -0.01860  2.05154e+01 | 50 -0.01438  1.69672e+01 | 51  0.01339  1.11427e+01
 52  0.03951  1.01090e+00 | 53  0.02101 -1.12911e+01 | 54  0.02857 -2.55232e+01
 55  0.03659 -3.05220e+01 | 56  0.03620 -2.66876e+01 | 57  0.06246 -2.23154e+01
 58  0.03822 -2.30010e+01 | 59  0.02603 -3.65743e+01 | 60  0.05298 -6.49737e+01
 61  0.07107 -9.34174e+01 | 62  0.05223 -8.58934e+01 | 63  0.09623 -9.46845e+01
 64  0.04025 -5.48956e+01 | 65  0.07757 -5.26147e+01 | 66  0.07062 -3.28916e+01
 67  0.04993 -1.68750e+01 | 68  0.03094 -4.17678e+00 | 69  0.02926  7.27084e+00
 70  0.00601  1.45931e+01 | 71 -0.01389  1.53678e+01 | 72 -0.04035  1.01729e+01
 73 -0.03285  3.81603e+00 | 74 -0.02543 -1.99525e+00 | 75 -0.02148 -3.23928e+00
 76  0.25372  9.10418e+00 | 77  0.04267  1.87933e+01 | 78  0.39780 -3.33426e+01
 79 -0.44096  1.29913e+00 | 80 -0.97573 -1.65133e-01 | 81 -0.07697  5.72397e+00
 82  0.01528 -3.45552e+01 | 83  0.11955 -1.14028e+02 | 84  0.40359 -2.40283e+01
 85 -0.46761 -3.07319e+00 | 86 -0.96839  6.20644e-02 | 87 -0.11186 -2.26988e+00
 88 -0.07842 -1.96822e+02 | 89 -0.01912 -2.99970e-01 | 90  0.32319  2.24123e+02
 91 -0.49663  2.54974e-03 | 92 -0.99134  1.04465e-01 | 93  0.27631  1.03520e+00
93 variables; iteration 40; function evaluation 49; phase 3
Function value 3.4535287e+02; maximum gradient component mag 1.6435e+02
Var    Value     Gradient |Var    Value     Gradient |Var    Value     Gradient
  1  0.16570  1.44177e+00 |  2 -0.12696  1.64346e+02 |  3 -1.02756 -5.71880e+00
  4  0.54330 -2.37540e+00 |  5 -0.86518  4.25530e+01 |  6  0.00436  1.06184e+02
  7 -0.00318  1.62527e+00 |  8 -0.00574  1.25183e+00 |  9 -0.00759  1.25716e+00
 10 -0.00819  1.89756e+00 | 11 -0.01105  1.62171e+00 | 12 -0.01280  1.93523e+00
 13 -0.01505  2.11628e+00 | 14 -0.01762  2.23633e+00 | 15 -0.02038  2.34365e+00
 16 -0.02321  2.48063e+00 | 17 -0.02622  2.58293e+00 | 18 -0.02926  2.69794e+00
 19 -0.03209  2.94481e+00 | 20 -0.03490  3.21208e+00 | 21 -0.03805  3.27305e+00
 22 -0.04077  3.50872e+00 | 23 -0.04372  3.49940e+00 | 24 -0.04682  3.25630e+00
 25 -0.04825  3.88533e+00 | 26 -0.05092  3.74432e+00 | 27 -0.05475  2.93058e+00
 28 -0.05728  2.80803e+00 | 29 -0.05599  4.74554e+00 | 30 -0.05897  3.78525e+00
 31 -0.05886  3.95818e+00 | 32 -0.05270  6.72739e+00 | 33 -0.04042  1.14623e+01
 34 -0.03132  1.18808e+01 | 35 -0.01612  1.29590e+01 | 36  0.00490  1.38736e+01
 37  0.03687  1.72509e+01 | 38  0.07361  2.12117e+01 | 39  0.07892  1.92095e+01
 40  0.04802  1.34490e+01 | 41  0.01935  9.37864e+00 | 42  0.00037  7.19975e+00
 43 -0.00921  6.48877e+00 | 44 -0.01135  6.70169e+00 | 45 -0.01065  6.83469e+00
 46 -0.00856  6.83935e+00 | 47 -0.00190  7.92486e+00 | 48 -0.00033  8.72141e+00
 49 -0.02123  5.36832e+00 | 50 -0.02674  5.54372e-01 | 51  0.01882  7.20382e+00
 52  0.03287  1.20717e+00 | 53  0.02871  3.08658e+00 | 54  0.02705 -3.90517e+00
 55  0.03754 -5.92202e-01 | 56  0.05628  3.88370e+00 | 57  0.03193 -1.08383e+01
 58  0.06014  1.25838e+01 | 59  0.02150 -9.43948e+00 | 60  0.04176 -1.93030e+01
 61  0.09517 -2.09442e+01 | 62  0.04137 -3.30592e+01 | 63  0.10098 -3.52140e+01
 64  0.03819 -2.71222e+01 | 65  0.08134 -2.42923e+01 | 66  0.06634 -1.49315e+01
 67  0.05178 -4.16123e+00 | 68  0.03631  2.37610e+00 | 69  0.02945  2.60874e+00
 70 -0.00127  1.43276e+00 | 71 -0.01369  7.15117e+00 | 72 -0.02805  1.31039e+01
 73 -0.03483 -9.23493e-01 | 74 -0.03032 -7.42838e+00 | 75 -0.01222 -6.33236e-01
 76  0.29546  2.29327e+01 | 77 -0.03307  1.23069e+01 | 78  0.42488 -1.00931e+01
 79 -0.25705  2.03214e+00 | 80 -0.98682 -7.41676e-02 | 81 -0.05550  6.58725e+00
 82  0.01827  1.23563e+01 | 83  0.12758  5.23574e-01 | 84  0.40905 -2.16495e+01
 85 -0.68884 -3.20570e-02 | 86 -0.98955 -1.33757e-01 | 87 -0.11397  1.27273e+00
 88 -0.07163 -6.96950e+01 | 89 -0.02190  1.30951e+00 | 90  0.32507  9.87159e+01
 91 -0.50493  5.52695e-02 | 92 -0.99067  7.97742e-02 | 93  0.17915  2.65481e+00
93 variables; iteration 60; function evaluation 76; phase 3
Function value 3.4181913e+02; maximum gradient component mag 1.3378e+02
Var    Value     Gradient |Var    Value     Gradient |Var    Value     Gradient
  1  0.16307  3.76011e+01 |  2 -0.12618  8.25115e+01 |  3 -1.00263 -5.73935e-01
  4  0.62637  2.40486e+00 |  5 -0.93924  1.31874e+01 |  6  0.00401  1.33779e+02
  7 -0.00166 -1.21033e+00 |  8 -0.00600 -2.43769e+00 |  9 -0.00807 -2.65174e+00
 10 -0.00932 -2.44398e+00 | 11 -0.01161 -2.61343e+00 | 12 -0.01417 -2.83017e+00
 13 -0.01682 -3.01258e+00 | 14 -0.01917 -2.99432e+00 | 15 -0.02135 -2.82580e+00
 16 -0.02364 -2.64094e+00 | 17 -0.02638 -2.62702e+00 | 18 -0.02967 -2.84461e+00
 19 -0.03166 -2.40354e+00 | 20 -0.03460 -2.42189e+00 | 21 -0.03867 -3.04597e+00
 22 -0.04179 -3.24184e+00 | 23 -0.04584 -4.03490e+00 | 24 -0.04935 -4.66413e+00
 25 -0.05151 -4.62888e+00 | 26 -0.05242 -3.97205e+00 | 27 -0.05099 -2.00450e+00
 28 -0.05159 -1.24885e+00 | 29 -0.05577 -2.79298e+00 | 30 -0.05616 -2.54818e+00
 31 -0.05661 -3.12855e+00 | 32 -0.05779 -5.28406e+00 | 33 -0.04644 -2.28697e+00
 34 -0.03400 -1.13046e+00 | 35 -0.01763 -9.94644e-01 | 36 -0.00110 -3.78767e+00
 37  0.03419 -2.00996e+00 | 38  0.06120 -3.78810e+00 | 39  0.08226 -2.05967e+00
 40  0.05533 -1.17087e+00 | 41  0.01156 -5.84651e+00 | 42  0.00275 -2.05487e+00
 43 -0.00225  7.11873e-01 | 44 -0.01484 -2.79260e+00 | 45 -0.00976  6.22014e-02
 46 -0.00385  2.49337e+00 | 47 -0.00617  1.54025e-01 | 48 -0.01218 -1.56605e+00
 49 -0.02041  2.24757e+00 | 50 -0.01630  3.18842e+00 | 51  0.01454  5.01554e+00
 52  0.03678  5.78720e+00 | 53  0.02027  5.09728e+00 | 54  0.03610  6.43870e+00
 55  0.03794  6.02832e+00 | 56  0.04005  7.27981e+00 | 57  0.06007  1.25397e+01
 58  0.03542  7.86915e+00 | 59  0.02790  6.18746e+00 | 60  0.05550  7.79433e+00
 61  0.07643  6.61539e+00 | 62  0.06875  2.88919e+00 | 63  0.08956  4.60110e+00
 64  0.05391  4.31066e-01 | 65  0.07528 -1.00214e+00 | 66  0.06981 -1.45855e+00
 67  0.05455 -1.44199e+00 | 68  0.02518 -4.17901e+00 | 69  0.03452  1.44954e+00
 70  0.00365 -9.63189e-01 | 71 -0.01602 -1.72601e+00 | 72 -0.03555  1.05506e+00
 73 -0.03100 -2.33454e+00 | 74 -0.01986 -3.15469e+00 | 75 -0.01434 -5.17581e+00
 76  0.29706  2.35795e+01 | 77 -0.03730  5.69142e+00 | 78  0.42487 -2.36031e+01
 79 -0.44423  5.97296e-01 | 80 -0.97921  6.09887e-04 | 81 -0.04438  5.01013e+00
 82  0.08039  8.64591e+00 | 83  0.10461 -2.14903e-01 | 84  0.46194 -1.09448e+01
 85 -0.93251 -3.04167e-02 | 86 -0.97870  1.43588e-02 | 87 -0.12123  8.61328e-03
 88 -0.07962  1.51598e+01 | 89 -0.02220  1.68753e-01 | 90  0.31504 -2.07774e+01
 91 -0.43243  2.70930e-02 | 92 -1.02683 -5.51198e-01 | 93  0.21276  2.20423e+00
Maximum number of function evaluations exceeded

 - final statistics:
93 variables; iteration 75; function evaluation 100
Function value 3.4128e+02; maximum gradient component mag 7.5862e+01
Exit code = 3;  converg criter 1.0000e+00
Var    Value     Gradient |Var    Value     Gradient |Var    Value     Gradient
  1  0.16284  1.10584e+01 |  2 -0.12592  3.62453e+01 |  3 -1.00696 -1.29186e+00
  4  0.62426  6.90801e-01 |  5 -0.98508  2.71595e+00 |  6  0.00437  7.58625e+01
  7 -0.00646 -1.70398e+00 |  8 -0.00632 -1.03396e+00 |  9 -0.00781 -9.84026e-01
 10 -0.00974 -1.05293e+00 | 11 -0.01159 -1.01256e+00 | 12 -0.01380 -1.05206e+00
 13 -0.01591 -9.68987e-01 | 14 -0.01818 -8.78491e-01 | 15 -0.02077 -8.69299e-01
 16 -0.02332 -7.80461e-01 | 17 -0.02577 -5.96165e-01 | 18 -0.02900 -7.52940e-01
 19 -0.03142 -4.87777e-01 | 20 -0.03501 -8.11081e-01 | 21 -0.03807 -8.84641e-01
 22 -0.04068 -7.81970e-01 | 23 -0.04359 -9.36425e-01 | 24 -0.04628 -1.08631e+00
 25 -0.04715 -2.89465e-01 | 26 -0.04886 -9.19333e-03 | 27 -0.05459 -2.00202e+00
 28 -0.05580 -1.59210e+00 | 29 -0.05606 -9.01149e-01 | 30 -0.05552 -1.07799e-01
 31 -0.05554 -4.43887e-01 | 32 -0.05300 -5.50742e-01 | 33 -0.04836 -1.30201e+00
 34 -0.03765 -1.01069e+00 | 35 -0.02364 -1.84664e+00 | 36  0.00153 -8.03779e-01
 37  0.02880 -1.77516e+00 | 38  0.06942 -2.11232e-01 | 39  0.07745 -1.00719e+00
 40  0.04799 -1.31393e+00 | 41  0.02587  6.23080e-01 | 42  0.00516  3.30501e-01
 43 -0.00721 -2.23874e-01 | 44 -0.01019  2.74804e-01 | 45 -0.01156 -8.76691e-02
 46 -0.01090 -4.53203e-01 | 47 -0.00549  1.21787e-01 | 48 -0.00526  6.64200e-01
 49 -0.02253  4.07446e-03 | 50 -0.01797  2.86205e-01 | 51  0.01173  1.51802e-01
 52  0.03689  1.06633e+00 | 53  0.02260  2.41920e+00 | 54  0.03348  1.66127e+00
 55  0.03871  2.69787e+00 | 56  0.04229  3.73307e+00 | 57  0.05714  3.44251e+00
 58  0.03535  1.30124e+00 | 59  0.02896  1.88021e+00 | 60  0.05411  2.39566e+00
 61  0.07644  3.17299e+00 | 62  0.07054  2.18371e+00 | 63  0.08762  3.98538e+00
 64  0.05403  2.98094e+00 | 65  0.07720  4.60087e+00 | 66  0.06949  3.14254e+00
 67  0.05165  1.27522e+00 | 68  0.03291  1.17032e-01 | 69  0.02674 -2.04036e+00
 70  0.00670 -1.20126e+00 | 71 -0.01452 -2.39705e+00 | 72 -0.04179 -2.96407e+00
 73 -0.02847 -1.54348e-01 | 74 -0.02076 -6.49327e-01 | 75 -0.01323 -6.99154e-01
 76  0.29247 -7.66695e-01 | 77 -0.03866  8.70887e-01 | 78  0.42422  3.41550e+00
 79 -0.45273  1.13546e-01 | 80 -1.02343 -7.18112e-02 | 81 -0.04846  1.06697e+00
 82  0.08445  1.11673e-01 | 83  0.10165 -6.13689e-02 | 84  0.46879  4.82821e-01
 85 -0.94879 -3.88178e-02 | 86 -0.98058  8.61125e-03 | 87 -0.11814  1.06407e+00
 88 -0.07778  4.10916e+00 | 89 -0.02718 -5.22439e-01 | 90  0.31686 -4.58228e+00
 91 -0.46558 -1.81307e-02 | 92 -1.00804  1.51037e-02 | 93  0.19571  2.07671e+00

Initial statistics: 94 variables; iteration 0; function evaluation 0; phase 4
Function value 3.4127796e+02; maximum gradient component mag 7.5862e+01
Var    Value     Gradient |Var    Value     Gradient |Var    Value     Gradient
  1  0.16284  1.10584e+01 |  2 -0.12592  3.62453e+01 |  3  0.26374  1.32976e+01
  4 -0.99304  1.29186e+00 |  5  0.62426  6.90801e-01 |  6 -0.98508  2.71595e+00
  7  0.00437  7.58625e+01 |  8 -0.00646 -1.73185e+00 |  9 -0.00632 -1.06183e+00
 10 -0.00781 -1.01190e+00 | 11 -0.00974 -1.08080e+00 | 12 -0.01160 -1.04043e+00
 13 -0.01380 -1.07993e+00 | 14 -0.01592 -9.96853e-01 | 15 -0.01818 -9.06354e-01
 16 -0.02077 -8.97159e-01 | 17 -0.02332 -8.08317e-01 | 18 -0.02578 -6.24017e-01
 19 -0.02900 -7.80785e-01 | 20 -0.03142 -5.15618e-01 | 21 -0.03501 -8.38913e-01
 22 -0.03807 -9.12466e-01 | 23 -0.04068 -8.09787e-01 | 24 -0.04359 -9.64234e-01
 25 -0.04629 -1.11412e+00 | 26 -0.04715 -3.17263e-01 | 27 -0.04886 -3.69860e-02
 28 -0.05459 -2.02980e+00 | 29 -0.05580 -1.61987e+00 | 30 -0.05606 -9.28915e-01
 31 -0.05552 -1.35568e-01 | 32 -0.05554 -4.71656e-01 | 33 -0.05300 -5.78520e-01
 34 -0.04837 -1.32981e+00 | 35 -0.03765 -1.03851e+00 | 36 -0.02364 -1.87450e+00
 37  0.00153 -8.31654e-01 | 38  0.02880 -1.80300e+00 | 39  0.06942 -2.38941e-01
 40  0.07745 -1.03486e+00 | 41  0.04799 -1.34173e+00 | 42  0.02587  5.95228e-01
 43  0.00516  3.02628e-01 | 44 -0.00721 -2.51747e-01 | 45 -0.01019  2.46933e-01
 46 -0.01156 -1.15539e-01 | 47 -0.01091 -4.81074e-01 | 48 -0.00550  9.39133e-02
 49 -0.00526  6.36326e-01 | 50 -0.02253 -2.37828e-02 | 51 -0.01797  2.58342e-01
 52  0.01173  1.23932e-01 | 53  0.03689  1.03850e+00 | 54  0.02260  2.39134e+00
 55  0.03348  1.63343e+00 | 56  0.03871  2.67004e+00 | 57  0.04229  3.70526e+00
 58  0.05714  3.41475e+00 | 59  0.03535  1.27340e+00 | 60  0.02896  1.85237e+00
 61  0.05411  2.36788e+00 | 62  0.07643  3.14531e+00 | 63  0.07054  2.15601e+00
 64  0.08762  3.95777e+00 | 65  0.05403  2.95316e+00 | 66  0.07719  4.57320e+00
 67  0.06949  3.11483e+00 | 68  0.05164  1.24744e+00 | 69  0.03291  8.91944e-02
 70  0.02674 -2.06821e+00 | 71  0.00670 -1.22913e+00 | 72 -0.01452 -2.42492e+00
 73 -0.04179 -2.99189e+00 | 74 -0.02847 -1.82195e-01 | 75 -0.02076 -6.77187e-01
 76 -0.01323 -7.27023e-01 | 77  0.29247 -7.66695e-01 | 78 -0.03866  8.70887e-01
 79  0.42422  3.41550e+00 | 80 -0.45273  1.13546e-01 | 81 -0.97657  7.18112e-02
 82 -0.04846  1.06697e+00 | 83  0.08445  1.11673e-01 | 84  0.10165 -6.13689e-02
 85  0.46879  4.82821e-01 | 86 -0.94879 -3.88178e-02 | 87 -0.98058  8.61125e-03
 88 -0.11814  1.06407e+00 | 89 -0.07778  4.10916e+00 | 90 -0.02718 -5.22439e-01
 91  0.31686 -4.58228e+00 | 92 -0.46558 -1.81307e-02 | 93 -0.99196 -1.51037e-02
 94  0.19571  2.07671e+00 |

Intermediate statistics: 94 variables; iteration 20; function evaluation 21; phase 4
Function value 3.4121048e+02; maximum gradient component mag -8.1659e+01
Var    Value     Gradient |Var    Value     Gradient |Var    Value     Gradient
  1  0.16263 -7.73978e+00 |  2 -0.12611 -2.43478e+01 |  3  0.26458 -7.85257e+00
  4 -1.00004  8.17069e-03 |  5  0.61880 -4.55449e-01 |  6 -1.00040 -4.19436e-02
  7  0.00469 -8.16594e+01 |  8 -0.00603  9.93240e-01 |  9 -0.00626  1.50421e+00
 10 -0.00778  1.54604e+00 | 11 -0.00966  1.49886e+00 | 12 -0.01152  1.53432e+00
 13 -0.01370  1.51069e+00 | 14 -0.01585  1.57843e+00 | 15 -0.01815  1.65115e+00
 16 -0.02074  1.66431e+00 | 17 -0.02333  1.73461e+00 | 18 -0.02589  1.87082e+00
 19 -0.02901  1.76704e+00 | 20 -0.03158  1.95492e+00 | 21 -0.03497  1.74196e+00
 22 -0.03796  1.70124e+00 | 23 -0.04064  1.77678e+00 | 24 -0.04344  1.68504e+00
 25 -0.04602  1.59844e+00 | 26 -0.04742  2.10555e+00 | 27 -0.04932  2.28178e+00
 28 -0.05367  1.06779e+00 | 29 -0.05515  1.33493e+00 | 30 -0.05589  1.76579e+00
 31 -0.05591  2.25304e+00 | 32 -0.05571  2.06931e+00 | 33 -0.05313  2.02419e+00
 34 -0.04803  1.57626e+00 | 35 -0.03757  1.76333e+00 | 36 -0.02307  1.15195e+00
 37  0.00148  1.80823e+00 | 38  0.02987  9.04556e-01 | 39  0.06699  1.01909e+00
 40  0.08032  4.09827e-01 | 41  0.05043 -1.18303e-02 | 42  0.02521  9.10076e-01
 43  0.00479  5.59674e-01 | 44 -0.00734 -1.08891e-01 | 45 -0.01063 -1.04580e-01
 46 -0.01171 -7.62853e-01 | 47 -0.01068 -1.47197e+00 | 48 -0.00539 -1.60936e+00
 49 -0.00539 -1.62338e+00 | 50 -0.02257 -1.94067e+00 | 51 -0.01836 -2.23692e+00
 52  0.01134 -3.99393e+00 | 53  0.03651 -4.92036e+00 | 54  0.02151 -3.08412e+00
 55  0.03366 -4.03418e+00 | 56  0.03854 -3.19466e+00 | 57  0.04197 -1.97854e+00
 58  0.05701 -2.41992e+00 | 59  0.03581 -2.66029e+00 | 60  0.02854 -2.36362e+00
 61  0.05380 -3.37327e+00 | 62  0.07581 -3.14729e+00 | 63  0.07088 -1.58406e+00
 64  0.08736  1.44568e+00 | 65  0.05492  3.09071e+00 | 66  0.07714  4.17877e+00
 67  0.06956  2.42526e+00 | 68  0.05153  7.09382e-01 | 69  0.03265  2.39183e-02
 70  0.02733 -1.35990e+00 | 71  0.00617 -2.86273e-01 | 72 -0.01449 -8.55406e-01
 73 -0.04103 -8.31732e-01 | 74 -0.02920  1.01760e+00 | 75 -0.02116  7.32359e-01
 76 -0.01379  8.78637e-01 | 77  0.29469 -4.54659e-01 | 78 -0.04209  8.79847e-02
 79  0.42497  1.47854e+00 | 80 -0.45404  2.65587e-02 | 81 -0.97836  5.29850e-02
 82 -0.05138 -3.29039e-01 | 83  0.08222 -1.48754e+00 | 84  0.10436 -1.16547e-01
 85  0.46732  1.97529e+00 | 86 -0.94762 -3.83012e-02 | 87 -0.98080  7.32310e-03
 88 -0.11897 -2.55704e-01 | 89 -0.07707  1.44473e+01 | 90 -0.01976  5.83710e-01
 91  0.31696 -1.39621e+01 | 92 -0.46579  5.34534e-02 | 93 -0.99167 -5.41870e-03
 94  0.16230 -2.58828e-01 |
94 variables; iteration 40; function evaluation 43; phase 4
Function value 3.4117052e+02; maximum gradient component mag -1.0941e+02
Var    Value     Gradient |Var    Value     Gradient |Var    Value     Gradient
  1  0.16109 -1.41694e+01 |  2 -0.12633 -2.13758e+01 |  3  0.26642 -1.45881e+01
  4 -1.00160 -2.30192e-01 |  5  0.63395 -4.22429e-01 |  6 -1.00123 -2.01002e-01
  7  0.00493 -1.09407e+02 |  8 -0.00530  1.27924e+00 |  9 -0.00627  1.46249e+00
 10 -0.00782  1.46343e+00 | 11 -0.00963  1.42166e+00 | 12 -0.01153  1.41717e+00
 13 -0.01366  1.38325e+00 | 14 -0.01587  1.38995e+00 | 15 -0.01826  1.39024e+00
 16 -0.02085  1.36152e+00 | 17 -0.02356  1.33720e+00 | 18 -0.02640  1.29489e+00
 19 -0.02931  1.25229e+00 | 20 -0.03234  1.17008e+00 | 21 -0.03518  1.18461e+00
 22 -0.03806  1.16305e+00 | 23 -0.04090  1.11024e+00 | 24 -0.04350  1.09030e+00
 25 -0.04594  1.04859e+00 | 26 -0.04815  1.07005e+00 | 27 -0.05016  1.14359e+00
 28 -0.05312  6.72909e-01 | 29 -0.05502  6.73884e-01 | 30 -0.05612  8.51948e-01
 31 -0.05643  1.13004e+00 | 32 -0.05610  9.74689e-01 | 33 -0.05353  8.83606e-01
 34 -0.04788  6.97399e-01 | 35 -0.03784  5.82389e-01 | 36 -0.02267  1.66910e-01
 37  0.00004 -1.82863e-01 | 38  0.03070 -6.59643e-01 | 39  0.06665 -1.49914e+00
 40  0.08026 -2.29522e+00 | 41  0.05253 -1.58535e+00 | 42  0.02351 -1.14042e+00
 43  0.00369 -9.52725e-01 | 44 -0.00734 -8.84221e-01 | 45 -0.01119 -8.42903e-01
 46 -0.01166 -9.84460e-01 | 47 -0.00977 -1.06398e+00 | 48 -0.00485 -1.04294e+00
 49 -0.00548 -9.44831e-01 | 50 -0.02192 -7.16872e-01 | 51 -0.01820 -8.56464e-01
 52  0.01265 -1.52579e+00 | 53  0.03710 -2.32466e+00 | 54  0.01990 -1.76786e+00
 55  0.03493 -1.89639e+00 | 56  0.03903 -1.83916e+00 | 57  0.04125 -1.65018e+00
 58  0.05706 -1.81770e+00 | 59  0.03632 -1.39684e+00 | 60  0.02826 -1.10187e+00
 61  0.05436 -1.36021e+00 | 62  0.07564 -1.70945e+00 | 63  0.07198 -1.51740e+00
 64  0.08636 -1.68614e+00 | 65  0.05511 -6.95591e-01 | 66  0.07610 -9.39587e-01
 67  0.06975 -6.98911e-01 | 68  0.05176 -2.75289e-01 | 69  0.03212  3.71639e-01
 70  0.02903  6.83939e-01 | 71  0.00490  8.82969e-01 | 72 -0.01405  1.03364e+00
 73 -0.03901  1.43451e+00 | 74 -0.03080  9.25380e-01 | 75 -0.02110  1.21567e+00
 76 -0.01327  1.65489e+00 | 77  0.29154 -1.60838e+00 | 78 -0.03759 -1.25977e-01
 79  0.42372  2.02907e+00 | 80 -0.49255 -3.19408e-03 | 81 -0.99118 -1.39625e-01
 82 -0.04892 -3.21485e-01 | 83  0.07522 -1.02070e+00 | 84  0.11027  2.30922e-01
 85  0.46134  1.12096e+00 | 86 -0.90980 -2.06105e-02 | 87 -0.98286 -1.56007e-02
 88 -0.12020 -8.16971e-01 | 89 -0.07772 -3.34510e-01 | 90 -0.01892  3.61102e-01
 91  0.31668  1.07606e+00 | 92 -0.49365  3.71330e-02 | 93 -0.99174  1.62784e-03
 94  0.14357 -1.53955e+00 |
94 variables; iteration 60; function evaluation 70; phase 4
Function value 3.4115500e+02; maximum gradient component mag -4.9316e+01
Var    Value     Gradient |Var    Value     Gradient |Var    Value     Gradient
  1  0.15952 -8.10687e+00 |  2 -0.12670 -9.96742e+00 |  3  0.26856 -7.89207e+00
  4 -1.00090 -1.37323e-01 |  5  0.64642 -2.93748e-01 |  6 -0.99956  5.22686e-02
  7  0.00528 -4.93160e+01 |  8 -0.00431  7.67274e-01 |  9 -0.00629  5.27105e-01
 10 -0.00795  4.85593e-01 | 11 -0.00960  5.15301e-01 | 12 -0.01160  4.65713e-01
 13 -0.01363  4.76657e-01 | 14 -0.01607  3.83466e-01 | 15 -0.01859  3.22952e-01
 16 -0.02110  3.36099e-01 | 17 -0.02373  3.48493e-01 | 18 -0.02651  3.41626e-01
 19 -0.02937  3.20857e-01 | 20 -0.03249  1.95367e-01 | 21 -0.03522  2.70789e-01
 22 -0.03808  2.69538e-01 | 23 -0.04095  2.05890e-01 | 24 -0.04346  2.36941e-01
 25 -0.04575  2.79141e-01 | 26 -0.04872 -1.04846e-01 | 27 -0.05122 -2.97221e-01
 28 -0.05166  6.37176e-01 | 29 -0.05412  3.43881e-01 | 30 -0.05625 -4.26949e-02
 31 -0.05740 -2.24139e-01 | 32 -0.05675 -1.64910e-01 | 33 -0.05416 -1.98141e-01
 34 -0.04783  5.93880e-02 | 35 -0.03816 -1.54563e-01 | 36 -0.02242 -1.77440e-01
 37  0.00012 -4.65754e-01 | 38  0.03047 -8.33497e-01 | 39  0.06599 -1.40951e+00
 40  0.07994 -1.92436e+00 | 41  0.05371 -1.05593e+00 | 42  0.02380 -9.07355e-01
 43  0.00392 -7.41899e-01 | 44 -0.00702 -5.73410e-01 | 45 -0.01130 -6.13965e-01
 46 -0.01131 -4.52444e-01 | 47 -0.00945 -4.52590e-01 | 48 -0.00521 -5.97199e-01
 49 -0.00625 -6.19396e-01 | 50 -0.02158 -5.90693e-02 | 51 -0.01815 -1.49179e-01
 52  0.01285 -5.37286e-02 | 53  0.03691 -2.01652e-01 | 54  0.02011  1.45621e-01
 55  0.03535  2.23161e-01 | 56  0.03887 -3.58907e-01 | 57  0.04157 -4.83733e-01
 58  0.05649 -8.56706e-01 | 59  0.03686 -5.70684e-02 | 60  0.02820  1.04925e-02
 61  0.05458  6.85717e-02 | 62  0.07530 -4.72820e-01 | 63  0.07229 -5.27230e-01
 64  0.08622 -1.14393e+00 | 65  0.05537 -9.76470e-01 | 66  0.07543 -1.71226e+00
 67  0.06985 -9.72725e-01 | 68  0.05218 -1.73205e-01 | 69  0.03199  3.00629e-01
 70  0.02880  6.61826e-01 | 71  0.00535  1.15770e+00 | 72 -0.01402  1.15255e+00
 73 -0.03906  1.27392e+00 | 74 -0.03071  8.29723e-01 | 75 -0.02060  1.19300e+00
 76 -0.01382  6.13574e-01 | 77  0.28913 -8.67462e-01 | 78 -0.03218  4.20963e-02
 79  0.42284  1.30854e+00 | 80 -0.55025 -6.31250e-03 | 81 -0.97646  7.11953e-02
 82 -0.04645 -1.88129e-01 | 83  0.06883 -7.05518e-01 | 84  0.11129  7.24049e-02
 85  0.45646  7.15011e-01 | 86 -0.83102 -1.05620e-02 | 87 -0.98898 -1.03570e-01
 88 -0.11856 -5.79707e-02 | 89 -0.07828 -4.61236e+00 | 90 -0.01904 -3.32149e-02
 91  0.31612  4.65113e+00 | 92 -0.55569  5.05067e-03 | 93 -0.99263 -3.25879e-02
 94  0.12870 -8.26074e-01 |
94 variables; iteration 80; function evaluation 102; phase 4
Function value 3.4114438e+02; maximum gradient component mag -4.3924e+00
Var    Value     Gradient |Var    Value     Gradient |Var    Value     Gradient
  1  0.15759 -3.95317e-01 |  2 -0.12711 -1.17316e+00 |  3  0.27113 -5.13723e-01
  4 -1.00026 -3.98487e-02 |  5  0.66429 -1.87968e-02 |  6 -0.99952  5.97203e-02
  7  0.00570 -4.39239e+00 |  8 -0.00457  1.74866e-01 |  9 -0.00624  7.69386e-02
 10 -0.00785  6.49367e-02 | 11 -0.00965  4.12903e-02 | 12 -0.01146  9.27939e-02
 13 -0.01361  6.86720e-02 | 14 -0.01582  9.41568e-02 | 15 -0.01823  1.04802e-01
 16 -0.02083  9.63707e-02 | 17 -0.02360  6.44866e-02 | 18 -0.02646  3.96954e-02
 19 -0.02929  6.08273e-02 | 20 -0.03201  1.58907e-01 | 21 -0.03509  8.46736e-02
 22 -0.03801  7.35410e-02 | 23 -0.04080  7.83112e-02 | 24 -0.04346  5.29065e-02
 25 -0.04588  5.26417e-02 | 26 -0.04812  8.50123e-02 | 27 -0.05041  3.24262e-02
 28 -0.05261  1.82080e-02 | 29 -0.05450  7.52961e-02 | 30 -0.05604  5.66381e-02
 31 -0.05680  1.37829e-01 | 32 -0.05632  1.56474e-01 | 33 -0.05390  1.02039e-01
 34 -0.04836  1.92456e-02 | 35 -0.03843  8.15525e-02 | 36 -0.02320 -7.42509e-03
 37 -0.00067 -3.55949e-02 | 38  0.02973 -2.93029e-02 | 39  0.06564 -4.64528e-02
 40  0.08194 -6.61599e-02 | 41  0.05324 -6.38097e-02 | 42  0.02437  3.17175e-02
 43  0.00438  2.05423e-02 | 44 -0.00714 -1.05737e-01 | 45 -0.01120 -5.44807e-02
 46 -0.01178 -1.37419e-01 | 47 -0.00965 -4.21258e-02 | 48 -0.00503 -4.25752e-02
 49 -0.00587 -6.21669e-02 | 50 -0.02202 -1.09346e-01 | 51 -0.01802 -2.22275e-02
 52  0.01234 -9.02511e-02 | 53  0.03698 -7.03847e-02 | 54  0.01967 -2.48243e-01
 55  0.03481 -1.34424e-01 | 56  0.03957 -8.10202e-02 | 57  0.04132 -8.28510e-02
 58  0.05695 -5.81973e-02 | 59  0.03648 -7.61435e-02 | 60  0.02836 -3.85990e-02
 61  0.05400 -1.35908e-01 | 62  0.07558 -6.76900e-02 | 63  0.07223  3.54902e-02
 64  0.08617 -7.07548e-02 | 65  0.05508  7.04235e-02 | 66  0.07621  6.31703e-02
 67  0.06962  4.67984e-04 | 68  0.05210  2.83140e-02 | 69  0.03213  1.86370e-02
 70  0.02889 -7.10512e-02 | 71  0.00501 -4.26268e-02 | 72 -0.01415 -4.34091e-02
 73 -0.03950 -4.64014e-02 | 74 -0.03029  3.59606e-02 | 75 -0.02144 -3.71083e-02
 76 -0.01355  6.67889e-02 | 77  0.28671 -2.32755e-03 | 78 -0.02828  2.62517e-02
 79  0.42195  6.12865e-02 | 80 -0.59571 -4.32178e-03 | 81 -0.98229  6.53706e-03
 82 -0.04443 -7.37674e-03 | 83  0.06144  7.67933e-02 | 84  0.11185  9.62412e-02
 85  0.45060  1.44647e-03 | 86 -0.70998 -3.43503e-03 | 87 -0.98263 -1.25338e-02
 88 -0.11875 -2.55230e-02 | 89 -0.07860  3.53310e-01 | 90 -0.01879  1.28802e-01
 91  0.31551 -2.92823e-01 | 92 -0.61667 -1.17347e-03 | 93 -0.99159  1.72832e-02
 94  0.11318 -8.66957e-02 |
94 variables; iteration 100; function evaluation 137; phase 4
Function value 3.4114361e+02; maximum gradient component mag 4.0071e+00
Var    Value     Gradient |Var    Value     Gradient |Var    Value     Gradient
  1  0.15696  4.79166e-01 |  2 -0.12725  7.26330e-01 |  3  0.27194  5.17597e-01
  4 -0.99986  1.85297e-02 |  5  0.67025  1.31073e-02 |  6 -0.99981 -2.18748e-02
  7  0.00579  4.00712e+00 |  8 -0.00492 -9.70849e-02 |  9 -0.00625 -5.69331e-02
 10 -0.00785 -5.94881e-02 | 11 -0.00957 -4.91311e-02 | 12 -0.01153 -6.60618e-02
 13 -0.01362 -6.50856e-02 | 14 -0.01590 -6.90135e-02 | 15 -0.01828 -4.71800e-02
 16 -0.02086 -4.52828e-02 | 17 -0.02361 -6.80837e-02 | 18 -0.02656 -1.37463e-01
 19 -0.02925 -4.86232e-02 | 20 -0.03225 -8.95318e-02 | 21 -0.03511 -5.21762e-02
 22 -0.03795 -2.45980e-02 | 23 -0.04079 -4.11705e-02 | 24 -0.04342 -4.63368e-02
 25 -0.04580 -3.13094e-02 | 26 -0.04813 -4.31265e-02 | 27 -0.05031 -3.17342e-02
 28 -0.05253 -5.58049e-02 | 29 -0.05444 -1.15496e-02 | 30 -0.05605 -6.13611e-02
 31 -0.05696 -6.17444e-02 | 32 -0.05647 -2.80877e-02 | 33 -0.05405 -6.91036e-02
 34 -0.04824  1.69895e-02 | 35 -0.03855 -2.34127e-02 | 36 -0.02316  4.88314e-03
 37 -0.00056  3.48130e-02 | 38  0.02972  4.16423e-02 | 39  0.06563  8.50443e-02
 40  0.08204  1.10088e-01 | 41  0.05349  9.75491e-02 | 42  0.02418  3.29313e-02
 43  0.00425  2.23056e-02 | 44 -0.00682  9.34070e-02 | 45 -0.01109  7.35070e-02
 46 -0.01163  2.74515e-02 | 47 -0.00976  2.38923e-02 | 48 -0.00516  2.69300e-02
 49 -0.00590  4.34612e-02 | 50 -0.02184  3.92717e-02 | 51 -0.01808  3.85161e-03
 52  0.01240  5.27028e-02 | 53  0.03664  5.24833e-02 | 54  0.02008  1.08134e-01
 55  0.03476  8.19154e-02 | 56  0.03959  6.69987e-02 | 57  0.04139  4.63038e-02
 58  0.05693  5.54562e-02 | 59  0.03651  2.35657e-02 | 60  0.02830  5.28190e-02
 61  0.05412  8.25726e-02 | 62  0.07559  4.91542e-02 | 63  0.07203  2.28734e-02
 64  0.08643  7.52793e-02 | 65  0.05489 -6.74020e-03 | 66  0.07621  1.62437e-02
 67  0.06972  2.71308e-02 | 68  0.05210  4.76396e-03 | 69  0.03207 -2.97248e-02
 70  0.02900 -1.14195e-02 | 71  0.00503  2.34315e-03 | 72 -0.01421 -3.29499e-02
 73 -0.03937  1.14625e-03 | 74 -0.03038 -3.32091e-02 | 75 -0.02135 -1.71385e-02
 76 -0.01361 -6.29163e-02 | 77  0.28587 -1.43186e-02 | 78 -0.02972 -4.14428e-03
 79  0.42164  3.62113e-03 | 80 -0.56660 -1.99651e-03 | 81 -0.98324 -5.24489e-03
 82 -0.04414  1.31326e-02 | 83  0.05827  9.59464e-02 | 84  0.11183  1.16239e-01
 85  0.44808 -4.53330e-02 | 86 -0.65672 -9.55485e-04 | 87 -0.98062  9.90715e-03
 88 -0.11841  6.90342e-02 | 89 -0.07881 -9.53809e-02 | 90 -0.01919 -6.93286e-02
 91  0.31529  5.42355e-02 | 92 -0.61173 -3.70366e-03 | 93 -0.99223 -9.52627e-03
 94  0.10969  8.02733e-02 |
94 variables; iteration 120; function evaluation 167; phase 4
Function value 3.4114312e+02; maximum gradient component mag 1.4794e-01
Var    Value     Gradient |Var    Value     Gradient |Var    Value     Gradient
  1  0.15722  2.11191e-02 |  2 -0.12719  2.43934e-02 |  3  0.27160  2.13299e-02
  4 -1.00005  4.34075e-03 |  5  0.66783  6.90081e-04 |  6 -0.99975  3.34243e-03
  7  0.00575  1.47943e-01 |  8 -0.00483 -2.55031e-03 |  9 -0.00625 -2.15389e-03
 10 -0.00784 -2.70797e-03 | 11 -0.00959 -1.76892e-03 | 12 -0.01150 -1.59163e-03
 13 -0.01360 -2.08835e-03 | 14 -0.01587 -2.18781e-03 | 15 -0.01830 -1.64711e-03
 16 -0.02088 -1.40102e-03 | 17 -0.02359 -2.75916e-03 | 18 -0.02639 -4.26562e-03
 19 -0.02926  7.82236e-04 | 20 -0.03218 -7.12284e-04 | 21 -0.03510 -1.50494e-04
 22 -0.03801 -1.37535e-03 | 23 -0.04080  4.59304e-04 | 24 -0.04342 -7.60215e-04
 25 -0.04584 -7.61378e-04 | 26 -0.04814 -5.23797e-04 | 27 -0.05034 -7.60038e-04
 28 -0.05252 -2.48991e-03 | 29 -0.05449  1.65545e-03 | 30 -0.05602 -7.95669e-04
 31 -0.05692  4.32004e-04 | 32 -0.05648 -2.55117e-04 | 33 -0.05398 -8.48657e-04
 34 -0.04831  3.38172e-04 | 35 -0.03851  1.26430e-03 | 36 -0.02315 -9.75586e-04
 37 -0.00058  6.02111e-04 | 38  0.02975 -4.77823e-04 | 39  0.06564  1.28981e-03
 40  0.08199  1.78634e-03 | 41  0.05337  1.06433e-03 | 42  0.02422  9.49454e-04
 43  0.00428  6.24375e-04 | 44 -0.00696  7.21288e-04 | 45 -0.01117  1.54225e-03
 46 -0.01160 -1.50304e-05 | 47 -0.00971  2.94214e-03 | 48 -0.00511  3.21772e-03
 49 -0.00590  1.70696e-03 | 50 -0.02188  1.41676e-03 | 51 -0.01805  2.12317e-03
 52  0.01238  3.10637e-03 | 53  0.03674  2.94178e-03 | 54  0.01997 -4.22322e-04
 55  0.03477  5.01958e-04 | 56  0.03956  3.65115e-04 | 57  0.04138  1.51312e-03
 58  0.05691  4.27340e-03 | 59  0.03653  1.19730e-03 | 60  0.02829  6.37669e-04
 61  0.05409  4.04709e-04 | 62  0.07560  2.51720e-03 | 63  0.07207  3.14125e-03
 64  0.08635  2.22116e-03 | 65  0.05496  9.49987e-04 | 66  0.07619  1.85971e-03
 67  0.06970  8.16120e-04 | 68  0.05208  2.47291e-03 | 69  0.03209  1.60220e-03
 70  0.02898 -6.40059e-04 | 71  0.00499 -1.19742e-03 | 72 -0.01416 -2.74883e-03
 73 -0.03943 -3.41041e-03 | 74 -0.03037 -3.47242e-03 | 75 -0.02137 -3.03255e-03
 76 -0.01359 -2.29884e-03 | 77  0.28623  5.89451e-03 | 78 -0.03022  3.13249e-03
 79  0.42177 -3.96455e-03 | 80 -0.54803 -5.15174e-05 | 81 -0.98282 -1.83616e-05
 82 -0.04479 -1.04931e-03 | 83  0.05949 -5.69835e-04 | 84  0.10939 -1.69950e-04
 85  0.44904  4.89711e-04 | 86 -0.61054 -8.50037e-05 | 87 -0.98153  1.95137e-05
 88 -0.11861 -8.54151e-04 | 89 -0.07872  6.56845e-03 | 90 -0.01966  4.33083e-04
 91  0.31539 -6.02291e-03 | 92 -0.57414  1.61785e-04 | 93 -0.99200  1.66666e-04
 94  0.11115  2.70854e-03 |
  ic > imax  in fminim is answer attained ?
Var    Value     Gradient |Var    Value     Gradient |Var    Value     Gradient
  1  0.15723 -2.05529e-05 |  2 -0.12719 -3.02966e-05 |  3  0.27158 -1.96551e-05
  4 -1.00006  5.30639e-07 |  5  0.66773 -8.05210e-07 |  6 -0.99976 -1.53546e-06
  7  0.00575 -1.08311e-04 |  8 -0.00482  1.05327e-06 |  9 -0.00625  1.42669e-06
 10 -0.00784  1.30411e-06 | 11 -0.00959  1.53814e-06 | 12 -0.01150  1.62613e-06
 13 -0.01360  1.56595e-06 | 14 -0.01587  1.13690e-06 | 15 -0.01830  7.81413e-07
 16 -0.02088  1.08830e-06 | 17 -0.02358  1.63439e-06 | 18 -0.02639  1.80760e-06
 19 -0.02926  1.35082e-06 | 20 -0.03218  3.38194e-07 | 21 -0.03511  1.00549e-06
 22 -0.03800  7.67558e-07 | 23 -0.04080  1.10287e-06 | 24 -0.04342  1.07315e-06
 25 -0.04584  1.17719e-06 | 26 -0.04814  1.14212e-06 | 27 -0.05034  1.60213e-06
 28 -0.05251  1.46167e-06 | 29 -0.05450  4.39820e-07 | 30 -0.05602  3.87324e-07
 31 -0.05692  6.54524e-08 | 32 -0.05648  5.29626e-07 | 33 -0.05397  1.19581e-06
 34 -0.04831  4.20795e-07 | 35 -0.03851  6.33753e-08 | 36 -0.02315  7.01837e-07
 37 -0.00058  1.43378e-07 | 38  0.02975 -3.48006e-07 | 39  0.06564 -1.53575e-06
 40  0.08198 -2.04923e-06 | 41  0.05336 -1.40748e-06 | 42  0.02422 -1.44612e-06
 43  0.00428 -1.07154e-06 | 44 -0.00696 -3.12843e-07 | 45 -0.01117 -3.98717e-07
 46 -0.01160 -3.59741e-07 | 47 -0.00971 -1.34340e-06 | 48 -0.00511 -1.04344e-06
 49 -0.00590 -1.05217e-06 | 50 -0.02188 -8.03866e-07 | 51 -0.01805 -1.23850e-06
 52  0.01238 -2.10190e-06 | 53  0.03674 -2.60091e-06 | 54  0.01998 -5.00074e-07
 55  0.03477 -2.10680e-06 | 56  0.03956 -2.31094e-06 | 57  0.04138 -1.66905e-06
 58  0.05691 -2.59642e-06 | 59  0.03653 -1.47009e-06 | 60  0.02829 -1.62255e-06
 61  0.05409 -1.61966e-06 | 62  0.07560 -2.69491e-06 | 63  0.07207 -2.53552e-06
 64  0.08635 -1.19866e-06 | 65  0.05496 -1.28500e-06 | 66  0.07619 -8.48935e-07
 67  0.06970  4.81106e-08 | 68  0.05208 -9.55899e-08 | 69  0.03209 -1.34650e-07
 70  0.02898  1.09495e-06 | 71  0.00499  9.55548e-07 | 72 -0.01416  1.50824e-06
 73 -0.03943  1.90392e-06 | 74 -0.03036  1.69147e-06 | 75 -0.02136  2.64115e-06
 76 -0.01359  2.05636e-06 | 77  0.28625 -2.22510e-06 | 78 -0.03025  1.10916e-07
 79  0.42178  3.08646e-06 | 80 -0.54774 -3.96260e-09 | 81 -0.98282 -6.32118e-08
 82 -0.04479 -6.97500e-07 | 83  0.05954 -1.57338e-06 | 84  0.10937 -1.10386e-06
 85  0.44908  1.92171e-06 | 86 -0.60991 -3.57727e-08 | 87 -0.98154  2.12101e-07
 88 -0.11862 -6.73386e-08 | 89 -0.07871 -5.23961e-06 | 90 -0.01963 -7.07897e-07
 91  0.31539  5.12263e-06 | 92 -0.57585 -1.22226e-09 | 93 -0.99201 -1.70225e-07
 94  0.11122 -3.55413e-06 |
Function minimizer not making progress ... is minimum attained?
Minimprove criterion = 0.0000e+00
Warning: the following parameters had issues
  MGparm[5] is within 0.1% of lower bound: -1.0000e+00 < -1.0000e+00 < 2.0000e+00
  MGparm[7] is within 0.1% of lower bound: 5.0000e-02 < 5.0000e-02 < 2.5000e-01
  selparm[5] is within 0.1% of lower bound: -5.0000e+00 < -4.9975e+00 < 9.0000e+00
  selparm[11] is within 0.1% of lower bound: -5.0000e+00 < -4.9971e+00 < 9.0000e+00
  selparm[17] is within 0.1% of lower bound: -5.0000e+00 < -4.9994e+00 < 9.0000e+00


 - final statistics:
94 variables; iteration 133; function evaluation 209
Function value 3.4114e+02; maximum gradient component mag -1.0831e-04
Exit code = 1;  converg criter 1.0000e-04
Var    Value     Gradient |Var    Value     Gradient |Var    Value     Gradient
  1  0.15723 -2.05529e-05 |  2 -0.12719 -3.02966e-05 |  3  0.27158 -1.96551e-05
  4 -1.00006  5.30639e-07 |  5  0.66773 -8.05210e-07 |  6 -0.99976 -1.53546e-06
  7  0.00575 -1.08311e-04 |  8 -0.00482  1.05327e-06 |  9 -0.00625  1.42669e-06
 10 -0.00784  1.30411e-06 | 11 -0.00959  1.53814e-06 | 12 -0.01150  1.62613e-06
 13 -0.01360  1.56595e-06 | 14 -0.01587  1.13690e-06 | 15 -0.01830  7.81413e-07
 16 -0.02088  1.08830e-06 | 17 -0.02358  1.63439e-06 | 18 -0.02639  1.80760e-06
 19 -0.02926  1.35082e-06 | 20 -0.03218  3.38194e-07 | 21 -0.03511  1.00549e-06
 22 -0.03800  7.67558e-07 | 23 -0.04080  1.10287e-06 | 24 -0.04342  1.07315e-06
 25 -0.04584  1.17719e-06 | 26 -0.04814  1.14212e-06 | 27 -0.05034  1.60213e-06
 28 -0.05251  1.46167e-06 | 29 -0.05450  4.39820e-07 | 30 -0.05602  3.87324e-07
 31 -0.05692  6.54524e-08 | 32 -0.05648  5.29626e-07 | 33 -0.05397  1.19581e-06
 34 -0.04831  4.20795e-07 | 35 -0.03851  6.33753e-08 | 36 -0.02315  7.01837e-07
 37 -0.00058  1.43378e-07 | 38  0.02975 -3.48006e-07 | 39  0.06564 -1.53575e-06
 40  0.08198 -2.04923e-06 | 41  0.05336 -1.40748e-06 | 42  0.02422 -1.44612e-06
 43  0.00428 -1.07154e-06 | 44 -0.00696 -3.12843e-07 | 45 -0.01117 -3.98717e-07
 46 -0.01160 -3.59741e-07 | 47 -0.00971 -1.34340e-06 | 48 -0.00511 -1.04344e-06
 49 -0.00590 -1.05217e-06 | 50 -0.02188 -8.03866e-07 | 51 -0.01805 -1.23850e-06
 52  0.01238 -2.10190e-06 | 53  0.03674 -2.60091e-06 | 54  0.01998 -5.00074e-07
 55  0.03477 -2.10680e-06 | 56  0.03956 -2.31094e-06 | 57  0.04138 -1.66905e-06
 58  0.05691 -2.59642e-06 | 59  0.03653 -1.47009e-06 | 60  0.02829 -1.62255e-06
 61  0.05409 -1.61966e-06 | 62  0.07560 -2.69491e-06 | 63  0.07207 -2.53552e-06
 64  0.08635 -1.19866e-06 | 65  0.05496 -1.28500e-06 | 66  0.07619 -8.48935e-07
 67  0.06970  4.81106e-08 | 68  0.05208 -9.55899e-08 | 69  0.03209 -1.34650e-07
 70  0.02898  1.09495e-06 | 71  0.00499  9.55548e-07 | 72 -0.01416  1.50824e-06
 73 -0.03943  1.90392e-06 | 74 -0.03036  1.69147e-06 | 75 -0.02136  2.64115e-06
 76 -0.01359  2.05636e-06 | 77  0.28625 -2.22510e-06 | 78 -0.03025  1.10916e-07
 79  0.42178  3.08646e-06 | 80 -0.54774 -3.96260e-09 | 81 -0.98282 -6.32118e-08
 82 -0.04479 -6.97500e-07 | 83  0.05954 -1.57338e-06 | 84  0.10937 -1.10386e-06
 85  0.44908  1.92171e-06 | 86 -0.60991 -3.57727e-08 | 87 -0.98154  2.12101e-07
 88 -0.11862 -6.73386e-08 | 89 -0.07871 -5.23961e-06 | 90 -0.01963 -7.07897e-07
 91  0.31539  5.12263e-06 | 92 -0.57585 -1.22226e-09 | 93 -0.99201 -1.70225e-07
 94  0.11122 -3.55413e-06 |
Estimating row 1 out of 94 for hessian
Estimating row 2 out of 94 for hessian
Estimating row 3 out of 94 for hessian
Estimating row 4 out of 94 for hessian
Estimating row 5 out of 94 for hessian
Estimating row 6 out of 94 for hessian
Estimating row 7 out of 94 for hessian
Estimating row 8 out of 94 for hessian
Estimating row 9 out of 94 for hessian
Estimating row 10 out of 94 for hessian
Estimating row 11 out of 94 for hessian
Estimating row 12 out of 94 for hessian
Estimating row 13 out of 94 for hessian
Estimating row 14 out of 94 for hessian
Estimating row 15 out of 94 for hessian
Estimating row 16 out of 94 for hessian
Estimating row 17 out of 94 for hessian
Estimating row 18 out of 94 for hessian
Estimating row 19 out of 94 for hessian
Estimating row 20 out of 94 for hessian
Estimating row 21 out of 94 for hessian
Estimating row 22 out of 94 for hessian
Estimating row 23 out of 94 for hessian
Estimating row 24 out of 94 for hessian
Estimating row 25 out of 94 for hessian
Estimating row 26 out of 94 for hessian
Estimating row 27 out of 94 for hessian
Estimating row 28 out of 94 for hessian
Estimating row 29 out of 94 for hessian
Estimating row 30 out of 94 for hessian
Estimating row 31 out of 94 for hessian
Estimating row 32 out of 94 for hessian
Estimating row 33 out of 94 for hessian
Estimating row 34 out of 94 for hessian
Estimating row 35 out of 94 for hessian
Estimating row 36 out of 94 for hessian
Estimating row 37 out of 94 for hessian
Estimating row 38 out of 94 for hessian
Estimating row 39 out of 94 for hessian
Estimating row 40 out of 94 for hessian
Estimating row 41 out of 94 for hessian
Estimating row 42 out of 94 for hessian
Estimating row 43 out of 94 for hessian
Estimating row 44 out of 94 for hessian
Estimating row 45 out of 94 for hessian
Estimating row 46 out of 94 for hessian
Estimating row 47 out of 94 for hessian
Estimating row 48 out of 94 for hessian
Estimating row 49 out of 94 for hessian
Estimating row 50 out of 94 for hessian
Estimating row 51 out of 94 for hessian
Estimating row 52 out of 94 for hessian
Estimating row 53 out of 94 for hessian
Estimating row 54 out of 94 for hessian
Estimating row 55 out of 94 for hessian
Estimating row 56 out of 94 for hessian
Estimating row 57 out of 94 for hessian
Estimating row 58 out of 94 for hessian
Estimating row 59 out of 94 for hessian
Estimating row 60 out of 94 for hessian
Estimating row 61 out of 94 for hessian
Estimating row 62 out of 94 for hessian
Estimating row 63 out of 94 for hessian
Estimating row 64 out of 94 for hessian
Estimating row 65 out of 94 for hessian
Estimating row 66 out of 94 for hessian
Estimating row 67 out of 94 for hessian
Estimating row 68 out of 94 for hessian
Estimating row 69 out of 94 for hessian
Estimating row 70 out of 94 for hessian
Estimating row 71 out of 94 for hessian
Estimating row 72 out of 94 for hessian
Estimating row 73 out of 94 for hessian
Estimating row 74 out of 94 for hessian
Estimating row 75 out of 94 for hessian
Estimating row 76 out of 94 for hessian
Estimating row 77 out of 94 for hessian
Estimating row 78 out of 94 for hessian
Estimating row 79 out of 94 for hessian
Estimating row 80 out of 94 for hessian
Estimating row 81 out of 94 for hessian
Estimating row 82 out of 94 for hessian
Estimating row 83 out of 94 for hessian
Estimating row 84 out of 94 for hessian
Estimating row 85 out of 94 for hessian
Estimating row 86 out of 94 for hessian
Estimating row 87 out of 94 for hessian
Estimating row 88 out of 94 for hessian
Estimating row 89 out of 94 for hessian
Estimating row 90 out of 94 for hessian
Estimating row 91 out of 94 for hessian
Estimating row 92 out of 94 for hessian
Estimating row 93 out of 94 for hessian
Estimating row 94 out of 94 for hessian
size of file gradfil1.tmp = 0
size of file gradfil2.tmp = 0
size of file varssave.tmp = 0
size of file cmpdiff.tmp = 0
