
Initial statistics: 70 variables; iteration 0; function evaluation 0; phase 1
Function value 3.7353652e+03; maximum gradient component mag -8.2948e+04
Var    Value     Gradient |Var    Value     Gradient |Var    Value     Gradient
  1  0.00649 -8.29476e+04 |  2 -0.00236  1.16122e+03 |  3  0.00402  1.15514e+03
  4 -0.00159  1.14846e+03 |  5 -0.00331  1.14101e+03 |  6 -0.00121  1.13218e+03
  7  0.00176  1.12180e+03 |  8 -0.00238  1.11241e+03 |  9  0.00402  1.09798e+03
 10 -0.00092  1.08759e+03 | 11 -0.00137  1.07425e+03 | 12 -0.00357  1.06147e+03
 13 -0.00008  1.04358e+03 | 14  0.00261  1.02492e+03 | 15 -0.00230  1.01382e+03
 16 -0.00133  9.96107e+02 | 17 -0.00296  9.81481e+02 | 18  0.00111  9.58677e+02
 19  0.00400  9.36361e+02 | 20  0.00528  9.14338e+02 | 21 -0.00090  9.05826e+02
 22 -0.00436  8.89075e+02 | 23  0.00162  8.46903e+02 | 24 -0.00042  8.16974e+02
 25 -0.00170  7.73861e+02 | 26 -0.00209  7.17857e+02 | 27 -0.00313  6.53170e+02
 28  0.00228  5.51444e+02 | 29 -0.00229  4.81833e+02 | 30  0.00029  3.59718e+02
 31  0.00206  2.39273e+02 | 32 -0.00274  1.68493e+02 | 33 -0.00415  7.56893e+01
 34  0.00132 -7.42120e+01 | 35  0.00215 -1.80449e+02 | 36 -0.00442 -2.05410e+02
 37 -0.00457 -2.97605e+02 | 38  0.00295 -4.87341e+02 | 39  0.00342 -5.98728e+02
 40 -0.00061 -6.55852e+02 | 41 -0.00092 -7.63139e+02 | 42 -0.00315 -8.46507e+02
 43  0.00321 -1.07083e+03 | 44  0.00094 -1.14776e+03 | 45  0.00525 -1.34815e+03
 46  0.00143 -1.40741e+03 | 47  0.00498 -1.60703e+03 | 48  0.00129 -1.59225e+03
 49  0.00396 -1.69625e+03 | 50 -0.00238 -1.55902e+03 | 51  0.00262 -1.72163e+03
 52  0.00186 -1.78740e+03 | 53 -0.00037 -1.75897e+03 | 54 -0.00281 -1.73477e+03
 55  0.00323 -1.92894e+03 | 56 -0.00268 -1.83028e+03 | 57  0.00094 -1.86147e+03
 58  0.00212 -1.76062e+03 | 59  0.00113 -1.55731e+03 | 60 -0.00320 -1.25547e+03
 61  0.00376 -1.05686e+03 | 62  0.00339 -6.90230e+02 | 63  0.00088 -2.48938e+02
 64 -0.00104  1.48073e+02 | 65 -0.00055  5.27101e+02 | 66 -0.00172  8.96661e+02
 67 -0.00367  1.22750e+03 | 68 -0.00417  1.41955e+03 | 69  0.00238  1.43396e+03
 70 -0.00084  1.43515e+03 |

Intermediate statistics: 70 variables; iteration 20; function evaluation 36; phase 1
Function value 2.0612698e+03; maximum gradient component mag 1.3257e+04
Var    Value     Gradient |Var    Value     Gradient |Var    Value     Gradient
  1 -0.04172  1.32572e+04 |  2 -0.03961 -1.58143e+01 |  3 -0.05646 -2.22426e+01
  4 -0.02837 -1.08679e+01 |  5 -0.01473 -5.04493e+00 |  6 -0.01478 -4.70326e+00
  7 -0.01817 -5.70119e+00 |  8  0.00334  3.72470e+00 |  9 -0.01418 -3.15091e+00
 10  0.00832  6.98416e+00 | 11  0.01264  9.49115e+00 | 12  0.02157  1.41149e+01
 13  0.00649  8.03317e+00 | 14 -0.00989  1.30648e+00 | 15  0.00533  8.63603e+00
 16 -0.00825  2.94751e+00 | 17 -0.01135  1.89242e+00 | 18 -0.04920 -1.46344e+01
 19 -0.08714 -3.05058e+01 | 20 -0.11799 -4.27696e+01 | 21 -0.08223 -2.83771e+01
 22 -0.06466 -2.08784e+01 | 23 -0.11762 -4.23118e+01 | 24 -0.08655 -2.93787e+01
 25 -0.05027 -1.27418e+01 | 26 -0.00591  1.03463e+01 | 27  0.04520  4.25237e+01
 28  0.06093  5.96519e+01 | 29  0.09025  9.33348e+01 | 30  0.11709  1.38698e+02
 31  0.19287  2.75654e+02 | 32  0.27604  5.28706e+02 | 33  0.27673  6.06643e+02
 34  0.22402  5.03911e+02 | 35  0.07543  1.85568e+02 | 36  0.02415  1.22822e+02
 37 -0.03320  6.27526e+01 | 38 -0.06178  3.89571e+01 | 39 -0.07441  2.99221e+01
 40 -0.06720  3.73257e+01 | 41 -0.03102  7.39357e+01 | 42  0.05928  2.01183e+02
 43  0.10678  3.07693e+02 | 44  0.11760  3.65451e+02 | 45  0.16820  5.81158e+02
 46  0.24731  1.04028e+03 | 47  0.05253  2.58732e+02 | 48  0.20652  8.72887e+02
 49  0.25347  1.04649e+03 | 50 -0.96375 -1.40576e+01 | 51 -0.03060 -1.06293e+02
 52  0.20770  4.82877e+02 | 53  0.08878  1.46721e+02 | 54  0.05573  9.81710e+01
 55  0.18738  5.94199e+02 | 56  0.18384  7.11879e+02 | 57  0.24806  1.21339e+03
 58  0.14246  5.40130e+02 | 59  0.19391  8.25086e+02 | 60  0.17528  7.61476e+02
 61  0.26117  1.25476e+03 | 62 -0.03573 -3.15227e+01 | 63 -0.43736 -1.29875e+02
 64  0.19001  3.70123e+02 | 65 -0.20336 -8.10669e+01 | 66  0.03958 -2.13509e+02
 67 -0.96952 -1.20192e+01 | 68 -0.18688 -1.47719e+02 | 69  0.09102 -6.01352e+01
 70 -1.16328  6.17412e+01 |
70 variables; iteration 40; function evaluation 63; phase 1
Function value 1.5916090e+03; maximum gradient component mag -3.6049e+03
Var    Value     Gradient |Var    Value     Gradient |Var    Value     Gradient
  1 -0.01313 -3.60495e+03 |  2 -0.01249  1.38758e+02 |  3 -0.01500  1.38064e+02
  4 -0.00990  1.40551e+02 |  5 -0.00881  1.41439e+02 |  6 -0.00906  1.41825e+02
  7 -0.00969  1.42100e+02 |  8 -0.00961  1.42726e+02 |  9 -0.01106  1.42739e+02
 10 -0.01151  1.43226e+02 | 11 -0.01624  1.41838e+02 | 12 -0.05175  1.26635e+02
 13 -0.01788  1.42543e+02 | 14 -0.01382  1.45150e+02 | 15 -0.03673  1.35206e+02
 16 -0.01865  1.44315e+02 | 17 -0.02137  1.43656e+02 | 18 -0.02578  1.42098e+02
 19 -0.02646  1.42239e+02 | 20 -0.02534  1.43256e+02 | 21 -0.02696  1.42866e+02
 22 -0.02631  1.43606e+02 | 23 -0.02487  1.44708e+02 | 24 -0.02408  1.45388e+02
 25 -0.02268  1.46383e+02 | 26 -0.00469  1.55510e+02 | 27  0.05077  1.84176e+02
 28  0.01833  1.65038e+02 | 29  0.00127  1.54267e+02 | 30 -0.07957  1.15018e+02
 31  0.18035  2.30299e+02 | 32  0.22635  2.40564e+02 | 33  0.14371  2.02527e+02
 34  0.12823  1.94431e+02 | 35  0.14314  1.98672e+02 | 36 -0.06616  1.15551e+02
 37 -0.11811  9.36655e+01 | 38 -0.04388  1.21054e+02 | 39 -0.00946  1.29665e+02
 40  0.00435  1.26833e+02 | 41 -0.02443  1.11974e+02 | 42 -0.00385  1.07724e+02
 43  0.11726  8.67482e+01 | 44 -0.03541  9.95618e+01 | 45  0.12765  1.02906e+02
 46  0.16585  7.75854e+01 | 47  0.05838  9.66569e+01 | 48  0.12394  9.13622e+01
 49  0.17506 -2.44689e+01 | 50 -0.78578 -3.02251e+01 | 51  0.07811 -7.83764e+01
 52  0.15089 -1.19042e+02 | 53 -0.04592 -8.28169e+00 | 54  0.12722 -9.36736e+01
 55  0.10952 -6.50026e+01 | 56  0.10346 -8.79561e+01 | 57  0.15975 -1.74114e+02
 58  0.08336 -1.02838e+02 | 59  0.11284 -1.68002e+02 | 60  0.07550 -1.05920e+02
 61  0.11923 -1.22773e+02 | 62  0.06823 -1.45544e+02 | 63 -0.23825  8.84966e+00
 64  0.07820  4.79207e+01 | 65  0.00490  1.58611e+02 | 66  0.01190  1.40197e+02
 67 -0.36521 -2.14078e+00 | 68 -0.03114  1.96174e+02 | 69  0.02492  1.94664e+02
 70 -1.42434  3.92680e+01 |
70 variables; iteration 60; function evaluation 98; phase 1
Function value 1.5089452e+03; maximum gradient component mag -1.7040e+03
Var    Value     Gradient |Var    Value     Gradient |Var    Value     Gradient
  1 -0.00074 -1.70403e+03 |  2  0.00045  2.82339e+01 |  3  0.01648  3.50900e+01
  4  0.00929  3.25528e+01 |  5 -0.00387  2.75598e+01 |  6 -0.01110  2.50062e+01
  7 -0.00424  2.83556e+01 |  8  0.02038  3.94176e+01 |  9  0.02875  4.38042e+01
 10  0.00535  3.43462e+01 | 11 -0.01723  2.51957e+01 | 12 -0.00534  3.11324e+01
 13 -0.02531  2.29848e+01 | 14 -0.01030  3.04292e+01 | 15 -0.01402  2.94921e+01
 16 -0.00460  3.46489e+01 | 17 -0.00758  3.40195e+01 | 18 -0.01261  3.23271e+01
 19 -0.03425  2.26856e+01 | 20 -0.06255  1.01517e+01 | 21 -0.03794  2.18233e+01
 22 -0.03583  2.30925e+01 | 23 -0.03767  2.22659e+01 | 24 -0.03702  2.22624e+01
 25 -0.02352  2.78729e+01 | 26 -0.02881  2.37749e+01 | 27 -0.06984  3.60343e+00
 28 -0.02719  1.82842e+01 | 29 -0.02277  1.56454e+01 | 30 -0.02952  8.65865e+00
 31  0.13758  4.23606e+01 | 32  0.19442  2.96830e+01 | 33  0.10978  2.87059e+01
 34  0.08491  2.65044e+01 | 35  0.09992  3.43320e+01 | 36 -0.05213 -1.88462e+00
 37 -0.03312  6.23586e+00 | 38 -0.04416  4.53760e+00 | 39 -0.06560 -2.01652e+00
 40 -0.06249 -1.50834e+00 | 41 -0.06152 -2.27142e+00 | 42 -0.07641 -9.13067e+00
 43  0.19987  4.91785e+01 | 44 -0.11925 -2.22998e+01 | 45  0.10384  5.06077e+01
 46  0.11870  2.55169e+01 | 47  0.04781 -4.74292e+00 | 48  0.08174  1.19943e+01
 49  0.15989 -3.46954e+01 | 50 -0.67860 -9.18753e+01 | 51  0.09124 -7.50115e+01
 52  0.11865 -1.00975e+02 | 53 -0.06042 -9.51463e+01 | 54  0.13587 -5.86762e+01
 55  0.07386 -8.87172e+01 | 56  0.07450 -1.21761e+02 | 57  0.15160 -1.25736e+02
 58  0.07129 -1.04725e+02 | 59  0.10820 -1.37564e+02 | 60  0.07435 -1.38169e+02
 61  0.05174 -6.71191e+01 | 62  0.11204 -1.42981e+01 | 63 -0.08641 -3.05242e+01
 64  0.07015  5.60403e+01 | 65 -0.07481 -6.42378e+00 | 66 -0.01789  4.80327e+01
 67 -0.06918  5.62580e+01 | 68 -0.09282  4.57833e+01 | 69  0.01362  5.46891e+01
 70 -1.36939  1.04215e+02 |
Maximum number of function evaluations exceeded

 - final statistics:
70 variables; iteration 62; function evaluation 100
Function value 1.5027e+03; maximum gradient component mag -8.4714e+02
Exit code = 3;  converg criter 1.0000e+01
Var    Value     Gradient |Var    Value     Gradient |Var    Value     Gradient
  1 -0.00092 -8.47142e+02 |  2  0.00918  2.20981e+01 |  3  0.00717  2.17325e+01
  4 -0.00060  1.90019e+01 |  5 -0.00905  1.59917e+01 |  6 -0.01079  1.58300e+01
  7 -0.00310  1.97753e+01 |  8  0.01152  2.69509e+01 |  9  0.01608  2.99210e+01
 10 -0.00343  2.20699e+01 | 11 -0.01742  1.66623e+01 | 12 -0.01327  1.94589e+01
 13 -0.01704  1.86572e+01 | 14 -0.01476  2.06954e+01 | 15  0.00381  3.07776e+01
 16 -0.00317  2.84179e+01 | 17 -0.00731  2.73858e+01 | 18  0.00239  3.33608e+01
 19 -0.02734  1.90383e+01 | 20 -0.07134 -1.53579e+00 | 21 -0.03250  1.77739e+01
 22 -0.03015  1.94825e+01 | 23 -0.04974  9.92216e+00 | 24 -0.02493  2.24439e+01
 25 -0.02404  2.25008e+01 | 26 -0.01736  2.47539e+01 | 27 -0.08648 -9.79949e+00
 28 -0.03603  1.05917e+01 | 29 -0.00934  1.89799e+01 | 30 -0.01950  1.06773e+01
 31  0.12186  6.04972e+01 | 32  0.19923  7.71602e+01 | 33  0.10720  5.10937e+01
 34  0.08619  4.67362e+01 | 35  0.10861  6.40315e+01 | 36 -0.05988 -3.70227e+00
 37 -0.00323  2.40027e+01 | 38 -0.05315  3.93610e+00 | 39 -0.05530  4.53373e+00
 40 -0.10176 -1.64235e+01 | 41 -0.07649 -6.04909e+00 | 42 -0.08650 -1.18289e+01
 43  0.21574  1.47661e+02 | 44 -0.13637 -3.14773e+01 | 45  0.09847  7.77234e+01
 46  0.11720  5.27340e+01 | 47  0.04863  2.88301e+00 | 48  0.07494  2.14004e+01
 49  0.16394 -3.88256e+00 | 50 -0.61930 -1.06181e+02 | 51  0.08741 -8.35332e+01
 52  0.11829 -1.11830e+02 | 53 -0.07231 -1.04351e+02 | 54  0.14093 -5.48107e+01
 55  0.06648 -9.46158e+01 | 56  0.07200 -1.25123e+02 | 57  0.15606 -1.09981e+02
 58  0.06577 -9.25798e+01 | 59  0.11427 -1.09022e+02 | 60  0.08125 -1.17295e+02
 61  0.05209 -6.33483e+01 | 62  0.10563 -1.39637e+01 | 63 -0.06001 -2.77849e+01
 64  0.06969  5.88840e+01 | 65 -0.07338 -1.58565e+01 | 66 -0.02223  3.03428e+01
 67 -0.06352  5.03147e+01 | 68 -0.09691  3.04672e+01 | 69  0.01517  4.75589e+01
 70 -1.39756  1.14288e+02 |

Initial statistics: 76 variables; iteration 0; function evaluation 0; phase 2
Function value 1.5026420e+03; maximum gradient component mag -8.4714e+02
Var    Value     Gradient |Var    Value     Gradient |Var    Value     Gradient
  1 -0.00092 -8.47142e+02 |  2  0.00932  2.45816e+01 |  3  0.00731  2.42161e+01
  4 -0.00046  2.14857e+01 |  5 -0.00891  1.84753e+01 |  6 -0.01065  1.83135e+01
  7 -0.00296  2.22591e+01 |  8  0.01166  2.94342e+01 |  9  0.01622  3.24038e+01
 10 -0.00329  2.45537e+01 | 11 -0.01728  1.91453e+01 | 12 -0.01313  2.19423e+01
 13 -0.01690  2.11403e+01 | 14 -0.01462  2.31787e+01 | 15  0.00395  3.32613e+01
 16 -0.00303  3.09017e+01 | 17 -0.00717  2.98695e+01 | 18  0.00253  3.58446e+01
 19 -0.02720  2.15200e+01 | 20 -0.07120  9.32470e-01 | 21 -0.03236  2.02547e+01
 22 -0.03001  2.19638e+01 | 23 -0.04961  1.23986e+01 | 24 -0.02479  2.49260e+01
 25 -0.02391  2.49830e+01 | 26 -0.01722  2.72369e+01 | 27 -0.08634 -7.33878e+00
 28 -0.03590  1.30717e+01 | 29 -0.00920  2.14635e+01 | 30 -0.01936  1.31600e+01
 31  0.12201  6.29329e+01 | 32  0.19937  7.95174e+01 | 33  0.10734  5.35404e+01
 34  0.08633  4.91958e+01 | 35  0.10875  6.64767e+01 | 36 -0.05975 -1.22945e+00
 37 -0.00309  2.64865e+01 | 38 -0.05301  6.41139e+00 | 39 -0.05516  7.00832e+00
 40 -0.10162 -1.39718e+01 | 41 -0.07635 -3.58328e+00 | 42 -0.08636 -9.36830e+00
 43  0.21588  1.49992e+02 | 44 -0.13622 -2.90517e+01 | 45  0.09861  8.01748e+01
 46  0.11734  5.51736e+01 | 47  0.04877  5.35950e+00 | 48  0.07508  2.38664e+01
 49  0.16409 -1.48056e+00 | 50 -0.61906 -1.04842e+02 | 51  0.08755 -8.10703e+01
 52  0.11843 -1.09385e+02 | 53 -0.07217 -1.01886e+02 | 54  0.14107 -5.23849e+01
 55  0.06662 -9.21434e+01 | 56  0.07214 -1.22652e+02 | 57  0.15620 -1.07565e+02
 58  0.06591 -9.01071e+01 | 59  0.11441 -1.06574e+02 | 60  0.08139 -1.14828e+02
 61  0.05223 -6.08717e+01 | 62  0.10577 -1.15135e+01 | 63 -0.05987 -2.53126e+01
 64  0.06983  6.13515e+01 | 65 -0.07324 -1.33895e+01 | 66 -0.02209  3.28254e+01
 67 -0.06338  5.27873e+01 | 68 -0.09677  3.29234e+01 | 69  0.01530  5.00418e+01
 70 -0.60221 -1.12894e+02 | 71  0.30456 -4.52758e+02 | 72 -0.99503 -4.52301e-01
 73 -0.04634  9.78818e+00 | 74  0.07444 -1.96671e+02 | 75 -0.99450 -2.76253e-01
 76 -0.12052 -3.57968e+02 |

Intermediate statistics: 76 variables; iteration 20; function evaluation 25; phase 2
Function value 1.3623136e+03; maximum gradient component mag 4.8458e+03
Var    Value     Gradient |Var    Value     Gradient |Var    Value     Gradient
  1  0.01935  4.84584e+03 |  2 -0.04570 -5.41532e+01 |  3 -0.04497 -5.34379e+01
  4 -0.04059 -5.11667e+01 |  5 -0.03614 -4.87592e+01 |  6 -0.03624 -4.81590e+01
  7 -0.04214 -4.99611e+01 |  8 -0.05186 -5.33670e+01 |  9 -0.05539 -5.41247e+01
 10 -0.04588 -4.91595e+01 | 11 -0.04022 -4.56849e+01 | 12 -0.04401 -4.64174e+01
 13 -0.04396 -4.53824e+01 | 14 -0.04671 -4.56565e+01 | 15 -0.05608 -4.91009e+01
 16 -0.05450 -4.74309e+01 | 17 -0.05418 -4.63823e+01 | 18 -0.05881 -4.78280e+01
 19 -0.04939 -4.24121e+01 | 20 -0.03533 -3.43293e+01 | 21 -0.04966 -4.11682e+01
 22 -0.05085 -4.12028e+01 | 23 -0.04444 -3.73769e+01 | 24 -0.05050 -4.03264e+01
 25 -0.04784 -3.87084e+01 | 26 -0.04396 -3.68522e+01 | 27 -0.02201 -2.56692e+01
 28 -0.02169 -2.71585e+01 | 29 -0.01035 -2.26561e+01 | 30  0.00403 -1.57033e+01
 31  0.07413  2.80170e+01 | 32  0.16993  1.13155e+02 | 33  0.08183  4.85575e+01
 34  0.06382  4.60982e+01 | 35  0.06575  6.41692e+01 | 36 -0.01122  7.26273e+00
 37 -0.00827  1.81280e+01 | 38 -0.02541  1.12019e+01 | 39 -0.03035  1.27021e+01
 40 -0.03161  1.41364e+01 | 41 -0.02740  1.87445e+01 | 42 -0.02111  2.31293e+01
 43  0.15232  2.81743e+02 | 44 -0.02054  2.57219e+01 | 45  0.03854  9.08635e+01
 46  0.08145  1.36110e+02 | 47  0.08128  1.25471e+02 | 48  0.04352  1.13388e+02
 49  0.14820  3.73822e+02 | 50 -0.04036  2.52569e+01 | 51  0.07852  1.41018e+02
 52  0.03977  7.52377e+01 | 53  0.12179  3.65644e+02 | 54  0.07599  1.67132e+02
 55  0.05142  3.06776e+01 | 56  0.09231  5.23619e+01 | 57  0.09394  1.19755e+02
 58  0.13570  2.57953e+02 | 59  0.06241  8.62143e+01 | 60  0.08929  7.54896e+01
 61  0.04550  4.37499e+01 | 62  0.07143  1.09287e+02 | 63  0.02774  6.54451e+01
 64  0.00032  5.38516e+00 | 65 -0.03302 -4.41401e+01 | 66 -0.06054 -8.34938e+01
 67 -0.10844 -8.87144e+01 | 68 -0.09540 -9.23880e+01 | 69 -0.10877 -1.33420e+02
 70 -0.05318 -3.83195e+00 | 71  0.33043 -6.97039e+02 | 72 -0.96774 -1.84097e+00
 73 -0.19886 -1.29270e+02 | 74  0.00000 -1.07774e+02 | 75 -0.98451 -1.28040e-01
 76 -0.03968 -1.29318e+02 |
76 variables; iteration 40; function evaluation 56; phase 2
Function value 1.2864422e+03; maximum gradient component mag 1.5160e+03
Var    Value     Gradient |Var    Value     Gradient |Var    Value     Gradient
  1  0.02270  1.51595e+03 |  2  0.01676  1.23254e+00 |  3  0.00525 -2.95233e+00
  4 -0.01056 -9.02324e+00 |  5 -0.02196 -1.31591e+01 |  6 -0.02741 -1.46527e+01
  7 -0.03100 -1.52709e+01 |  8 -0.03548 -1.62411e+01 |  9 -0.04258 -1.83749e+01
 10 -0.04583 -1.87207e+01 | 11 -0.04437 -1.67992e+01 | 12 -0.04765 -1.70733e+01
 13 -0.04712 -1.54691e+01 | 14 -0.04757 -1.42890e+01 | 15 -0.04723 -1.26849e+01
 16 -0.04328 -9.14762e+00 | 17 -0.04074 -6.28954e+00 | 18 -0.03586 -2.10005e+00
 19 -0.04318 -4.86579e+00 | 20 -0.04847 -6.52286e+00 | 21 -0.04529 -3.51608e+00
 22 -0.04570 -2.69251e+00 | 23 -0.05007 -4.54979e+00 | 24 -0.04502 -1.35849e+00
 25 -0.04313 -4.53204e-01 | 26 -0.03831  1.17702e+00 | 27 -0.04531 -5.42075e+00
 28 -0.03294 -2.39370e+00 | 29 -0.01773  8.93227e-01 | 30 -0.01519 -3.01317e+00
 31  0.07738  3.89743e+01 | 32  0.15254  7.41769e+01 | 33  0.07195  3.26542e+01
 34  0.05716  2.81425e+01 | 35  0.06146  4.01983e+01 | 36 -0.05506 -1.82569e+01
 37 -0.00884  1.15514e+01 | 38 -0.03751 -1.42424e-01 | 39 -0.03852  2.75943e+00
 40 -0.05960 -9.11215e+00 | 41 -0.04056  1.58957e+00 | 42 -0.03293  3.72406e+00
 43  0.15134  1.54710e+02 | 44 -0.02596  9.48437e+00 | 45  0.03956  5.62405e+01
 46  0.02227  3.82284e+01 | 47  0.13647  1.38038e+02 | 48  0.03224  5.24604e+01
 49  0.10171  7.42039e+01 | 50 -0.02586 -1.45865e+01 | 51  0.06078 -4.23870e+00
 52  0.05451 -3.02139e+01 | 53  0.05579 -7.23038e+00 | 54  0.06571  5.68381e-01
 55  0.05240 -3.25717e+01 | 56  0.11040 -3.55330e+01 | 57  0.06786 -5.15104e+01
 58  0.10014 -2.30229e+01 | 59  0.08645 -1.71321e+01 | 60  0.06710 -6.88914e+01
 61  0.04982 -7.15320e+01 | 62  0.03795 -6.79856e+01 | 63  0.00237 -3.20692e+01
 64  0.01334  1.26315e+01 | 65 -0.02632  1.18396e+01 | 66 -0.04362  8.93060e+00
 67 -0.08535  1.28027e+01 | 68 -0.07678  3.55809e+01 | 69 -0.03492  3.70813e+01
 70 -0.10757 -3.40378e+01 | 71  0.36666 -3.60145e+02 | 72 -0.54519  1.16475e+01
 73 -0.17898  1.67079e+02 | 74  0.10608 -9.14068e+01 | 75 -0.37493 -2.38001e+00
 76 -0.01356 -7.58258e+01 |
76 variables; iteration 60; function evaluation 92; phase 2
Function value 1.2351930e+03; maximum gradient component mag -7.5361e+02
Var    Value     Gradient |Var    Value     Gradient |Var    Value     Gradient
  1  0.02041 -7.53613e+02 |  2 -0.04441  1.23224e+00 |  3 -0.03944  3.41474e+00
  4 -0.03941  3.67017e+00 |  5 -0.04248  2.70704e+00 |  6 -0.04388  2.44141e+00
  7 -0.04299  3.13563e+00 |  8 -0.03635  6.22905e+00 |  9 -0.01790  1.43680e+01
 10 -0.02066  1.37388e+01 | 11 -0.02101  1.41629e+01 | 12 -0.00587  2.13791e+01
 13 -0.00515  2.24305e+01 | 14 -0.01625  1.82171e+01 | 15 -0.04966  4.14792e+00
 16 -0.06339 -1.25353e+00 | 17 -0.05580  2.57151e+00 | 18 -0.03919  1.05414e+01
 19 -0.04601  7.99204e+00 | 20 -0.04355  9.63946e+00 | 21 -0.05184  6.21746e+00
 22 -0.05885  3.21166e+00 | 23 -0.06194  1.66625e+00 | 24 -0.07923 -6.55501e+00
 25 -0.07576 -6.15301e+00 | 26 -0.06517 -3.67982e+00 | 27 -0.03055  6.96097e+00
 28 -0.02994  2.00085e+00 | 29 -0.01357  1.25412e+00 | 30  0.00014 -1.99150e+00
 31  0.00936 -6.13969e+00 | 32  0.17499 -2.48010e+01 | 33  0.05710 -6.15557e+00
 34  0.06532 -4.21748e+00 | 35  0.02229 -2.17915e+00 | 36  0.01234 -7.17115e-03
 37  0.00160  1.51757e+00 | 38 -0.02397 -2.34253e+00 | 39 -0.03035 -2.77849e+00
 40 -0.04290 -8.52109e+00 | 41 -0.01898 -4.99261e+00 | 42 -0.00949 -9.16018e+00
 43  0.12134 -1.28283e+01 | 44  0.00266 -1.24858e+01 | 45  0.03730 -1.22788e+01
 46  0.04799 -2.67897e+01 | 47  0.10361 -5.86236e+01 | 48  0.03993 -3.26083e+01
 49  0.07790 -5.86667e+01 | 50  0.00029 -3.43464e+01 | 51  0.04538 -3.42073e+01
 52  0.07273 -1.52675e+01 | 53  0.04993 -1.90695e+01 | 54  0.03329 -2.05356e+01
 55  0.08785  2.52856e+01 | 56  0.09830  6.15572e+00 | 57  0.08545 -1.71265e+01
 58  0.10121 -3.11650e+01 | 59  0.05106 -2.66729e+01 | 60  0.09471  2.79176e+01
 61  0.07948  7.12661e+01 | 62  0.02911  3.10831e+01 | 63  0.05247  6.91815e+01
 64 -0.03342 -2.06237e+00 | 65 -0.00507  2.25639e+01 | 66 -0.04807 -1.62095e+00
 67 -0.08474  3.58761e+00 | 68 -0.07727  7.10768e+00 | 69 -0.06827 -3.59765e+01
 70 -0.07348  5.20091e+00 | 71  0.40825 -4.04186e+02 | 72 -0.67935 -3.71502e+01
 73 -0.31353  7.92911e+01 | 74  0.23090 -4.20709e+01 | 75 -0.28824  6.10528e+00
 76  0.10422  2.18014e-01 |
Maximum number of function evaluations exceeded

 - final statistics:
76 variables; iteration 67; function evaluation 100
Function value 1.2325e+03; maximum gradient component mag -4.3319e+02
Exit code = 3;  converg criter 1.0000e+01
Var    Value     Gradient |Var    Value     Gradient |Var    Value     Gradient
  1  0.02027 -4.33194e+02 |  2 -0.04191 -2.60306e+00 |  3 -0.03240  1.29710e+00
  4 -0.03543  6.17088e-01 |  5 -0.04251 -1.58333e+00 |  6 -0.04546 -2.24245e+00
  7 -0.04442 -1.32769e+00 |  8 -0.03728  2.15759e+00 |  9 -0.01924  1.04110e+01
 10 -0.02439  8.94171e+00 | 11 -0.02431  9.62188e+00 | 12 -0.00864  1.74831e+01
 13 -0.00752  1.87628e+01 | 14 -0.01606  1.54608e+01 | 15 -0.04664  1.79836e+00
 16 -0.07458 -9.51232e+00 | 17 -0.06833 -5.90101e+00 | 18 -0.04307  6.12892e+00
 19 -0.04912  4.23833e+00 | 20 -0.04644  5.95218e+00 | 21 -0.04963  5.77647e+00
 22 -0.05513  2.80589e+00 | 23 -0.06524 -1.45891e+00 | 24 -0.07471 -7.16568e+00
 25 -0.07257 -7.13405e+00 | 26 -0.06075 -3.80033e+00 | 27 -0.03042  7.54256e+00
 28 -0.03859 -8.28351e-01 | 29  0.00332  9.52915e+00 | 30 -0.01356 -2.89468e+00
 31  0.02107  1.77583e+00 | 32  0.18484  5.78801e+00 | 33  0.05724  5.71112e+00
 34  0.00707 -3.76467e+00 | 35  0.03467  1.05902e+01 | 36  0.03241  1.46151e+01
 37  0.00420  9.76800e+00 | 38 -0.01667  6.36824e+00 | 39 -0.01945  6.59481e+00
 40 -0.03686 -2.40510e+00 | 41 -0.02191 -4.15069e-01 | 42 -0.01762 -6.39113e+00
 43  0.11579  1.00562e+01 | 44  0.01817 -3.21169e+00 | 45  0.03311 -4.30879e+00
 46  0.05279 -1.78246e+01 | 47  0.10052 -4.30386e+01 | 48  0.04600 -2.67417e+01
 49  0.07612 -5.15018e+01 | 50  0.00106 -3.42317e+01 | 51  0.04590 -3.20146e+01
 52  0.07290 -1.24816e+01 | 53  0.04814 -1.88149e+01 | 54  0.04084 -1.95123e+01
 55  0.07825  1.17208e+01 | 56  0.10452  1.43844e+00 | 57  0.07903 -2.42146e+01
 58  0.10605 -3.31220e+01 | 59  0.04811 -3.08208e+01 | 60  0.09867  2.00651e+01
 61  0.07075  4.92656e+01 | 62  0.03753  2.23774e+01 | 63  0.04519  4.73506e+01
 64 -0.03006 -1.17186e+01 | 65 -0.00653  1.19159e+01 | 66 -0.04685 -7.54865e+00
 67 -0.08529 -1.58107e+00 | 68 -0.07504  4.94690e+00 | 69 -0.06740 -3.97786e+01
 70 -0.07380 -6.88789e-01 | 71  0.41102 -1.81004e+02 | 72 -0.68409 -3.90123e+01
 73 -0.32584  7.03588e+01 | 74  0.24140 -2.34141e+01 | 75 -0.28764 -5.52163e+00
 76  0.10775  3.47656e+00 |

Initial statistics: 80 variables; iteration 0; function evaluation 0; phase 3
Function value 1.2324657e+03; maximum gradient component mag -5.0409e+02
Var    Value     Gradient |Var    Value     Gradient |Var    Value     Gradient
  1  0.02027 -5.04085e+02 |  2 -0.04182  2.41987e-01 |  3 -0.03232  4.31020e+00
  4 -0.03534  3.39289e+00 |  5 -0.04242  8.56664e-01 |  6 -0.04538  1.24317e-02
  7 -0.04434  8.29108e-01 |  8 -0.03720  4.23205e+00 |  9 -0.01916  1.23860e+01
 10 -0.02430  1.08101e+01 | 11 -0.02422  1.15131e+01 | 12 -0.00856  1.91959e+01
 13 -0.00743  2.05627e+01 | 14 -0.01598  1.75351e+01 | 15 -0.04655  4.48607e+00
 16 -0.07450 -7.16726e+00 | 17 -0.06824 -3.86385e+00 | 18 -0.04299  8.20373e+00
 19 -0.04903  6.04589e+00 | 20 -0.04636  7.95077e+00 | 21 -0.04955  6.95979e+00
 22 -0.05504  4.69391e+00 | 23 -0.06516 -3.40809e-02 | 24 -0.07463 -4.80493e+00
 25 -0.07249 -4.75868e+00 | 26 -0.06067 -1.31002e+00 | 27 -0.03034  8.68980e+00
 28 -0.03851  6.93652e-01 | 29  0.00341  1.02874e+01 | 30 -0.01348 -1.53174e+00
 31  0.02116  2.27567e+00 | 32  0.18492  6.63072e-01 | 33  0.05732  4.96621e+00
 34  0.00715 -2.42348e+00 | 35  0.03475  9.89695e+00 | 36  0.03250  1.43603e+01
 37  0.00428  1.02783e+01 | 38 -0.01659  6.54742e+00 | 39 -0.01937  7.22291e+00
 40 -0.03677 -1.25955e+00 | 41 -0.02183  3.77495e-01 | 42 -0.01754 -4.67882e+00
 43  0.11587  9.13970e+00 | 44  0.01825 -1.93487e+00 | 45  0.03320 -2.91696e+00
 46  0.05287 -1.62670e+01 | 47  0.10060 -4.10965e+01 | 48  0.04608 -2.41737e+01
 49  0.07621 -4.83075e+01 | 50  0.00114 -3.12565e+01 | 51  0.04598 -2.93002e+01
 52  0.07298 -1.11138e+01 | 53  0.04822 -1.65607e+01 | 54  0.04093 -1.71409e+01
 55  0.07833  1.19995e+01 | 56  0.10461  2.60864e+00 | 57  0.07912 -2.24860e+01
 58  0.10614 -3.06685e+01 | 59  0.04819 -2.85981e+01 | 60  0.09876  2.07460e+01
 61  0.07084  4.77714e+01 | 62  0.03761  2.33923e+01 | 63  0.04528  4.59120e+01
 64 -0.02998 -1.00568e+01 | 65 -0.00645  1.35030e+01 | 66 -0.04677 -5.30430e+00
 67 -0.08521  8.00607e-01 | 68 -0.07495  7.81723e+00 | 69 -0.06732 -3.64448e+01
 70 -0.07372  2.25281e+00 | 71  0.41102 -1.77763e+02 | 72  0.40730 -1.38383e+02
 73 -0.15859 -6.49193e+00 | 74 -0.68409 -3.89943e+01 | 75 -0.32584  6.79429e+01
 76  0.24140 -2.19492e+01 | 77  0.45960  1.40096e+01 | 78 -0.15800 -7.33932e-01
 79 -0.28764 -4.68916e+00 | 80  0.10775  3.51809e+00 |

Intermediate statistics: 80 variables; iteration 20; function evaluation 26; phase 3
Function value 1.2130074e+03; maximum gradient component mag 2.1301e+03
Var    Value     Gradient |Var    Value     Gradient |Var    Value     Gradient
  1  0.02544  2.13006e+03 |  2  0.00180 -1.23764e+01 |  3 -0.01847 -2.03865e+01
  4 -0.01563 -1.82258e+01 |  5 -0.00584 -1.27186e+01 |  6 -0.00407 -1.06150e+01
  7 -0.00973 -1.18897e+01 |  8 -0.02635 -1.83611e+01 |  9 -0.06251 -3.38656e+01
 10 -0.05741 -3.02631e+01 | 11 -0.06185 -3.09916e+01 | 12 -0.09360 -4.44262e+01
 13 -0.09964 -4.59956e+01 | 14 -0.08906 -3.98321e+01 | 15 -0.04365 -1.49370e+01
 16 -0.00651  9.30023e+00 | 17 -0.02055  2.86676e+00 | 18 -0.06232 -2.01035e+01
 19 -0.05705 -1.55414e+01 | 20 -0.06477 -1.83915e+01 | 21 -0.06303 -1.59582e+01
 22 -0.05719 -1.11238e+01 | 23 -0.04348 -1.42983e+00 | 24 -0.02848  9.08152e+00
 25 -0.02650  1.06289e+01 | 26 -0.03203  5.85310e+00 | 27 -0.05442 -1.08043e+01
 28 -0.01788  8.54692e+00 | 29 -0.03408 -6.55930e+00 | 30  0.02735  2.62731e+01
 31  0.03860  2.67251e+01 | 32  0.17228  1.17321e+02 | 33  0.06116  3.38747e+01
 34  0.07162  3.91751e+01 | 35  0.01275  8.09986e+00 | 36 -0.01444 -6.32741e+00
 37 -0.01728 -6.95480e+00 | 38 -0.01875 -7.40182e+00 | 39 -0.02773 -1.39608e+01
 40  0.00068 -5.69139e+00 | 41  0.00537 -1.37591e+01 | 42  0.04795 -1.47082e+01
 43  0.01869 -3.75601e+01 | 44  0.03878 -4.13003e+01 | 45  0.00123 -5.22142e+01
 46  0.03079 -5.98365e+01 | 47  0.13061 -9.09321e+01 | 48 -0.00695 -6.14787e+01
 49  0.08018 -6.99426e+01 | 50  0.03350 -6.28186e+01 | 51  0.00731 -1.10906e+02
 52  0.06299 -8.92846e+01 | 53  0.04334 -2.88806e+01 | 54  0.05969  4.22647e+01
 55  0.08335  1.10801e+02 | 56  0.10993  1.66510e+02 | 57  0.10429  1.74910e+02
 58  0.11073  1.81562e+02 | 59  0.07624  1.11673e+02 | 60  0.08173  9.89840e+01
 61  0.05518  6.76063e+01 | 62  0.04676  5.41554e+01 | 63  0.01450  4.13502e+01
 64  0.00799  3.25122e+01 | 65 -0.03905 -7.75533e+00 | 66 -0.03725 -1.39263e+00
 67 -0.08030 -6.61289e+00 | 68 -0.09852 -2.08924e+01 | 69 -0.04318 -4.75974e+00
 70 -0.08844 -1.88484e+01 | 71  0.41115 -3.20056e+02 | 72  0.38708  1.57509e+02
 73 -0.13816 -1.37109e+01 | 74 -0.41686  3.19336e+02 | 75 -0.36173 -1.17022e+01
 76  0.37941 -1.30183e+02 | 77  0.46659  6.28734e+00 | 78 -0.13286 -8.45906e+00
 79 -0.26625  2.80767e+01 | 80 -0.18615  1.92499e+02 |
80 variables; iteration 40; function evaluation 51; phase 3
Function value 1.1989581e+03; maximum gradient component mag 2.3695e+03
Var    Value     Gradient |Var    Value     Gradient |Var    Value     Gradient
  1  0.02623  2.36955e+03 |  2 -0.00950 -1.75084e+01 |  3 -0.02234 -2.22502e+01
  4 -0.01954 -2.00240e+01 |  5 -0.00839 -1.37608e+01 |  6 -0.00402 -1.02856e+01
  7 -0.00856 -1.09000e+01 |  8 -0.02516 -1.73576e+01 |  9 -0.05476 -3.00012e+01
 10 -0.05409 -2.82057e+01 | 11 -0.05878 -2.88942e+01 | 12 -0.08113 -3.81500e+01
 13 -0.08912 -4.05045e+01 | 14 -0.08343 -3.62003e+01 | 15 -0.03904 -1.03821e+01
 16 -0.03849 -7.70677e+00 | 17 -0.04125 -7.12919e+00 | 18 -0.04286 -6.05703e+00
 19 -0.04277 -4.01836e+00 | 20 -0.04303 -2.02492e+00 | 21 -0.04454 -1.13768e+00
 22 -0.04675 -9.47885e-01 | 23 -0.04482  1.55723e+00 | 24 -0.03110  1.18911e+01
 25 -0.02618  1.60372e+01 | 26 -0.03270  1.06239e+01 | 27 -0.04648 -9.27633e-01
 28 -0.01903  1.44881e+01 | 29 -0.03709 -2.19722e+00 | 30  0.03388  4.31196e+01
 31  0.03964  4.18306e+01 | 32  0.15852  1.46267e+02 | 33  0.06323  5.70864e+01
 34  0.08762  7.88566e+01 | 35  0.00274  1.92776e+01 | 36 -0.02250  4.48185e+00
 37 -0.01390  1.28340e+01 | 38 -0.01316  1.54924e+01 | 39 -0.02594  6.41557e+00
 40 -0.00514  1.63319e+01 | 41 -0.00546  8.22488e+00 | 42  0.06115  3.64352e+01
 43  0.01949 -1.62647e+00 | 44  0.05415  8.17062e+00 | 45 -0.02014 -2.89887e+01
 46  0.02242 -2.21750e+01 | 47  0.14764 -3.53472e+00 | 48 -0.03367 -4.70778e+01
 49  0.07210 -3.43268e+01 | 50  0.04126 -1.63928e+01 | 51  0.02918 -5.31053e+01
 52  0.05697 -5.90704e+01 | 53  0.04517 -2.53909e+01 | 54  0.05124  2.44487e+01
 55  0.08727  1.01998e+02 | 56  0.10586  1.31208e+02 | 57  0.09864  1.30767e+02
 58  0.12268  1.43676e+02 | 59  0.05354  5.80931e+00 | 60  0.07484 -3.57717e+01
 61  0.03901 -5.51209e+01 | 62  0.04142 -6.07495e+01 | 63 -0.01018 -4.96764e+01
 64  0.00605 -1.90220e+01 | 65 -0.03655 -1.79090e+01 | 66 -0.03933  2.43491e+00
 67 -0.06925  1.88801e+01 | 68 -0.09398 -3.19567e+00 | 69 -0.04749  1.06915e+01
 70 -0.06507  2.79239e+01 | 71  0.41659 -1.82324e+01 | 72  0.38999  7.48319e+01
 73  0.00251 -2.35924e+01 | 74 -0.41434  2.82762e+02 | 75 -0.35291  5.92432e+01
 76  0.38450 -1.23168e+02 | 77  0.47167  9.64279e+00 | 78 -0.21637 -3.07906e+00
 79 -0.28506  2.50511e+00 | 80 -0.25253  1.02502e+02 |
80 variables; iteration 60; function evaluation 85; phase 3
Function value 1.1781935e+03; maximum gradient component mag 6.3725e+02
Var    Value     Gradient |Var    Value     Gradient |Var    Value     Gradient
  1  0.02501  6.37246e+02 |  2 -0.01356  3.00219e+00 |  3 -0.02027  7.42342e-01
  4 -0.01832  2.17172e+00 |  5 -0.00994  6.48915e+00 |  6 -0.01115  6.79613e+00
  7 -0.01777  4.78201e+00 |  8 -0.02521  2.43257e+00 |  9 -0.04468 -5.27735e+00
 10 -0.03852 -1.49333e+00 | 11 -0.03665  5.09413e-01 | 12 -0.05685 -7.69421e+00
 13 -0.05292 -4.71364e+00 | 14 -0.03675  4.45185e+00 | 15 -0.04610  1.22556e+00
 16 -0.01006  2.18088e+01 | 17 -0.02961  1.27542e+01 | 18 -0.07120 -7.67456e+00
 19 -0.05376  2.37677e+00 | 20 -0.05097  5.09548e+00 | 21 -0.04700  8.33713e+00
 22 -0.04767  8.82718e+00 | 23 -0.05640  4.36587e+00 | 24 -0.05532  4.80328e+00
 25 -0.05293  5.55016e+00 | 26 -0.04494  8.37209e+00 | 27 -0.03059  1.31864e+01
 28 -0.02564  1.09484e+01 | 29 -0.01962  8.15738e+00 | 30  0.02132  2.02566e+01
 31  0.04223  2.16911e+01 | 32  0.15962  5.43617e+01 | 33  0.07457  2.65989e+01
 34  0.05115  1.94288e+01 | 35  0.01264  1.05152e+01 | 36 -0.00164  7.64833e+00
 37 -0.01362  5.84946e+00 | 38 -0.02657  2.95002e+00 | 39 -0.03209  1.50336e+00
 40 -0.01966  4.73854e+00 | 41 -0.00421  6.31492e+00 | 42  0.06203  2.06087e+01
 43  0.00869 -4.75421e+00 | 44  0.03576  4.68930e+00 | 45 -0.00281 -3.17192e+00
 46  0.06724  1.97027e+01 | 47  0.13450  3.49260e+01 | 48  0.00573 -9.81481e-01
 49  0.07028  1.11723e+01 | 50  0.04574  2.58374e+01 | 51  0.03105 -9.69642e+00
 52  0.06433 -5.25818e+00 | 53  0.05440  9.15020e+00 | 54  0.04030  3.45383e+00
 55  0.08089  3.72387e+01 | 56  0.09374  3.36048e+01 | 57  0.09420  4.31685e+01
 58  0.11323  3.94452e+01 | 59  0.04076 -2.17861e+01 | 60  0.10377 -4.11927e+01
 61 -0.01372 -7.03702e+01 | 62  0.07027 -4.82007e+01 | 63 -0.02318 -3.95434e+01
 64  0.00783 -2.80223e+01 | 65 -0.05567 -3.18086e+01 | 66 -0.03175  1.19933e+01
 67 -0.07898  1.99691e+01 | 68 -0.08988  1.10943e+01 | 69 -0.05146 -2.38937e+00
 70 -0.09535 -1.25311e+01 | 71  0.43068  7.43827e+01 | 72  0.40365 -2.19701e+00
 73 -0.02977 -1.82337e+01 | 74 -0.47846  8.09487e+01 | 75 -0.36879  6.05820e+01
 76  0.38896 -2.63286e+01 | 77  0.49916  2.30626e+01 | 78 -0.30121 -8.18987e-03
 79 -0.31087 -3.97139e+00 | 80 -0.28123  2.58014e+01 |
80 variables; iteration 80; function evaluation 122; phase 3
Function value 1.1668315e+03; maximum gradient component mag 5.0469e+02
Var    Value     Gradient |Var    Value     Gradient |Var    Value     Gradient
  1  0.02524  5.04687e+02 |  2 -0.02137 -5.63889e+00 |  3 -0.02442 -6.53448e+00
  4 -0.02733 -7.34600e+00 |  5 -0.02604 -6.39133e+00 |  6 -0.02311 -4.68829e+00
  7 -0.02881 -6.52903e+00 |  8 -0.03280 -7.62339e+00 |  9 -0.03915 -9.67978e+00
 10 -0.03804 -8.53011e+00 | 11 -0.04012 -8.69349e+00 | 12 -0.04214 -8.79845e+00
 13 -0.04541 -9.41965e+00 | 14 -0.04722 -9.37223e+00 | 15 -0.04795 -8.81531e+00
 16 -0.05942 -1.31923e+01 | 17 -0.05713 -1.13564e+01 | 18 -0.04125 -3.07953e+00
 19 -0.04386 -3.58397e+00 | 20 -0.05004 -5.83316e+00 | 21 -0.05108 -5.76569e+00
 22 -0.04598 -2.86151e+00 | 23 -0.05295 -6.30080e+00 | 24 -0.05850 -9.51282e+00
 25 -0.05309 -7.91083e+00 | 26 -0.05015 -8.49635e+00 | 27 -0.03673 -5.66314e+00
 28 -0.02333 -4.76731e+00 | 29  0.00503 -1.46713e-02 | 30  0.01173 -4.99995e+00
 31  0.05346 -7.26605e-01 | 32  0.09905  1.52640e+00 | 33  0.11134  2.86729e+00
 34  0.06701  8.26761e-01 | 35  0.01548 -4.39514e+00 | 36  0.00599 -2.62225e+00
 37 -0.01106 -4.03691e+00 | 38 -0.02409 -5.06625e+00 | 39 -0.02839 -4.50615e+00
 40 -0.02789 -5.49885e+00 | 41 -0.01962 -5.33543e+00 | 42  0.01278  2.49886e-01
 43  0.06908  1.09258e+01 | 44  0.04183  7.01519e+00 | 45  0.01268  3.41441e-02
 46  0.03268  5.02410e+00 | 47  0.13855  3.71250e+01 | 48  0.00956  1.20277e+00
 49  0.07123  1.33051e+01 | 50  0.03490  2.24545e+01 | 51  0.03691  6.52119e+00
 52  0.06757  1.34007e+01 | 53  0.04419  4.32838e+00 | 54  0.04933  8.03221e+00
 55  0.06653  1.02161e+01 | 56  0.09664  5.73504e+00 | 57  0.08141  6.05545e-01
 58  0.10499  1.75417e+01 | 59  0.06133 -1.82276e+00 | 60  0.08427  9.42763e+00
 61  0.05373  1.66935e+01 | 62  0.04869  1.19678e+01 | 63  0.00654  3.02503e+00
 64  0.00034  2.51386e+00 | 65 -0.02709 -1.36813e+00 | 66 -0.04158 -5.31009e+00
 67 -0.08443 -3.83506e+00 | 68 -0.08971 -3.47909e+00 | 69 -0.04576 -4.34555e+00
 70 -0.08812 -1.15792e+01 | 71  0.43504  6.20649e+01 | 72  0.41720 -3.64506e+01
 73 -0.01991 -1.38133e+01 | 74 -0.56432 -1.06853e+01 | 75 -0.41682  3.16362e+01
 76  0.40527 -2.16722e+01 | 77  0.44952 -2.30462e+00 | 78 -0.46110 -4.03633e-01
 79 -0.29692 -9.10429e+00 | 80 -0.30041 -5.81210e+00 |
80 variables; iteration 100; function evaluation 170; phase 3
Function value 1.1518447e+03; maximum gradient component mag 4.6015e+02
Var    Value     Gradient |Var    Value     Gradient |Var    Value     Gradient
  1  0.02591  4.60150e+02 |  2 -0.02372 -5.05258e+00 |  3 -0.03014 -7.32160e+00
  4 -0.02776 -5.99002e+00 |  5 -0.02586 -4.79236e+00 |  6 -0.02336 -3.27094e+00
  7 -0.03278 -6.66642e+00 |  8 -0.03025 -5.01729e+00 |  9 -0.03991 -8.47328e+00
 10 -0.03006 -3.54943e+00 | 11 -0.03996 -7.08414e+00 | 12 -0.04652 -9.16385e+00
 13 -0.04462 -7.50144e+00 | 14 -0.04116 -5.04298e+00 | 15 -0.04056 -3.80825e+00
 16 -0.04737 -6.03497e+00 | 17 -0.04761 -5.27994e+00 | 18 -0.04594 -3.69208e+00
 19 -0.05031 -5.05755e+00 | 20 -0.05045 -4.38721e+00 | 21 -0.05283 -4.99488e+00
 22 -0.05340 -4.92535e+00 | 23 -0.05528 -5.87199e+00 | 24 -0.05465 -6.11533e+00
 25 -0.05077 -5.30999e+00 | 26 -0.04127 -2.91391e+00 | 27 -0.03243 -2.39614e+00
 28 -0.02051 -2.36926e+00 | 29 -0.00886 -4.04569e+00 | 30  0.02110 -1.21054e+00
 31  0.04807 -1.14381e+00 | 32  0.10692  2.70261e+00 | 33  0.07936  5.18200e-01
 34  0.08455  5.23372e+00 | 35  0.02315 -2.96850e-01 | 36  0.00244 -1.85481e+00
 37 -0.01476 -3.32084e+00 | 38 -0.01577  7.06007e-01 | 39 -0.02681 -1.51810e+00
 40 -0.02543 -2.20401e+00 | 41 -0.01027  5.46796e-01 | 42  0.02634  6.74007e+00
 43  0.03929  3.91498e+00 | 44  0.05117  1.08414e+01 | 45  0.01306  1.77775e+00
 46  0.03625  8.16019e+00 | 47  0.13787  3.89217e+01 | 48  0.00446  1.70646e+00
 49  0.07766  1.89148e+01 | 50  0.02868  1.95989e+01 | 51  0.03768  3.86694e+00
 52  0.06573  9.81468e+00 | 53  0.04568  6.83480e+00 | 54  0.04816  9.72703e+00
 55  0.06703  1.54028e+01 | 56  0.09553  1.58584e+01 | 57  0.08643  1.51698e+01
 58  0.10075  2.31209e+01 | 59  0.06496  5.07851e+00 | 60  0.08550  4.57949e+00
 61  0.04301 -4.85947e+00 | 62  0.05177 -2.83847e+00 | 63 -0.00156 -1.22197e+01
 64  0.00093 -7.03804e+00 | 65 -0.03124 -9.58977e+00 | 66 -0.04233 -8.81566e+00
 67 -0.08606 -5.71930e+00 | 68 -0.09195 -5.63907e+00 | 69 -0.04809 -6.57863e+00
 70 -0.08849 -9.44407e+00 | 71  0.42896  6.67468e+01 | 72  0.42044 -7.51960e+00
 73  0.01629 -6.90373e+00 | 74 -0.58610 -1.48470e+01 | 75 -0.44620  1.52380e+01
 76  0.41731 -7.58990e+00 | 77  0.45945 -4.06940e+00 | 78 -0.51064  7.60579e-02
 79 -0.29912 -1.18566e+01 | 80 -0.38777  9.94707e+00 |
80 variables; iteration 120; function evaluation 191; phase 3
Function value 1.1479638e+03; maximum gradient component mag 4.7774e+01
Var    Value     Gradient |Var    Value     Gradient |Var    Value     Gradient
  1  0.02566  4.77741e+01 |  2 -0.02797 -8.85050e-01 |  3 -0.02868 -8.79052e-01
  4 -0.02895 -6.56471e-01 |  5 -0.02954 -5.21680e-01 |  6 -0.03006 -3.11649e-01
  7 -0.03223 -7.35363e-01 |  8 -0.03324 -6.28873e-01 |  9 -0.03459 -6.12365e-01
 10 -0.03549 -3.57937e-01 | 11 -0.03770 -6.14462e-01 | 12 -0.03907 -4.73862e-01
 13 -0.04064 -3.78766e-01 | 14 -0.04226 -2.72054e-01 | 15 -0.04407 -2.32234e-01
 16 -0.04696 -7.09378e-01 | 17 -0.04830 -5.51355e-01 | 18 -0.04931 -3.18353e-01
 19 -0.05099 -4.70445e-01 | 20 -0.05231 -4.52940e-01 | 21 -0.05360 -5.99287e-01
 22 -0.05395 -4.97305e-01 | 23 -0.05395 -5.86524e-01 | 24 -0.05285 -6.62537e-01
 25 -0.04995 -4.19299e-01 | 26 -0.04477 -1.51802e-01 | 27 -0.03711 -2.06379e-01
 28 -0.02519 -1.75044e-01 | 29 -0.00854 -7.62790e-02 | 30  0.01464  1.38624e-01
 31  0.04170 -1.30032e-01 | 32  0.13552  1.48297e+00 | 33  0.07569  2.75623e-01
 34  0.06207  1.59211e+00 | 35  0.02109  3.86927e-01 | 36  0.00477  3.62075e-01
 37 -0.00917  2.30225e-01 | 38 -0.01879  6.32552e-01 | 39 -0.02451  4.36814e-01
 40 -0.02088  6.44923e-02 | 41 -0.00795  6.52539e-01 | 42  0.01698  5.80741e-01
 43  0.04941  4.87546e-01 | 44  0.04118  1.58160e+00 | 45  0.02755  9.64806e-01
 46  0.04861  8.08709e-01 | 47  0.12072  2.59601e+00 | 48  0.02439 -4.84235e-02
 49  0.08226  1.54570e+00 | 50  0.01189  9.34182e-01 | 51  0.04594  1.12606e+00
 52  0.06431  1.35414e+00 | 53  0.04706  7.95824e-01 | 54  0.04788  7.40129e-02
 55  0.06478  9.15442e-01 | 56  0.09657  8.75633e-01 | 57  0.08820  3.49736e-01
 58  0.09559  8.78680e-01 | 59  0.06972 -7.09723e-01 | 60  0.08285  6.19000e-01
 61  0.04807  1.73451e-01 | 62  0.04743 -4.26733e-03 | 63  0.00659 -8.21887e-02
 64 -0.00239 -8.37953e-01 | 65 -0.02931 -1.10140e+00 | 66 -0.04120 -5.05074e-01
 67 -0.08677 -3.99031e-01 | 68 -0.09233 -6.48446e-01 | 69 -0.04837 -8.83730e-01
 70 -0.08695 -9.47226e-01 | 71  0.38672 -3.62997e+00 | 72  0.38723 -2.22121e+00
 73  0.14953 -1.25406e-01 | 74 -0.53266 -1.21082e+00 | 75 -0.53231  9.57364e-01
 76  0.43646  3.39312e-01 | 77  0.46574 -1.05131e+00 | 78 -0.52523  1.22491e-01
 79 -0.30044 -1.50452e+00 | 80 -0.39760  1.42365e+00 |
80 variables; iteration 140; function evaluation 211; phase 3
Function value 1.1479324e+03; maximum gradient component mag 1.6753e+00
Var    Value     Gradient |Var    Value     Gradient |Var    Value     Gradient
  1  0.02595  1.67528e+00 |  2 -0.02732 -5.54851e-03 |  3 -0.02808 -2.17578e-02
  4 -0.02886 -1.11400e-02 |  5 -0.02978 -1.42741e-02 |  6 -0.03081 -2.04572e-02
  7 -0.03191 -9.72956e-03 |  8 -0.03316 -9.41821e-03 |  9 -0.03451 -5.19536e-03
 10 -0.03601 -1.19765e-02 | 11 -0.03758 -5.59532e-03 | 12 -0.03925 -7.58886e-03
 13 -0.04099 -8.07547e-04 | 14 -0.04285 -1.39473e-02 | 15 -0.04469 -4.96443e-03
 16 -0.04645  1.61244e-02 | 17 -0.04810  2.48401e-02 | 18 -0.04964 -5.83899e-03
 19 -0.05095  5.25187e-03 | 20 -0.05226  9.23488e-03 | 21 -0.05317  2.46485e-02
 22 -0.05372  1.25355e-02 | 23 -0.05348  1.53470e-02 | 24 -0.05213  1.97710e-02
 25 -0.04962  1.83552e-02 | 26 -0.04477  3.97888e-02 | 27 -0.03673  3.40295e-02
 28 -0.02444  4.45234e-02 | 29 -0.00737  4.18789e-02 | 30  0.01661  8.49971e-02
 31  0.04847  1.23308e-01 | 32  0.10752  1.41790e-01 | 33  0.10225  1.16057e-01
 34  0.05983  1.48383e-01 | 35  0.02220  1.19297e-01 | 36  0.00489  7.90032e-02
 37 -0.00920  6.44227e-02 | 38 -0.02020  4.27746e-02 | 39 -0.02554  3.36505e-02
 40 -0.02086  4.18029e-02 | 41 -0.00935  3.37272e-02 | 42  0.01644  4.50324e-02
 43  0.05168  2.15532e-02 | 44  0.03773 -1.21932e-02 | 45  0.02687  5.25842e-03
 46  0.05103  1.46564e-02 | 47  0.11807 -1.89673e-01 | 48  0.02725 -2.60766e-02
 49  0.08133 -1.12281e-01 | 50  0.01131 -1.52346e-01 | 51  0.04569 -8.10803e-02
 52  0.06387 -8.84086e-02 | 53  0.04660 -4.30018e-02 | 54  0.04803 -5.14510e-02
 55  0.06412 -7.10622e-02 | 56  0.09627 -1.48218e-02 | 57  0.08829 -9.17010e-02
 58  0.09451 -4.23244e-02 | 59  0.07057 -3.25891e-02 | 60  0.08195 -3.26217e-02
 61  0.04789 -3.97589e-02 | 62  0.04725 -1.70875e-03 | 63  0.00596 -2.89437e-02
 64 -0.00243 -1.07306e-02 | 65 -0.02926 -3.38039e-02 | 66 -0.04159  4.20970e-03
 67 -0.08713  4.20156e-03 | 68 -0.09254 -2.39068e-02 | 69 -0.04855 -1.99525e-02
 70 -0.08709 -2.95149e-02 | 71  0.38727  1.45999e-01 | 72  0.38747 -2.01028e-02
 73  0.14943  4.52922e-02 | 74 -0.53207  4.33715e-02 | 75 -0.53915  3.68614e-02
 76  0.43880  3.65674e-01 | 77  0.46722 -1.46770e-02 | 78 -0.72455  1.77517e-03
 79 -0.30097 -4.12472e-02 | 80 -0.39912  7.24157e-03 |
80 variables; iteration 160; function evaluation 231; phase 3
Function value 1.1479323e+03; maximum gradient component mag -1.6004e-01
Var    Value     Gradient |Var    Value     Gradient |Var    Value     Gradient
  1  0.02594 -1.60043e-01 |  2 -0.02735  2.36374e-03 |  3 -0.02806  1.95922e-03
  4 -0.02887  2.08658e-03 |  5 -0.02977  1.79377e-03 |  6 -0.03078  1.60456e-03
  7 -0.03191  2.11193e-03 |  8 -0.03315  2.17538e-03 |  9 -0.03451  2.09820e-03
 10 -0.03599  1.73876e-03 | 11 -0.03757  1.95379e-03 | 12 -0.03923  1.63844e-03
 13 -0.04098  1.62398e-03 | 14 -0.04281  1.92858e-03 | 15 -0.04467  1.31363e-03
 16 -0.04647  1.74982e-03 | 17 -0.04812  2.28902e-03 | 18 -0.04960  1.20272e-03
 19 -0.05092  1.09681e-03 | 20 -0.05224  1.23029e-03 | 21 -0.05318  1.43464e-03
 22 -0.05370  9.54178e-04 | 23 -0.05345  1.08997e-03 | 24 -0.05211  1.03036e-03
 25 -0.04959  5.51233e-04 | 26 -0.04478  4.90734e-04 | 27 -0.03671  5.69357e-04
 28 -0.02443 -4.96908e-04 | 29 -0.00733 -1.11373e-03 | 30  0.01656 -9.09059e-04
 31  0.04827 -4.94330e-03 | 32  0.10622 -5.34605e-03 | 33  0.10432 -4.59618e-03
 34  0.05936 -1.66170e-03 | 35  0.02193 -2.56973e-03 | 36  0.00476 -1.22394e-03
 37 -0.00929 -1.69057e-04 | 38 -0.02024 -6.42813e-05 | 39 -0.02557 -3.20129e-04
 40 -0.02091 -8.37742e-04 | 41 -0.00938 -6.52377e-04 | 42  0.01637 -1.08842e-03
 43  0.05174 -2.62342e-03 | 44  0.03786 -4.52951e-03 | 45  0.02687 -4.36245e-04
 46  0.05069 -1.86860e-03 | 47  0.11842 -3.60049e-03 | 48  0.02699 -1.37179e-03
 49  0.08134 -3.60749e-03 | 50  0.01144 -7.18397e-03 | 51  0.04566 -3.30637e-03
 52  0.06390 -3.72656e-03 | 53  0.04661 -1.01805e-03 | 54  0.04803 -1.55030e-03
 55  0.06417  3.06753e-04 | 56  0.09623 -3.61643e-03 | 57  0.08836  1.02330e-03
 58  0.09450 -4.86491e-03 | 59  0.07059  1.49242e-03 | 60  0.08195  6.49759e-04
 61  0.04793 -1.15628e-04 | 62  0.04724  1.05366e-03 | 63  0.00599  3.09665e-03
 64 -0.00244  2.96490e-03 | 65 -0.02923  3.52395e-03 | 66 -0.04159  3.52430e-03
 67 -0.08714  2.81849e-03 | 68 -0.09252  2.77445e-03 | 69 -0.04854  2.13475e-03
 70 -0.08707  2.15504e-03 | 71  0.38726  9.32813e-03 | 72  0.38748  3.83723e-03
 73  0.14948  2.01059e-03 | 74 -0.53211  3.92308e-03 | 75 -0.53944  1.28445e-03
 76  0.43876  1.27120e-02 | 77  0.46719  2.78428e-03 | 78 -0.72734  1.07945e-05
 79 -0.30095  4.89683e-03 | 80 -0.39911 -9.77666e-04 |

 - final statistics:
80 variables; iteration 169; function evaluation 240
Function value 1.1479e+03; maximum gradient component mag -4.7309e-05
Exit code = 1;  converg criter 1.0000e-04
Var    Value     Gradient |Var    Value     Gradient |Var    Value     Gradient
  1  0.02594 -4.73089e-05 |  2 -0.02735  1.30404e-06 |  3 -0.02806  8.90081e-07
  4 -0.02887  1.01147e-06 |  5 -0.02977  9.85179e-07 |  6 -0.03078  7.46112e-07
  7 -0.03191  8.19157e-07 |  8 -0.03315  9.23830e-07 |  9 -0.03451  7.84511e-07
 10 -0.03599  6.93048e-07 | 11 -0.03757  8.77084e-07 | 12 -0.03923  4.52937e-07
 13 -0.04098  6.38965e-07 | 14 -0.04281  1.00263e-06 | 15 -0.04467  5.03267e-07
 16 -0.04647  1.16692e-06 | 17 -0.04813  1.15028e-06 | 18 -0.04960  8.14560e-08
 19 -0.05093  2.02100e-07 | 20 -0.05224  3.15787e-07 | 21 -0.05318  4.43704e-07
 22 -0.05370  1.80952e-07 | 23 -0.05345  4.82942e-07 | 24 -0.05211  5.17108e-07
 25 -0.04959  2.95503e-07 | 26 -0.04478  2.45078e-07 | 27 -0.03671 -9.13409e-08
 28 -0.02443 -7.11711e-07 | 29 -0.00733 -1.40590e-06 | 30  0.01656 -2.79182e-07
 31  0.04828 -2.22244e-06 | 32  0.10627 -2.84156e-06 | 33  0.10426 -2.95329e-06
 34  0.05935 -1.45549e-06 | 35  0.02194 -2.57630e-06 | 36  0.00476 -1.81235e-06
 37 -0.00929 -5.35112e-07 | 38 -0.02024  1.02528e-07 | 39 -0.02557 -6.51779e-07
 40 -0.02091 -4.38550e-07 | 41 -0.00938 -1.99078e-07 | 42  0.01637  1.38577e-06
 43  0.05174  6.25694e-07 | 44  0.03787 -8.39090e-07 | 45  0.02686 -3.25023e-07
 46  0.05069  1.92825e-06 | 47  0.11842  3.49034e-06 | 48  0.02700  8.62974e-07
 49  0.08134  2.59276e-06 | 50  0.01145  3.31128e-07 | 51  0.04566  3.16080e-07
 52  0.06390 -1.01895e-07 | 53  0.04661  1.18167e-06 | 54  0.04804  1.75521e-06
 55  0.06417  2.35200e-07 | 56  0.09623  3.60628e-06 | 57  0.08835 -1.31630e-06
 58  0.09450  3.74346e-06 | 59  0.07059  1.21851e-06 | 60  0.08195 -2.34886e-06
 61  0.04793 -1.78106e-06 | 62  0.04724 -1.56647e-06 | 63  0.00599 -1.16887e-06
 64 -0.00244 -5.24455e-07 | 65 -0.02923 -2.17129e-07 | 66 -0.04159  6.49811e-07
 67 -0.08714  1.57958e-06 | 68 -0.09252  1.36464e-06 | 69 -0.04854  1.29614e-06
 70 -0.08707 -8.32537e-08 | 71  0.38725 -5.52194e-06 | 72  0.38748 -3.51704e-07
 73  0.14948 -1.63089e-06 | 74 -0.53211 -1.21696e-06 | 75 -0.53945 -8.19574e-07
 76  0.43876 -3.18271e-06 | 77  0.46718  6.69153e-07 | 78 -0.72719  1.26873e-08
 79 -0.30095  6.73116e-07 | 80 -0.39911 -4.57874e-07 |
Estimating row 1 out of 80 for hessian
Estimating row 2 out of 80 for hessian
Estimating row 3 out of 80 for hessian
Estimating row 4 out of 80 for hessian
Estimating row 5 out of 80 for hessian
Estimating row 6 out of 80 for hessian
Estimating row 7 out of 80 for hessian
Estimating row 8 out of 80 for hessian
Estimating row 9 out of 80 for hessian
Estimating row 10 out of 80 for hessian
Estimating row 11 out of 80 for hessian
Estimating row 12 out of 80 for hessian
Estimating row 13 out of 80 for hessian
Estimating row 14 out of 80 for hessian
Estimating row 15 out of 80 for hessian
Estimating row 16 out of 80 for hessian
Estimating row 17 out of 80 for hessian
Estimating row 18 out of 80 for hessian
Estimating row 19 out of 80 for hessian
Estimating row 20 out of 80 for hessian
Estimating row 21 out of 80 for hessian
Estimating row 22 out of 80 for hessian
Estimating row 23 out of 80 for hessian
Estimating row 24 out of 80 for hessian
Estimating row 25 out of 80 for hessian
Estimating row 26 out of 80 for hessian
Estimating row 27 out of 80 for hessian
Estimating row 28 out of 80 for hessian
Estimating row 29 out of 80 for hessian
Estimating row 30 out of 80 for hessian
Estimating row 31 out of 80 for hessian
Estimating row 32 out of 80 for hessian
Estimating row 33 out of 80 for hessian
Estimating row 34 out of 80 for hessian
Estimating row 35 out of 80 for hessian
Estimating row 36 out of 80 for hessian
Estimating row 37 out of 80 for hessian
Estimating row 38 out of 80 for hessian
Estimating row 39 out of 80 for hessian
Estimating row 40 out of 80 for hessian
Estimating row 41 out of 80 for hessian
Estimating row 42 out of 80 for hessian
Estimating row 43 out of 80 for hessian
Estimating row 44 out of 80 for hessian
Estimating row 45 out of 80 for hessian
Estimating row 46 out of 80 for hessian
Estimating row 47 out of 80 for hessian
Estimating row 48 out of 80 for hessian
Estimating row 49 out of 80 for hessian
Estimating row 50 out of 80 for hessian
Estimating row 51 out of 80 for hessian
Estimating row 52 out of 80 for hessian
Estimating row 53 out of 80 for hessian
Estimating row 54 out of 80 for hessian
Estimating row 55 out of 80 for hessian
Estimating row 56 out of 80 for hessian
Estimating row 57 out of 80 for hessian
Estimating row 58 out of 80 for hessian
Estimating row 59 out of 80 for hessian
Estimating row 60 out of 80 for hessian
Estimating row 61 out of 80 for hessian
Estimating row 62 out of 80 for hessian
Estimating row 63 out of 80 for hessian
Estimating row 64 out of 80 for hessian
Estimating row 65 out of 80 for hessian
Estimating row 66 out of 80 for hessian
Estimating row 67 out of 80 for hessian
Estimating row 68 out of 80 for hessian
Estimating row 69 out of 80 for hessian
Estimating row 70 out of 80 for hessian
Estimating row 71 out of 80 for hessian
Estimating row 72 out of 80 for hessian
Estimating row 73 out of 80 for hessian
Estimating row 74 out of 80 for hessian
Estimating row 75 out of 80 for hessian
Estimating row 76 out of 80 for hessian
Estimating row 77 out of 80 for hessian
Estimating row 78 out of 80 for hessian
Estimating row 79 out of 80 for hessian
Estimating row 80 out of 80 for hessian
size of file gradfil1.tmp = 0
size of file gradfil2.tmp = 0
size of file varssave.tmp = 0
size of file cmpdiff.tmp = 0
