
Initial statistics: 73 variables; iteration 0; function evaluation 0; phase 1
Function value 9.6741501e+03; maximum gradient component mag -3.8459e+05
Var    Value     Gradient |Var    Value     Gradient |Var    Value     Gradient
  1  0.10083 -6.15990e+04 |  2 -0.18234 -8.41237e+04 |  3 -1.00000 -1.44389e-07
  4 -0.01492 -3.84586e+05 |  5 -0.01032  5.32627e+03 |  6  0.05437  5.12926e+03
  7 -0.03809  5.29857e+03 |  8  0.01606  5.15251e+03 |  9  0.03134  5.04009e+03
 10  0.01393  5.04626e+03 | 11 -0.00669  5.06119e+03 | 12  0.00875  4.93429e+03
 13 -0.01740  4.97946e+03 | 14  0.05109  4.47556e+03 | 15 -0.00328  4.77271e+03
 16  0.00773  4.62105e+03 | 17 -0.03160  4.78760e+03 | 18 -0.03624  4.75010e+03
 19  0.04604  3.94883e+03 | 20  0.03515  3.98052e+03 | 21  0.01428  4.13739e+03
 22  0.04310  3.68361e+03 | 23  0.03480  3.70752e+03 | 24  0.00008  4.07957e+03
 25 -0.01032  4.12482e+03 | 26  0.02738  3.54307e+03 | 27  0.00179  3.80695e+03
 28 -0.02391  3.98996e+03 | 29 -0.00922  3.63235e+03 | 30  0.04508  2.29581e+03
 31  0.02207  2.52504e+03 | 32  0.05042  1.27225e+03 | 33  0.01852  1.69609e+03
 34 -0.00419  1.86636e+03 | 35  0.05408 -1.01345e+03 | 36 -0.04790  2.20106e+03
 37  0.02765 -1.10088e+03 | 38 -0.04497  1.39804e+03 | 39  0.04122 -3.27473e+03
 40  0.03471 -3.54650e+03 | 41 -0.02275 -7.18948e+02 | 42 -0.04224 -2.36633e+02
 43  0.00295 -3.28046e+03 | 44  0.01836 -5.06816e+03 | 45 -0.00078 -4.17704e+03
 46 -0.02376 -3.07858e+03 | 47  0.00794 -6.19213e+03 | 48 -0.04646 -2.54995e+03
 49 -0.03638 -3.64331e+03 | 50 -0.03765 -3.90481e+03 | 51 -0.00352 -7.12709e+03
 52 -0.03189 -4.79886e+03 | 53 -0.01685 -6.20722e+03 | 54  0.02402 -1.06540e+04
 55 -0.01905 -6.08947e+03 | 56 -0.01815 -6.22875e+03 | 57  0.03980 -1.30535e+04
 58 -0.04269 -4.21470e+03 | 59  0.01230 -9.32373e+03 | 60 -0.01683 -5.99029e+03
 61 -0.01819 -5.38408e+03 | 62  0.03195 -9.76988e+03 | 63 -0.00284 -5.31038e+03
 64 -0.01204 -3.72693e+03 | 65 -0.04795 -7.11658e+02 | 66  0.03993 -5.22825e+03
 67 -0.03474  5.21909e+02 | 68 -0.03058  1.36336e+03 | 69 -0.00349  1.63637e+03
 70 -0.01686  3.06085e+03 | 71 -0.00919  3.84905e+03 | 72 -0.03879  4.76965e+03
 73  0.00107  5.12687e+03 |

Intermediate statistics: 73 variables; iteration 20; function evaluation 41; phase 1
Function value 1.8490778e+03; maximum gradient component mag 1.2273e+04
Var    Value     Gradient |Var    Value     Gradient |Var    Value     Gradient
  1  0.17694 -1.10125e+03 |  2 -0.19568 -8.62704e+03 |  3 -0.76349 -1.85368e+02
  4 -0.09899  1.22733e+04 |  5  0.02822  4.00896e+01 |  6 -0.05879 -3.23802e+00
  7  0.04254  5.56344e+01 |  8 -0.02777  1.70589e+01 |  9 -0.06973 -3.09075e+00
 10 -0.05193  8.84506e+00 | 11 -0.02601  2.73079e+01 | 12 -0.07175  2.83394e+00
 13 -0.02396  3.60086e+01 | 14 -0.28404 -8.46028e+01 | 15 -0.07167  1.05690e+01
 16 -0.11372 -1.24689e+01 | 17  0.01694  8.55072e+01 | 18  0.04652  1.19574e+02
 19 -0.41869 -1.11336e+02 | 20 -0.26635 -7.72136e+01 | 21  0.00550  8.01409e+01
 22 -0.25420 -7.33702e+01 | 23  0.01813  8.91542e+01 | 24  0.24699  4.75916e+02
 25  0.24535  4.52672e+02 | 26  0.09473  1.60189e+02 | 27  0.14597  2.28661e+02
 28  0.18799  3.12177e+02 | 29  0.17040  2.92805e+02 | 30  0.03380  1.05685e+02
 31  0.08449  1.72378e+02 | 32 -0.07959  1.53799e+01 | 33  0.09603  2.12875e+02
 34  0.14699  3.21773e+02 | 35 -0.04723  4.82728e+01 | 36  0.20957  5.01186e+02
 37  0.49508  2.17387e+03 | 38  0.23582  5.57143e+02 | 39  0.15999  3.22845e+02
 40 -0.03468  4.61980e+01 | 41  0.01454  8.10404e+01 | 42  0.04473  9.47256e+01
 43 -0.34257 -1.00187e+02 | 44 -0.51777 -1.17927e+02 | 45 -0.32641 -9.94234e+01
 46 -0.12165 -4.37153e+01 | 47 -0.08706 -2.85940e+01 | 48  0.10968  5.56286e+01
 49  0.07235  6.26151e+01 | 50  0.06464  9.05435e+01 | 51  0.40342  7.89951e+02
 52 -0.13842 -4.45795e+01 | 53 -0.09450 -4.33113e+01 | 54  0.04155 -2.80023e+01
 55  0.24104  6.39411e+01 | 56 -0.04972  1.20362e+01 | 57  0.29659  7.33233e+02
 58  0.25263  5.56160e+02 | 59  0.00592  5.98597e+01 | 60  0.24349  3.88315e+02
 61  0.27407  4.11664e+02 | 62 -0.11002 -1.85489e+01 | 63  0.21153  2.29193e+02
 64  0.22943  2.76474e+02 | 65 -0.02154  3.80905e+01 | 66  0.04131  1.44898e+02
 67  0.29610  1.16936e+03 | 68  0.13850  3.99510e+02 | 69 -0.43655 -1.12853e+02
 70 -1.44408  1.16062e+02 | 71 -2.19383 -3.37625e+02 | 72 -1.13785  5.01297e+01
 73 -2.09387 -4.96638e+01 |
73 variables; iteration 40; function evaluation 66; phase 1
Function value 1.1447178e+03; maximum gradient component mag 1.2518e+03
Var    Value     Gradient |Var    Value     Gradient |Var    Value     Gradient
  1  0.22896 -4.15390e+02 |  2 -0.14208 -3.45518e+02 |  3 -0.74757  2.32077e+01
  4 -0.10008  6.37009e+02 |  5 -0.03842  1.71366e+02 |  6 -0.07166  1.57954e+02
  7 -0.01441  1.80670e+02 |  8 -0.03114  1.74069e+02 |  9 -0.04928  1.66807e+02
 10 -0.03050  1.74159e+02 | 11 -0.01485  1.80137e+02 | 12 -0.03502  1.72200e+02
 13 -0.01887  1.78365e+02 | 14 -0.19160  1.08657e+02 | 15 -0.04171  1.69278e+02
 16 -0.06749  1.58976e+02 | 17 -0.04314  1.68545e+02 | 18 -0.00020  1.84854e+02
 19 -0.33117  5.61389e+01 | 20 -0.11536  1.39474e+02 | 21 -0.12014  1.37526e+02
 22 -0.09880  1.46205e+02 | 23 -0.14591  1.27046e+02 | 24  0.17617  2.37168e+02
 25  0.19229  2.40816e+02 | 26  0.01033  1.89197e+02 | 27  0.18029  2.40955e+02
 28  0.16426  2.39649e+02 | 29  0.02886  1.98884e+02 | 30  0.05827  2.13774e+02
 31  0.06589  2.23399e+02 | 32 -0.13995  1.34532e+02 | 33  0.12673  2.89115e+02
 34  0.14448  3.29568e+02 | 35  0.03706  2.52965e+02 | 36  0.09773  3.16398e+02
 37  0.46527  1.25182e+03 | 38  0.08738  3.05915e+02 | 39  0.02160  2.43236e+02
 40 -0.20388  1.10995e+02 | 41  0.02971  2.35319e+02 | 42  0.12154  2.86245e+02
 43 -0.29321  7.12446e+01 | 44 -1.23424  1.51283e+01 | 45 -0.25611  8.38108e+01
 46 -0.06560  1.60436e+02 | 47  0.05883  2.19863e+02 | 48  0.25246  3.65939e+02
 49 -0.01688  1.98974e+02 | 50 -0.10442  1.55420e+02 | 51  0.35188  5.24619e+02
 52 -0.02725  1.57728e+02 | 53 -0.03357  1.27154e+02 | 54 -0.03640  1.20140e+02
 55  0.28382  1.40299e+02 | 56 -0.13226  1.12180e+02 | 57  0.17793  7.51899e+01
 58  0.17064  7.86360e+01 | 59  0.05704  1.41788e+02 | 60  0.21395  1.72449e+02
 61  0.29316  2.27220e+02 | 62 -0.02067  1.65256e+02 | 63  0.17374  1.23633e+02
 64  0.18788  7.25978e+01 | 65  0.14462  1.11005e+02 | 66  0.03194  1.62906e+02
 67  0.20112  1.85405e+02 | 68  0.12168  1.66290e+02 | 69 -0.29354  6.55588e+01
 70 -1.98029 -1.64251e+02 | 71 -2.14930 -2.24454e+02 | 72 -0.39559  3.42363e+01
 73 -2.03494 -1.46559e+02 |
73 variables; iteration 60; function evaluation 91; phase 1
Function value 9.3401680e+02; maximum gradient component mag 2.0015e+03
Var    Value     Gradient |Var    Value     Gradient |Var    Value     Gradient
  1  0.25719  5.36633e+02 |  2 -0.13048  2.00155e+03 |  3 -0.70098  4.78493e+02
  4 -0.09343  1.99044e+03 |  5 -0.00050  5.46700e+00 |  6 -0.00365  4.39592e+00
  7 -0.00187  5.30900e+00 |  8 -0.01873 -1.20169e+00 |  9 -0.02649 -4.08013e+00
 10 -0.03187 -5.99629e+00 | 11 -0.03280 -6.12289e+00 | 12 -0.04937 -1.25014e+01
 13 -0.04730 -1.14194e+01 | 14 -0.09025 -2.81341e+01 | 15 -0.08549 -2.60883e+01
 16 -0.10755 -3.44174e+01 | 17 -0.06074 -1.58366e+01 | 18 -0.03085 -3.32694e+00
 19 -0.30664 -9.64437e+01 | 20 -0.14224 -4.69376e+01 | 21 -0.11755 -3.77209e+01
 22 -0.14642 -4.84254e+01 | 23 -0.12109 -3.90647e+01 | 24  0.04755  3.08811e+01
 25  0.25813  1.29738e+02 | 26 -0.00375  8.19221e+00 | 27  0.19266  9.76694e+01
 28  0.10974  6.05082e+01 | 29  0.00095  1.24101e+01 | 30  0.00850  1.78660e+01
 31  0.05747  4.50740e+01 | 32 -0.05896 -8.72006e+00 | 33  0.00401  2.61026e+01
 34 -0.02475  1.39007e+01 | 35  0.02427  4.44971e+01 | 36  0.03031  4.89703e+01
 37  0.41864  5.43981e+02 | 38 -0.03934  5.05626e+00 | 39 -0.06997 -1.20974e+01
 40 -0.17520 -5.64507e+01 | 41  0.01298  2.20051e+01 | 42  0.11054  6.60143e+01
 43 -0.15185 -5.01049e+01 | 44 -1.72781  8.79513e+01 | 45 -0.05356 -1.20498e+01
 46  0.01940  2.44956e+01 | 47 -0.02743  1.34271e+01 | 48  0.24292  3.35900e+02
 49 -0.11480 -1.90569e+01 | 50 -0.11411 -1.48488e+01 | 51  0.30916  7.75064e+02
 52 -0.17924 -4.97648e+01 | 53  0.14805  1.99443e+02 | 54 -0.06079  8.73689e+00
 55  0.26726  4.90734e+02 | 56 -0.14323 -6.44492e+01 | 57  0.12912 -5.01320e+01
 58  0.12639 -5.72245e+01 | 59  0.09128 -3.32890e+01 | 60  0.17341  1.50685e+01
 61  0.24543  1.01738e+02 | 62 -0.08155 -2.44940e+01 | 63  0.19791  1.76450e+02
 64  0.08351  1.02594e+02 | 65  0.25949  4.19952e+02 | 66 -0.06657 -1.18789e+01
 67  0.13842 -3.42161e-01 | 68  0.10079 -1.27417e+02 | 69 -0.21080 -9.33430e+01
 70 -1.89230  6.93210e+01 | 71 -2.15238  7.21028e+01 | 72 -0.29123 -1.03853e+02
 73 -1.89813  1.02293e+02 |
Maximum number of function evaluations exceeded

 - final statistics:
73 variables; iteration 66; function evaluation 100
Function value 8.8500e+02; maximum gradient component mag 1.4798e+03
Exit code = 3;  converg criter 1.0000e+01
Var    Value     Gradient |Var    Value     Gradient |Var    Value     Gradient
  1  0.26447  2.44928e+02 |  2 -0.13025  1.47982e+03 |  3 -0.73884  2.72675e+02
  4 -0.08961 -5.03784e+02 |  5  0.01903  4.10382e+01 |  6 -0.07633  3.26126e+00
  7  0.01897  4.16853e+01 |  8 -0.03543  1.99246e+01 |  9 -0.06148  9.72533e+00
 10 -0.04915  1.49650e+01 | 11 -0.03457  2.12563e+01 | 12 -0.06060  1.09544e+01
 13 -0.03690  2.10918e+01 | 14 -0.17154 -3.12299e+01 | 15 -0.06812  8.90681e+00
 16 -0.02981  2.54329e+01 | 17 -0.05423  1.54021e+01 | 18 -0.01041  3.48008e+01
 19 -0.21686 -4.62010e+01 | 20 -0.01241  3.45762e+01 | 21 -0.11990 -1.08480e+01
 22 -0.25584 -5.82882e+01 | 23 -0.12725 -1.36926e+01 | 24  0.06492  7.08372e+01
 25  0.26155  1.77737e+02 | 26 -0.09994 -2.99339e+00 | 27  0.21970  1.52246e+02
 28  0.09173  8.52034e+01 | 29 -0.05303  1.79110e+01 | 30  0.05350  7.00338e+01
 31 -0.06424  1.46487e+01 | 32 -0.04150  2.61586e+01 | 33 -0.03927  2.86318e+01
 34 -0.04633  2.58933e+01 | 35  0.03710  6.91984e+01 | 36  0.01249  5.42456e+01
 37  0.39988  3.62518e+02 | 38 -0.06937  1.13900e+01 | 39 -0.12477 -1.27144e+01
 40 -0.10603 -6.13197e+00 | 41 -0.00715  3.40777e+01 | 42  0.14025  9.63750e+01
 43 -0.09671 -3.73757e+00 | 44 -1.82906  3.13203e+01 | 45  0.04294  5.57531e+01
 46 -0.01143  3.62046e+01 | 47 -0.09678  4.56555e+00 | 48  0.25327  3.49958e+02
 49 -0.09631  1.35872e+01 | 50 -0.11395  6.43989e+00 | 51  0.29393  5.89769e+02
 52 -0.15031 -1.58802e+01 | 53  0.15702  1.71541e+02 | 54 -0.05455  2.23558e+01
 55  0.25308  2.10262e+02 | 56 -0.16037 -5.80139e+01 | 57  0.10492 -1.18909e+02
 58  0.11854 -9.54511e+01 | 59  0.13898 -7.58747e+01 | 60  0.15968 -5.66362e+01
 61  0.24194 -1.32928e+02 | 62 -0.14817 -4.33961e+01 | 63  0.17410 -8.26157e+01
 64  0.10363 -1.77703e+01 | 65  0.22750 -3.97751e+01 | 66 -0.09105 -2.92994e+01
 67  0.11313 -7.55063e+01 | 68  0.12137 -1.43259e+02 | 69 -0.14091 -5.39472e+01
 70 -1.85342  4.00619e+01 | 71 -2.14430 -5.08902e+01 | 72 -0.10175 -3.73442e+01
 73 -1.84515  6.23409e+01 |

Initial statistics: 82 variables; iteration 0; function evaluation 0; phase 2
Function value 8.8352273e+02; maximum gradient component mag 1.4798e+03
Var    Value     Gradient |Var    Value     Gradient |Var    Value     Gradient
  1  0.26447  2.44928e+02 |  2 -0.13025  1.47982e+03 |  3 -0.73884  2.72675e+02
  4 -0.08961 -5.03784e+02 |  5  0.01748  1.33986e+01 |  6 -0.07789 -2.41859e+01
  7  0.01742  1.40457e+01 |  8 -0.03698 -7.68441e+00 |  9 -0.06304 -1.77945e+01
 10 -0.05070 -1.26032e+01 | 11 -0.03611 -6.35496e+00 | 12 -0.06216 -1.65694e+01
 13 -0.03845 -6.51378e+00 | 14 -0.17314 -5.78446e+01 | 15 -0.06968 -1.85830e+01
 16 -0.03136 -2.18949e+00 | 17 -0.05578 -1.21480e+01 | 18 -0.01196  7.15128e+00
 19 -0.21850 -7.21987e+01 | 20 -0.01395  6.92821e+00 | 21 -0.12147 -3.79939e+01
 22 -0.25752 -8.36438e+01 | 23 -0.12883 -4.07744e+01 | 24  0.06337  4.33387e+01
 25  0.25987  1.52560e+02 | 26 -0.10150 -3.02944e+01 | 27  0.21806  1.26340e+02
 28  0.09017  5.78575e+01 | 29 -0.05459 -9.64406e+00 | 30  0.05195  4.24871e+01
 31 -0.06580 -1.28604e+01 | 32 -0.04305 -1.43531e+00 | 33 -0.04082  1.03128e+00
 34 -0.04788 -1.68615e+00 | 35  0.03555  4.15982e+01 | 36  0.01095  2.65992e+01
 37  0.39797  3.40882e+02 | 38 -0.07092 -1.60946e+01 | 39 -0.12635 -3.98182e+01
 40 -0.10760 -3.33883e+01 | 41 -0.00870  6.42636e+00 | 42  0.13867  6.94289e+01
 43 -0.09827 -3.10603e+01 | 44 -0.17255 -5.79419e+01 | 45  0.04139  2.81676e+01
 46 -0.01298  8.55575e+00 | 47 -0.09835 -2.27598e+01 | 48  0.25159  3.24822e+02
 49 -0.09788 -1.37446e+01 | 50 -0.11552 -2.07619e+01 | 51  0.29220  5.65772e+02
 52 -0.15190 -4.27400e+01 | 53  0.15543  1.44816e+02 | 54 -0.05610 -5.19455e+00
 55  0.25140  1.84969e+02 | 56 -0.16197 -8.47390e+01 | 57  0.10335 -1.46246e+02
 58  0.11696 -1.22683e+02 | 59  0.13739 -1.02928e+02 | 60  0.15808 -8.34772e+01
 61  0.24027 -1.58773e+02 | 62 -0.14976 -7.02616e+01 | 63  0.17249 -1.09318e+02
 64  0.10206 -4.50757e+01 | 65  0.22585 -6.57444e+01 | 66 -0.09262 -5.66498e+01
 67  0.11156 -1.02769e+02 | 68  0.11980 -1.70492e+02 | 69 -0.14250 -8.08798e+01
 70 -0.14817 -6.69456e+01 | 71  0.14272  2.39583e+01 | 72 -0.10332 -6.46189e+01
 73 -0.15645 -8.91241e+01 | 74  0.78491 -2.96716e+01 | 75 -0.99457 -1.06307e-01
 76  0.00098 -1.14443e-02 | 77  0.01598  1.19318e+01 | 78 -0.44628  1.74142e+01
 79 -0.07572  1.27996e+01 | 80 -0.11824 -5.11732e+02 | 81 -0.99748 -2.24086e-01
 82  0.06942 -3.82570e+01 |

Intermediate statistics: 82 variables; iteration 20; function evaluation 26; phase 2
Function value 5.1594981e+02; maximum gradient component mag 2.4858e+03
Var    Value     Gradient |Var    Value     Gradient |Var    Value     Gradient
  1  0.24736  6.18142e+02 |  2 -0.14310  4.10465e+01 |  3 -0.95734  6.20652e+01
  4 -0.00207  2.48576e+03 |  5 -0.00359  2.74004e+01 |  6 -0.00167  2.92632e+01
  7 -0.00591  2.84544e+01 |  8 -0.00508  3.00885e+01 |  9 -0.00573  3.11891e+01
 10 -0.00752  3.18826e+01 | 11 -0.00960  3.25660e+01 | 12 -0.01042  3.40290e+01
 13 -0.01304  3.46963e+01 | 14 -0.01237  3.72622e+01 | 15 -0.01553  3.78536e+01
 16 -0.01920  3.81999e+01 | 17 -0.01983  4.03551e+01 | 18 -0.02441  4.01823e+01
 19 -0.01898  4.62337e+01 | 20 -0.02783  4.32341e+01 | 21 -0.02362  4.86153e+01
 22 -0.02088  5.31766e+01 | 23 -0.02585  5.24393e+01 | 24 -0.04015  4.47848e+01
 25 -0.08127  1.99151e+01 | 26 -0.03005  5.68127e+01 | 27 -0.06838  3.14953e+01
 28 -0.04603  4.94580e+01 | 29 -0.03413  6.05783e+01 | 30 -0.04104  5.60057e+01
 31 -0.02856  6.51104e+01 | 32 -0.02429  6.66081e+01 | 33 -0.01722  6.99253e+01
 34 -0.00824  7.39871e+01 | 35 -0.00104  7.78895e+01 | 36  0.00550  8.45635e+01
 37  0.20987  3.94089e+02 | 38 -0.00006  9.16053e+01 | 39 -0.00659  9.34794e+01
 40 -0.00854  9.90869e+01 | 41 -0.00027  1.13930e+02 | 42  0.04815  1.80480e+02
 43 -0.00828  1.11362e+02 | 44 -0.01556  1.05013e+02 | 45  0.01519  1.42162e+02
 46 -0.00640  1.16931e+02 | 47 -0.03430  8.88065e+01 | 48  0.06563  2.02623e+02
 49 -0.03258  5.82015e+01 | 50 -0.02385  4.14036e+01 | 51  0.07856  9.34944e+01
 52 -0.03110  2.04379e+01 | 53  0.12065  1.22821e+02 | 54  0.00078  3.81928e+01
 55  0.07484  4.59647e+01 | 56  0.01339  2.48651e+01 | 57  0.08211  1.10510e+02
 58  0.08022  1.07284e+02 | 59  0.07065  8.71490e+01 | 60  0.09387  8.76188e+01
 61  0.12981  8.86478e+01 | 62  0.00709  1.90615e+01 | 63  0.09832  2.53572e+01
 64  0.08466  5.91615e+00 | 65 -0.07300 -1.32270e+01 | 66  0.14343  1.13680e+02
 67 -0.01613  6.06719e+00 | 68 -0.09644 -2.75297e+01 | 69  0.05918 -9.55328e-01
 70 -0.06164 -1.76248e+01 | 71 -0.07114 -3.51709e+01 | 72 -0.02197 -5.13848e+01
 73 -0.04197 -3.12956e+01 | 74  1.06279  1.08871e+01 | 75 -0.99427 -2.86378e-02
 76  0.00107 -3.50625e-03 | 77  0.21552 -5.79359e+00 | 78 -0.73011  2.18092e+00
 79 -0.05292 -1.85371e+00 | 80  0.31545  2.37340e+02 | 81 -0.99407 -2.01156e-01
 82  0.98277  1.11845e-01 |
82 variables; iteration 40; function evaluation 49; phase 2
Function value 4.8650313e+02; maximum gradient component mag 5.8947e+02
Var    Value     Gradient |Var    Value     Gradient |Var    Value     Gradient
  1  0.24576  2.93340e+02 |  2 -0.13824  4.20840e+01 |  3 -0.94769  4.64910e+01
  4 -0.00496  5.89472e+02 |  5 -0.00479  1.34860e+01 |  6 -0.00626  1.34793e+01
  7 -0.00862  1.31612e+01 |  8 -0.00835  1.40489e+01 |  9 -0.00808  1.50399e+01
 10 -0.01084  1.47710e+01 | 11 -0.01487  1.39929e+01 | 12 -0.01557  1.48115e+01
 13 -0.02163  1.31946e+01 | 14 -0.01597  1.72152e+01 | 15 -0.02905  1.22465e+01
 16 -0.03221  1.20739e+01 | 17 -0.03614  1.15239e+01 | 18 -0.03384  1.41336e+01
 19 -0.05551  4.49709e+00 | 20 -0.03413  1.69709e+01 | 21 -0.04039  1.50326e+01
 22 -0.02587  2.45801e+01 | 23 -0.03197  2.26284e+01 | 24 -0.03441  2.25795e+01
 25 -0.04024  2.05072e+01 | 26 -0.03378  2.56129e+01 | 27 -0.04020  2.28557e+01
 28 -0.04648  2.02144e+01 | 29 -0.04777  1.99938e+01 | 30 -0.04951  1.85612e+01
 31 -0.04186  2.12337e+01 | 32 -0.03571  2.16512e+01 | 33 -0.02501  2.33606e+01
 34 -0.01020  2.58756e+01 | 35  0.00427  2.81605e+01 | 36  0.02040  3.33027e+01
 37  0.20021  1.40337e+02 | 38  0.01182  3.37751e+01 | 39 -0.00754  2.83286e+01
 40 -0.01841  2.65511e+01 | 41 -0.00537  3.73170e+01 | 42  0.03697  6.68639e+01
 43 -0.01468  3.38504e+01 | 44 -0.04633  1.60121e+01 | 45  0.00220  4.64263e+01
 46 -0.00612  4.40919e+01 | 47 -0.05211  2.11247e+01 | 48  0.06908  1.13701e+02
 49 -0.02948  2.18507e+01 | 50 -0.03401  8.00026e+00 | 51  0.10072  7.38343e+01
 52  0.00261  1.45919e+01 | 53  0.09199  5.57411e+01 | 54  0.01205  1.66118e+01
 55  0.07868  1.62203e+01 | 56  0.02064  2.64035e+00 | 57  0.06656  5.50777e+01
 58  0.09706  6.27371e+01 | 59  0.03882  8.24500e+00 | 60  0.09620  7.40606e+00
 61  0.12177  4.09160e+00 | 62  0.00929 -8.11292e+00 | 63  0.09099  4.39535e+00
 64  0.10496 -1.23624e+00 | 65 -0.07234 -2.89928e+01 | 66  0.12453  3.88285e+01
 67 -0.01880 -1.86910e+01 | 68 -0.04052 -2.61384e+01 | 69  0.04413 -9.33342e-01
 70 -0.07692 -1.85406e+01 | 71 -0.03739 -9.78788e+00 | 72 -0.01843 -2.20558e+01
 73 -0.04114 -1.71245e+01 | 74  1.15393  3.02987e+01 | 75 -0.99310  5.71211e-02
 76  0.00319 -6.34802e-03 | 77  0.25410 -7.08321e+00 | 78 -1.22380 -1.71721e+00
 79 -0.18716 -5.22097e+00 | 80  0.26108  1.35007e+02 | 81 -0.99432 -1.25228e-01
 82  0.92274  2.62584e-02 |
82 variables; iteration 60; function evaluation 80; phase 2
Function value 4.6995683e+02; maximum gradient component mag 7.1175e+02
Var    Value     Gradient |Var    Value     Gradient |Var    Value     Gradient
  1  0.24145  1.05948e+02 |  2 -0.13591  1.85736e+02 |  3 -0.96014  2.32946e+01
  4 -0.00342  7.11752e+02 |  5 -0.00200 -1.26142e+01 |  6 -0.01087 -1.57868e+01
  7 -0.01730 -1.79130e+01 |  8 -0.01045 -1.43416e+01 |  9 -0.01360 -1.49552e+01
 10 -0.01925 -1.66107e+01 | 11 -0.01861 -1.54505e+01 | 12 -0.02170 -1.58634e+01
 13 -0.02133 -1.46485e+01 | 14 -0.02045 -1.30905e+01 | 15 -0.03385 -1.81922e+01
 16 -0.03679 -1.84054e+01 | 17 -0.03563 -1.66248e+01 | 18 -0.03151 -1.32976e+01
 19 -0.02452 -8.34495e+00 | 20 -0.04240 -1.61720e+01 | 21 -0.05273 -2.02082e+01
 22 -0.04792 -1.65873e+01 | 23 -0.04369 -1.31180e+01 | 24 -0.04403 -1.21534e+01
 25 -0.04277 -1.03069e+01 | 26 -0.05737 -1.72947e+01 | 27 -0.04749 -1.09906e+01
 28 -0.04259 -7.34551e+00 | 29 -0.06151 -1.77759e+01 | 30 -0.03942 -6.06051e+00
 31 -0.05156 -1.51533e+01 | 32 -0.04324 -1.42504e+01 | 33 -0.02536 -1.01415e+01
 34 -0.01887 -1.34676e+01 | 35  0.00976 -7.27909e+00 | 36  0.02152 -7.12705e+00
 37  0.18601  5.14025e+01 | 38  0.01033 -8.97337e+00 | 39 -0.00543 -1.12000e+01
 40 -0.00984 -8.99575e+00 | 41 -0.01553 -8.69969e+00 | 42  0.01831  1.01556e+01
 43 -0.02730 -1.25259e+01 | 44 -0.01663 -6.38217e+00 | 45  0.00159  3.85140e+00
 46 -0.01007  7.22816e-01 | 47 -0.03877 -7.32365e+00 | 48  0.02838  3.68895e+01
 49 -0.02233 -4.39399e+00 | 50 -0.01165 -3.63847e+00 | 51  0.10552  7.44130e+01
 52  0.00986  4.09737e+00 | 53  0.07400  4.10925e+01 | 54  0.00075  1.49892e+00
 55  0.08673  3.60218e+01 | 56  0.03529  6.41235e+00 | 57  0.04870  2.24613e+01
 58  0.06638  1.77521e+01 | 59  0.07084  7.55503e+00 | 60  0.09818  5.54564e+00
 61  0.08187 -5.83034e+00 | 62  0.06872  3.58316e+00 | 63  0.06539 -4.68841e+00
 64  0.10750 -1.02630e+01 | 65 -0.05094 -4.88618e+01 | 66  0.09507  5.98708e+00
 67  0.01314 -2.23510e+01 | 68 -0.01411 -2.94520e+01 | 69  0.01334 -1.02306e+01
 70 -0.04418 -1.36597e+01 | 71 -0.04530 -1.73261e+01 | 72 -0.01552 -1.69221e+01
 73 -0.02690 -1.32310e+01 | 74  0.99842  5.14244e-01 | 75 -0.99631 -1.30655e-01
 76  0.01337 -2.87685e-03 | 77  0.31790  8.30031e+00 | 78 -1.18087 -1.04972e+00
 79  0.28209 -4.00622e-02 | 80  0.21574 -2.82271e+01 | 81 -1.01643 -4.81740e-01
 82  1.00807 -2.10373e-01 |
Maximum number of function evaluations exceeded

 - final statistics:
82 variables; iteration 73; function evaluation 100
Function value 4.6563e+02; maximum gradient component mag 4.4059e+02
Exit code = 3;  converg criter 1.0000e+01
Var    Value     Gradient |Var    Value     Gradient |Var    Value     Gradient
  1  0.23961  2.57342e+01 |  2 -0.13565  1.15345e+02 |  3 -0.97998  9.67677e+00
  4 -0.00124  4.40591e+02 |  5 -0.01464 -1.00314e+01 |  6 -0.01097 -7.89308e+00
  7 -0.01388 -8.61390e+00 |  8 -0.01110 -6.60974e+00 |  9 -0.02184 -1.06266e+01
 10 -0.00483 -2.09927e+00 | 11 -0.00848 -2.51272e+00 | 12 -0.01300 -3.44932e+00
 13 -0.01344 -2.25562e+00 | 14 -0.03588 -1.21540e+01 | 15 -0.02389 -5.12190e+00
 16 -0.02043 -2.16146e+00 | 17 -0.01781  1.37452e+00 | 18 -0.03893 -8.19624e+00
 19 -0.04630 -1.04498e+01 | 20 -0.03908 -5.46346e+00 | 21 -0.04247 -5.93703e+00
 22 -0.04509 -6.10566e+00 | 23 -0.04472 -4.14586e+00 | 24 -0.04844 -5.20527e+00
 25 -0.04551 -1.97587e+00 | 26 -0.05195 -4.57782e+00 | 27 -0.05328 -4.65647e+00
 28 -0.05522 -4.67295e+00 | 29 -0.06080 -7.99926e+00 | 30 -0.05551 -5.41497e+00
 31 -0.04918 -4.09660e+00 | 32 -0.04690 -7.41501e+00 | 33 -0.02896 -2.93096e+00
 34 -0.01386 -3.38519e+00 | 35  0.01352  1.90021e+00 | 36  0.02337  4.43831e-01
 37  0.17968  5.22701e+01 | 38  0.00532 -5.11058e+00 | 39 -0.00393 -5.10988e+00
 40 -0.00642 -1.99836e+00 | 41 -0.00822  7.08040e-02 | 42  0.00076  5.34126e+00
 43 -0.02518 -7.26247e+00 | 44 -0.00515  2.52235e+00 | 45 -0.00120  4.40087e+00
 46 -0.01352  3.08107e-01 | 47 -0.02647  5.62240e-01 | 48  0.00640  1.86519e+01
 49 -0.02058 -6.48476e+00 | 50  0.01180  1.54546e+00 | 51  0.08486  3.72571e+01
 52  0.03034  2.88070e+00 | 53  0.06303  1.64735e+01 | 54  0.00383 -5.04045e+00
 55  0.08040  1.49734e+01 | 56  0.04647  4.57057e+00 | 57  0.03612  1.76207e+00
 58  0.05535 -4.21523e+00 | 59  0.09018 -5.13893e+00 | 60  0.07891 -2.36817e+01
 61  0.07438 -2.59858e+01 | 62  0.08723  2.23620e-01 | 63  0.04049 -1.05223e+01
 64  0.10229  5.95969e+00 | 65  0.01637 -1.27534e+01 | 66  0.06781  1.87777e+01
 67  0.01921 -3.76110e+00 | 68  0.00172 -9.22615e+00 | 69  0.00569 -5.15127e-01
 70 -0.05403 -9.99213e+00 | 71 -0.04243 -6.22836e+00 | 72 -0.01048 -3.60983e+00
 73 -0.03450 -8.71657e+00 | 74  0.98319 -3.28313e+00 | 75 -0.98261  6.79252e-01
 76  0.03536 -2.26982e-03 | 77  0.31604  4.61045e+00 | 78 -0.92927  2.94911e-01
 79  0.90735  1.77005e-02 | 80  0.22005 -2.67587e+01 | 81 -1.05937 -2.32258e+00
 82  1.07977 -2.50753e-02 |

Initial statistics: 93 variables; iteration 0; function evaluation 0; phase 3
Function value 4.6561938e+02; maximum gradient component mag 4.2870e+02
Var    Value     Gradient |Var    Value     Gradient |Var    Value     Gradient
  1  0.23961  2.39210e+01 |  2 -0.13565  1.13044e+02 |  3 -0.97998  9.27580e+00
  4  0.89600  1.39954e+00 |  5 -1.00000 -2.16579e-06 |  6 -0.00124  4.28695e+02
  7 -0.01454 -8.01179e+00 |  8 -0.01088 -5.91800e+00 |  9 -0.01378 -6.51748e+00
 10 -0.01101 -4.61023e+00 | 11 -0.02174 -8.48722e+00 | 12 -0.00474 -7.69250e-02
 13 -0.00838 -6.75528e-01 | 14 -0.01291 -1.62640e+00 | 15 -0.01335 -6.17669e-01
 16 -0.03578 -9.90808e+00 | 17 -0.02380 -2.97997e+00 | 18 -0.02034  1.35339e-01
 19 -0.01771  2.99378e+00 | 20 -0.03883 -6.24272e+00 | 21 -0.04620 -8.58789e+00
 22 -0.03898 -3.49060e+00 | 23 -0.04237 -3.88481e+00 | 24 -0.04499 -3.92202e+00
 25 -0.04462 -2.33294e+00 | 26 -0.04834 -3.11624e+00 | 27 -0.04542 -2.08500e-01
 28 -0.05185 -2.70673e+00 | 29 -0.05318 -2.51211e+00 | 30 -0.05512 -2.77229e+00
 31 -0.06071 -5.75547e+00 | 32 -0.05541 -3.56316e+00 | 33 -0.04909 -2.42036e+00
 34 -0.04680 -5.11094e+00 | 35 -0.02887 -1.25439e+00 | 36 -0.01376 -1.01162e+00
 37  0.01362  3.76306e+00 | 38  0.02347  2.29148e+00 | 39  0.17978  5.38747e+01
 40  0.00542 -3.08219e+00 | 41 -0.00383 -2.83300e+00 | 42 -0.00632  1.15055e-02
 43 -0.00812  1.88542e+00 | 44  0.00085  7.16784e+00 | 45 -0.02508 -5.18299e+00
 46 -0.00505  4.56538e+00 | 47 -0.00110  6.32585e+00 | 48 -0.01343  2.31502e+00
 49 -0.02638  2.62435e+00 | 50  0.00649  2.01270e+01 | 51 -0.02049 -4.38589e+00
 52  0.01189  3.42188e+00 | 53  0.08496  3.80596e+01 | 54  0.03044  4.57533e+00
 55  0.06313  1.77945e+01 | 56  0.00393 -3.19952e+00 | 57  0.08050  1.61598e+01
 58  0.04657  6.07127e+00 | 59  0.03622  2.96060e+00 | 60  0.05545 -2.95685e+00
 61  0.09028 -3.62814e+00 | 62  0.07901 -2.22488e+01 | 63  0.07448 -2.45704e+01
 64  0.08733  1.54606e+00 | 65  0.04059 -9.16456e+00 | 66  0.10239  6.95350e+00
 67  0.01647 -1.06053e+01 | 68  0.06791  2.01128e+01 | 69  0.01931 -1.66534e+00
 70  0.00182 -7.22439e+00 | 71  0.00578  1.26745e+00 | 72 -0.05393 -7.77386e+00
 73 -0.04234 -4.15079e+00 | 74 -0.01038 -1.67176e+00 | 75 -0.03441 -6.71443e+00
 76  0.98319 -3.27363e+00 | 77  0.01702 -4.33955e-04 | 78  0.82280  1.50800e+02
 79 -0.29745 -2.04561e-03 | 80 -0.98261  6.81056e-01 | 81  0.03536 -2.24911e-03
 82  0.31604  4.47047e+00 | 83  0.15741 -1.95405e-03 | 84  0.83067  4.67195e+00
 85 -0.87838 -1.62488e-02 | 86 -0.92927  3.36361e-01 | 87  0.90735  2.12682e-02
 88  0.22005 -2.60814e+01 | 89  0.01045 -4.96490e-02 | 90  0.70182  1.17065e+02
 91 -0.37794 -6.39487e-03 | 92 -0.94063  2.26710e+00 | 93  0.92023  2.39885e-02

Intermediate statistics: 93 variables; iteration 20; function evaluation 24; phase 3
Function value 4.2531351e+02; maximum gradient component mag 2.8074e+03
Var    Value     Gradient |Var    Value     Gradient |Var    Value     Gradient
  1  0.23845  1.00322e+03 |  2 -0.12883  1.51730e+03 |  3 -0.98821  2.10995e+01
  4  0.83987  2.03178e+01 |  5 -1.00215 -8.12789e-01 |  6 -0.00272  2.80736e+03
  7 -0.00761 -4.88654e+01 |  8 -0.01097 -4.96662e+01 |  9 -0.01138 -4.91526e+01
 10 -0.01462 -4.97820e+01 | 11 -0.01193 -4.77449e+01 | 12 -0.02191 -5.12253e+01
 13 -0.02271 -5.05823e+01 | 14 -0.02335 -4.97720e+01 | 15 -0.02600 -4.98032e+01
 16 -0.01979 -4.55466e+01 | 17 -0.02765 -4.79412e+01 | 18 -0.03229 -4.87856e+01
 19 -0.03670 -4.95219e+01 | 20 -0.03136 -4.53007e+01 | 21 -0.03184 -4.39651e+01
 22 -0.03756 -4.54407e+01 | 23 -0.03921 -4.48238e+01 | 24 -0.04102 -4.43447e+01
 25 -0.04394 -4.44864e+01 | 26 -0.04494 -4.37154e+01 | 27 -0.04842 -4.43862e+01
 28 -0.04800 -4.29558e+01 | 29 -0.04912 -4.26337e+01 | 30 -0.04984 -4.22079e+01
 31 -0.04803 -4.10102e+01 | 32 -0.04776 -4.19415e+01 | 33 -0.04434 -4.28577e+01
 34 -0.03616 -4.30039e+01 | 35 -0.02767 -4.50872e+01 | 36 -0.01283 -4.60282e+01
 37  0.00526 -4.61991e+01 | 38  0.02529 -4.37442e+01 | 39  0.14523 -2.13040e+00
 40  0.02525 -3.70629e+01 | 41  0.01218 -3.36821e+01 | 42  0.00181 -2.96539e+01
 43 -0.00491 -2.57377e+01 | 44 -0.00432 -1.97034e+01 | 45 -0.01138 -1.98042e+01
 46 -0.00351 -1.00578e+01 | 47  0.00133 -2.20715e+00 | 48 -0.00397  6.52813e-01
 49 -0.01835  1.04313e+00 | 50 -0.00696  1.41796e+01 | 51 -0.00754  3.66117e+00
 52  0.01137  7.72937e+00 | 53  0.05040  3.23122e+01 | 54  0.02300 -7.67406e+00
 55  0.04630  2.90110e+00 | 56  0.00988 -1.81099e+01 | 57  0.06697  5.10604e+01
 58  0.04249  7.31538e+01 | 59  0.03583  1.13857e+02 | 60  0.06070  1.97813e+02
 61  0.09674  3.26735e+02 | 62  0.10331  3.50333e+02 | 63  0.09811  3.05420e+02
 64  0.08931  2.45132e+02 | 65  0.05089  1.03780e+02 | 66  0.10207  1.00392e+02
 67  0.04917 -1.51523e+01 | 68 -0.00149 -6.36085e+01 | 69  0.02688 -6.77207e+01
 70  0.06139 -6.49402e+01 | 71 -0.11219 -1.05066e+02 | 72 -0.02286 -6.97263e+01
 73  0.00042 -8.39493e+01 | 74 -0.07159 -1.20964e+02 | 75 -0.04594 -1.17006e+02
 76  1.11795 -2.77723e+00 | 77  0.01703 -1.45642e-03 | 78  0.63692  4.37605e+01
 79 -0.29738 -2.34450e-03 | 80 -0.99767 -2.10905e-01 | 81  0.03543 -3.01614e-03
 82  0.21130  1.58649e+01 | 83  0.15742  1.49377e-02 | 84  0.68697 -1.27599e+00
 85 -0.87785 -1.60739e-02 | 86 -0.93993  1.54472e-01 | 87  0.90665  2.13774e-02
 88  0.08775  4.56725e+02 | 89  0.01050  1.08444e-01 | 90  0.47591 -3.35704e+02
 91 -0.37775  3.78832e-03 | 92 -1.00598  2.53408e-01 | 93  0.91934  4.16251e-02
93 variables; iteration 40; function evaluation 49; phase 3
Function value 4.0076787e+02; maximum gradient component mag 1.7550e+03
Var    Value     Gradient |Var    Value     Gradient |Var    Value     Gradient
  1  0.22689  6.49899e+02 |  2 -0.12753  6.08656e+02 |  3 -0.99770  2.76976e+00
  4  0.28453  2.48131e+00 |  5 -1.11065 -2.34084e+01 |  6  0.00099  1.75500e+03
  7  0.01026 -1.92188e+01 |  8  0.00370 -2.12865e+01 |  9  0.00278 -2.08317e+01
 10 -0.00376 -2.27970e+01 | 11  0.00204 -1.91266e+01 | 12 -0.01868 -2.74497e+01
 13 -0.02050 -2.71487e+01 | 14 -0.02172 -2.64767e+01 | 15 -0.02698 -2.76373e+01
 16 -0.01042 -1.80406e+01 | 17 -0.02849 -2.54738e+01 | 18 -0.03763 -2.85028e+01
 19 -0.04564 -3.10231e+01 | 20 -0.03100 -2.18787e+01 | 21 -0.02984 -1.95299e+01
 22 -0.04121 -2.40646e+01 | 23 -0.04295 -2.34538e+01 | 24 -0.04511 -2.31809e+01
 25 -0.04933 -2.41909e+01 | 26 -0.04997 -2.33282e+01 | 27 -0.05540 -2.52122e+01
 28 -0.05381 -2.30528e+01 | 29 -0.05521 -2.27721e+01 | 30 -0.05523 -2.19446e+01
 31 -0.05045 -1.89408e+01 | 32 -0.04999 -1.96001e+01 | 33 -0.04728 -2.04356e+01
 34 -0.03896 -1.98148e+01 | 35 -0.02997 -2.10199e+01 | 36  0.00961 -8.75849e+00
 37  0.04979  5.07657e-01 | 38  0.04713 -8.07461e+00 | 39  0.09700  1.19277e+01
 40  0.03552 -5.94749e+00 | 41  0.01318 -6.97416e+00 | 42  0.00035 -4.72563e+00
 43 -0.00128  1.63655e+00 | 44 -0.00226  5.89203e+00 | 45 -0.00386  8.23998e+00
 46 -0.00187  1.24866e+01 | 47  0.00475  1.90900e+01 | 48  0.01185  2.88800e+01
 49 -0.00596  2.59412e+01 | 50 -0.00718  2.25558e+01 | 51  0.01222  1.17617e+01
 52  0.01066 -1.94640e+01 | 53  0.03123 -2.11466e+01 | 54 -0.00852 -3.38128e+01
 55  0.07224  2.15079e+01 | 56  0.02878 -1.11860e+01 | 57  0.03902 -2.75098e+01
 58  0.05319  2.02462e+01 | 59  0.03951  4.97445e+01 | 60  0.05949  9.80147e+01
 61  0.08869  1.91002e+02 | 62  0.09949  2.48628e+02 | 63  0.09492  2.22512e+02
 64  0.07809  1.44462e+02 | 65  0.06028  4.11519e+01 | 66  0.06665 -1.71409e+01
 67  0.05199 -4.85183e+01 | 68  0.03072 -6.00805e+01 | 69 -0.03455 -6.38165e+01
 70  0.07099  1.14228e+01 | 71 -0.10870 -6.73229e+01 | 72 -0.01862 -2.14060e+01
 73 -0.02076 -5.37439e+01 | 74 -0.09656 -9.58797e+01 | 75 -0.03142 -6.39158e+01
 76  1.20048  2.02766e+01 | 77  0.01795 -1.39206e-03 | 78  0.65942  1.89460e+02
 79 -0.29522 -2.49732e-03 | 80 -1.04009 -1.51641e+00 | 81  0.03796 -2.19817e-03
 82 -0.08168  5.30045e+01 | 83  0.16404  1.33381e-03 | 84  0.33245 -6.46483e+01
 85 -0.86181 -1.42318e-02 | 86 -1.28157  7.58964e-01 | 87  0.88490  2.12427e-02
 88 -0.01108  2.00626e+02 | 89  0.02163  1.90088e-01 | 90  0.37394 -1.13307e+02
 91 -0.37377  9.15590e-03 | 92 -1.42577 -1.58730e+01 | 93  0.89128  3.48865e-02
93 variables; iteration 60; function evaluation 78; phase 3
Function value 3.6915997e+02; maximum gradient component mag -3.8452e+02
Var    Value     Gradient |Var    Value     Gradient |Var    Value     Gradient
  1  0.20437  5.62254e+01 |  2 -0.13129 -3.84525e+02 |  3 -0.99852  2.51918e-01
  4  0.44897 -6.58515e-01 |  5 -1.04633 -3.02021e+00 |  6  0.00152 -3.59149e+01
  7 -0.02136 -1.39943e+00 |  8 -0.01521  1.70167e+00 |  9 -0.02528 -1.95219e+00
 10 -0.01403  3.52068e+00 | 11 -0.01649  3.23493e+00 | 12 -0.00900  7.43651e+00
 13 -0.01275  6.75642e+00 | 14 -0.01358  7.46967e+00 | 15 -0.02178  4.82449e+00
 16 -0.00138  1.58892e+01 | 17 -0.02205  7.21036e+00 | 18 -0.02908  5.12255e+00
 19 -0.03048  5.79801e+00 | 20 -0.03887  2.96972e+00 | 21 -0.04801 -3.02619e-01
 22 -0.04208  4.02230e+00 | 23 -0.04585  3.34579e+00 | 24 -0.04882  3.00696e+00
 25 -0.05066  3.23312e+00 | 26 -0.05369  2.73230e+00 | 27 -0.05464  3.33062e+00
 28 -0.05812  2.43795e+00 | 29 -0.05962  2.39193e+00 | 30 -0.06004  2.67601e+00
 31 -0.05418  5.80472e+00 | 32 -0.05117  6.21889e+00 | 33 -0.04341  7.60206e+00
 34 -0.02371  1.33297e+01 | 35 -0.01239  1.18031e+01 | 36  0.00894  1.23712e+01
 37  0.02603  9.59057e+00 | 38  0.06052  1.32921e+01 | 39  0.09232  2.01513e+01
 40  0.04354  1.31904e+01 | 41  0.02907  1.68371e+01 | 42  0.01014  1.68638e+01
 43 -0.00833  1.35504e+01 | 44 -0.01987  1.06108e+01 | 45  0.00083  2.32369e+01
 46  0.00442  2.64517e+01 | 47  0.01078  2.96619e+01 | 48  0.00005  2.47307e+01
 49 -0.00571  2.74595e+01 | 50 -0.00475  1.98605e+01 | 51 -0.01290 -3.76594e+00
 52  0.03013 -2.76635e+00 | 53  0.01824  2.80982e+00 | 54  0.04950  1.68989e+01
 55  0.02780  1.03658e+01 | 56  0.05045  6.98874e+00 | 57  0.05127 -1.27239e+01
 58  0.04201 -1.02090e+01 | 59  0.03310 -9.23978e+00 | 60  0.05526 -1.06663e+01
 61  0.07715  1.42040e+00 | 62  0.08434  1.71706e+01 | 63  0.08371  1.14326e+01
 64  0.07874 -9.63824e-01 | 65  0.05427 -3.42914e+01 | 66  0.03933 -3.37165e+01
 67  0.10129 -1.17232e+01 | 68 -0.00513 -2.44777e+01 | 69 -0.00565 -2.41377e+01
 70  0.04358  1.90836e+01 | 71 -0.03055  3.54833e+00 | 72 -0.01789  1.86885e+01
 73 -0.06210 -1.87269e+01 | 74 -0.02507 -1.07527e+01 | 75 -0.01157  9.94371e+00
 76  1.09726  4.71892e+00 | 77  0.02389 -2.86746e-04 | 78  0.62624  1.45002e+02
 79 -0.28824 -1.72537e-03 | 80 -1.08704 -4.07460e+00 | 81  0.04304 -5.76932e-04
 82  0.10977  1.54630e+01 | 83  0.17120  2.85119e-03 | 84  0.49458 -1.59292e+01
 85 -0.81348 -1.03796e-02 | 86 -1.34470 -2.46265e+00 | 87  0.82483  1.15684e-02
 88 -0.05419 -1.16967e+01 | 89 -0.08933 -3.06097e-03 | 90  0.34132  1.48586e+01
 91 -0.36395 -1.54416e-03 | 92 -1.30139 -9.99509e+00 | 93  0.79370  1.09781e-02
Maximum number of function evaluations exceeded

 - final statistics:
93 variables; iteration 74; function evaluation 100
Function value 3.6138e+02; maximum gradient component mag -2.4796e+02
Exit code = 3;  converg criter 1.0000e+00
Var    Value     Gradient |Var    Value     Gradient |Var    Value     Gradient
  1  0.19555 -8.26509e+01 |  2 -0.12760 -8.52945e+01 |  3 -0.99551  5.06231e-02
  4  0.45622  1.98200e+00 |  5 -1.00114 -1.83194e-01 |  6  0.00277 -2.47958e+02
  7 -0.01283 -1.39181e-01 |  8 -0.00757  2.69767e+00 |  9 -0.00467  4.65850e+00
 10 -0.00764  4.17005e+00 | 11 -0.00123  7.92354e+00 | 12 -0.02176 -2.81467e-01
 13 -0.01633  3.18118e+00 | 14 -0.01355  5.62752e+00 | 15 -0.02053  3.59739e+00
 16 -0.03989 -4.27965e+00 | 17 -0.02978  1.79795e+00 | 18 -0.03130  2.43806e+00
 19 -0.03217  3.44422e+00 | 20 -0.03954  1.15807e+00 | 21 -0.03322  5.92120e+00
 22 -0.04082  3.38410e+00 | 23 -0.04302  3.60388e+00 | 24 -0.04268  5.14956e+00
 25 -0.04923  2.87053e+00 | 26 -0.04573  6.07244e+00 | 27 -0.06343 -2.61199e+00
 28 -0.04781  7.26064e+00 | 29 -0.04857  7.63316e+00 | 30 -0.04721  8.84007e+00
 31 -0.05547  3.48609e+00 | 32 -0.04803  5.86218e+00 | 33 -0.05508 -1.71650e+00
 34 -0.02915  5.99628e+00 | 35 -0.02797 -1.80893e+00 | 36  0.02724  9.99501e+00
 37  0.00696 -8.21242e+00 | 38  0.05421 -4.96982e+00 | 39  0.08593 -3.14556e+00
 40  0.04604 -3.48749e+00 | 41  0.02858  3.64578e-01 | 42  0.00716  5.85836e-01
 43  0.00286  3.66572e+00 | 44 -0.01238 -6.97239e-01 | 45 -0.00395  3.33107e+00
 46  0.00023  4.90938e+00 | 47 -0.01156 -1.31876e+00 | 48 -0.00847  9.02770e-01
 49 -0.00990  8.42487e+00 | 50 -0.01410  2.98767e+00 | 51 -0.00531 -8.21547e+00
 52  0.05049 -5.54274e+00 | 53  0.00303 -1.75434e+01 | 54  0.03789 -2.38042e+01
 55  0.02250 -2.83030e+01 | 56  0.04129 -2.51566e+01 | 57  0.05645 -2.12675e+01
 58  0.03392 -1.13113e+01 | 59  0.03398 -3.42569e+00 | 60  0.05690 -6.18758e+00
 61  0.07568 -7.06724e+00 | 62  0.07829 -1.36018e+00 | 63  0.07843  1.00311e+00
 64  0.06623  1.02918e+01 | 65  0.08701 -2.06038e+00 | 66  0.02827 -2.30401e+01
 67  0.07922 -6.30301e-01 | 68  0.02332  2.17365e+00 | 69  0.01906  7.39926e+00
 70  0.02499  2.40952e+01 | 71 -0.02123  6.11249e+00 | 72 -0.03583  5.95185e+00
 73 -0.03122 -4.45234e+00 | 74 -0.03211 -1.54193e+01 | 75 -0.01518 -4.89289e+00
 76  1.22085 -9.62700e+00 | 77  0.04054 -1.38177e-03 | 78  0.58635  2.55876e+01
 79 -0.27694 -2.43209e-03 | 80 -1.03953 -1.34694e+00 | 81  0.05724 -2.40178e-03
 82  0.08883  1.09337e+00 | 83  0.41263  2.37803e-03 | 84  0.47921 -2.18645e+00
 85 -0.77604 -8.55686e-03 | 86 -1.26294 -1.74416e+00 | 87  0.78618  8.97594e-03
 88 -0.05509  5.14597e+00 | 89 -0.08528 -2.90275e-03 | 90  0.33879  9.19418e+00
 91 -0.35808 -1.53102e-03 | 92 -1.22351 -6.02020e+00 | 93  0.77465 -1.14761e-02

Initial statistics: 94 variables; iteration 0; function evaluation 0; phase 4
Function value 3.6138250e+02; maximum gradient component mag -2.4796e+02
Var    Value     Gradient |Var    Value     Gradient |Var    Value     Gradient
  1  0.19555 -8.26509e+01 |  2 -0.12760 -8.52945e+01 |  3  0.22843 -1.07365e+02
  4 -0.99551  5.06231e-02 |  5  0.45622  1.98200e+00 |  6 -0.99886  1.83194e-01
  7  0.00277 -2.47958e+02 |  8 -0.01280  4.92163e-01 |  9 -0.00754  3.32910e+00
 10 -0.00463  5.28995e+00 | 11 -0.00760  4.80148e+00 | 12 -0.00120  8.55501e+00
 13 -0.02172  3.49636e-01 | 14 -0.01630  3.81245e+00 | 15 -0.01352  6.25886e+00
 16 -0.02049  4.22854e+00 | 17 -0.03986 -3.64943e+00 | 18 -0.02975  2.42874e+00
 19 -0.03127  3.06878e+00 | 20 -0.03214  4.07490e+00 | 21 -0.03951  1.78833e+00
 22 -0.03319  6.55183e+00 | 23 -0.04078  4.01429e+00 | 24 -0.04299  4.23393e+00
 25 -0.04265  5.77964e+00 | 26 -0.04919  3.50013e+00 | 27 -0.04569  6.70231e+00
 28 -0.06340 -1.98367e+00 | 29 -0.04778  7.89036e+00 | 30 -0.04854  8.26283e+00
 31 -0.04717  9.46984e+00 | 32 -0.05544  4.11519e+00 | 33 -0.04799  6.49188e+00
 34 -0.05504 -1.08740e+00 | 35 -0.02911  6.62711e+00 | 36 -0.02794 -1.17807e+00
 37  0.02727  1.06259e+01 | 38  0.00700 -7.58098e+00 | 39  0.05425 -4.34061e+00
 40  0.08597 -2.51981e+00 | 41  0.04608 -2.85765e+00 | 42  0.02862  9.95411e-01
 43  0.00720  1.21727e+00 | 44  0.00289  4.29719e+00 | 45 -0.01235 -6.58873e-02
 46 -0.00392  3.96253e+00 | 47  0.00026  5.54085e+00 | 48 -0.01153 -6.87391e-01
 49 -0.00844  1.53419e+00 | 50 -0.00986  9.05627e+00 | 51 -0.01406  3.61899e+00
 52 -0.00528 -7.58402e+00 | 53  0.05052 -4.91323e+00 | 54  0.00307 -1.69119e+01
 55  0.03792 -2.31738e+01 | 56  0.02253 -2.76719e+01 | 57  0.04132 -2.45263e+01
 58  0.05648 -2.06384e+01 | 59  0.03395 -1.06807e+01 | 60  0.03402 -2.79511e+00
 61  0.05694 -5.55860e+00 | 62  0.07572 -6.44018e+00 | 63  0.07832 -7.33470e-01
 64  0.07847  1.62978e+00 | 65  0.06626  1.09198e+01 | 66  0.08704 -1.43479e+00
 67  0.02830 -2.24092e+01 | 68  0.07925 -3.71184e-03 | 69  0.02335  2.80469e+00
 70  0.01909  8.03044e+00 | 71  0.02502  2.47261e+01 | 72 -0.02120  6.74362e+00
 73 -0.03579  6.58234e+00 | 74 -0.03119 -3.82164e+00 | 75 -0.03207 -1.47887e+01
 76 -0.01514 -4.26160e+00 | 77  0.77915  9.62700e+00 | 78  0.04054 -1.38177e-03
 79  0.58635  2.55876e+01 | 80 -0.27694 -2.43209e-03 | 81 -0.96047  1.34694e+00
 82  0.05724 -2.40178e-03 | 83  0.08883  1.09337e+00 | 84  0.41263  2.37803e-03
 85  0.47921 -2.18645e+00 | 86 -0.77604 -8.55686e-03 | 87 -0.73706  1.74416e+00
 88  0.78618  8.97594e-03 | 89 -0.05509  5.14597e+00 | 90 -0.08528 -2.90275e-03
 91  0.33879  9.19418e+00 | 92 -0.35808 -1.53102e-03 | 93 -0.77649  6.02020e+00
 94  0.77465 -1.14761e-02 |

Intermediate statistics: 94 variables; iteration 20; function evaluation 22; phase 4
Function value 3.5521363e+02; maximum gradient component mag 8.8398e+02
Var    Value     Gradient |Var    Value     Gradient |Var    Value     Gradient
  1  0.19979  1.01290e+01 |  2 -0.12614 -9.71953e+01 |  3  0.22270 -9.34319e+01
  4 -1.01263 -1.07177e+00 |  5  0.43668  1.15723e+00 |  6 -0.99995 -2.07544e-01
  7  0.00524  8.83978e+02 |  8  0.00221 -8.16857e+00 |  9 -0.00489 -1.03945e+01
 10 -0.00994 -1.16680e+01 | 11 -0.01064 -1.09071e+01 | 12 -0.01803 -1.31238e+01
 13 -0.00765 -6.91988e+00 | 14 -0.01499 -8.95810e+00 | 15 -0.02018 -9.91924e+00
 16 -0.02024 -8.26009e+00 | 17 -0.01453 -3.43656e+00 | 18 -0.02396 -6.43840e+00
 19 -0.02738 -6.26942e+00 | 20 -0.03089 -6.13513e+00 | 21 -0.03263 -5.01115e+00
 22 -0.03725 -5.54341e+00 | 23 -0.03930 -4.66741e+00 | 24 -0.04198 -4.25069e+00
 25 -0.04450 -3.83287e+00 | 26 -0.04696 -3.43303e+00 | 27 -0.04882 -2.76763e+00
 28 -0.05202 -2.96223e+00 | 29 -0.05242 -1.49091e+00 | 30 -0.05367 -8.84133e-01
 31 -0.05386  4.67563e-02 | 32 -0.05584 -1.18856e+00 | 33 -0.05251 -3.04902e-01
 34 -0.04832 -9.46494e-01 | 35 -0.03877 -5.25220e-01 | 36 -0.02230  1.23873e+00
 37 -0.01483 -4.71287e+00 | 38  0.04140  1.19531e+01 | 39  0.06500  1.21321e+01
 40  0.06974  1.10387e+01 | 41  0.05013  8.79219e+00 | 42  0.01792  2.37053e+00
 43  0.00326  2.15027e+00 | 44 -0.00689  1.40070e+00 | 45 -0.00544  4.17914e+00
 46 -0.00700  3.91357e+00 | 47 -0.00565  4.42757e+00 | 48  0.00156  6.74884e+00
 49 -0.00190  5.06929e+00 | 50 -0.02232  2.97866e-01 | 51 -0.02316 -5.03384e+00
 52  0.02261 -1.61373e+00 | 53  0.01033 -2.15749e+01 | 54  0.04393 -1.10443e+01
 55 -0.01301 -3.48438e+01 | 56  0.06382 -1.68234e+01 | 57  0.02061 -3.72983e+01
 58  0.05620 -5.19410e+01 | 59  0.02635 -4.78822e+01 | 60  0.02505 -3.54125e+01
 61  0.06363 -2.67251e+01 | 62  0.07409 -2.91019e+01 | 63  0.05474 -2.22295e+01
 64  0.09308  1.39191e+01 | 65  0.06645  2.86144e+01 | 66  0.05774  2.66223e+01
 67  0.08299  6.13673e+01 | 68  0.04215  5.14673e+01 | 69  0.04879  7.94113e+01
 70  0.03381  6.99675e+01 | 71  0.00853  4.92205e+01 | 72 -0.00851  3.24801e+01
 73 -0.03304  1.70712e+01 | 74 -0.03352 -1.51290e+00 | 75 -0.02009 -1.51696e+01
 76 -0.02703 -2.67811e+01 | 77  0.44560 -2.21292e+01 | 78  0.04325 -6.83311e-01
 79  0.50648  1.34968e+02 | 80 -0.27654 -1.12164e-01 | 81 -0.98924  1.24635e-01
 82  0.06036 -8.34325e-01 | 83  0.07368  5.11940e+00 | 84  0.41257  2.37955e-03
 85  0.46477 -1.04408e+01 | 86 -0.77580 -8.54682e-03 | 87 -0.78712  9.39926e-01
 88  0.78592  8.96503e-03 | 89 -0.04845 -6.41368e+01 | 90 -0.08477  1.94518e-02
 91  0.34627  6.33483e+01 | 92 -0.35800  2.86673e-05 | 93 -0.91437  1.64061e+00
 94  0.77459  4.56535e-02 |
94 variables; iteration 40; function evaluation 44; phase 4
Function value 3.5219253e+02; maximum gradient component mag -2.1506e+02
Var    Value     Gradient |Var    Value     Gradient |Var    Value     Gradient
  1  0.19535 -6.41950e+01 |  2 -0.12621 -2.15064e+02 |  3  0.22940 -1.36534e+02
  4 -1.03584 -3.97110e-01 |  5  0.41358 -7.52099e+00 |  6 -1.00395 -5.96343e-01
  7  0.00421  6.11642e+01 |  8 -0.00146 -3.72722e-01 |  9 -0.00586 -1.51905e+00
 10 -0.00886 -2.00095e+00 | 11 -0.01020 -1.67450e+00 | 12 -0.01303 -1.92678e+00
 13 -0.01327 -9.11926e-01 | 14 -0.01622 -1.04808e+00 | 15 -0.01865 -8.55895e-01
 16 -0.02121 -6.54659e-01 | 17 -0.02116  9.14582e-01 | 18 -0.02601  1.01421e-01
 19 -0.02880  3.46425e-01 | 20 -0.03199  4.00484e-01 | 21 -0.03320  1.51720e+00
 22 -0.03912  6.41884e-02 | 23 -0.04032  1.12501e+00 | 24 -0.04318  1.18454e+00
 25 -0.04628  1.01141e+00 | 26 -0.04847  1.30345e+00 | 27 -0.05047  1.60127e+00
 28 -0.05540  1.45384e-01 | 29 -0.05273  3.10263e+00 | 30 -0.05307  3.99061e+00
 31 -0.05125  5.86827e+00 | 32 -0.05848  1.23863e+00 | 33 -0.05293  3.17389e+00
 34 -0.05094  1.02697e+00 | 35 -0.04083  1.42782e+00 | 36 -0.02106  4.24157e+00
 37 -0.00823  4.84760e-01 | 38  0.04360  1.08129e+01 | 39  0.06458  7.59627e+00
 40  0.07603  7.36258e+00 | 41  0.04864  4.53711e+00 | 42  0.01752  8.00387e-01
 43  0.00601  2.17322e+00 | 44 -0.00400  1.25802e+00 | 45 -0.00600  9.22130e-01
 46 -0.00629 -2.69615e-01 | 47 -0.00443 -1.61457e+00 | 48  0.00192 -2.95051e+00
 49 -0.00207 -6.86224e+00 | 50 -0.02491 -1.14744e+01 | 51 -0.02993 -2.00180e+01
 52  0.01902 -2.65503e+01 | 53  0.00210 -4.18672e+01 | 54  0.05030 -3.23163e+01
 55 -0.00428 -4.11533e+01 | 56  0.05164 -3.43107e+01 | 57  0.03606 -3.91624e+01
 58  0.05047 -5.46021e+01 | 59  0.03488 -4.76698e+01 | 60  0.02303 -3.98420e+01
 61  0.05894 -3.68822e+01 | 62  0.07909 -3.64700e+01 | 63  0.05998 -3.01293e+01
 64  0.08533 -1.17495e+01 | 65  0.06986  1.13098e+01 | 66  0.05631  1.30527e+01
 67  0.08415  4.62880e+01 | 68  0.04424  4.12613e+01 | 69  0.04867  5.72051e+01
 70  0.02537  3.91281e+01 | 71  0.00844  3.22115e+01 | 72 -0.00902  2.56115e+01
 73 -0.03471  2.10484e+01 | 74 -0.03225  1.52041e+01 | 75 -0.01150  1.58452e+01
 76 -0.02098 -2.49668e-01 | 77  0.40985 -3.44023e+01 | 78  0.19917 -6.18741e-02
 79  0.49034  1.41383e+02 | 80 -0.26935 -1.13591e-02 | 81 -0.97009  6.99316e-01
 82  0.17383 -3.25223e-02 | 83  0.06690 -2.23576e+01 | 84  0.41048  2.35150e-03
 85  0.46512  1.96673e+01 | 86 -0.76831 -8.24598e-03 | 87 -1.29003 -2.66371e+00
 88  0.77807  8.62182e-03 | 89 -0.05158 -3.91226e+01 | 90 -0.06751  1.28049e-02
 91  0.34243  4.69158e+01 | 92 -0.35541 -8.48791e-04 | 93 -1.03728 -6.36281e-01
 94  0.77110  8.67123e-03 |
94 variables; iteration 60; function evaluation 71; phase 4
Function value 3.4854840e+02; maximum gradient component mag -6.7052e+02
Var    Value     Gradient |Var    Value     Gradient |Var    Value     Gradient
  1  0.18465 -5.97863e+01 |  2 -0.12728 -2.23290e+02 |  3  0.24367 -1.00367e+02
  4 -1.00067 -3.11276e-02 |  5  0.46145 -6.42680e+00 |  6 -0.99625  5.68596e-01
  7  0.00252 -6.70520e+02 |  8 -0.00111  7.81249e+00 |  9 -0.00531  6.65012e+00
 10 -0.00955  5.51577e+00 | 11 -0.01044  5.88233e+00 | 12 -0.01809  3.35466e+00
 13 -0.00944  8.11058e+00 | 14 -0.01539  6.45473e+00 | 15 -0.01826  6.24247e+00
 16 -0.02105  6.12496e+00 | 17 -0.02406  5.95279e+00 | 18 -0.02659  6.05323e+00
 19 -0.02870  6.39463e+00 | 20 -0.03194  6.20141e+00 | 21 -0.03344  6.89807e+00
 22 -0.03782  6.10128e+00 | 23 -0.04073  6.01122e+00 | 24 -0.04325  6.05408e+00
 25 -0.04479  6.55486e+00 | 26 -0.04851  5.84166e+00 | 27 -0.05183  5.24464e+00
 28 -0.05327  5.65021e+00 | 29 -0.05384  6.41931e+00 | 30 -0.05468  6.73979e+00
 31 -0.05510  6.90556e+00 | 32 -0.05801  4.76630e+00 | 33 -0.05417  5.15181e+00
 34 -0.04965  3.98056e+00 | 35 -0.03740  4.51428e+00 | 36 -0.02212  3.43057e+00
 37 -0.00667 -6.19111e-01 | 38  0.03236  3.14021e-01 | 39  0.07307 -2.85713e+00
 40  0.07123 -7.68225e+00 | 41  0.06313 -4.97286e+00 | 42  0.01842 -7.25541e+00
 43  0.00432 -6.29815e+00 | 44 -0.00297 -6.24399e+00 | 45 -0.00947 -8.82176e+00
 46 -0.01053 -1.11555e+01 | 47 -0.00436 -1.23037e+01 | 48 -0.00045 -1.56320e+01
 49 -0.01706 -2.15774e+01 | 50 -0.03256 -2.02706e+01 | 51 -0.02028 -2.05474e+01
 52  0.03056 -3.05045e+01 | 53 -0.00793 -4.13616e+01 | 54  0.04753 -2.73863e+01
 55  0.01386 -2.70734e+01 | 56  0.05434 -2.23819e+01 | 57  0.01965 -2.80212e+01
 58  0.06963 -3.18252e+01 | 59  0.02272 -3.07547e+01 | 60  0.02565 -1.85185e+01
 61  0.06256 -6.81287e+00 | 62  0.08271 -1.09679e+01 | 63  0.05702 -2.19814e+01
 64  0.09294 -2.45721e+01 | 65  0.05185 -1.43470e+01 | 66  0.06908 -8.75152e+00
 67  0.08378  5.23090e+00 | 68  0.03670 -2.75521e-02 | 69  0.04449  7.20166e+00
 70  0.02814  1.32078e-01 | 71 -0.00206 -1.74839e+00 | 72 -0.00734  8.71854e+00
 73 -0.03305  1.64078e+01 | 74 -0.03163  1.66901e+01 | 75 -0.00868  2.45503e+01
 76 -0.01401  1.23639e+01 | 77  0.34745 -1.54704e+01 | 78  0.55128  3.60187e-03
 79  0.45459  6.04100e+01 | 80 -0.29941 -1.62618e-03 | 81 -1.00270  2.47099e-01
 82  0.14484  5.59708e-04 | 83  0.11838  3.12288e+00 | 84  0.40233  2.29868e-03
 85  0.50339  1.38222e+00 | 86 -0.73954 -7.24432e-03 | 87 -1.07423 -3.27110e-01
 88  0.74802  7.48767e-03 | 89 -0.06517  1.59482e+01 | 90 -0.02909  2.59928e-02
 91  0.32867 -1.92533e+01 | 92 -0.34754  7.35786e-04 | 93 -1.05106 -8.43694e-01
 94  0.75506 -3.39164e-02 |
94 variables; iteration 80; function evaluation 104; phase 4
Function value 3.4578133e+02; maximum gradient component mag -2.7503e+02
Var    Value     Gradient |Var    Value     Gradient |Var    Value     Gradient
  1  0.15977 -5.66767e+01 |  2 -0.13026 -6.21797e+01 |  3  0.26813 -5.57929e+01
  4 -0.98907  7.88598e-01 |  5  0.63010 -1.97161e+00 |  6 -0.99320  1.21201e+00
  7  0.00279 -2.75032e+02 |  8 -0.00554  4.04156e+00 |  9 -0.00639  4.26205e+00
 10 -0.00923  3.69558e+00 | 11 -0.01030  3.94688e+00 | 12 -0.01173  4.11791e+00
 13 -0.01883  1.85809e+00 | 14 -0.01756  3.36146e+00 | 15 -0.01898  3.75063e+00
 16 -0.02181  3.56491e+00 | 17 -0.02173  4.80046e+00 | 18 -0.03157  1.37094e+00
 19 -0.02782  4.45814e+00 | 20 -0.03077  4.35659e+00 | 21 -0.03605  3.08107e+00
 22 -0.04189  1.47507e+00 | 23 -0.03715  5.26027e+00 | 24 -0.03544  7.52127e+00
 25 -0.03801  7.43439e+00 | 26 -0.05310  5.17937e-01 | 27 -0.05192  2.22644e+00
 28 -0.05656  7.95302e-01 | 29 -0.05709  1.51026e+00 | 30 -0.05232  4.93932e+00
 31 -0.05620  3.12214e+00 | 32 -0.05017  6.02691e+00 | 33 -0.05450  1.88014e+00
 34 -0.04503  3.49845e+00 | 35 -0.04169 -3.45176e-01 | 36 -0.02902 -2.06436e+00
 37 -0.00200 -7.70563e-01 | 38  0.03041 -9.86691e-01 | 39  0.07252 -1.35398e+00
 40  0.07352 -3.68749e+00 | 41  0.05940 -9.91250e-02 | 42  0.02806  7.87155e-01
 43  0.00425 -8.36731e-02 | 44 -0.01050 -1.53959e+00 | 45 -0.02168 -4.52074e+00
 46 -0.00689  1.66863e+00 | 47 -0.00595  1.68324e+00 | 48 -0.00821 -4.43296e-01
 49 -0.00195  3.16643e+00 | 50 -0.03010 -1.18253e+00 | 51 -0.01752  2.79790e+00
 52  0.01356  2.70023e+00 | 53  0.04394  3.88636e+00 | 54  0.01656 -3.18299e-01
 55  0.03615 -1.74052e+00 | 56  0.03543 -3.53355e+00 | 57  0.04531 -2.16651e-01
 58  0.05442 -1.44699e+00 | 59  0.03892  1.13747e+00 | 60  0.03339 -9.52405e-01
 61  0.05050 -1.06225e+01 | 62  0.07362 -1.22327e+01 | 63  0.08066 -8.81561e+00
 64  0.07701 -1.52213e+01 | 65  0.05932 -9.15472e+00 | 66  0.07266 -1.01367e+01
 67  0.07720 -4.80258e+00 | 68  0.04348 -5.76798e+00 | 69  0.03591  3.78175e-01
 70  0.03128  3.56036e+00 | 71  0.00551  5.01180e+00 | 72 -0.01454  4.60848e+00
 73 -0.03935  4.18981e+00 | 74 -0.02891  4.23150e+00 | 75 -0.02340  2.75448e+00
 76 -0.01022  6.64024e+00 | 77  0.27799 -6.16577e+00 | 78  0.93330  2.97668e-02
 79  0.41793  6.18892e+00 | 80 -0.38124 -2.14408e-03 | 81 -0.96094  1.83265e-01
 82  0.11423  3.40574e-04 | 83 -0.01847 -3.29007e+00 | 84  0.37852  1.23853e-03
 85  0.38742  3.33966e+00 | 86 -0.66195 -5.36550e-03 | 87 -0.90278  5.06555e-01
 88  0.66806  5.33808e-03 | 89 -0.08338 -5.78890e+00 | 90 -0.02792 -4.93997e-03
 91  0.31275  1.01463e+01 | 92 -0.33324 -1.45224e-03 | 93 -0.97512  5.60140e-01
 94  0.70602  3.14155e-04 |
94 variables; iteration 100; function evaluation 147; phase 4
Function value 3.4531700e+02; maximum gradient component mag -2.4647e+02
Var    Value     Gradient |Var    Value     Gradient |Var    Value     Gradient
  1  0.15311 -3.00117e+01 |  2 -0.13160 -6.23326e+01 |  3  0.27724 -3.34664e+01
  4 -0.99922  7.76901e-02 |  5  0.69226 -1.31859e+00 |  6 -1.00251 -4.14807e-01
  7  0.00315 -2.46471e+02 |  8 -0.00485  3.13489e+00 |  9 -0.00805  2.36587e+00
 10 -0.00986  2.23723e+00 | 11 -0.00968  3.03654e+00 | 12 -0.01214  2.76972e+00
 13 -0.01378  2.93162e+00 | 14 -0.01576  3.02048e+00 | 15 -0.01758  3.25548e+00
 16 -0.01811  4.16411e+00 | 17 -0.02350  2.85326e+00 | 18 -0.03009  9.73071e-01
 19 -0.03103  1.81276e+00 | 20 -0.03198  2.69357e+00 | 21 -0.03459  2.76723e+00
 22 -0.03592  3.48577e+00 | 23 -0.04104  2.21800e+00 | 24 -0.04478  1.56582e+00
 25 -0.04707  1.58188e+00 | 26 -0.04820  2.14135e+00 | 27 -0.04937  2.61195e+00
 28 -0.05169  2.45561e+00 | 29 -0.05400  2.23509e+00 | 30 -0.05603  1.90934e+00
 31 -0.05643  2.07569e+00 | 32 -0.05700  1.30592e+00 | 33 -0.05440  1.08954e+00
 34 -0.04695  1.68957e+00 | 35 -0.03929  5.38904e-02 | 36 -0.02124  5.36796e-01
 37  0.00320  9.28158e-02 | 38  0.03192 -2.10534e+00 | 39  0.06401 -4.90493e+00
 40  0.08185 -5.97289e+00 | 41  0.04945 -5.30201e+00 | 42  0.02288 -3.87346e+00
 43  0.00615 -2.45887e+00 | 44 -0.00690 -3.10301e+00 | 45 -0.00785 -2.03650e+00
 46 -0.01069 -3.05980e+00 | 47 -0.01043 -3.61568e+00 | 48 -0.00684 -3.84742e+00
 49 -0.01108 -4.83930e+00 | 50 -0.02228 -2.53323e+00 | 51 -0.01728 -3.12681e+00
 52  0.00972 -7.00478e+00 | 53  0.03976 -7.55656e+00 | 54  0.01866 -6.60688e+00
 55  0.03506 -6.29792e+00 | 56  0.03951 -5.80543e+00 | 57  0.04135 -5.56316e+00
 58  0.05595 -6.72981e+00 | 59  0.03629 -4.65249e+00 | 60  0.02834 -2.76534e+00
 61  0.05619 -1.46346e+00 | 62  0.07732 -1.45260e+00 | 63  0.06992 -1.35972e+00
 64  0.08717  4.17310e-01 | 65  0.05316  1.21850e+00 | 66  0.07958  1.40638e+00
 67  0.06678  4.29676e-01 | 68  0.05569  2.89856e+00 | 69  0.03152  1.16546e+00
 70  0.02988  7.11963e-01 | 71  0.00495  1.27877e+00 | 72 -0.01495  2.33132e+00
 73 -0.03942  3.30985e+00 | 74 -0.03024  3.66971e+00 | 75 -0.01962  4.90970e+00
 76 -0.01420  3.58343e+00 | 77  0.27740 -4.65525e+00 | 78  0.83715  1.19916e-02
 79  0.41874  7.30403e+00 | 80 -0.34907 -1.92056e-03 | 81 -0.98554 -2.96254e-02
 82  0.08697  6.34142e-05 | 83 -0.05885 -3.51454e+00 | 84  0.36347  1.84663e-03
 85  0.35134  2.83371e+00 | 86 -0.60032 -4.34120e-03 | 87 -0.98528 -5.62556e-02
 88  0.60740  4.07934e-03 | 89 -0.08887 -4.72228e+00 | 90 -0.02101 -6.95190e-02
 91  0.30748  3.67224e+00 | 92 -0.32725  1.00319e-02 | 93 -0.99402 -9.14902e-02
 94  0.33338  7.32025e-03 |
94 variables; iteration 120; function evaluation 177; phase 4
Function value 3.4449326e+02; maximum gradient component mag -2.3622e+01
Var    Value     Gradient |Var    Value     Gradient |Var    Value     Gradient
  1  0.13614 -2.42843e+00 |  2 -0.13486 -5.79331e+00 |  3  0.30132 -2.41828e+00
  4 -0.99952  6.45800e-02 |  5  0.97338 -9.61838e-02 |  6 -1.00023  1.00390e-02
  7  0.00725 -2.36216e+01 |  8 -0.00494  2.57384e-01 |  9 -0.00662  1.43897e-01
 10 -0.00825  1.14712e-01 | 11 -0.00962  2.65740e-01 | 12 -0.01168  1.95350e-01
 13 -0.01347  3.14467e-01 | 14 -0.01581  2.65470e-01 | 15 -0.01813  3.03575e-01
 16 -0.02027  4.86062e-01 | 17 -0.02337  2.83703e-01 | 18 -0.02683 -5.77802e-02
 19 -0.02931  1.07939e-01 | 20 -0.03182  2.73769e-01 | 21 -0.03467  2.82657e-01
 22 -0.03734  3.73177e-01 | 23 -0.04052  1.68270e-01 | 24 -0.04343  3.63588e-02
 25 -0.04588  5.07406e-02 | 26 -0.04794  1.79291e-01 | 27 -0.04996  2.47580e-01
 28 -0.05218  2.14880e-01 | 29 -0.05429  2.08013e-01 | 30 -0.05611  1.63842e-01
 31 -0.05713  1.71559e-01 | 32 -0.05704  3.08212e-02 | 33 -0.05481  9.41045e-03
 34 -0.04952  6.29385e-02 | 35 -0.04065 -1.58132e-01 | 36 -0.02534  1.14784e-02
 37 -0.00305 -5.29917e-02 | 38  0.02694 -3.51656e-01 | 39  0.06335 -7.64326e-01
 40  0.08682 -7.20627e-01 | 41  0.05688 -9.00866e-01 | 42  0.02752 -4.91775e-01
 43  0.00682 -3.29891e-01 | 44 -0.00552 -4.41721e-01 | 45 -0.00999 -2.56078e-01
 46 -0.01155 -4.70281e-01 | 47 -0.01020 -5.04021e-01 | 48 -0.00665 -5.96769e-01
 49 -0.00873 -8.45469e-01 | 50 -0.02250 -3.24967e-01 | 51 -0.01822 -6.47892e-01
 52  0.01125 -1.24842e+00 | 53  0.03564 -1.21222e+00 | 54  0.01920 -1.30613e+00
 55  0.03494 -8.85673e-01 | 56  0.04135 -8.35507e-01 | 57  0.04173 -6.51056e-01
 58  0.05634 -8.95844e-01 | 59  0.03670 -6.88575e-01 | 60  0.02851 -2.47118e-01
 61  0.05445 -1.12536e-02 | 62  0.07737  9.36143e-02 | 63  0.07210  5.93068e-02
 64  0.08497  8.42692e-01 | 65  0.05368  8.61012e-01 | 66  0.07840  8.86338e-01
 67  0.07002  9.29209e-01 | 68  0.05226  8.58334e-01 | 69  0.03344  4.19987e-01
 70  0.03101  1.00242e-01 | 71  0.00526  1.19237e-01 | 72 -0.01565  2.82590e-01
 73 -0.03933  3.51911e-01 | 74 -0.02997  4.59221e-01 | 75 -0.02264  6.48597e-01
 76 -0.01522  3.87770e-01 | 77  0.25607 -8.39928e-01 | 78  0.05510  1.13776e-02
 79  0.41065  1.41425e+00 | 80  0.05054  9.16063e-04 | 81 -0.98207  1.92015e-02
 82  0.53600 -8.67616e-04 | 83 -0.11771 -6.14300e-01 | 84  0.44776 -5.57833e-04
 85  0.29741  5.97374e-01 | 86  0.04327 -4.55059e-04 | 87 -0.98494 -5.21649e-02
 88  0.16772 -7.55814e-03 | 89 -0.09141 -1.27746e+00 | 90 -0.01053 -5.84121e-01
 91  0.30312  5.62470e-01 | 92 -0.65246 -1.11885e-02 | 93 -0.99324 -1.20241e-02
 94  0.06185 -5.99971e-01 |
94 variables; iteration 140; function evaluation 212; phase 4
Function value 3.4416222e+02; maximum gradient component mag -9.4771e+01
Var    Value     Gradient |Var    Value     Gradient |Var    Value     Gradient
  1  0.13653 -8.14215e+00 |  2 -0.13387 -3.21246e+01 |  3  0.29998 -9.06844e+00
  4 -1.00709 -9.00433e-01 |  5  0.97655 -1.02105e-01 |  6 -0.99862  1.83245e-01
  7  0.00698 -9.47713e+01 |  8 -0.00542  1.09534e+00 |  9 -0.00720  9.30609e-01
 10 -0.00845  1.05342e+00 | 11 -0.00968  1.25900e+00 | 12 -0.01137  1.34068e+00
 13 -0.01328  1.39865e+00 | 14 -0.01570  1.30623e+00 | 15 -0.01822  1.23803e+00
 16 -0.01960  1.76679e+00 | 17 -0.02331  1.26521e+00 | 18 -0.02763  5.00762e-01
 19 -0.02954  9.19691e-01 | 20 -0.03178  1.21019e+00 | 21 -0.03436  1.33998e+00
 22 -0.03682  1.52524e+00 | 23 -0.04062  9.85601e-01 | 24 -0.04409  5.41285e-01
 25 -0.04608  7.79109e-01 | 26 -0.04787  1.04433e+00 | 27 -0.04981  1.14069e+00
 28 -0.05205  1.07819e+00 | 29 -0.05417  1.05494e+00 | 30 -0.05632  7.97395e-01
 31 -0.05744  7.13571e-01 | 32 -0.05758  4.07555e-01 | 33 -0.05485  6.09821e-01
 34 -0.04957  5.75603e-01 | 35 -0.04070  2.48259e-01 | 36 -0.02467  6.01781e-01
 37 -0.00300  1.82217e-02 | 38  0.02767 -3.97387e-01 | 39  0.06491 -1.21893e+00
 40  0.08435 -2.15843e+00 | 41  0.05731 -1.54506e+00 | 42  0.02711 -1.03516e+00
 43  0.00575 -9.87135e-01 | 44 -0.00551 -6.60690e-01 | 45 -0.00977 -4.37723e-01
 46 -0.01160 -8.68761e-01 | 47 -0.00987 -8.75880e-01 | 48 -0.00655 -1.23949e+00
 49 -0.00912 -1.77836e+00 | 50 -0.02159 -5.78904e-01 | 51 -0.01841 -1.46984e+00
 52  0.01238 -2.15347e+00 | 53  0.03574 -3.13101e+00 | 54  0.01859 -3.14287e+00
 55  0.03563 -2.68612e+00 | 56  0.04235 -3.20244e+00 | 57  0.04003 -4.40542e+00
 58  0.05656 -4.19508e+00 | 59  0.03690 -2.48683e+00 | 60  0.02772 -1.62537e+00
 61  0.05561 -5.63715e-01 | 62  0.07598 -1.08494e+00 | 63  0.07303  4.29795e-01
 64  0.08529  1.47088e+00 | 65  0.05370  1.32747e+00 | 66  0.07811  9.02740e-01
 67  0.07044  1.30170e+00 | 68  0.05209  1.37913e+00 | 69  0.03402  1.30114e+00
 70  0.03047  5.25011e-01 | 71  0.00566  8.77364e-01 | 72 -0.01573  8.51641e-01
 73 -0.03960  8.81364e-01 | 74 -0.02999  1.19106e+00 | 75 -0.02267  1.56379e+00
 76 -0.01485  1.76058e+00 | 77  0.26622 -1.00173e+01 | 78 -0.09216 -2.54061e+00
 79  0.41486  7.20677e+00 | 80 -0.06515 -2.56145e-01 | 81 -0.98965 -8.93262e-02
 82 -0.00197 -1.63933e-01 | 83 -0.11624  3.40614e-01 | 84  0.36288  1.57017e-04
 85  0.29825 -7.77171e-01 | 86  0.02846 -1.66251e-04 | 87 -0.98690 -7.90020e-02
 88  0.39969  9.79421e-04 | 89 -0.09158 -1.86746e+00 | 90 -0.01217 -8.31259e-01
 91  0.30300  2.25554e-01 | 92 -0.48574 -1.08788e-02 | 93 -1.01258 -2.67322e-01
 94  0.06614 -3.09866e+00 |
94 variables; iteration 160; function evaluation 238; phase 4
Function value 3.4392909e+02; maximum gradient component mag -1.1360e+00
Var    Value     Gradient |Var    Value     Gradient |Var    Value     Gradient
  1  0.13686 -1.47159e-01 |  2 -0.13359 -7.76769e-03 |  3  0.29915 -1.44333e-01
  4 -0.99991  4.70755e-03 |  5  1.00158  6.20967e-05 |  6 -0.99955  3.83614e-02
  7  0.00726 -1.13599e+00 |  8 -0.00495  2.00708e-02 |  9 -0.00639  1.40756e-02
 10 -0.00797  1.45452e-02 | 11 -0.00969  1.83593e-02 | 12 -0.01158  2.90357e-02
 13 -0.01369  1.45722e-02 | 14 -0.01592  1.83006e-02 | 15 -0.01832  2.21520e-02
 16 -0.02087  2.33682e-02 | 17 -0.02355  2.23770e-02 | 18 -0.02635  1.00841e-02
 19 -0.02917  1.74400e-02 | 20 -0.03204  1.50072e-02 | 21 -0.03492  1.42409e-02
 22 -0.03776  2.36155e-02 | 23 -0.04058  1.20586e-02 | 24 -0.04326  4.00845e-03
 25 -0.04574  1.36292e-02 | 26 -0.04804  1.80343e-02 | 27 -0.05019  1.94774e-02
 28 -0.05236  1.97182e-02 | 29 -0.05448  1.38636e-02 | 30 -0.05624  7.76105e-03
 31 -0.05727  8.72727e-03 | 32 -0.05696  8.38398e-03 | 33 -0.05470  1.13264e-02
 34 -0.04952  7.94950e-03 | 35 -0.04028  7.80704e-03 | 36 -0.02540  2.76362e-03
 37 -0.00318  7.41904e-03 | 38  0.02716 -3.82999e-03 | 39  0.06419 -2.35771e-02
 40  0.08568 -9.69568e-03 | 41  0.05747 -9.65404e-03 | 42  0.02706 -9.92332e-03
 43  0.00622 -7.74970e-03 | 44 -0.00570  6.03533e-03 | 45 -0.01057  1.12958e-02
 46 -0.01163 -2.32614e-03 | 47 -0.01019 -7.12938e-03 | 48 -0.00634  6.13069e-03
 49 -0.00776 -3.10494e-03 | 50 -0.02257  3.11473e-03 | 51 -0.01790  1.31667e-02
 52  0.01209 -2.60315e-02 | 53  0.03543 -5.82593e-04 | 54  0.01999 -6.46178e-03
 55  0.03485  1.32995e-02 | 56  0.04155  2.90747e-03 | 57  0.04171  2.11572e-02
 58  0.05649  1.62483e-02 | 59  0.03680  4.43525e-03 | 60  0.02841 -2.70411e-02
 61  0.05422 -4.68142e-02 | 62  0.07721 -6.19443e-02 | 63  0.07286 -4.52701e-02
 64  0.08447 -7.29399e-02 | 65  0.05360 -6.04598e-02 | 66  0.07869 -2.83632e-02
 67  0.06990 -2.44061e-02 | 68  0.05208 -9.40898e-03 | 69  0.03349 -1.70029e-03
 70  0.03121  2.21086e-02 | 71  0.00531  6.60333e-03 | 72 -0.01571 -4.37842e-03
 73 -0.03933  2.62868e-02 | 74 -0.03007  9.15398e-03 | 75 -0.02290  6.77117e-03
 76 -0.01510  8.35695e-03 | 77  0.26641  5.13714e-02 | 78 -0.00682  5.73499e-02
 79  0.41468  2.29375e-02 | 80 -0.64386  2.84313e-03 | 81 -0.98495 -1.15208e-02
 82 -0.00879  4.59771e-03 | 83 -0.11623 -2.32382e-02 | 84  0.34418 -1.80035e-03
 85  0.29866  1.31267e-02 | 86  0.07201 -2.17155e-04 | 87 -0.98006  7.00912e-04
 88  0.36046 -3.03730e-04 | 89 -0.09028 -1.79708e-02 | 90 -0.01183 -1.94550e-02
 91  0.30406  1.53415e-02 | 92 -0.58280 -3.02597e-03 | 93 -0.99305 -2.35511e-03
 94  0.06160 -2.76584e-02 |
94 variables; iteration 180; function evaluation 258; phase 4
Function value 3.4392896e+02; maximum gradient component mag 4.5171e-02
Var    Value     Gradient |Var    Value     Gradient |Var    Value     Gradient
  1  0.13684 -2.60848e-03 |  2 -0.13359 -3.18661e-03 |  3  0.29919  2.80308e-04
  4 -0.99990  7.22915e-03 |  5  1.00141 -9.05902e-04 |  6 -0.99966  1.60935e-02
  7  0.00727  4.51713e-02 |  8 -0.00496 -1.19907e-03 |  9 -0.00638 -7.10474e-04
 10 -0.00796 -6.33196e-04 | 11 -0.00970 -6.24449e-04 | 12 -0.01160 -9.70369e-04
 13 -0.01368 -7.89804e-04 | 14 -0.01593 -6.41721e-04 | 15 -0.01834 -5.90576e-04
 16 -0.02089 -7.67483e-04 | 17 -0.02357 -9.99849e-04 | 18 -0.02634 -4.63346e-04
 19 -0.02917 -6.99522e-04 | 20 -0.03204 -6.73978e-04 | 21 -0.03492 -4.47876e-04
 22 -0.03778 -1.07695e-03 | 23 -0.04058 -4.74038e-04 | 24 -0.04324 -1.61785e-05
 25 -0.04574 -4.21598e-04 | 26 -0.04805 -7.82356e-04 | 27 -0.05020 -2.44535e-04
 28 -0.05237 -7.03040e-04 | 29 -0.05449 -1.19380e-04 | 30 -0.05623  1.29978e-04
 31 -0.05727  6.69357e-05 | 32 -0.05695 -1.26212e-04 | 33 -0.05470 -5.98798e-04
 34 -0.04952 -1.41147e-04 | 35 -0.04029 -3.15684e-04 | 36 -0.02540  1.39280e-04
 37 -0.00320  9.42624e-04 | 38  0.02715  8.31817e-04 | 39  0.06425  1.90361e-03
 40  0.08563  9.92762e-04 | 41  0.05748  1.63258e-03 | 42  0.02709  1.12052e-03
 43  0.00624  9.61843e-04 | 44 -0.00571  9.76912e-05 | 45 -0.01059 -2.29292e-04
 46 -0.01162  5.36539e-04 | 47 -0.01017  1.99256e-04 | 48 -0.00635  9.56904e-05
 49 -0.00775 -2.96961e-04 | 50 -0.02257 -1.25570e-05 | 51 -0.01793 -9.96251e-05
 52  0.01214 -4.90972e-04 | 53  0.03540 -1.91186e-03 | 54  0.02001 -3.22928e-03
 55  0.03482 -2.17750e-03 | 56  0.04158 -3.99419e-03 | 57  0.04169 -3.42853e-03
 58  0.05649 -3.53322e-03 | 59  0.03679 -1.95836e-03 | 60  0.02842 -4.78417e-04
 61  0.05423  5.50450e-04 | 62  0.07723  1.81867e-03 | 63  0.07283  3.21857e-03
 64  0.08448  6.43007e-03 | 65  0.05365  5.86657e-03 | 66  0.07864  4.57741e-03
 67  0.06992  6.92061e-03 | 68  0.05208  1.70802e-03 | 69  0.03350 -4.01177e-03
 70  0.03118  4.48951e-04 | 71  0.00532 -7.87356e-04 | 72 -0.01568  1.24948e-04
 73 -0.03936 -5.02780e-04 | 74 -0.03006 -2.95504e-04 | 75 -0.02290 -5.89851e-05
 76 -0.01510 -7.37623e-04 | 77  0.26637 -3.52086e-03 | 78 -0.00680 -6.59256e-04
 79  0.41466  5.13128e-03 | 80 -0.66241 -2.99277e-05 | 81 -0.98417 -1.86301e-05
 82 -0.00873 -1.06134e-04 | 83 -0.11626  1.28829e-03 | 84  0.36711 -1.85062e-05
 85  0.29863 -1.77855e-03 | 86  0.07083  2.45839e-05 | 87 -0.98012  7.11418e-05
 88  0.34857 -2.52785e-05 | 89 -0.09027 -8.55118e-03 | 90 -0.01265 -5.36021e-03
 91  0.30406  6.10189e-03 | 92 -0.53434 -6.08614e-05 | 93 -0.99301  3.69314e-05
 94  0.06138  5.50457e-04 |
94 variables; iteration 200; function evaluation 278; phase 4
Function value 3.4392896e+02; maximum gradient component mag 1.2005e-03
Var    Value     Gradient |Var    Value     Gradient |Var    Value     Gradient
  1  0.13684 -2.83950e-05 |  2 -0.13359 -3.06787e-04 |  3  0.29918 -8.11060e-05
  4 -0.99993 -1.18774e-05 |  5  1.00157 -9.92792e-06 |  6 -0.99973 -2.40968e-04
  7  0.00727  1.20048e-03 |  8 -0.00496 -1.70892e-05 |  9 -0.00638 -1.49861e-05
 10 -0.00796 -1.45962e-05 | 11 -0.00970 -1.67217e-05 | 12 -0.01160 -1.21181e-05
 13 -0.01368 -8.68138e-06 | 14 -0.01593 -1.28885e-05 | 15 -0.01834 -1.04492e-05
 16 -0.02089 -1.16963e-05 | 17 -0.02357 -1.75858e-05 | 18 -0.02634 -1.65696e-05
 19 -0.02917 -9.81886e-06 | 20 -0.03204 -6.01772e-06 | 21 -0.03492 -1.41707e-05
 22 -0.03778 -1.16408e-06 | 23 -0.04058 -5.52648e-06 | 24 -0.04324 -1.75345e-05
 25 -0.04574 -1.13244e-05 | 26 -0.04805  3.00372e-06 | 27 -0.05020  1.60357e-06
 28 -0.05237  6.29858e-06 | 29 -0.05449 -4.26187e-07 | 30 -0.05623 -7.35367e-06
 31 -0.05727 -2.62108e-06 | 32 -0.05695 -1.26632e-06 | 33 -0.05470  3.34963e-06
 34 -0.04952 -5.31138e-07 | 35 -0.04028  6.07514e-06 | 36 -0.02540  8.70731e-06
 37 -0.00320  7.77617e-07 | 38  0.02715  1.97231e-05 | 39  0.06424  2.97429e-05
 40  0.08564  1.25353e-05 | 41  0.05748  1.29670e-05 | 42  0.02709  5.13139e-07
 43  0.00624 -5.06711e-07 | 44 -0.00571  7.75372e-06 | 45 -0.01059  8.86444e-07
 46 -0.01162 -1.61266e-05 | 47 -0.01017 -1.59851e-05 | 48 -0.00635 -1.81585e-05
 49 -0.00775 -2.90552e-05 | 50 -0.02257 -1.62627e-05 | 51 -0.01793 -2.47870e-05
 52  0.01214 -4.73582e-05 | 53  0.03540 -4.17494e-05 | 54  0.02001 -1.04015e-04
 55  0.03482 -4.70980e-05 | 56  0.04158 -1.04502e-04 | 57  0.04169 -4.96429e-05
 58  0.05649 -5.90386e-05 | 59  0.03679 -4.18027e-05 | 60  0.02842 -2.27952e-05
 61  0.05422 -4.92392e-06 | 62  0.07723  2.38233e-05 | 63  0.07283  4.11342e-05
 64  0.08448  6.06727e-05 | 65  0.05364  6.36287e-05 | 66  0.07865  7.50450e-05
 67  0.06992  1.51791e-04 | 68  0.05208  4.40791e-05 | 69  0.03351  1.29455e-04
 70  0.03118  4.48553e-05 | 71  0.00532  6.68487e-06 | 72 -0.01568  7.57641e-06
 73 -0.03936 -4.24968e-07 | 74 -0.03006 -7.76762e-06 | 75 -0.02290 -1.96297e-05
 76 -0.01510 -3.50774e-05 | 77  0.26637 -4.95430e-06 | 78 -0.00681  8.72194e-06
 79  0.41466  5.00374e-05 | 80 -0.66219  3.16505e-08 | 81 -0.98417 -2.20020e-06
 82 -0.00873  3.73841e-06 | 83 -0.11626  1.38646e-05 | 84  0.36735 -1.22446e-06
 85  0.29863 -1.87440e-05 | 86  0.06752  5.68626e-06 | 87 -0.98013  9.23006e-07
 88  0.34972 -7.63894e-08 | 89 -0.09027  1.14292e-04 | 90 -0.01263  2.24660e-04
 91  0.30406  6.52803e-05 | 92 -0.53490  3.28725e-06 | 93 -0.99301 -4.82900e-06
 94  0.06140  7.37319e-05 |
Warning: the following parameters had issues
  MGparm[5] is within 0.1% of lower bound: -1.00000e+00 < -1.00000e+00 < 2.00000e+00
  MGparm[6] is within 0.1% of upper bound: 5.00000e-02 < 3.50000e-01 < 3.50000e-01
  MGparm[7] is within 0.1% of lower bound: 5.00000e-02 < 5.00000e-02 < 2.50000e-01
  selparm[5] is within 0.1% of lower bound: -5.00000e+00 < -4.99784e+00 < 9.00000e+00
  selparm[11] is within 0.1% of lower bound: -5.00000e+00 < -4.99659e+00 < 9.00000e+00
  selparm[17] is within 0.1% of lower bound: -5.00000e+00 < -4.99958e+00 < 9.00000e+00


 - final statistics:
94 variables; iteration 207; function evaluation 285
Function value 3.4393e+02; maximum gradient component mag -5.6992e-05
Exit code = 1;  converg criter 1.0000e-04
Var    Value     Gradient |Var    Value     Gradient |Var    Value     Gradient
  1  0.13684 -4.66193e-06 |  2 -0.13359  1.18958e-05 |  3  0.29918  2.65014e-06
  4 -0.99993 -3.50082e-06 |  5  1.00157 -7.07563e-08 |  6 -0.99973  8.80403e-06
  7  0.00727 -5.69917e-05 |  8 -0.00496 -1.89683e-06 |  9 -0.00638  2.51622e-06
 10 -0.00796  2.45457e-06 | 11 -0.00970  3.34096e-07 | 12 -0.01160 -6.51617e-06
 13 -0.01368 -3.05692e-07 | 14 -0.01593  3.50468e-07 | 15 -0.01834  2.60183e-07
 16 -0.02089 -4.73398e-06 | 17 -0.02357 -1.17916e-06 | 18 -0.02634  8.85715e-06
 19 -0.02917  1.93094e-06 | 20 -0.03204 -1.90344e-07 | 21 -0.03492  1.87967e-06
 22 -0.03778 -4.97181e-06 | 23 -0.04058  2.37558e-06 | 24 -0.04324  1.31078e-05
 25 -0.04574  7.66600e-06 | 26 -0.04805 -6.34695e-07 | 27 -0.05020  4.61215e-06
 28 -0.05237  3.34325e-06 | 29 -0.05449  1.94660e-06 | 30 -0.05623  7.65552e-06
 31 -0.05727  3.39661e-06 | 32 -0.05695  8.88089e-06 | 33 -0.05470 -6.41754e-07
 34 -0.04952  1.06924e-05 | 35 -0.04028  7.13485e-06 | 36 -0.02540 -3.81922e-06
 37 -0.00320  3.49814e-07 | 38  0.02715  4.51099e-06 | 39  0.06424  9.30106e-07
 40  0.08564  2.97544e-06 | 41  0.05748  1.49706e-06 | 42  0.02709  2.07122e-06
 43  0.00624  3.86601e-06 | 44 -0.00571 -5.18042e-06 | 45 -0.01059 -3.09125e-06
 46 -0.01162  7.38557e-06 | 47 -0.01017  3.88864e-06 | 48 -0.00635 -2.22263e-06
 49 -0.00775 -2.51210e-06 | 50 -0.02257 -7.43240e-06 | 51 -0.01793 -8.52161e-06
 52  0.01214 -1.69839e-05 | 53  0.03540 -1.43443e-05 | 54  0.02001 -3.09432e-05
 55  0.03482 -1.72804e-05 | 56  0.04158 -2.78988e-05 | 57  0.04169 -1.23820e-05
 58  0.05649 -1.78228e-05 | 59  0.03679 -1.53153e-05 | 60  0.02842 -2.73679e-06
 61  0.05422  3.91667e-06 | 62  0.07723  6.00118e-06 | 63  0.07283 -5.72110e-06
 64  0.08448 -1.46911e-05 | 65  0.05364 -1.23521e-05 | 66  0.07865 -1.29922e-05
 67  0.06992  7.08313e-06 | 68  0.05208 -6.90587e-06 | 69  0.03351  4.43977e-05
 70  0.03118  1.68073e-05 | 71  0.00532  6.26671e-06 | 72 -0.01568  7.33038e-06
 73 -0.03936  1.71599e-06 | 74 -0.03006  1.78568e-06 | 75 -0.02290 -2.66770e-07
 76 -0.01510  1.69272e-06 | 77  0.26637 -1.25175e-05 | 78 -0.00681 -2.09025e-06
 79  0.41466  2.15402e-05 | 80 -0.66219 -3.15026e-08 | 81 -0.98417 -9.39740e-07
 82 -0.00873 -4.84763e-07 | 83 -0.11626  4.09758e-06 | 84  0.36743  8.51967e-08
 85  0.29863 -6.70043e-06 | 86  0.06660 -2.29936e-07 | 87 -0.98013 -5.19881e-07
 88  0.34978  4.86766e-08 | 89 -0.09027 -5.08787e-06 | 90 -0.01263 -1.03063e-05
 91  0.30406 -2.00299e-06 | 92 -0.53489 -1.18510e-07 | 93 -0.99301 -1.00810e-06
 94  0.06140 -3.53074e-06 |
Estimating row 1 out of 94 for hessian
Estimating row 2 out of 94 for hessian
Estimating row 3 out of 94 for hessian
Estimating row 4 out of 94 for hessian
Estimating row 5 out of 94 for hessian
Estimating row 6 out of 94 for hessian
Estimating row 7 out of 94 for hessian
Estimating row 8 out of 94 for hessian
Estimating row 9 out of 94 for hessian
Estimating row 10 out of 94 for hessian
Estimating row 11 out of 94 for hessian
Estimating row 12 out of 94 for hessian
Estimating row 13 out of 94 for hessian
Estimating row 14 out of 94 for hessian
Estimating row 15 out of 94 for hessian
Estimating row 16 out of 94 for hessian
Estimating row 17 out of 94 for hessian
Estimating row 18 out of 94 for hessian
Estimating row 19 out of 94 for hessian
Estimating row 20 out of 94 for hessian
Estimating row 21 out of 94 for hessian
Estimating row 22 out of 94 for hessian
Estimating row 23 out of 94 for hessian
Estimating row 24 out of 94 for hessian
Estimating row 25 out of 94 for hessian
Estimating row 26 out of 94 for hessian
Estimating row 27 out of 94 for hessian
Estimating row 28 out of 94 for hessian
Estimating row 29 out of 94 for hessian
Estimating row 30 out of 94 for hessian
Estimating row 31 out of 94 for hessian
Estimating row 32 out of 94 for hessian
Estimating row 33 out of 94 for hessian
Estimating row 34 out of 94 for hessian
Estimating row 35 out of 94 for hessian
Estimating row 36 out of 94 for hessian
Estimating row 37 out of 94 for hessian
Estimating row 38 out of 94 for hessian
Estimating row 39 out of 94 for hessian
Estimating row 40 out of 94 for hessian
Estimating row 41 out of 94 for hessian
Estimating row 42 out of 94 for hessian
Estimating row 43 out of 94 for hessian
Estimating row 44 out of 94 for hessian
Estimating row 45 out of 94 for hessian
Estimating row 46 out of 94 for hessian
Estimating row 47 out of 94 for hessian
Estimating row 48 out of 94 for hessian
Estimating row 49 out of 94 for hessian
Estimating row 50 out of 94 for hessian
Estimating row 51 out of 94 for hessian
Estimating row 52 out of 94 for hessian
Estimating row 53 out of 94 for hessian
Estimating row 54 out of 94 for hessian
Estimating row 55 out of 94 for hessian
Estimating row 56 out of 94 for hessian
Estimating row 57 out of 94 for hessian
Estimating row 58 out of 94 for hessian
Estimating row 59 out of 94 for hessian
Estimating row 60 out of 94 for hessian
Estimating row 61 out of 94 for hessian
Estimating row 62 out of 94 for hessian
Estimating row 63 out of 94 for hessian
Estimating row 64 out of 94 for hessian
Estimating row 65 out of 94 for hessian
Estimating row 66 out of 94 for hessian
Estimating row 67 out of 94 for hessian
Estimating row 68 out of 94 for hessian
Estimating row 69 out of 94 for hessian
Estimating row 70 out of 94 for hessian
Estimating row 71 out of 94 for hessian
Estimating row 72 out of 94 for hessian
Estimating row 73 out of 94 for hessian
Estimating row 74 out of 94 for hessian
Estimating row 75 out of 94 for hessian
Estimating row 76 out of 94 for hessian
Estimating row 77 out of 94 for hessian
Estimating row 78 out of 94 for hessian
Estimating row 79 out of 94 for hessian
Estimating row 80 out of 94 for hessian
Estimating row 81 out of 94 for hessian
Estimating row 82 out of 94 for hessian
Estimating row 83 out of 94 for hessian
Estimating row 84 out of 94 for hessian
Estimating row 85 out of 94 for hessian
Estimating row 86 out of 94 for hessian
Estimating row 87 out of 94 for hessian
Estimating row 88 out of 94 for hessian
Estimating row 89 out of 94 for hessian
Estimating row 90 out of 94 for hessian
Estimating row 91 out of 94 for hessian
Estimating row 92 out of 94 for hessian
Estimating row 93 out of 94 for hessian
Estimating row 94 out of 94 for hessian
size of file gradfil1.tmp = 0
size of file gradfil2.tmp = 0
size of file varssave.tmp = 0
size of file cmpdiff.tmp = 0
