
Initial statistics: 1 variables; iteration 0; function evaluation 0; phase 1
Function value 7.5749583e+03; maximum gradient component mag 1.9722e+04
Var    Value     Gradient |Var    Value     Gradient |Var    Value     Gradient
  1  0.01001  1.97224e+04 |

 - final statistics:
1 variables; iteration 4; function evaluation 8
Function value 7.4188e+03; maximum gradient component mag 6.0051e-02
Exit code = 1;  converg criter 1.0000e+01
Var    Value     Gradient |Var    Value     Gradient |Var    Value     Gradient
  1 -0.00532  6.00513e-02 |

Initial statistics: 79 variables; iteration 0; function evaluation 0; phase 2
Function value 7.4187709e+03; maximum gradient component mag -1.6461e+03
Var    Value     Gradient |Var    Value     Gradient |Var    Value     Gradient
  1 -0.00532  6.00513e-02 |  2 -0.00240  2.96744e+01 |  3 -0.00348  3.28433e+01
  4  0.00493  4.28736e+01 |  5  0.00480  4.80357e+01 |  6 -0.00244  4.84704e+01
  7 -0.00109  5.59276e+01 |  8  0.00153  6.54811e+01 |  9  0.00489  7.70509e+01
 10  0.00409  8.58741e+01 | 11  0.00441  9.68203e+01 | 12  0.00308  1.06871e+02
 13  0.00183  1.17849e+02 | 14  0.00048  1.29626e+02 | 15 -0.00301  1.39240e+02
 16 -0.00404  1.53083e+02 | 17 -0.00210  1.72613e+02 | 18  0.00198  1.97353e+02
 19 -0.00330  2.04914e+02 | 20  0.00525  2.41829e+02 | 21  0.00489  2.59849e+02
 22  0.00046  2.68870e+02 | 23 -0.00041  2.88173e+02 | 24  0.00208  3.18865e+02
 25  0.00110  3.42825e+02 | 26  0.00395  3.78050e+02 | 27  0.00499  4.06373e+02
 28  0.00364  4.22711e+02 | 29 -0.00258  4.18997e+02 | 30 -0.00424  4.28065e+02
 31  0.00093  4.55337e+02 | 32 -0.00103  4.48383e+02 | 33 -0.00177  4.46739e+02
 34 -0.00061  4.51933e+02 | 35 -0.00427  4.47623e+02 | 36  0.00112  4.85756e+02
 37 -0.00421  4.87738e+02 | 38 -0.00081  5.29288e+02 | 39 -0.00446  5.34655e+02
 40 -0.00078  5.58363e+02 | 41  0.00421  5.70773e+02 | 42 -0.00277  5.22583e+02
 43  0.00113  4.71208e+02 | 44  0.00252  4.55722e+02 | 45  0.00205  5.59072e+02
 46 -0.00278  5.82978e+02 | 47 -0.00443  3.38896e+02 | 48  0.00049  2.75135e+02
 49 -0.00422  1.53618e+02 | 50  0.00271 -5.07897e+01 | 51 -0.00085 -1.53301e+01
 52 -0.00473 -5.03295e+01 | 53  0.00321 -5.20371e+02 | 54  0.00221 -4.49597e+02
 55 -0.00153 -9.05862e+02 | 56  0.00369 -1.00536e+03 | 57  0.00203 -1.32090e+03
 58 -0.00434 -1.17793e+03 | 59  0.00427 -1.38979e+03 | 60 -0.00441 -1.34552e+03
 61 -0.00122 -1.64605e+03 | 62 -0.00162 -1.35118e+03 | 63 -0.00286 -1.30986e+03
 64 -0.00391 -9.30504e+02 | 65 -0.00489 -7.43399e+02 | 66  0.00239 -4.71492e+02
 67 -0.00144 -1.38543e+02 | 68  0.00210  1.16735e+02 | 69  0.00353  1.63448e+02
 70 -0.00391  1.87636e+02 | 71  0.29892 -4.14129e+02 | 72 -0.99503 -1.67097e-01
 73 -0.04881  8.09169e+01 | 74  0.07267  4.64210e+01 | 75 -0.99450 -3.56679e-01
 76 -0.11972  2.50170e+02 | 77 -0.06952  1.57221e+03 | 78 -0.99752 -5.27171e-01
 79  0.13394  1.59647e+02 |

Intermediate statistics: 79 variables; iteration 20; function evaluation 31; phase 2
Function value 7.0377941e+03; maximum gradient component mag -6.1045e+03
Var    Value     Gradient |Var    Value     Gradient |Var    Value     Gradient
  1 -0.02631 -6.10447e+03 |  2  0.00077  8.98600e+01 |  3  0.00115  9.12554e+01
  4 -0.00337  9.05091e+01 |  5 -0.00323  9.21173e+01 |  6 -0.00045  9.52933e+01
  7 -0.00177  9.67303e+01 |  8 -0.00405  9.79920e+01 |  9 -0.00727  9.91383e+01
 10 -0.00993  1.00941e+02 | 11 -0.01276  1.02897e+02 | 12 -0.01666  1.04512e+02
 13 -0.02316  1.04948e+02 | 14 -0.03412  1.03180e+02 | 15 -0.04736  1.00283e+02
 16 -0.05713  9.92769e+01 | 17 -0.06208  1.00749e+02 | 18 -0.06394  1.03668e+02
 19 -0.06797  1.04307e+02 | 20 -0.06254  1.11784e+02 | 21 -0.05673  1.18161e+02
 22 -0.05177  1.23339e+02 | 23 -0.04494  1.30496e+02 | 24 -0.03628  1.40058e+02
 25 -0.03012  1.48739e+02 | 26 -0.02170  1.59575e+02 | 27 -0.01480  1.69084e+02
 28 -0.00945  1.76999e+02 | 29 -0.00955  1.81366e+02 | 30 -0.00653  1.92840e+02
 31  0.00562  2.16907e+02 | 32  0.01599  2.41817e+02 | 33  0.02745  2.76108e+02
 34  0.03923  3.19069e+02 | 35  0.03754  3.45321e+02 | 36  0.04214  3.95601e+02
 37  0.02530  3.96106e+02 | 38  0.01670  4.15800e+02 | 39  0.00372  4.11793e+02
 40  0.00524  4.31528e+02 | 41  0.01403  4.59092e+02 | 42  0.01167  4.52222e+02
 43  0.04277  5.17707e+02 | 44  0.05527  5.67596e+02 | 45  0.01924  5.05332e+02
 46 -0.00484  4.19787e+02 | 47  0.02695  3.68846e+02 | 48  0.03132  3.21268e+02
 49  0.01665  1.31569e+02 | 50  0.02484 -4.64363e+01 | 51  0.00376 -1.30822e+02
 52 -0.00358 -1.90801e+02 | 53  0.00186 -7.02916e+02 | 54  0.01566 -4.60927e+02
 55  0.01845 -8.18862e+02 | 56 -0.00771 -9.42023e+02 | 57  0.07564 -9.53646e+02
 58 -0.02403 -9.95628e+02 | 59  0.04937 -1.10594e+03 | 60  0.03097 -9.62974e+02
 61  0.08065 -8.71533e+02 | 62  0.00095 -8.92106e+02 | 63  0.07562 -6.78965e+02
 64  0.00193 -5.72199e+02 | 65  0.04053 -3.92369e+02 | 66  0.01005 -3.21206e+02
 67 -0.01652 -2.18178e+02 | 68 -0.03319 -8.73003e+01 | 69 -0.02281  1.48824e+01
 70 -0.03173  9.10769e+01 | 71  0.35944 -3.48080e+02 | 72 -0.99045 -9.32307e-02
 73 -0.44863 -3.50016e+01 | 74  0.08480 -3.77884e+02 | 75 -0.98687 -3.51112e-01
 76 -0.38577 -1.44572e+02 | 77 -0.10044  1.06169e+03 | 78 -0.99112 -7.63213e-01
 79  0.24583 -2.06442e+01 |
79 variables; iteration 40; function evaluation 63; phase 2
Function value 6.7228319e+03; maximum gradient component mag 6.0804e+02
Var    Value     Gradient |Var    Value     Gradient |Var    Value     Gradient
  1 -0.02696  6.08043e+02 |  2 -0.19088 -7.52062e+01 |  3 -0.19085 -7.48594e+01
  4 -0.08348 -3.30716e+01 |  5 -0.07888 -3.00158e+01 |  6 -0.08583 -3.19127e+01
  7 -0.03767 -7.41571e+00 |  8  0.00736  1.97715e+01 |  9  0.03914  4.38040e+01
 10  0.06598  6.90458e+01 | 11  0.08101  8.90133e+01 | 12  0.08501  1.01510e+02
 13  0.07323  9.94376e+01 | 14  0.04450  8.08576e+01 | 15  0.00601  5.43473e+01
 16 -0.02990  3.13365e+01 | 17 -0.05536  1.68627e+01 | 18 -0.07143  8.94841e+00
 19 -0.08348  3.56892e+00 | 20 -0.07497  1.33693e+01 | 21 -0.06089  2.74742e+01
 22 -0.05423  3.56087e+01 | 23 -0.05130  4.02506e+01 | 24 -0.05127  4.18033e+01
 25 -0.05718  3.94418e+01 | 26 -0.05779  4.17290e+01 | 27 -0.05241  4.91576e+01
 28 -0.03821  6.32111e+01 | 29 -0.02120  8.18053e+01 | 30  0.00734  1.19426e+02
 31  0.03012  1.49127e+02 | 32  0.03102  1.44646e+02 | 33  0.04833  1.68606e+02
 34  0.04874  1.67182e+02 | 35  0.03465  1.55485e+02 | 36  0.00682  1.27241e+02
 37 -0.00883  1.24866e+02 | 38 -0.01687  1.35280e+02 | 39 -0.00312  1.78893e+02
 40  0.00239  1.95212e+02 | 41  0.00724  1.94587e+02 | 42  0.00156  1.74222e+02
 43 -0.00911  1.19209e+02 | 44  0.06784  2.97534e+02 | 45  0.00732  2.13061e+02
 46 -0.05603  6.27489e+01 | 47  0.03616  2.18554e+02 | 48  0.02464  1.15995e+02
 49  0.00826 -8.81287e+01 | 50  0.00972 -2.58504e+02 | 51  0.01646  2.28876e+01
 52  0.00419 -7.25794e+01 | 53  0.00801 -5.33505e+02 | 54  0.00944 -3.20103e+02
 55  0.02562 -5.01485e+02 | 56  0.10176  2.74325e+02 | 57  0.04044 -5.85563e+02
 58  0.06281 -3.35236e+02 | 59  0.04622 -6.07451e+02 | 60  0.07361 -1.56335e+02
 61  0.07720 -3.85605e+02 | 62  0.08330 -8.91453e+01 | 63  0.05673 -3.11213e+02
 64  0.08171  1.34092e+02 | 65  0.03322 -1.96983e+02 | 66  0.02520 -1.96740e+02
 67  0.01914  1.77043e-01 | 68 -0.01379  1.38768e-01 | 69 -0.00076  8.76415e+01
 70 -0.02005  6.15276e+01 | 71  0.35739 -3.55682e+02 | 72 -0.88475 -8.98751e-02
 73 -0.45867 -3.78216e+01 | 74  0.06690 -2.78238e+02 | 75 -0.23400  3.58581e+01
 76 -0.26073  5.86898e+01 | 77 -0.11939 -4.01920e+02 | 78 -0.19286 -7.99298e+01
 79  0.24511 -3.84851e+00 |
79 variables; iteration 60; function evaluation 95; phase 2
Function value 6.6017468e+03; maximum gradient component mag 5.9230e+02
Var    Value     Gradient |Var    Value     Gradient |Var    Value     Gradient
  1 -0.03064  1.18541e+02 |  2 -0.06683 -2.10303e+01 |  3 -0.08931 -2.95809e+01
  4 -0.04174 -9.87476e+00 |  5 -0.04763 -1.17383e+01 |  6 -0.05472 -1.40628e+01
  7 -0.06702 -1.85360e+01 |  8 -0.08336 -2.46454e+01 |  9 -0.03309 -1.78501e+00
 10  0.02226  2.65559e+01 | 11  0.00611  2.03819e+01 | 12  0.02604  3.33273e+01
 13  0.01277  2.87075e+01 | 14 -0.00034  2.42507e+01 | 15 -0.02258  1.46070e+01
 16 -0.04116  6.74118e+00 | 17 -0.05182  2.87649e+00 | 18 -0.05726  1.55618e+00
 19 -0.06147  6.36248e-01 | 20 -0.04555  1.10838e+01 | 21 -0.03455  1.84293e+01
 22 -0.05351  7.33089e+00 | 23 -0.06788 -7.96165e-01 | 24 -0.04516  1.24730e+01
 25 -0.01869  2.98016e+01 | 26 -0.07314 -3.19306e+00 | 27 -0.06714 -2.14996e-01
 28 -0.05628  4.22020e+00 | 29 -0.00334  3.29975e+01 | 30  0.01289  3.71596e+01
 31  0.03886  4.13476e+01 | 32  0.06049  3.61329e+01 | 33  0.06095  1.93432e+01
 34  0.09729  1.32471e+01 | 35  0.00802 -9.78590e+00 | 36 -0.00001 -9.18421e+00
 37 -0.03796 -1.24561e+01 | 38 -0.04800 -4.39633e+00 | 39 -0.06078 -1.54606e+00
 40 -0.05911 -1.95516e+00 | 41  0.00290  2.21810e+01 | 42  0.02311  3.97125e+01
 43  0.04870  9.76626e+00 | 44  0.03150 -1.68922e+01 | 45 -0.04784 -3.07319e+01
 46 -0.05999 -4.85858e+01 | 47  0.00745 -5.19435e+01 | 48  0.03652  4.96311e+01
 49  0.02874  2.30101e+01 | 50  0.03578 -6.82126e+01 | 51  0.01788 -3.16317e+01
 52  0.01636 -2.04041e+01 | 53  0.04449  2.81264e+01 | 54  0.04501  1.88712e+01
 55  0.06498  8.09735e+01 | 56  0.07254  4.55089e+01 | 57  0.07684 -1.11314e+02
 58  0.06785 -6.46118e+00 | 59  0.08479  1.94800e+01 | 60  0.07560  3.54994e+00
 61  0.09556 -2.26726e+01 | 62  0.07359 -6.06152e+01 | 63  0.07921 -6.76776e+01
 64  0.06081  1.16876e+01 | 65  0.04989 -3.52919e+01 | 66  0.04668  2.86743e+01
 67  0.01676  2.72487e+01 | 68 -0.00328  4.94239e+01 | 69 -0.00767  3.20894e+01
 70 -0.03202 -1.24509e+01 | 71  0.33740  5.92301e+02 | 72 -1.00793  2.11654e-01
 73 -0.29292  1.07623e+00 | 74  0.09579 -1.20621e+02 | 75 -0.29069 -4.47083e+01
 76 -0.28923  6.29798e+00 | 77 -0.14216 -3.81958e+02 | 78 -0.17530 -4.09557e+01
 79  0.33695 -6.35977e+00 |
Maximum number of function evaluations exceeded

 - final statistics:
79 variables; iteration 64; function evaluation 100
Function value 6.5946e+03; maximum gradient component mag 4.7651e+02
Exit code = 3;  converg criter 1.0000e+01
Var    Value     Gradient |Var    Value     Gradient |Var    Value     Gradient
  1 -0.02981  2.66877e+02 |  2 -0.06092 -2.26485e+01 |  3 -0.07062 -2.61751e+01
  4 -0.04142 -1.39803e+01 |  5 -0.04821 -1.62772e+01 |  6 -0.05189 -1.72450e+01
  7 -0.05707 -1.87878e+01 |  8 -0.03989 -1.07368e+01 |  9 -0.01319  2.15472e+00
 10  0.00600  1.25111e+01 | 11  0.00234  1.23712e+01 | 12  0.01517  2.06773e+01
 13  0.00450  1.72942e+01 | 14 -0.00890  1.25645e+01 | 15 -0.02839  4.56945e+00
 16 -0.04363 -1.43889e+00 | 17 -0.05254 -4.45797e+00 | 18 -0.05786 -5.87957e+00
 19 -0.06177 -6.79416e+00 | 20 -0.04934  8.98706e-01 | 21 -0.04036  6.37506e+00
 22 -0.05216 -5.16814e-02 | 23 -0.06438 -6.67642e+00 | 24 -0.04986  1.10918e+00
 25 -0.03474  1.00198e+01 | 26 -0.07167 -1.03978e+01 | 27 -0.05809 -3.65853e+00
 28 -0.04474  1.76383e+00 | 29 -0.01979  1.23963e+01 | 30  0.01010  2.33854e+01
 31  0.04893  3.26749e+01 | 32  0.05075  1.77605e+01 | 33  0.04905  2.39135e+00
 34  0.09874 -2.12879e+00 | 35  0.04391 -1.15884e+01 | 36 -0.04506 -3.00040e+01
 37 -0.00989 -9.18597e+00 | 38 -0.06019 -1.63357e+01 | 39 -0.06445 -9.64367e+00
 40 -0.05010 -3.98056e+00 | 41 -0.00461  9.30531e+00 | 42  0.01221  2.41127e+01
 43  0.05737  2.17652e+00 | 44  0.02362 -3.12178e+01 | 45 -0.04874 -4.21241e+01
 46 -0.06321 -5.57602e+01 | 47  0.01148 -3.71899e+01 | 48  0.03321  2.62341e+01
 49  0.02491 -3.36606e+00 | 50  0.04233  2.94715e+00 | 51  0.01840 -1.73045e+01
 52  0.01594 -3.46599e+01 | 53  0.04559  5.79701e+01 | 54  0.04540  3.75670e+01
 55  0.06331  6.81850e+01 | 56  0.07295  7.26884e+01 | 57  0.08108 -4.24191e+01
 58  0.06529 -1.40725e+01 | 59  0.08441  2.44829e+01 | 60  0.07522  1.79031e+01
 61  0.09681  2.21575e+01 | 62  0.07227 -4.86989e+01 | 63  0.08172 -1.89657e+01
 64  0.05915  1.98875e+01 | 65  0.05126 -1.04152e+01 | 66  0.04684  4.17876e+01
 67  0.01441  1.49857e+01 | 68 -0.00579  3.30165e+01 | 69 -0.01172  8.64153e+00
 70 -0.03622 -2.96128e+01 | 71  0.33485  4.76509e+02 | 72 -0.71128  3.16551e+00
 73 -0.29286  3.05456e+00 | 74  0.09897 -1.28964e+02 | 75 -0.27808 -3.40986e+01
 76 -0.29186  1.61704e+00 | 77 -0.14024 -3.85106e+02 | 78 -0.17237 -3.28377e+01
 79  0.33301 -5.97488e+00 |

Initial statistics: 88 variables; iteration 0; function evaluation 0; phase 3
Function value 6.5945499e+03; maximum gradient component mag 4.9656e+02
Var    Value     Gradient |Var    Value     Gradient |Var    Value     Gradient
  1 -0.02981  2.66877e+02 |  2 -0.06096 -2.32378e+01 |  3 -0.07066 -2.67634e+01
  4 -0.04145 -1.45711e+01 |  5 -0.04825 -1.68676e+01 |  6 -0.05192 -1.78351e+01
  7 -0.05710 -1.93775e+01 |  8 -0.03992 -1.13277e+01 |  9 -0.01323  1.56271e+00
 10  0.00596  1.19190e+01 | 11  0.00231  1.17790e+01 | 12  0.01514  2.00854e+01
 13  0.00446  1.67021e+01 | 14 -0.00893  1.19724e+01 | 15 -0.02843  3.97789e+00
 16 -0.04366 -2.02963e+00 | 17 -0.05257 -5.04807e+00 | 18 -0.05790 -6.46924e+00
 19 -0.06180 -7.38348e+00 | 20 -0.04937  3.08342e-01 | 21 -0.04039  5.78409e+00
 22 -0.05219 -6.41832e-01 | 23 -0.06441 -7.26549e+00 | 24 -0.04990  5.18857e-01
 25 -0.03478  9.42855e+00 | 26 -0.07170 -1.09861e+01 | 27 -0.05812 -4.24819e+00
 28 -0.04478  1.17314e+00 | 29 -0.01982  1.18044e+01 | 30  0.01006  2.27934e+01
 31  0.04890  3.20847e+01 | 32  0.05071  1.71703e+01 | 33  0.04902  1.80097e+00
 34  0.09871 -2.71385e+00 | 35  0.04388 -1.21791e+01 | 36 -0.04510 -3.05946e+01
 37 -0.00992 -9.77803e+00 | 38 -0.06022 -1.69251e+01 | 39 -0.06448 -1.02327e+01
 40 -0.05014 -4.57085e+00 | 41 -0.00465  8.71318e+00 | 42  0.01217  2.35207e+01
 43  0.05734  1.58679e+00 | 44  0.02359 -3.18096e+01 | 45 -0.04878 -4.27143e+01
 46 -0.06324 -5.63491e+01 | 47  0.01144 -3.77820e+01 | 48  0.03317  2.56428e+01
 49  0.02487 -3.95776e+00 | 50  0.04230  2.35633e+00 | 51  0.01837 -1.78964e+01
 52  0.01591 -3.52519e+01 | 53  0.04556  5.73797e+01 | 54  0.04537  3.69765e+01
 55  0.06328  6.75961e+01 | 56  0.07292  7.21006e+01 | 57  0.08105 -4.30067e+01
 58  0.06526 -1.46616e+01 | 59  0.08438  2.38961e+01 | 60  0.07518  1.73152e+01
 61  0.09677  2.15724e+01 | 62  0.07224 -4.92875e+01 | 63  0.08169 -1.95531e+01
 64  0.05912  1.92980e+01 | 65  0.05123 -1.10055e+01 | 66  0.04681  4.11972e+01
 67  0.01438  1.43938e+01 | 68 -0.00582  3.24243e+01 | 69 -0.01175  8.04949e+00
 70 -0.03626 -3.02039e+01 | 71  0.33485  4.76509e+02 | 72 -0.03665  4.96564e+02
 73  0.45734  3.40289e+02 | 74 -0.47002  3.94581e+01 | 75 -0.71128  3.16551e+00
 76 -0.29286  3.05456e+00 | 77  0.09897 -1.28964e+02 | 78  0.10714 -6.02806e+01
 79  0.42342  4.10784e+01 | 80 -0.47231 -5.04611e+00 | 81 -0.27808 -3.40986e+01
 82 -0.29186  1.61704e+00 | 83 -0.14024 -3.85106e+02 | 84 -0.02764 -1.36405e+00
 85  0.32448  1.11094e+02 | 86 -0.68978 -4.66827e-02 | 87 -0.17237 -3.28377e+01
 88  0.33301 -5.97488e+00 |

Intermediate statistics: 88 variables; iteration 20; function evaluation 28; phase 3
Function value 6.4921784e+03; maximum gradient component mag -3.5300e+02
Var    Value     Gradient |Var    Value     Gradient |Var    Value     Gradient
  1 -0.02261  9.80618e+01 |  2  0.04063  1.74652e+01 |  3  0.04665  2.08037e+01
  4  0.01988  1.00685e+01 |  5  0.02312  1.23352e+01 |  6  0.02333  1.34432e+01
  7  0.02433  1.51028e+01 |  8  0.00630  8.21204e+00 |  9 -0.02101 -2.89314e+00
 10 -0.04316 -1.16228e+01 | 11 -0.04475 -1.10372e+01 | 12 -0.06262 -1.78076e+01
 13 -0.05825 -1.42493e+01 | 14 -0.05207 -9.40723e+00 | 15 -0.04105 -1.65532e+00
 16 -0.03422  4.25805e+00 | 17 -0.03231  7.43752e+00 | 18 -0.03257  9.13730e+00
 19 -0.03322  1.03226e+01 | 20 -0.04631  4.24230e+00 | 21 -0.05550 -1.16675e-01
 22 -0.04708  5.53081e+00 | 23 -0.03803  1.11155e+01 | 24 -0.04784  4.73098e+00
 25 -0.06094 -2.44356e+00 | 26 -0.03314  1.46786e+01 | 27 -0.04069  9.84975e+00
 28 -0.04367  6.01412e+00 | 29 -0.05244 -1.67700e+00 | 30 -0.05977 -8.41531e+00
 31 -0.05779 -1.21578e+01 | 32 -0.01032  5.14252e+00 | 33  0.04196  2.37531e+01
 34  0.09754  4.17907e+01 | 35  0.06945  3.68989e+01 | 36  0.04569  3.98181e+01
 37 -0.01381  2.09608e+01 | 38 -0.03541  2.15082e+01 | 39 -0.05747  1.41842e+01
 40 -0.05357  9.58536e+00 | 41 -0.04375 -1.02072e+00 | 42 -0.06612 -1.55078e+01
 43  0.03377  4.26850e+00 | 44  0.03801  2.40950e+01 | 45 -0.03379  3.04695e+01
 46 -0.04109  3.77327e+01 | 47  0.00279 -1.50303e+01 | 48 -0.00646 -1.21380e+02
 49  0.00789 -3.10814e+01 | 50  0.03973  7.28999e+01 | 51  0.01758  7.24327e+01
 52  0.00863  6.80525e-02 | 53  0.02818 -7.04763e+01 | 54  0.02403 -6.98744e+01
 55  0.03581 -1.52475e+02 | 56  0.04652 -1.26449e+02 | 57  0.07777  1.46413e+01
 58  0.05844  5.73087e+00 | 59  0.07186 -7.75773e+01 | 60  0.06649 -9.19507e+00
 61  0.08477 -4.68562e+01 | 62  0.07534  5.59155e+01 | 63  0.08037  4.09506e+01
 64  0.05099 -2.31176e+00 | 65  0.05356 -7.48043e+00 | 66  0.03694 -5.95199e+01
 67  0.02359  2.07859e+01 | 68  0.00323  3.81208e+01 | 69  0.00668  6.18047e+01
 70 -0.00973  4.18858e+01 | 71  0.36286  2.97421e+02 | 72 -0.10784  3.45277e+01
 73  0.31574 -3.53000e+02 | 74 -0.64584  5.60682e+00 | 75 -0.42323 -4.03082e+01
 76 -0.37025 -1.36405e+01 | 77  0.20592  5.54849e+01 | 78  0.05437  7.79656e+00
 79  0.08358 -3.58309e+01 | 80 -0.44191  6.75174e-01 | 81 -0.19107  4.35839e+01
 82 -0.38750 -1.80083e+01 | 83 -0.07622  3.51816e+02 | 84 -0.00667  9.17920e+00
 85  0.02431 -9.55595e+01 | 86 -0.68925  1.71992e-01 | 87 -0.13235  6.62371e+01
 88  0.33722  6.67172e+00 |
88 variables; iteration 40; function evaluation 48; phase 3
Function value 6.4888486e+03; maximum gradient component mag -3.7798e+02
Var    Value     Gradient |Var    Value     Gradient |Var    Value     Gradient
  1 -0.02286  2.57004e+02 |  2  0.04099  1.87408e+01 |  3  0.04781  2.25605e+01
  4  0.02007  1.13414e+01 |  5  0.02385  1.39739e+01 |  6  0.02449  1.54056e+01
  7  0.02605  1.74890e+01 |  8  0.00697  1.00985e+01 |  9 -0.02206 -1.89289e+00
 10 -0.04527 -1.11493e+01 | 11 -0.04664 -1.03670e+01 | 12 -0.06502 -1.73893e+01
 13 -0.05989 -1.33324e+01 | 14 -0.05252 -7.70539e+00 | 15 -0.03999  1.17364e+00
 16 -0.03244  7.83691e+00 | 17 -0.03049  1.13369e+01 | 18 -0.03096  1.31543e+01
 19 -0.03191  1.43822e+01 | 20 -0.04519  8.12727e+00 | 21 -0.05469  3.58197e+00
 22 -0.04691  9.27156e+00 | 23 -0.03870  1.47583e+01 | 24 -0.04878  8.07562e+00
 25 -0.06202  6.92978e-01 | 26 -0.03572  1.78611e+01 | 27 -0.04345  1.29297e+01
 28 -0.04669  8.95383e+00 | 29 -0.05483  1.50174e+00 | 30 -0.05858 -3.24602e+00
 31 -0.04585 -1.22786e+00 | 32 -0.00159  1.61678e+01 | 33  0.04198  3.28418e+01
 34  0.09850  5.50275e+01 | 35  0.06496  4.38012e+01 | 36  0.04201  4.42742e+01
 37 -0.00992  2.74414e+01 | 38 -0.03304  2.61407e+01 | 39 -0.05547  1.77922e+01
 40 -0.05135  1.30544e+01 | 41 -0.04209  1.59476e+00 | 42 -0.07884 -2.03660e+01
 43  0.03930  8.45648e+00 | 44  0.03384  1.93253e+01 | 45 -0.03650  2.54611e+01
 46 -0.04006  4.12388e+01 | 47  0.00295 -1.06912e+01 | 48 -0.00346 -1.02084e+02
 49  0.01278  1.33227e+01 | 50  0.03807  6.12139e+01 | 51  0.01569  4.93475e+01
 52  0.00954  3.17267e+01 | 53  0.02622 -1.06870e+02 | 54  0.02466 -4.79777e+01
 55  0.03583 -1.50217e+02 | 56  0.04637 -1.22546e+02 | 57  0.07725  1.12139e+01
 58  0.05867  1.18228e+01 | 59  0.07279 -5.95105e+01 | 60  0.06756  6.27212e+00
 61  0.08553 -4.17462e+01 | 62  0.07327  2.70067e+01 | 63  0.08124  4.01410e+01
 64  0.05043 -1.92739e+01 | 65  0.05055 -3.44532e+01 | 66  0.04178 -1.85447e+01
 67  0.02730  5.76709e+01 | 68  0.00389  3.91618e+01 | 69  0.00033  1.81504e+01
 70 -0.00967  3.63439e+01 | 71  0.36945  3.47785e+02 | 72 -0.10429  5.39948e+01
 73  0.32234 -3.77978e+02 | 74 -0.90564  1.45717e+00 | 75 -0.43634 -7.66671e+01
 76 -0.37695 -1.81360e+01 | 77  0.20691  1.25084e+02 | 78  0.05582  1.11248e+02
 79  0.10139 -3.43389e+01 | 80 -0.48251  5.29286e+00 | 81 -0.19031  3.79889e+01
 82 -0.36730  2.51652e+00 | 83 -0.07415  2.83687e+02 | 84  0.00396  3.55282e-01
 85  0.05603 -6.49741e+01 | 86 -0.68309  3.97303e-03 | 87 -0.13597  6.78839e+01
 88  0.36378  4.24190e+00 |
88 variables; iteration 60; function evaluation 74; phase 3
Function value 6.4684002e+03; maximum gradient component mag 1.8505e+02
Var    Value     Gradient |Var    Value     Gradient |Var    Value     Gradient
  1 -0.02356  1.84650e+02 |  2  0.01894  7.09735e+00 |  3  0.01193  4.77892e+00
  4  0.00266  1.52572e+00 |  5  0.00301  2.47157e+00 |  6  0.00534  4.43144e+00
  7  0.00960  7.48197e+00 |  8  0.00196  5.32940e+00 |  9 -0.01288 -8.40871e-02
 10 -0.02614 -4.75915e+00 | 11 -0.02788 -3.97665e+00 | 12 -0.03601 -6.08963e+00
 13 -0.02907 -5.41562e-01 | 14 -0.03042  1.28110e+00 | 15 -0.04384 -3.23613e+00
 16 -0.04916 -3.73799e+00 | 17 -0.04576  2.68524e-01 | 18 -0.04276  3.90132e+00
 19 -0.04184  6.06897e+00 | 20 -0.04955  3.04943e+00 | 21 -0.05500  8.24947e-01
 22 -0.05083  4.15140e+00 | 23 -0.04850  5.83573e+00 | 24 -0.05181  3.40738e+00
 25 -0.05737  4.62277e-01 | 26 -0.04916  5.88961e+00 | 27 -0.05132  4.51091e+00
 28 -0.04831  4.45063e+00 | 29 -0.04010  6.66906e+00 | 30 -0.02568  1.19571e+01
 31 -0.01888  9.56152e+00 | 32  0.01128  1.77752e+01 | 33  0.06370  3.64168e+01
 34  0.10617  4.71722e+01 | 35  0.01055  7.78959e+00 | 36  0.02005  2.27029e+01
 37 -0.00832  2.23643e+01 | 38 -0.04580  1.32925e+01 | 39 -0.06122  1.18881e+01
 40 -0.03468  2.70483e+01 | 41 -0.03532  1.36212e+01 | 42 -0.02238  2.20593e+01
 43  0.04332  2.95027e+01 | 44  0.02814  1.72409e+01 | 45 -0.04154  1.30604e+01
 46 -0.04584  2.27526e+01 | 47  0.00120 -1.55544e+01 | 48  0.00320 -6.53957e+01
 49  0.00828 -2.22718e+01 | 50  0.03454  1.02377e+01 | 51  0.01385  4.02718e+00
 52  0.00979  1.18968e+01 | 53  0.02842 -9.49395e+01 | 54  0.02825 -3.19963e+01
 55  0.04297 -6.79144e+01 | 56  0.05335 -3.91010e+01 | 57  0.07641 -3.20804e-01
 58  0.05572 -2.54127e+01 | 59  0.07526 -3.56481e+01 | 60  0.06589 -3.20139e+01
 61  0.08801 -1.40635e+01 | 62  0.07213  7.19412e+00 | 63  0.08073  2.45082e+01
 64  0.05236  1.15562e+00 | 65  0.05273 -6.28661e+00 | 66  0.04245 -1.64196e+01
 67  0.01993 -2.96218e+00 | 68 -0.00130 -1.50231e-01 | 69  0.00052  1.28337e+01
 70 -0.01053  3.25134e+01 | 71  0.35866  1.66065e+02 | 72 -0.08167  4.81119e+01
 73  0.35434 -1.39742e+02 | 74 -1.11381 -1.36224e+00 | 75 -0.45360 -2.53746e+01
 76 -0.35243 -3.13436e+00 | 77  0.21341  1.43315e+02 | 78  0.04847  1.85048e+02
 79  0.19057 -1.55014e+01 | 80 -0.40082  1.31287e+01 | 81 -0.20725 -1.75841e+01
 82 -0.39893 -1.54314e+01 | 83 -0.08212  8.15131e+01 | 84  0.02158  7.69642e-01
 85  0.09017  1.78760e+01 | 86 -0.64196 -3.97895e-04 | 87 -0.15331 -3.59499e+01
 88  0.63187  3.12966e-01 |
88 variables; iteration 80; function evaluation 110; phase 3
Function value 6.4540239e+03; maximum gradient component mag 8.4669e+02
Var    Value     Gradient |Var    Value     Gradient |Var    Value     Gradient
  1 -0.02496  8.46691e+02 |  2 -0.01078 -1.42909e+01 |  3  0.01106 -4.35047e+00
  4  0.00312 -6.99881e+00 |  5 -0.00892 -1.14014e+01 |  6 -0.01254 -1.20756e+01
  7 -0.01776 -1.33647e+01 |  8 -0.04937 -2.62851e+01 |  9 -0.02280 -1.31746e+01
 10 -0.02081 -1.07533e+01 | 11 -0.02563 -1.14407e+01 | 12  0.01098  9.36990e+00
 13  0.02089  1.77806e+01 | 14 -0.03120 -8.06014e+00 | 15 -0.01420  4.04898e+00
 16 -0.03608 -5.64748e+00 | 17 -0.03348 -1.76995e+00 | 18 -0.03427 -5.30259e-02
 19 -0.06011 -1.33903e+01 | 20 -0.05044 -6.06328e+00 | 21 -0.04551 -1.74905e+00
 22 -0.05258 -4.99384e+00 | 23 -0.06376 -1.12132e+01 | 24 -0.05680 -7.06263e+00
 25 -0.03819  5.35964e+00 | 26 -0.05164 -2.66172e+00 | 27 -0.06215 -9.19606e+00
 28 -0.06109 -1.04195e+01 | 29 -0.04910 -6.14643e+00 | 30 -0.03293 -4.25780e-01
 31 -0.00019  1.15554e+01 | 32  0.03383  1.85047e+01 | 33  0.00078 -6.52125e+00
 34  0.08611  1.96392e+01 | 35  0.08782  2.11553e+01 | 36  0.02482  4.68281e+00
 37 -0.03273 -9.59813e+00 | 38 -0.04679 -4.44075e+00 | 39 -0.07390 -1.29274e+01
 40 -0.06207 -1.02038e+01 | 41 -0.02709 -2.65007e+00 | 42 -0.02388 -3.70272e-01
 43  0.03385 -2.79741e+00 | 44  0.03453  2.76741e+00 | 45 -0.03946 -1.60056e+00
 46 -0.05137 -4.44590e+00 | 47  0.01065  1.92141e+01 | 48  0.01978  2.86478e+01
 49  0.01450  1.72741e+01 | 50  0.03332 -4.45397e+00 | 51  0.01671  1.87272e+01
 52  0.01216  1.94409e+00 | 53  0.03800  5.15597e+01 | 54  0.03503  1.73123e+01
 55  0.05210  5.18257e+01 | 56  0.05823  1.84870e+01 | 57  0.07906  2.74473e+01
 58  0.05881 -4.27406e+00 | 59  0.07906  1.56924e+01 | 60  0.06936  1.01101e+01
 61  0.08979 -3.53689e+00 | 62  0.07213 -5.69212e+00 | 63  0.07912 -1.44691e+01
 64  0.05196 -1.72147e+01 | 65  0.05397 -3.05300e-01 | 66  0.04320 -1.02402e+01
 67  0.01740 -1.74712e+01 | 68 -0.00282 -6.20990e+00 | 69 -0.00258 -1.61447e+01
 70 -0.02680 -3.67644e+01 | 71  0.34309  6.34947e+02 | 72 -0.07521  3.56968e+02
 73  0.36927  3.03050e+01 | 74 -1.17235 -1.85515e+00 | 75 -0.44655  2.32589e+01
 76 -0.33839 -2.42239e-01 | 77  0.25835  1.67325e+02 | 78  0.01473  1.65308e+02
 79  0.25843 -1.54052e+01 | 80 -0.56571  7.61019e+00 | 81 -0.20766 -3.49312e+01
 82 -0.32523  5.10349e+01 | 83 -0.16714 -3.71102e+02 | 84  0.10336 -1.95855e+01
 85 -0.09040  1.32328e+02 | 86 -0.11856 -2.06131e+00 | 87 -0.15152  3.60828e+01
 88  0.31199  1.61341e+01 |
88 variables; iteration 100; function evaluation 141; phase 3
Function value 6.4278279e+03; maximum gradient component mag -2.7878e+03
Var    Value     Gradient |Var    Value     Gradient |Var    Value     Gradient
  1 -0.02479 -2.78783e+03 |  2 -0.02724  3.50487e+01 |  3  0.01966  5.54527e+01
  4 -0.02333  3.77788e+01 |  5  0.00979  5.28722e+01 |  6 -0.06958  1.94626e+01
  7  0.02775  6.33457e+01 |  8  0.07820  8.96635e+01 |  9  0.07260  8.94994e+01
 10 -0.00512  5.26440e+01 | 11 -0.04730  3.41186e+01 | 12 -0.09248  1.47639e+01
 13 -0.10529  1.03094e+01 | 14 -0.03378  4.69224e+01 | 15 -0.04589  4.30718e+01
 16 -0.02139  5.94756e+01 | 17 -0.02261  6.13186e+01 | 18 -0.06030  4.11298e+01
 19 -0.11140  1.50968e+01 | 20 -0.05365  4.78713e+01 | 21 -0.04956  5.14661e+01
 22 -0.01366  7.61946e+01 | 23  0.03021  1.10428e+02 | 24  0.05276  1.30158e+02
 25 -0.08781  3.16764e+01 | 26 -0.10534  2.33961e+01 | 27 -0.07605  4.16327e+01
 28 -0.01212  8.60832e+01 | 29 -0.13025  1.14840e+01 | 30  0.01072  1.03856e+02
 31 -0.01851  7.55892e+01 | 32 -0.08682  2.79172e+01 | 33  0.01071  8.11707e+01
 34  0.05830  1.02805e+02 | 35  0.17905  1.90502e+02 | 36  0.08581  1.21953e+02
 37 -0.16336 -1.07315e+01 | 38 -0.01419  7.38983e+01 | 39 -0.02258  7.00903e+01
 40 -0.06822  2.93212e+01 | 41 -0.05241  1.76513e+01 | 42 -0.01743  2.48530e+01
 43  0.08067 -2.20701e+01 | 44 -0.00467 -3.20071e+01 | 45 -0.01781 -9.58460e+00
 46 -0.06466 -3.33133e+01 | 47  0.01347 -2.98074e+01 | 48  0.02267 -4.16738e+01
 49  0.01869 -7.64056e+01 | 50  0.04161 -1.39014e+02 | 51  0.02143 -8.33787e+01
 52  0.02089 -2.92092e+01 | 53  0.03397 -1.73234e+02 | 54  0.03748 -6.95207e+01
 55  0.05122 -1.93561e+02 | 56  0.06330 -1.42358e+02 | 57  0.07793 -2.28550e+02
 58  0.06493 -1.54361e+02 | 59  0.08511 -5.64242e+01 | 60  0.07397 -8.02877e+01
 61  0.09384 -1.78082e+02 | 62  0.07127 -1.81906e+02 | 63  0.07706 -1.97050e+02
 64  0.05533 -9.73813e+01 | 65  0.05284 -6.71590e+01 | 66  0.05199  3.30219e+01
 67  0.01925  2.48343e+01 | 68  0.00441  6.95842e+01 | 69 -0.00880  1.61558e+00
 70 -0.02607  2.36644e+01 | 71  0.36412 -5.47939e+02 | 72 -0.14390 -1.33656e+02
 73  0.39314  1.70189e+02 | 74 -0.73539 -6.76696e+00 | 75 -0.48808  2.17479e+01
 76 -0.31785 -4.53323e+01 | 77  0.27049  3.61544e+02 | 78  0.00786  3.17631e+02
 79  0.21383 -3.65287e+01 | 80 -0.64189  9.58794e+00 | 81 -0.19413  2.61861e+01
 82 -0.33533  4.75300e+01 | 83 -0.18378 -7.73873e+02 | 84  0.13923 -9.08909e+02
 85 -0.20846  1.09326e+02 | 86 -1.55007  2.74440e+01 | 87 -0.14080  2.35411e+02
 88 -0.04519  2.41493e+02 |
88 variables; iteration 120; function evaluation 169; phase 3
Function value 6.0371742e+03; maximum gradient component mag 1.4343e+03
Var    Value     Gradient |Var    Value     Gradient |Var    Value     Gradient
  1  0.00449 -9.07263e+02 |  2  0.00570  1.63318e+01 |  3  0.00982  1.80434e+01
  4 -0.02743  3.56824e+00 |  5  0.00746  1.73769e+01 |  6 -0.01396  9.10070e+00
  7  0.00578  1.71035e+01 |  8  0.01262  2.00999e+01 |  9 -0.00793  1.22140e+01
 10 -0.03097  3.34172e+00 | 11 -0.03562  1.87258e+00 | 12 -0.01660  1.01416e+01
 13 -0.03833  1.96051e+00 | 14 -0.03996  2.11424e+00 | 15 -0.01903  1.19743e+01
 16 -0.03851  4.61873e+00 | 17 -0.03266  8.26785e+00 | 18 -0.02150  1.45370e+01
 19 -0.05765 -7.19613e-01 | 20 -0.04795  4.66050e+00 | 21 -0.02815  1.50090e+01
 22 -0.02213  1.93763e+01 | 23 -0.02591  1.96810e+01 | 24 -0.03030  2.07543e+01
 25 -0.03493  2.29004e+01 | 26 -0.04987  1.99068e+01 | 27 -0.05124  2.42201e+01
 28 -0.05858  1.99383e+01 | 29 -0.04881  2.14564e+01 | 30  0.07998  9.67970e+01
 31 -0.00782  2.24058e+01 | 32 -0.09117 -2.43922e+01 | 33 -0.01446 -8.27599e+00
 34 -0.20094 -6.45600e+01 | 35  0.00329 -7.47029e+00 | 36  0.21158  1.68751e+01
 37 -0.06723 -1.78967e+01 | 38 -0.05344 -1.40566e+01 | 39 -0.02532 -9.32954e+00
 40 -0.02085 -1.76125e+01 | 41  0.03064 -2.04266e+01 | 42 -0.11316 -3.69737e+01
 43  0.15696 -3.51177e+01 | 44 -0.23739 -8.21742e+01 | 45  0.03800  1.56987e+01
 46 -0.05540 -3.32305e+01 | 47  0.04201 -1.18980e+01 | 48  0.04459  2.64740e+01
 49  0.01101 -1.45686e+01 | 50  0.04477 -2.31739e+01 | 51  0.02216 -1.54921e+01
 52  0.02331  1.89477e+01 | 53  0.05155 -3.41528e+01 | 54  0.04960  5.92814e+00
 55  0.05974 -1.40475e+00 | 56  0.05707  1.66409e+00 | 57  0.07237 -2.99221e+01
 58  0.06082  7.57250e+00 | 59  0.08280 -9.96443e+00 | 60  0.07388 -1.40919e+01
 61  0.09617  3.63085e+00 | 62  0.07934  1.35896e+01 | 63  0.08720 -4.14154e+00
 64  0.05767 -2.39648e+01 | 65  0.05826 -1.37328e+01 | 66  0.04536 -1.19699e+01
 67  0.01982  3.68221e+00 | 68 -0.00072  3.02227e+01 | 69 -0.00246  1.98629e+01
 70 -0.03221  8.74222e+00 | 71  0.35154  4.28417e+02 | 72 -0.14449  1.40154e+02
 73  0.39383  2.89660e+01 | 74 -1.64173 -3.98338e+01 | 75 -0.46594  5.60344e+00
 76 -0.40248 -1.86348e+01 | 77  0.27152  4.54167e+01 | 78  0.02655  3.23722e+01
 79  0.32737 -2.43606e+00 | 80 -0.91638  2.45175e-01 | 81 -0.17811  1.26170e+01
 82 -0.46775 -2.50600e+01 | 83 -0.19607 -2.00489e+01 | 84  0.18246  1.43428e+03
 85 -0.51732  2.09972e+01 | 86 -1.83359 -1.37521e+02 | 87 -0.17368  1.02541e+02
 88 -0.36467  4.55286e+01 |
88 variables; iteration 140; function evaluation 191; phase 3
Function value 5.9704624e+03; maximum gradient component mag -2.1050e+02
Var    Value     Gradient |Var    Value     Gradient |Var    Value     Gradient
  1  0.02511 -2.10500e+02 |  2 -0.00662  1.63229e+00 |  3 -0.00802  1.15350e+00
  4 -0.00552  2.21232e+00 |  5 -0.00804  1.31740e+00 |  6 -0.00928  9.39347e-01
  7 -0.00377  3.23369e+00 |  8 -0.01182  2.15561e-01 |  9 -0.00329  3.77192e+00
 10 -0.01219  4.57797e-01 | 11 -0.01592 -7.83222e-01 | 12 -0.00308  4.66792e+00
 13 -0.01010  2.24915e+00 | 14 -0.01697 -1.53456e-02 | 15 -0.00647  4.97405e+00
 16 -0.01323  2.92612e+00 | 17 -0.02700 -2.07971e+00 | 18 -0.02070  1.48688e+00
 19 -0.02581  3.09428e-01 | 20 -0.03120 -9.22852e-01 | 21 -0.02970  9.20781e-01
 22 -0.03222  1.27377e+00 | 23 -0.02677  6.15090e+00 | 24 -0.05085 -2.13957e+00
 25 -0.05479  4.88224e-01 | 26 -0.06138  2.93860e+00 | 27 -0.06914  4.94795e+00
 28 -0.08533 -2.65184e+00 | 29 -0.07349  8.96536e-01 | 30 -0.06253  2.10222e-01
 31 -0.05284 -4.89103e+00 | 32 -0.02744 -8.37558e+00 | 33  0.04260 -1.93991e+00
 34  0.05129 -1.41173e+01 | 35 -0.05741 -3.40790e+01 | 36  0.07120  1.10814e+00
 37  0.03396  7.87702e+00 | 38 -0.01321 -2.32344e+00 | 39 -0.01186 -1.20648e+00
 40  0.02047  3.57403e+00 | 41  0.00739 -1.08660e+01 | 42  0.03667 -6.01675e+00
 43 -0.03748 -3.99042e+01 | 44  0.07105 -6.46145e+00 | 45 -0.05986 -1.05520e+01
 46 -0.03230  9.88600e+00 | 47  0.01921 -1.57119e+01 | 48  0.02873 -2.04513e+01
 49 -0.00197 -7.24229e+00 | 50  0.03009 -5.17103e+00 | 51  0.00999  8.72902e+00
 52  0.00716  1.32477e+01 | 53  0.03825  2.13982e+00 | 54  0.03502  1.88276e+00
 55  0.04439  5.15248e+00 | 56  0.04099  4.85294e+00 | 57  0.05902  1.11661e+01
 58  0.04207  8.46664e+00 | 59  0.06773  1.26426e+01 | 60  0.05983  1.12859e+01
 61  0.08031  1.68795e+00 | 62  0.06246 -1.42447e+00 | 63  0.07092 -9.97942e+00
 64  0.04520  4.13665e+00 | 65  0.04310 -2.00497e+00 | 66  0.03181  2.90160e+00
 67  0.00521 -2.01450e+00 | 68 -0.01714  4.61333e+00 | 69 -0.01604  9.60184e-01
 70 -0.04609 -3.58987e+00 | 71  0.32729  6.10988e+01 | 72 -0.15298  2.36760e+01
 73  0.37587  1.51505e+01 | 74 -1.76541 -5.17018e+00 | 75 -0.46508 -4.00950e+00
 76 -0.36519  1.00341e+01 | 77  0.25715  1.03247e+01 | 78  0.02079  3.37216e+00
 79  0.30736 -1.63587e+00 | 80 -1.27335 -6.50407e-02 | 81 -0.19557 -5.01434e-01
 82 -0.39949 -1.42663e+00 | 83 -0.20015 -1.34858e+02 | 84  0.17699 -1.88907e+02
 85 -0.76284  2.28633e+00 | 86 -1.86441  1.21854e+01 | 87 -0.18413  1.34959e+01
 88 -0.39154 -2.90470e+01 |
88 variables; iteration 160; function evaluation 212; phase 3
Function value 5.9652656e+03; maximum gradient component mag -3.3880e+01
Var    Value     Gradient |Var    Value     Gradient |Var    Value     Gradient
  1  0.02588 -3.38795e+01 |  2 -0.00522  5.86956e-01 |  3 -0.00491  7.91265e-01
  4 -0.00719 -5.49984e-03 |  5 -0.00677  2.71579e-01 |  6 -0.00784 -2.44499e-02
  7 -0.00642  6.85930e-01 |  8 -0.00683  7.04502e-01 |  9 -0.01173 -1.02525e+00
 10 -0.00765  8.46549e-01 | 11 -0.00965  3.38131e-01 | 12 -0.01115  8.59149e-02
 13 -0.01124  5.00163e-01 | 14 -0.01159  9.50223e-01 | 15 -0.01620 -2.36561e-01
 16 -0.01848 -3.95487e-01 | 17 -0.01886  3.04828e-01 | 18 -0.02161  9.41846e-02
 19 -0.02307  5.75119e-01 | 20 -0.02515  9.11527e-01 | 21 -0.02986  6.01213e-02
 22 -0.03382 -1.75528e-01 | 23 -0.03857 -1.63069e-01 | 24 -0.04663 -7.35242e-01
 25 -0.05365  3.89100e-01 | 26 -0.06478  4.90516e-01 | 27 -0.07694  1.30791e-02
 28 -0.08246 -8.80069e-01 | 29 -0.07651  2.64815e-01 | 30 -0.06497  1.63566e+00
 31 -0.05232 -1.07755e-01 | 32 -0.02708 -9.88521e-01 | 33  0.01410  3.11688e+00
 34  0.07001  5.53013e+00 | 35  0.04448 -2.48864e+00 | 36  0.01343 -4.85487e+00
 37  0.01619  4.46200e+00 | 38 -0.00889 -5.81675e-01 | 39 -0.01040 -6.31269e-01
 40  0.00607  9.00554e-01 | 41  0.02614 -2.01932e-01 | 42 -0.00367 -1.13309e+00
 43  0.04162 -2.83588e+00 | 44  0.03852 -4.51806e+00 | 45 -0.04468 -2.21439e+00
 46 -0.04179 -1.24964e+00 | 47  0.02206 -1.69956e-01 | 48  0.02853  6.57855e-01
 49 -0.00379 -9.92090e-01 | 50  0.02955 -3.02250e-01 | 51  0.00799 -6.65919e-01
 52  0.00583  9.64188e-01 | 53  0.03730 -1.03495e+00 | 54  0.03402  6.27969e-01
 55  0.04326  6.56885e-01 | 56  0.03959  9.76508e-01 | 57  0.05696 -7.35959e-02
 58  0.04118  6.30457e-01 | 59  0.06644  1.84534e-01 | 60  0.05822 -3.93911e-01
 61  0.07929  1.07182e+00 | 62  0.06159  2.14185e-01 | 63  0.07080  4.80493e-01
 64  0.04340 -6.22508e-01 | 65  0.04243  5.82957e-01 | 66  0.03024  9.29808e-01
 67  0.00479  8.86163e-01 | 68 -0.01891 -3.52065e-01 | 69 -0.01689 -2.46574e-01
 70 -0.04565  3.59621e-01 | 71  0.31474  1.21904e+01 | 72 -0.14494  7.87535e+00
 73  0.35958 -3.04825e+00 | 74 -1.81179 -1.21873e+00 | 75 -0.45219  7.41922e-01
 76 -0.37450 -7.20408e-01 | 77  0.23824  2.35300e+01 | 78  0.03616  2.39610e+01
 79  0.29147 -2.36664e-01 | 80 -1.32067 -5.89871e-01 | 81 -0.19432  2.38082e-01
 82 -0.39903  1.01971e-02 | 83 -0.19529 -9.28382e+00 | 84  0.17798  2.66538e+01
 85 -0.75016  2.49725e-01 | 86 -1.84590 -3.35131e+00 | 87 -0.18487 -1.22328e+00
 88 -0.38542 -7.07743e-01 |
88 variables; iteration 180; function evaluation 232; phase 3
Function value 5.9649743e+03; maximum gradient component mag 4.6386e+01
Var    Value     Gradient |Var    Value     Gradient |Var    Value     Gradient
  1  0.02643  4.63856e+01 |  2 -0.00513 -5.30129e-01 |  3 -0.00536 -5.33386e-01
  4 -0.00593 -6.58758e-01 |  5 -0.00653 -7.81983e-01 |  6 -0.00679 -7.53306e-01
  7 -0.00680 -6.03135e-01 |  8 -0.00750 -6.94314e-01 |  9 -0.00822 -7.61618e-01
 10 -0.00828 -5.26231e-01 | 11 -0.00913 -5.69059e-01 | 12 -0.00992 -5.27204e-01
 13 -0.01106 -5.27142e-01 | 14 -0.01294 -6.92885e-01 | 15 -0.01473 -6.98427e-01
 16 -0.01725 -9.35175e-01 | 17 -0.01849 -5.80230e-01 | 18 -0.02098 -6.53796e-01
 19 -0.02340 -5.69018e-01 | 20 -0.02596 -4.30524e-01 | 21 -0.02974 -8.31704e-01
 22 -0.03336 -8.59237e-01 | 23 -0.03860 -9.91405e-01 | 24 -0.04542 -8.13214e-01
 25 -0.05414 -4.49112e-01 | 26 -0.06478 -1.16442e-01 | 27 -0.07669 -4.93104e-01
 28 -0.08074 -5.32114e-01 | 29 -0.07625 -3.44388e-01 | 30 -0.06847 -1.24148e+00
 31 -0.05117 -4.73793e-01 | 32 -0.02081  7.18114e-01 | 33  0.00804  7.37340e-02
 34  0.05237  1.54741e+00 | 35  0.05969  1.58885e+00 | 36  0.02870  7.83390e-01
 37  0.00315  9.19266e-01 | 38 -0.00857  4.81086e-01 | 39 -0.00855  7.66367e-01
 40  0.00291  9.57280e-02 | 41  0.02224 -1.17125e+00 | 42 -0.00157  8.85730e-02
 43  0.04263  4.59384e-01 | 44  0.03923 -2.11678e-01 | 45 -0.04393 -1.60704e-01
 46 -0.04296 -5.37100e-01 | 47  0.02098 -2.71454e-01 | 48  0.02852  8.06415e-01
 49 -0.00355  8.01105e-01 | 50  0.02911  5.72790e-01 | 51  0.00782  7.49722e-01
 52  0.00529  5.23760e-01 | 53  0.03697  7.90223e-01 | 54  0.03379  1.00781e+00
 55  0.04303  1.54490e+00 | 56  0.03940  1.47913e+00 | 57  0.05680  9.62520e-01
 58  0.04070  9.33648e-01 | 59  0.06610  1.32829e+00 | 60  0.05800  1.00155e+00
 61  0.07896  9.24178e-01 | 62  0.06133  6.08014e-01 | 63  0.07049  3.48548e-01
 64  0.04321 -3.25883e-02 | 65  0.04208  3.06876e-02 | 66  0.02993  3.59493e-01
 67  0.00443 -4.25796e-02 | 68 -0.01913 -4.66073e-01 | 69 -0.01712 -4.37926e-01
 70 -0.04607 -9.84722e-01 | 71  0.32255  1.42755e+01 | 72 -0.16710  7.25962e+00
 73  0.36658  1.95516e+00 | 74 -1.80720 -1.89173e-01 | 75 -0.45700 -5.95179e-01
 76 -0.37544 -2.03130e+00 | 77  0.21483  3.12698e+01 | 78  0.05532  4.12491e+01
 79  0.26763 -4.14011e-02 | 80 -1.26409 -6.98854e-01 | 81 -0.19191  2.40323e-01
 82 -0.39703  1.50574e+00 | 83 -0.19507  1.42977e+01 | 84  0.17714  1.25535e+01
 85 -0.74630  2.39337e-01 | 86 -1.85169 -2.65863e+00 | 87 -0.18504  2.38192e-01
 88 -0.38667  5.17624e+00 |
88 variables; iteration 200; function evaluation 253; phase 3
Function value 5.9648996e+03; maximum gradient component mag -1.3683e+01
Var    Value     Gradient |Var    Value     Gradient |Var    Value     Gradient
  1  0.02639  7.39305e+00 |  2 -0.00555 -1.05019e-01 |  3 -0.00569 -7.21601e-02
  4 -0.00604 -1.13861e-01 |  5 -0.00635 -1.22985e-01 |  6 -0.00668 -1.24933e-01
  7 -0.00706 -1.20391e-01 |  8 -0.00734 -5.19626e-02 |  9 -0.00796 -8.00520e-02
 10 -0.00859 -7.66336e-02 | 11 -0.00934 -8.35001e-02 | 12 -0.01023 -8.63157e-02
 13 -0.01131 -7.11936e-02 | 14 -0.01279 -7.93758e-02 | 15 -0.01454 -7.69153e-02
 16 -0.01654 -1.03491e-01 | 17 -0.01852 -7.08470e-02 | 18 -0.02082 -7.36749e-02
 19 -0.02353 -1.25808e-01 | 20 -0.02632 -1.04619e-01 | 21 -0.02916 -8.49853e-02
 22 -0.03276 -9.92362e-02 | 23 -0.03779 -1.19309e-01 | 24 -0.04507 -1.61018e-01
 25 -0.05428 -7.46034e-02 | 26 -0.06554 -9.35332e-02 | 27 -0.07678 -1.08989e-01
 28 -0.08062 -8.08315e-02 | 29 -0.07636 -9.48092e-02 | 30 -0.06690 -1.18962e-01
 31 -0.05046 -2.20818e-02 | 32 -0.02194  3.44709e-02 | 33  0.00909 -7.43118e-02
 34  0.05105  1.97812e-01 | 35  0.05958  3.38118e-01 | 36  0.02956  1.66652e-01
 37  0.00219 -1.10697e-03 | 38 -0.00866  4.05981e-02 | 39 -0.00997 -5.01012e-03
 40  0.00241 -1.67378e-02 | 41  0.02493 -2.76704e-02 | 42 -0.00251  9.20937e-02
 43  0.04191  1.94733e-01 | 44  0.03965  1.87042e-01 | 45 -0.04432  4.51506e-02
 46 -0.04246 -1.24975e-02 | 47  0.02126  5.48537e-02 | 48  0.02826  1.21741e-01
 49 -0.00380  1.98871e-01 | 50  0.02917  5.40701e-02 | 51  0.00782  1.34183e-01
 52  0.00541  1.26966e-01 | 53  0.03708  1.39984e-01 | 54  0.03385  4.66020e-02
 55  0.04302  2.39496e-01 | 56  0.03923  1.17591e-01 | 57  0.05671  1.03832e-01
 58  0.04078  6.51035e-02 | 59  0.06613  4.21544e-02 | 60  0.05798  1.04141e-02
 61  0.07897  3.45789e-02 | 62  0.06138  1.23167e-01 | 63  0.07053  5.90395e-02
 64  0.04319 -3.14548e-02 | 65  0.04199  3.35889e-02 | 66  0.02976 -3.12946e-02
 67  0.00429 -6.68444e-02 | 68 -0.01925  1.87563e-02 | 69 -0.01731  2.06009e-02
 70 -0.04610 -1.76167e-01 | 71  0.32568  8.04479e+00 | 72 -0.18805  4.28296e+00
 73  0.36759 -1.81507e-01 | 74 -1.81594  4.06876e-02 | 75 -0.45714 -9.19668e-02
 76 -0.37452  2.46250e-01 | 77  0.17931 -1.08915e+01 | 78  0.08059 -1.36833e+01
 79  0.22433  5.36316e-02 | 80 -1.03927  7.67193e-02 | 81 -0.18883  8.40035e-02
 82 -0.39583 -2.15509e-01 | 83 -0.19516 -5.62480e-01 | 84  0.17747  1.06301e-01
 85 -0.75497  2.07336e-01 | 86 -1.84926  4.71777e-02 | 87 -0.18500  1.61172e-01
 88 -0.38655  7.85458e-04 |
88 variables; iteration 220; function evaluation 273; phase 3
Function value 5.9647799e+03; maximum gradient component mag 2.7303e+01
Var    Value     Gradient |Var    Value     Gradient |Var    Value     Gradient
  1  0.02630  3.63047e+00 |  2 -0.00549 -5.12853e-02 |  3 -0.00570 -4.55509e-02
  4 -0.00599 -6.10452e-02 |  5 -0.00625 -5.10777e-02 |  6 -0.00673 -1.12585e-01
  7 -0.00681  1.03901e-02 |  8 -0.00723  2.68607e-02 |  9 -0.00794 -3.75693e-02
 10 -0.00856 -2.75976e-02 | 11 -0.00937 -5.66962e-02 | 12 -0.01038 -1.04017e-01
 13 -0.01158 -1.33474e-01 | 14 -0.01276 -1.77216e-02 | 15 -0.01457 -3.03833e-02
 16 -0.01650 -2.37908e-02 | 17 -0.01863 -5.12253e-02 | 18 -0.02105 -1.02831e-01
 19 -0.02368 -1.20077e-01 | 20 -0.02622  1.95481e-02 | 21 -0.02920 -1.48066e-02
 22 -0.03274  2.08395e-03 | 23 -0.03753  1.18130e-01 | 24 -0.04486  9.16732e-02
 25 -0.05448  8.67062e-03 | 26 -0.06590 -7.66991e-02 | 27 -0.07694  2.15023e-02
 28 -0.08091 -4.81585e-02 | 29 -0.07655 -2.81791e-02 | 30 -0.06646  2.72125e-01
 31 -0.05037  1.04605e-01 | 32 -0.02221 -1.15162e-01 | 33  0.00931 -1.50365e-01
 34  0.05130 -1.28308e-01 | 35  0.05969 -1.54895e-01 | 36  0.02800 -7.42581e-01
 37  0.00268 -1.87054e-01 | 38 -0.00862 -2.28596e-01 | 39 -0.00981 -1.16973e-01
 40  0.00242 -7.10063e-02 | 41  0.02551  2.16443e-01 | 42 -0.00294  3.77762e-02
 43  0.04196  2.15028e-01 | 44  0.03948  1.65878e-01 | 45 -0.04423  2.03380e-01
 46 -0.04228  5.88105e-02 | 47  0.02141  2.46424e-01 | 48  0.02819  3.41918e-01
 49 -0.00385  3.08740e-01 | 50  0.02921  1.93187e-01 | 51  0.00780  2.11113e-01
 52  0.00542  3.19901e-01 | 53  0.03701  1.76323e-01 | 54  0.03371  2.32825e-01
 55  0.04293  8.32132e-02 | 56  0.03925  2.47440e-02 | 57  0.05672  3.81970e-03
 58  0.04078  5.94191e-02 | 59  0.06613  2.30929e-01 | 60  0.05799  1.63261e-01
 61  0.07896 -1.34393e-01 | 62  0.06135  3.82951e-02 | 63  0.07050 -1.16606e-01
 64  0.04321 -1.68524e-01 | 65  0.04205 -1.95079e-01 | 66  0.02986 -1.89405e-01
 67  0.00441 -1.96751e-01 | 68 -0.01901  1.34865e-01 | 69 -0.01704 -4.21917e-02
 70 -0.04589 -1.30980e-01 | 71  0.33280  1.47368e+00 | 72 -0.23636  1.61986e+00
 73  0.37148 -6.99752e-01 | 74 -1.82707 -4.36329e-02 | 75 -0.45932 -6.71887e-03
 76 -0.37648  2.01970e-01 | 77  0.21737  2.17336e+01 | 78  0.05550  2.73029e+01
 79  0.26964 -3.57183e-01 | 80 -1.01822  7.75065e-02 | 81 -0.19255 -5.68107e-01
 82 -0.39710  8.85384e-01 | 83 -0.19519 -4.95689e-01 | 84  0.17766  5.94333e+00
 85 -0.77723  1.21786e-01 | 86 -1.84795 -6.00309e-01 | 87 -0.18494  2.49502e-01
 88 -0.38614  4.72512e-01 |
88 variables; iteration 240; function evaluation 294; phase 3
Function value 5.9646830e+03; maximum gradient component mag 7.3726e+00
Var    Value     Gradient |Var    Value     Gradient |Var    Value     Gradient
  1  0.02638  2.74674e+00 |  2 -0.00533  2.21279e-02 |  3 -0.00560  8.17813e-04
  4 -0.00590 -2.02266e-02 |  5 -0.00608  1.86107e-02 |  6 -0.00629  6.84941e-02
  7 -0.00701 -6.42727e-02 |  8 -0.00736 -2.07656e-02 |  9 -0.00782  1.31357e-02
 10 -0.00881 -1.27857e-01 | 11 -0.00954 -1.25501e-01 | 12 -0.01023 -4.91606e-02
 13 -0.01140 -7.02231e-02 | 14 -0.01271 -7.16065e-03 | 15 -0.01453 -3.06311e-02
 16 -0.01644 -1.93875e-02 | 17 -0.01843  1.09047e-02 | 18 -0.02065  4.56530e-02
 19 -0.02326  3.90427e-02 | 20 -0.02659 -1.78828e-01 | 21 -0.02916 -3.36383e-02
 22 -0.03270 -1.72278e-02 | 23 -0.03791 -1.21850e-01 | 24 -0.04554 -3.31368e-01
 25 -0.05446 -8.99560e-02 | 26 -0.06556 -1.98909e-02 | 27 -0.07684 -6.51571e-02
 28 -0.08056  3.71945e-02 | 29 -0.07633  2.14407e-03 | 30 -0.06706 -1.35355e-01
 31 -0.05063 -2.92669e-02 | 32 -0.02209  7.34137e-02 | 33  0.00933  1.65344e-01
 34  0.05099  4.44292e-01 | 35  0.05894  5.62238e-01 | 36  0.03059  8.01640e-01
 37  0.00208  2.55774e-01 | 38 -0.00862  3.42121e-01 | 39 -0.01012  2.02923e-01
 40  0.00296  4.33835e-01 | 41  0.02456  5.98587e-02 | 42 -0.00265  1.03741e-01
 43  0.04190  2.25485e-01 | 44  0.03977  2.87529e-01 | 45 -0.04439 -1.22550e-01
 46 -0.04260 -4.07003e-01 | 47  0.02115 -3.77939e-01 | 48  0.02824 -8.18064e-02
 49 -0.00371  4.20492e-01 | 50  0.02907 -9.59643e-01 | 51  0.00777 -1.83698e-01
 52  0.00531  1.79993e-01 | 53  0.03692 -2.09458e-01 | 54  0.03365 -6.89926e-01
 55  0.04290  4.78701e-02 | 56  0.03919 -5.73887e-01 | 57  0.05667 -8.27247e-01
 58  0.04071 -3.16257e-01 | 59  0.06604 -5.62206e-01 | 60  0.05792 -5.52871e-01
 61  0.07891 -4.78697e-01 | 62  0.06141  8.73779e-01 | 63  0.07051  4.00403e-01
 64  0.04315 -1.72692e-01 | 65  0.04203  2.58037e-01 | 66  0.02975 -3.79742e-01
 67  0.00432 -3.40343e-01 | 68 -0.01895  9.92250e-01 | 69 -0.01695  1.05309e+00
 70 -0.04602 -3.70294e-01 | 71  0.34146  7.37263e+00 | 72 -0.31585  1.20426e+00
 73  0.37694 -7.56197e-01 | 74 -1.83289 -1.54481e+00 | 75 -0.46258 -4.07768e-01
 76 -0.37794  8.92322e-01 | 77  0.20029 -1.38136e+00 | 78  0.06311 -1.55435e+00
 79  0.25075  6.67847e-02 | 80 -0.63224 -4.93470e-02 | 81 -0.19103 -1.77830e-01
 82 -0.39714 -4.12086e-01 | 83 -0.19520  7.81017e-01 | 84  0.17745  4.29634e+00
 85 -0.81573  4.31971e-02 | 86 -1.84976 -8.73836e-01 | 87 -0.18494  8.14727e-01
 88 -0.38668 -5.52306e-01 |
88 variables; iteration 260; function evaluation 316; phase 3
Function value 5.9646429e+03; maximum gradient component mag 2.2938e+00
Var    Value     Gradient |Var    Value     Gradient |Var    Value     Gradient
  1  0.02631  2.29384e+00 |  2 -0.00550 -2.68945e-02 |  3 -0.00571 -2.50448e-02
  4 -0.00598 -3.15618e-02 |  5 -0.00626 -2.98710e-02 |  6 -0.00658 -2.43599e-02
  7 -0.00700 -3.80225e-02 |  8 -0.00746 -3.83960e-02 |  9 -0.00799 -3.26396e-02
 10 -0.00862 -2.72727e-02 | 11 -0.00936 -3.01425e-02 | 12 -0.01022 -2.07110e-02
 13 -0.01132 -1.19041e-02 | 14 -0.01280 -1.95005e-02 | 15 -0.01457 -2.02959e-02
 16 -0.01652 -2.58145e-02 | 17 -0.01853 -5.72764e-03 | 18 -0.02083 -6.64601e-03
 19 -0.02344 -1.66939e-02 | 20 -0.02634 -4.34254e-02 | 21 -0.02918 -2.19803e-02
 22 -0.03276 -2.36375e-02 | 23 -0.03781 -3.88885e-02 | 24 -0.04511 -6.82573e-02
 25 -0.05444 -1.91258e-02 | 26 -0.06566 -4.00328e-03 | 27 -0.07689 -1.89846e-02
 28 -0.08071  5.28783e-03 | 29 -0.07640 -8.28446e-03 | 30 -0.06683  1.51392e-03
 31 -0.05054 -1.87505e-02 | 32 -0.02200 -5.64611e-03 | 33  0.00948 -2.71469e-03
 34  0.05108  6.76721e-02 | 35  0.05898  7.16158e-02 | 36  0.02960  7.03936e-02
 37  0.00245  3.41891e-02 | 38 -0.00854  4.80136e-02 | 39 -0.00989  1.94224e-02
 40  0.00250  2.73861e-02 | 41  0.02503  2.82503e-02 | 42 -0.00273  3.80826e-02
 43  0.04187  5.25742e-02 | 44  0.03958  7.14255e-02 | 45 -0.04435  2.14757e-02
 46 -0.04227  2.29514e-02 | 47  0.02136  5.37418e-02 | 48  0.02816  5.26270e-02
 49 -0.00387  1.47315e-03 | 50  0.02920  7.44998e-02 | 51  0.00778  1.84669e-02
 52  0.00536  2.38039e-03 | 53  0.03696  4.66289e-02 | 54  0.03368  8.03883e-02
 55  0.04291  5.70410e-02 | 56  0.03924  7.15573e-02 | 57  0.05671  4.42027e-02
 58  0.04078  2.61075e-02 | 59  0.06611  4.00061e-02 | 60  0.05797  1.95461e-02
 61  0.07897  2.53795e-02 | 62  0.06135 -5.59526e-02 | 63  0.07050 -3.87304e-02
 64  0.04319 -5.38149e-02 | 65  0.04199 -5.61138e-02 | 66  0.02981 -1.19693e-02
 67  0.00442 -1.33021e-02 | 68 -0.01906 -8.41750e-02 | 69 -0.01708 -9.10808e-02
 70 -0.04590 -3.98580e-02 | 71  0.34655  7.01755e-01 | 72 -0.40381  2.66245e-01
 73  0.37997 -2.44229e-02 | 74 -1.83495 -6.36318e-02 | 75 -0.46421 -1.10740e-01
 76 -0.37874  5.35732e-02 | 77  0.20405 -3.94869e-01 | 78  0.05020 -7.83636e-01
 79  0.25503  9.03846e-03 | 80 -0.41524  4.02358e-02 | 81 -0.19131 -3.31597e-02
 82 -0.39667  9.40077e-04 | 83 -0.19520  4.23628e-01 | 84  0.17764  5.82455e-01
 85 -0.86392  3.91682e-03 | 86 -1.84810 -8.91475e-02 | 87 -0.18494  6.38012e-03
 88 -0.38621  2.68266e-02 |
88 variables; iteration 280; function evaluation 337; phase 3
Function value 5.9646247e+03; maximum gradient component mag 5.0199e+00
Var    Value     Gradient |Var    Value     Gradient |Var    Value     Gradient
  1  0.02632  5.01991e+00 |  2 -0.00540 -2.59922e-02 |  3 -0.00561 -2.36386e-02
  4 -0.00598 -6.82025e-02 |  5 -0.00626 -6.62288e-02 |  6 -0.00657 -5.72683e-02
  7 -0.00698 -6.88259e-02 |  8 -0.00748 -8.39138e-02 |  9 -0.00807 -9.97205e-02
 10 -0.00852 -2.44707e-02 | 11 -0.00929 -3.70369e-02 | 12 -0.01019 -4.23251e-02
 13 -0.01128 -2.57124e-02 | 14 -0.01275 -3.14595e-02 | 15 -0.01461 -6.95665e-02
 16 -0.01651 -5.54432e-02 | 17 -0.01841  1.48976e-02 | 18 -0.02082 -3.25302e-02
 19 -0.02334  3.60741e-03 | 20 -0.02629 -4.04326e-02 | 21 -0.02918 -3.91452e-02
 22 -0.03283 -7.29188e-02 | 23 -0.03777 -2.91731e-02 | 24 -0.04542 -2.35103e-01
 25 -0.05438  7.35087e-03 | 26 -0.06558  4.61687e-02 | 27 -0.07683  2.10843e-02
 28 -0.08071  6.18637e-03 | 29 -0.07638  3.39450e-03 | 30 -0.06663  1.07583e-01
 31 -0.05067 -1.10523e-01 | 32 -0.02186  1.44499e-02 | 33  0.00936 -1.05038e-01
 34  0.05077 -9.93589e-02 | 35  0.05922  1.98814e-02 | 36  0.02940 -5.65143e-02
 37  0.00282  1.29192e-01 | 38 -0.00878 -5.48437e-02 | 39 -0.01012 -4.32339e-02
 40  0.00250  1.11775e-01 | 41  0.02514  2.14413e-01 | 42 -0.00260  2.12132e-01
 43  0.04167  2.31048e-01 | 44  0.03976  4.88706e-01 | 45 -0.04441  1.47927e-01
 46 -0.04224  2.18040e-01 | 47  0.02132  1.74160e-01 | 48  0.02814  5.21813e-02
 49 -0.00390 -6.49516e-02 | 50  0.02920  2.78774e-01 | 51  0.00776  2.98330e-02
 52  0.00532 -1.25963e-01 | 53  0.03693  1.26696e-01 | 54  0.03365  4.29078e-02
 55  0.04289  8.66635e-02 | 56  0.03923  7.21896e-02 | 57  0.05670  5.78231e-02
 58  0.04076  2.07266e-02 | 59  0.06609  9.60724e-02 | 60  0.05796  6.40569e-02
 61  0.07896  3.18202e-02 | 62  0.06132 -2.22673e-01 | 63  0.07049 -7.30157e-02
 64  0.04318 -1.38976e-01 | 65  0.04197 -1.94803e-01 | 66  0.02979 -6.08451e-02
 67  0.00442 -3.65076e-03 | 68 -0.01909 -2.87670e-01 | 69 -0.01710 -2.60965e-01
 70 -0.04590 -5.01425e-02 | 71  0.35021  2.50780e+00 | 72 -0.55038  1.04032e-01
 73  0.38219 -1.45968e-01 | 74 -1.83739 -5.74440e-01 | 75 -0.46564 -3.48990e-01
 76 -0.37952  1.48012e-01 | 77  0.20220  1.52594e-01 | 78  0.05250  1.96650e-01
 79  0.25282 -2.33786e-02 | 80 -0.42857 -3.34315e-02 | 81 -0.19113 -7.49439e-02
 82 -0.39643  1.08843e-01 | 83 -0.19520  1.87868e+00 | 84  0.17762  3.38004e+00
 85 -0.92838 -2.31327e-02 | 86 -1.84827 -5.55319e-01 | 87 -0.18495 -1.73766e-01
 88 -0.38623  4.75293e-01 |
88 variables; iteration 300; function evaluation 357; phase 3
Function value 5.9646208e+03; maximum gradient component mag 7.2947e+00
Var    Value     Gradient |Var    Value     Gradient |Var    Value     Gradient
  1  0.02631  6.22510e+00 |  2 -0.00539 -4.07355e-02 |  3 -0.00566 -6.31077e-02
  4 -0.00594 -7.29348e-02 |  5 -0.00616 -4.85779e-02 |  6 -0.00638 -2.74154e-03
  7 -0.00690 -5.35078e-02 |  8 -0.00751 -1.13163e-01 |  9 -0.00811 -1.32089e-01
 10 -0.00859 -6.71291e-02 | 11 -0.00944 -1.11463e-01 | 12 -0.01022 -7.04741e-02
 13 -0.01128 -4.05430e-02 | 14 -0.01264 -6.49666e-05 | 15 -0.01453 -4.95883e-02
 16 -0.01637 -5.08966e-03 | 17 -0.01840  1.33278e-02 | 18 -0.02068  2.12677e-02
 19 -0.02314  8.36466e-02 | 20 -0.02605  6.11201e-02 | 21 -0.02912 -1.49349e-02
 22 -0.03276 -3.75560e-02 | 23 -0.03782 -4.43251e-02 | 24 -0.04534 -1.72193e-01
 25 -0.05458 -6.74621e-02 | 26 -0.06573  6.07140e-03 | 27 -0.07690  2.93709e-02
 28 -0.08066  7.39497e-02 | 29 -0.07636  3.59987e-02 | 30 -0.06678  3.95006e-02
 31 -0.05070 -1.16777e-01 | 32 -0.02192 -2.71152e-02 | 33  0.00994  6.00101e-02
 34  0.05049 -2.36649e-01 | 35  0.05902 -1.28539e-01 | 36  0.02930 -2.07448e-01
 37  0.00275 -1.79719e-02 | 38 -0.00859 -1.26251e-01 | 39 -0.00992 -1.39468e-01
 40  0.00253 -1.11970e-01 | 41  0.02499 -1.50537e-01 | 42 -0.00298 -1.82874e-01
 43  0.04173 -1.47937e-01 | 44  0.03966  1.34830e-01 | 45 -0.04446 -5.59217e-02
 46 -0.04229 -2.46931e-01 | 47  0.02136 -1.42760e-01 | 48  0.02808  1.31003e-01
 49 -0.00391  3.74164e-01 | 50  0.02913 -2.92285e-01 | 51  0.00774  9.55639e-02
 52  0.00534  2.87449e-01 | 53  0.03691 -3.27057e-04 | 54  0.03362 -1.31080e-01
 55  0.04288  2.72522e-01 | 56  0.03918  2.72303e-03 | 57  0.05665 -2.96152e-02
 58  0.04077  1.38464e-01 | 59  0.06607  3.63483e-03 | 60  0.05793 -8.10564e-03
 61  0.07893  7.50281e-02 | 62  0.06137  6.79696e-01 | 63  0.07049  3.91503e-01
 64  0.04316  1.50637e-01 | 65  0.04197  2.35980e-01 | 66  0.02976 -1.41189e-01
 67  0.00437 -2.36218e-01 | 68 -0.01900  3.43164e-01 | 69 -0.01699  4.18206e-01
 70 -0.04594 -2.41978e-01 | 71  0.35139  2.50516e+00 | 72 -0.67769  3.59816e-02
 73  0.38274 -5.82303e-01 | 74 -1.83809 -6.17646e-01 | 75 -0.46582 -2.32509e-01
 76 -0.37950  4.52851e-01 | 77  0.20151 -4.36565e-01 | 78  0.05222 -4.96101e-01
 79  0.25200 -2.84591e-02 | 80 -0.41786  1.04414e-02 | 81 -0.19113 -2.22035e-01
 82 -0.39660 -3.28550e-02 | 83 -0.19520  2.89576e+00 | 84  0.17774  7.29473e+00
 85 -0.95806 -4.49840e-02 | 86 -1.84729 -7.29464e-01 | 87 -0.18493 -7.53033e-02
 88 -0.38596  9.20485e-01 |
  ic > imax  in fminim is answer attained ?
Var    Value     Gradient |Var    Value     Gradient |Var    Value     Gradient
  1  0.02629  5.19570e-05 |  2 -0.00551  8.53263e-07 |  3 -0.00573 -1.01373e-06
  4 -0.00598 -1.93361e-07 |  5 -0.00626  8.59881e-07 |  6 -0.00659 -1.92350e-06
  7 -0.00698  5.17288e-06 |  8 -0.00744  5.05173e-07 |  9 -0.00799  2.03169e-06
 10 -0.00863 -2.51018e-06 | 11 -0.00936 -2.71689e-06 | 12 -0.01025 -1.97262e-06
 13 -0.01137 -6.36495e-06 | 14 -0.01283 -1.57685e-06 | 15 -0.01459 -1.59127e-06
 16 -0.01653  1.51242e-06 | 17 -0.01858 -4.87493e-06 | 18 -0.02088 -2.50701e-06
 19 -0.02346 -1.16803e-06 | 20 -0.02631  9.52211e-06 | 21 -0.02919 -1.77709e-06
 22 -0.03277 -3.20283e-07 | 23 -0.03778  5.34787e-06 | 24 -0.04502  4.17427e-06
 25 -0.05443  6.01994e-07 | 26 -0.06569 -1.78042e-06 | 27 -0.07689  1.11272e-06
 28 -0.08073 -1.63676e-06 | 29 -0.07639 -4.34088e-06 | 30 -0.06684  4.35745e-06
 31 -0.05049 -7.08072e-06 | 32 -0.02195 -5.05203e-06 | 33  0.00958 -5.70463e-06
 34  0.05103  3.62577e-06 | 35  0.05897  5.03052e-06 | 36  0.02955  5.73717e-06
 37  0.00247 -3.56785e-06 | 38 -0.00856 -7.51692e-06 | 39 -0.00985  2.20110e-06
 40  0.00252  3.72427e-06 | 41  0.02506  7.86086e-07 | 42 -0.00280  1.46383e-06
 43  0.04190  5.19170e-07 | 44  0.03954 -4.32316e-06 | 45 -0.04436 -2.92243e-06
 46 -0.04222  5.77625e-07 | 47  0.02139 -8.00551e-06 | 48  0.02813 -2.48737e-05
 49 -0.00389 -1.57556e-05 | 50  0.02920  1.14352e-05 | 51  0.00777 -1.65063e-06
 52  0.00535 -1.21950e-05 | 53  0.03694 -6.94762e-06 | 54  0.03366 -1.14784e-05
 55  0.04291 -1.25508e-05 | 56  0.03923 -8.23464e-06 | 57  0.05671 -2.57950e-06
 58  0.04079 -1.65402e-06 | 59  0.06611  5.64674e-06 | 60  0.05797  1.13718e-05
 61  0.07897  1.40393e-05 | 62  0.06136  3.29139e-07 | 63  0.07051  1.47471e-05
 64  0.04319  1.53835e-05 | 65  0.04199  8.55239e-06 | 66  0.02981  7.52652e-06
 67  0.00443  1.09045e-05 | 68 -0.01903  1.84927e-06 | 69 -0.01705  2.30365e-06
 70 -0.04588  1.32784e-05 | 71  0.35199  8.31678e-05 | 72 -0.81098  5.38990e-07
 73  0.38312  1.29521e-05 | 74 -1.83789 -2.09155e-05 | 75 -0.46596  1.72533e-05
 76 -0.37963 -1.67949e-07 | 77  0.20240 -1.74875e-05 | 78  0.05184 -2.45147e-05
 79  0.25305 -1.45647e-06 | 80 -0.42134 -8.52629e-07 | 81 -0.19115  1.17062e-05
 82 -0.39656 -7.27304e-06 | 83 -0.19521  2.12247e-04 | 84  0.17769 -1.42167e-05
 85 -0.87213  4.51614e-07 | 86 -1.84770 -1.02649e-05 | 87 -0.18493  4.68704e-05
 88 -0.38610  2.72554e-05 |
Function minimizer not making progress ... is minimum attained?
Minimprove criterion = 0.0000e+00

 - final statistics:
88 variables; iteration 317; function evaluation 403
Function value 5.9646e+03; maximum gradient component mag 2.1225e-04
Exit code = 1;  converg criter 1.0000e-04
Var    Value     Gradient |Var    Value     Gradient |Var    Value     Gradient
  1  0.02629  5.19570e-05 |  2 -0.00551  8.53263e-07 |  3 -0.00573 -1.01373e-06
  4 -0.00598 -1.93361e-07 |  5 -0.00626  8.59881e-07 |  6 -0.00659 -1.92350e-06
  7 -0.00698  5.17288e-06 |  8 -0.00744  5.05173e-07 |  9 -0.00799  2.03169e-06
 10 -0.00863 -2.51018e-06 | 11 -0.00936 -2.71689e-06 | 12 -0.01025 -1.97262e-06
 13 -0.01137 -6.36495e-06 | 14 -0.01283 -1.57685e-06 | 15 -0.01459 -1.59127e-06
 16 -0.01653  1.51242e-06 | 17 -0.01858 -4.87493e-06 | 18 -0.02088 -2.50701e-06
 19 -0.02346 -1.16803e-06 | 20 -0.02631  9.52211e-06 | 21 -0.02919 -1.77709e-06
 22 -0.03277 -3.20283e-07 | 23 -0.03778  5.34787e-06 | 24 -0.04502  4.17427e-06
 25 -0.05443  6.01994e-07 | 26 -0.06569 -1.78042e-06 | 27 -0.07689  1.11272e-06
 28 -0.08073 -1.63676e-06 | 29 -0.07639 -4.34088e-06 | 30 -0.06684  4.35745e-06
 31 -0.05049 -7.08072e-06 | 32 -0.02195 -5.05203e-06 | 33  0.00958 -5.70463e-06
 34  0.05103  3.62577e-06 | 35  0.05897  5.03052e-06 | 36  0.02955  5.73717e-06
 37  0.00247 -3.56785e-06 | 38 -0.00856 -7.51692e-06 | 39 -0.00985  2.20110e-06
 40  0.00252  3.72427e-06 | 41  0.02506  7.86086e-07 | 42 -0.00280  1.46383e-06
 43  0.04190  5.19170e-07 | 44  0.03954 -4.32316e-06 | 45 -0.04436 -2.92243e-06
 46 -0.04222  5.77625e-07 | 47  0.02139 -8.00551e-06 | 48  0.02813 -2.48737e-05
 49 -0.00389 -1.57556e-05 | 50  0.02920  1.14352e-05 | 51  0.00777 -1.65063e-06
 52  0.00535 -1.21950e-05 | 53  0.03694 -6.94762e-06 | 54  0.03366 -1.14784e-05
 55  0.04291 -1.25508e-05 | 56  0.03923 -8.23464e-06 | 57  0.05671 -2.57950e-06
 58  0.04079 -1.65402e-06 | 59  0.06611  5.64674e-06 | 60  0.05797  1.13718e-05
 61  0.07897  1.40393e-05 | 62  0.06136  3.29139e-07 | 63  0.07051  1.47471e-05
 64  0.04319  1.53835e-05 | 65  0.04199  8.55239e-06 | 66  0.02981  7.52652e-06
 67  0.00443  1.09045e-05 | 68 -0.01903  1.84927e-06 | 69 -0.01705  2.30365e-06
 70 -0.04588  1.32784e-05 | 71  0.35199  8.31678e-05 | 72 -0.81098  5.38990e-07
 73  0.38312  1.29521e-05 | 74 -1.83789 -2.09155e-05 | 75 -0.46596  1.72533e-05
 76 -0.37963 -1.67949e-07 | 77  0.20240 -1.74875e-05 | 78  0.05184 -2.45147e-05
 79  0.25305 -1.45647e-06 | 80 -0.42134 -8.52629e-07 | 81 -0.19115  1.17062e-05
 82 -0.39656 -7.27304e-06 | 83 -0.19521  2.12247e-04 | 84  0.17769 -1.42167e-05
 85 -0.87213  4.51614e-07 | 86 -1.84770 -1.02649e-05 | 87 -0.18493  4.68704e-05
 88 -0.38610  2.72554e-05 |

Initial statistics: 98 variables; iteration 0; function evaluation 0; phase 4
Function value 5.9646172e+03; maximum gradient component mag 1.6897e+02
Var    Value     Gradient |Var    Value     Gradient |Var    Value     Gradient
  1  0.02629  5.19585e-05 |  2 -0.00551  8.96743e-07 |  3 -0.00573 -9.70252e-07
  4 -0.00598 -1.49881e-07 |  5 -0.00626  9.03360e-07 |  6 -0.00659 -1.88002e-06
  7 -0.00698  5.21635e-06 |  8 -0.00744  5.48652e-07 |  9 -0.00799  2.07517e-06
 10 -0.00863 -2.46670e-06 | 11 -0.00936 -2.67341e-06 | 12 -0.01025 -1.92915e-06
 13 -0.01137 -6.32148e-06 | 14 -0.01283 -1.53338e-06 | 15 -0.01459 -1.54780e-06
 16 -0.01653  1.55589e-06 | 17 -0.01858 -4.83146e-06 | 18 -0.02088 -2.46355e-06
 19 -0.02346 -1.12458e-06 | 20 -0.02631  9.56555e-06 | 21 -0.02919 -1.73366e-06
 22 -0.03277 -2.76858e-07 | 23 -0.03778  5.39128e-06 | 24 -0.04502  4.21765e-06
 25 -0.05443  6.45317e-07 | 26 -0.06569 -1.73717e-06 | 27 -0.07689  1.15588e-06
 28 -0.08073 -1.59363e-06 | 29 -0.07639 -4.29771e-06 | 30 -0.06684  4.40069e-06
 31 -0.05049 -7.03738e-06 | 32 -0.02195 -5.00857e-06 | 33  0.00958 -5.66115e-06
 34  0.05103  3.66913e-06 | 35  0.05897  5.07382e-06 | 36  0.02955  5.78063e-06
 37  0.00247 -3.52435e-06 | 38 -0.00856 -7.47343e-06 | 39 -0.00985  2.24465e-06
 40  0.00252  3.76785e-06 | 41  0.02506  8.29570e-07 | 42 -0.00280  1.50736e-06
 43  0.04190  5.62641e-07 | 44  0.03954 -4.27958e-06 | 45 -0.04436 -2.87890e-06
 46 -0.04222  6.20650e-07 | 47  0.02139 -7.96173e-06 | 48  0.02813 -2.48291e-05
 49 -0.00389 -1.57113e-05 | 50  0.02920  1.14782e-05 | 51  0.00777 -1.60712e-06
 52  0.00535 -1.21517e-05 | 53  0.03694 -6.90509e-06 | 54  0.03366 -1.14341e-05
 55  0.04291 -1.25072e-05 | 56  0.03923 -8.19141e-06 | 57  0.05671 -2.53644e-06
 58  0.04079 -1.61044e-06 | 59  0.06611  5.68959e-06 | 60  0.05797  1.14151e-05
 61  0.07897  1.40822e-05 | 62  0.06136  3.72364e-07 | 63  0.07051  1.47903e-05
 64  0.04319  1.54270e-05 | 65  0.04199  8.59577e-06 | 66  0.02981  7.56995e-06
 67  0.00443  1.09480e-05 | 68 -0.01903  1.89273e-06 | 69 -0.01705  2.34712e-06
 70 -0.04588  1.33218e-05 | 71  0.00000  1.68971e+02 | 72  0.00000  3.71052e+01
 73  0.00000 -1.85561e+01 | 74  0.00000 -8.78829e+01 | 75  0.00000  0.00000e+00
 76  0.00000  0.00000e+00 | 77  0.00000  0.00000e+00 | 78  0.00000  0.00000e+00
 79  0.00000  0.00000e+00 | 80  0.00000  0.00000e+00 | 81  0.35199  8.31680e-05
 82 -0.81098  5.38991e-07 | 83  0.38312  1.29521e-05 | 84 -0.16211  2.09155e-05
 85 -0.46596  1.72532e-05 | 86 -0.37963 -1.67904e-07 | 87  0.20240 -1.74874e-05
 88  0.05184 -2.45147e-05 | 89  0.25305 -1.45647e-06 | 90 -0.42134 -8.52626e-07
 91 -0.19115  1.17062e-05 | 92 -0.39656 -7.27303e-06 | 93 -0.19521  2.12248e-04
 94  0.17769 -1.42111e-05 | 95 -0.87213  4.51614e-07 | 96 -0.15230  1.02654e-05
 97 -0.18493  4.68704e-05 | 98 -0.38610  2.72556e-05 |

Intermediate statistics: 98 variables; iteration 20; function evaluation 26; phase 4
Function value 5.9623025e+03; maximum gradient component mag 1.2554e+02
Var    Value     Gradient |Var    Value     Gradient |Var    Value     Gradient
  1  0.02762  9.48537e+01 |  2 -0.00161 -1.54662e-01 |  3 -0.00186 -1.62790e-01
  4 -0.00214 -1.72092e-01 |  5 -0.00247 -1.82806e-01 |  6 -0.00284 -1.95254e-01
  7 -0.00328 -2.09890e-01 |  8 -0.00380 -2.27377e-01 |  9 -0.00442 -2.48276e-01
 10 -0.00514 -2.72553e-01 | 11 -0.00597 -3.00693e-01 | 12 -0.00696 -3.34438e-01
 13 -0.00822 -3.77014e-01 | 14 -0.00984 -4.31819e-01 | 15 -0.01180 -4.97044e-01
 16 -0.01395 -5.67394e-01 | 17 -0.01624 -6.40681e-01 | 18 -0.01879 -7.19980e-01
 19 -0.02166 -8.07348e-01 | 20 -0.02483 -9.02654e-01 | 21 -0.02807 -9.96091e-01
 22 -0.03212 -1.11629e+00 | 23 -0.03787 -1.29928e+00 | 24 -0.04614 -1.56681e+00
 25 -0.05647 -1.84802e+00 | 26 -0.06814 -2.03727e+00 | 27 -0.07946 -2.14118e+00
 28 -0.08326 -2.15188e+00 | 29 -0.07883 -2.18410e+00 | 30 -0.06914 -2.25789e+00
 31 -0.05262 -2.32866e+00 | 32 -0.02351 -2.37837e+00 | 33  0.00773 -2.75566e+00
 34  0.04921 -3.23186e+00 | 35  0.05679 -3.36175e+00 | 36  0.02887 -2.75762e+00
 37  0.00192 -2.42535e+00 | 38 -0.00944 -2.41861e+00 | 39 -0.01090 -2.52069e+00
 40  0.00106 -2.88674e+00 | 41  0.02276 -3.45183e+00 | 42 -0.00286 -2.77691e+00
 43  0.04041 -3.89410e+00 | 44  0.03825 -4.28119e+00 | 45 -0.04522 -3.17261e+00
 46 -0.04416 -3.86114e+00 | 47  0.01963 -5.00385e+00 | 48  0.02700 -4.67581e+00
 49 -0.00503 -4.58627e+00 | 50  0.02773 -5.43670e+00 | 51  0.00660 -2.52002e+00
 52  0.00401 -2.35408e+00 | 53  0.03562 -2.35953e+00 | 54  0.03239 -2.28751e+00
 55  0.04169 -2.96744e-01 | 56  0.03808  1.61246e-01 | 57  0.05565  2.37134e+00
 58  0.03962  3.71700e+00 | 59  0.06517  8.89034e+00 | 60  0.05716  9.99695e+00
 61  0.07843  1.75522e+01 | 62  0.06061  1.22956e+01 | 63  0.06979  1.34249e+01
 64  0.04274  1.27215e+01 | 65  0.04148  1.11593e+01 | 66  0.02900  6.19318e+00
 67  0.00377  4.01412e+00 | 68 -0.02007  3.79701e-01 | 69 -0.01774  1.62794e+00
 70 -0.04650 -2.62015e+00 | 71 -0.00922  1.25540e+02 | 72 -0.00162  3.09280e+01
 73 -0.00008 -1.46919e+01 | 74  0.01331 -6.18719e+01 | 75  0.00000  0.00000e+00
 76  0.00000  0.00000e+00 | 77  0.00000  0.00000e+00 | 78  0.00000  0.00000e+00
 79  0.00000  0.00000e+00 | 80  0.00000  0.00000e+00 | 81  0.35214  9.42220e+00
 82 -0.81098  2.29880e-02 | 83  0.38372 -1.77072e+00 | 84 -0.16200  1.56630e+00
 85 -0.46693 -1.10621e+00 | 86 -0.37982  5.46664e-01 | 87  0.20172 -3.93845e+00
 88  0.05227 -3.85576e+00 | 89  0.25631  1.66481e-01 | 90 -0.42131 -2.75787e-01
 91 -0.19297 -8.00402e+00 | 92 -0.39692 -3.62203e-01 | 93 -0.19521  1.56206e+01
 94  0.17723  6.72754e+01 | 95 -0.87214  3.20781e-05 | 96 -0.14825  8.63113e+00
 97 -0.18488  1.63183e+01 | 98 -0.38737  4.68119e+00 |
98 variables; iteration 40; function evaluation 50; phase 4
Function value 5.9596439e+03; maximum gradient component mag 3.0706e+01
Var    Value     Gradient |Var    Value     Gradient |Var    Value     Gradient
  1  0.02789  2.34650e+01 |  2 -0.00228  1.20998e+00 |  3 -0.00249  1.22620e+00
  4 -0.00274  1.24443e+00 |  5 -0.00301  1.26486e+00 |  6 -0.00334  1.28765e+00
  7 -0.00372  1.31286e+00 |  8 -0.00418  1.34033e+00 |  9 -0.00474  1.36990e+00
 10 -0.00539  1.40223e+00 | 11 -0.00615  1.43756e+00 | 12 -0.00707  1.47601e+00
 13 -0.00825  1.51638e+00 | 14 -0.00982  1.55561e+00 | 15 -0.01172  1.59403e+00
 16 -0.01381  1.63559e+00 | 17 -0.01601  1.68583e+00 | 18 -0.01844  1.75141e+00
 19 -0.02116  1.83703e+00 | 20 -0.02410  1.95204e+00 | 21 -0.02697  2.14088e+00
 22 -0.03052  2.40839e+00 | 23 -0.03570  2.75767e+00 | 24 -0.04356  3.09721e+00
 25 -0.05411  3.10750e+00 | 26 -0.06660  2.72453e+00 | 27 -0.07849  2.40806e+00
 28 -0.08227  2.36553e+00 | 29 -0.07786  2.25340e+00 | 30 -0.06834  1.98859e+00
 31 -0.05166  1.82069e+00 | 32 -0.02290  1.20530e+00 | 33  0.00734  3.76388e-01
 34  0.04829 -3.33764e-01 | 35  0.05447 -3.11666e-01 | 36  0.02806  7.83291e-01
 37  0.00245  1.99812e+00 | 38 -0.00761  3.19060e+00 | 39 -0.00918  3.78109e+00
 40  0.00212  4.09389e+00 | 41  0.02405  4.78543e+00 | 42 -0.00413  3.26417e+00
 43  0.04224  4.31508e+00 | 44  0.03653 -1.48426e-01 | 45 -0.04653 -1.91953e+00
 46 -0.04414 -6.71201e-01 | 47  0.02008  1.51293e+00 | 48  0.02716  1.80278e+00
 49 -0.00525 -2.45137e+00 | 50  0.02597 -1.97189e+01 | 51  0.00766  1.19737e+01
 52  0.00455  5.76962e+00 | 53  0.03616  5.50599e+00 | 54  0.03261  1.25500e+00
 55  0.04165 -1.25794e+00 | 56  0.03782 -3.03167e+00 | 57  0.05560  1.21310e+00
 58  0.03969  4.88185e+00 | 59  0.06505  5.85301e+00 | 60  0.05635 -4.71644e+00
 61  0.07775  3.22854e+00 | 62  0.06019  4.13300e+00 | 63  0.06959  4.17506e+00
 64  0.04042 -1.09920e+01 | 65  0.04193  8.59135e+00 | 66  0.02783 -1.08373e+00
 67  0.00372  6.02031e+00 | 68 -0.02107 -6.58170e-01 | 69 -0.01972 -2.55583e+00
 70 -0.04737 -7.76878e+00 | 71 -0.03254  2.35593e+01 | 72 -0.00782  2.11346e+00
 73  0.00281  1.38113e+00 | 74  0.04034 -2.10832e+00 | 75  0.00000  0.00000e+00
 76  0.00000  0.00000e+00 | 77  0.00000  0.00000e+00 | 78  0.00000  0.00000e+00
 79  0.00000  0.00000e+00 | 80  0.00000  0.00000e+00 | 81  0.35202 -6.56138e-02
 82 -0.81083  1.09472e-02 | 83  0.38680  4.71937e+00 | 84 -0.16136  1.06904e+00
 85 -0.47182 -3.77391e+00 | 86 -0.37997  2.89595e-01 | 87  0.21812  2.55051e+01
 88  0.04125  3.07055e+01 | 89  0.27578 -1.20804e-02 | 90 -0.43168  2.19977e+00
 91 -0.18991  1.19190e+00 | 92 -0.39856  1.36065e+00 | 93 -0.19517  8.64521e+00
 94  0.17725  1.11461e+01 | 95 -0.87351 -1.80986e-03 | 96 -0.14919  2.14795e+00
 97 -0.18661  2.11517e+00 | 98 -0.38719  4.27091e+00 |
98 variables; iteration 60; function evaluation 77; phase 4
Function value 5.9594934e+03; maximum gradient component mag 1.1429e+01
Var    Value     Gradient |Var    Value     Gradient |Var    Value     Gradient
  1  0.02763  1.78715e+00 |  2 -0.00147  2.70306e-01 |  3 -0.00172  2.66318e-01
  4 -0.00201  2.61253e-01 |  5 -0.00234  2.54817e-01 |  6 -0.00273  2.46637e-01
  7 -0.00318  2.36295e-01 |  8 -0.00372  2.23156e-01 |  9 -0.00436  2.06469e-01
 10 -0.00511  1.86012e-01 | 11 -0.00598  1.61326e-01 | 12 -0.00701  1.31050e-01
 13 -0.00832  9.30425e-02 | 14 -0.01001  4.57215e-02 | 15 -0.01205 -1.32490e-02
 16 -0.01428 -7.92495e-02 | 17 -0.01665 -1.48340e-01 | 18 -0.01930 -2.33232e-01
 19 -0.02231 -3.39057e-01 | 20 -0.02563 -4.64147e-01 | 21 -0.02900 -5.87700e-01
 22 -0.03297 -6.49914e-01 | 23 -0.03829 -6.17106e-01 | 24 -0.04583 -5.15892e-01
 25 -0.05573 -5.11708e-01 | 26 -0.06805 -9.44861e-01 | 27 -0.07975 -1.14514e+00
 28 -0.08324 -8.32330e-01 | 29 -0.07837 -3.24177e-01 | 30 -0.06797  4.36436e-01
 31 -0.05055  1.29370e+00 | 32 -0.02225  1.39728e+00 | 33  0.00929  1.75234e+00
 34  0.05184  2.14039e+00 | 35  0.05490  4.79180e-01 | 36  0.02934  2.53397e-01
 37  0.00172 -5.28223e-01 | 38 -0.01010 -1.08178e+00 | 39 -0.01138 -1.21959e+00
 40  0.00029 -1.34180e+00 | 41  0.02229 -9.51512e-01 | 42 -0.00186  9.19235e-01
 43  0.04187  2.69134e+00 | 44  0.03943  1.56987e+00 | 45 -0.04903 -3.89163e+00
 46 -0.04207  1.77343e+00 | 47  0.01991  7.20686e-01 | 48  0.02696  2.18411e-01
 49 -0.00505  1.70326e-01 | 50  0.02799 -3.18797e-01 | 51  0.00683  6.36894e-01
 52  0.00434  3.25034e-01 | 53  0.03595  4.43452e-01 | 54  0.03270  5.41485e-01
 55  0.04195  4.71416e-01 | 56  0.03828  1.95855e-01 | 57  0.05573  5.12763e-01
 58  0.03971  5.30041e-01 | 59  0.06499  1.56118e-01 | 60  0.05683 -2.03241e-01
 61  0.07779 -2.82442e-01 | 62  0.06021  4.52091e-01 | 63  0.06920 -9.61975e-01
 64  0.04209  1.80710e-01 | 65  0.04067 -1.37749e+00 | 66  0.02862  2.11951e-01
 67  0.00286 -6.53768e-01 | 68 -0.02056  2.91305e-01 | 69 -0.01948 -7.09886e-02
 70 -0.04479  1.25417e+00 | 71 -0.03837  8.96722e-01 | 72 -0.00811 -4.41131e-01
 73  0.00171 -7.45724e-01 | 74  0.04193  2.44678e+00 | 75  0.00000  0.00000e+00
 76  0.00000  0.00000e+00 | 77  0.00000  0.00000e+00 | 78  0.00000  0.00000e+00
 79  0.00000  0.00000e+00 | 80  0.00000  0.00000e+00 | 81  0.35205 -1.12843e-01
 82 -0.81104 -1.18767e-03 | 83  0.38465 -2.19023e-01 | 84 -0.16309 -2.21440e-01
 85 -0.46628  8.22688e-02 | 86 -0.37912  8.34218e-01 | 87  0.21933  1.14292e+01
 88  0.03858  1.13483e+01 | 89  0.27504 -8.70780e-01 | 90 -0.41312  1.05700e+00
 91 -0.18982  1.80848e-01 | 92 -0.39764  1.09437e+00 | 93 -0.19522 -2.97314e+00
 94  0.17752 -2.22480e+00 | 95 -0.87086 -7.29813e-06 | 96 -0.15104 -1.00038e+00
 97 -0.18655 -3.54137e-01 | 98 -0.38712 -1.07342e+00 |
98 variables; iteration 80; function evaluation 111; phase 4
Function value 5.9594545e+03; maximum gradient component mag 3.0489e+00
Var    Value     Gradient |Var    Value     Gradient |Var    Value     Gradient
  1  0.02778  1.29264e+00 |  2 -0.00181  6.46503e-02 |  3 -0.00216  2.35077e-02
  4 -0.00254 -1.64700e-02 |  5 -0.00295 -5.32183e-02 |  6 -0.00339 -8.41542e-02
  7 -0.00388 -1.06314e-01 |  8 -0.00441 -1.16429e-01 |  9 -0.00501 -1.11780e-01
 10 -0.00566 -9.26996e-02 | 11 -0.00640 -6.24622e-02 | 12 -0.00728 -2.73730e-02
 13 -0.00844  2.03321e-03 | 14 -0.01001  1.34837e-02 | 15 -0.01193  1.35593e-02
 16 -0.01402  2.06142e-02 | 17 -0.01627  1.33524e-02 | 18 -0.01891 -4.75475e-02
 19 -0.02181 -8.57120e-02 | 20 -0.02446  1.18481e-01 | 21 -0.02730  2.73723e-01
 22 -0.03181  1.14248e-02 | 23 -0.03720  1.09977e-01 | 24 -0.04507  1.98212e-01
 25 -0.05566 -4.88695e-02 | 26 -0.06720 -2.18303e-02 | 27 -0.07769  4.90546e-01
 28 -0.08225  4.82671e-02 | 29 -0.07827 -1.86062e-01 | 30 -0.06863 -1.57479e-01
 31 -0.05218 -1.25522e-01 | 32 -0.02312 -2.99610e-02 | 33  0.00801 -7.92146e-02
 34  0.04891 -2.26529e-01 | 35  0.05688 -9.16027e-02 | 36  0.02864 -7.84534e-02
 37  0.00248  2.12990e-01 | 38 -0.00960 -8.37860e-02 | 39 -0.01076  5.83340e-02
 40  0.00168  2.89701e-01 | 41  0.02357  3.22615e-01 | 42 -0.00310 -6.82085e-02
 43  0.03975 -3.90574e-01 | 44  0.03827 -2.68915e-03 | 45 -0.04457  3.01365e-01
 46 -0.04383 -2.16940e-01 | 47  0.01982 -2.51162e-02 | 48  0.02706  3.90227e-02
 49 -0.00494  2.88259e-02 | 50  0.02793 -1.86339e-02 | 51  0.00674  2.51294e-02
 52  0.00419  5.45951e-02 | 53  0.03583  4.91197e-02 | 54  0.03262 -1.83266e-03
 55  0.04187 -4.21873e-02 | 56  0.03824 -6.63091e-03 | 57  0.05567 -3.29133e-02
 58  0.03955 -1.98446e-02 | 59  0.06488  3.38494e-02 | 60  0.05678  7.11341e-02
 61  0.07773  4.43117e-02 | 62  0.06007 -7.02034e-02 | 63  0.06922  1.17046e-01
 64  0.04190 -1.63210e-01 | 65  0.04073  1.70829e-01 | 66  0.02837 -1.27284e-01
 67  0.00282  1.02449e-01 | 68 -0.02086 -1.10443e-01 | 69 -0.01966 -1.08899e-02
 70 -0.04531 -2.24727e-01 | 71 -0.03884 -1.95471e-01 | 72 -0.00827 -1.44591e-03
 73  0.00172  1.03407e-01 | 74  0.04049 -1.91692e-01 | 75  0.00000  0.00000e+00
 76  0.00000  0.00000e+00 | 77  0.00000  0.00000e+00 | 78  0.00000  0.00000e+00
 79  0.00000  0.00000e+00 | 80  0.00000  0.00000e+00 | 81  0.35196  1.18474e-01
 82 -0.81093  3.62897e-04 | 83  0.38472  4.86088e-02 | 84 -0.16212 -5.71178e-02
 85 -0.46645 -1.12024e-01 | 86 -0.37994 -2.83208e-02 | 87  0.20910  2.60053e+00
 88  0.04702  3.04888e+00 | 89  0.26596  6.52021e-02 | 90 -0.42209  2.21780e-01
 91 -0.18913 -1.58977e-01 | 92 -0.39764  1.12808e-01 | 93 -0.19520  5.63121e-01
 94  0.17723  1.22101e+00 | 95 -0.87048 -8.31997e-06 | 96 -0.14874  2.27415e-01
 97 -0.18651  6.33952e-02 | 98 -0.38758  2.12569e-01 |
98 variables; iteration 100; function evaluation 146; phase 4
Function value 5.9594527e+03; maximum gradient component mag 3.5357e-02
Var    Value     Gradient |Var    Value     Gradient |Var    Value     Gradient
  1  0.02777 -7.15312e-03 |  2 -0.00204 -1.38147e-03 |  3 -0.00227  1.20497e-03
  4 -0.00256 -8.89009e-04 |  5 -0.00287  3.76325e-04 |  6 -0.00323  1.06479e-03
  7 -0.00367 -8.55848e-04 |  8 -0.00418 -1.03708e-03 |  9 -0.00478  1.45778e-03
 10 -0.00548  9.15045e-04 | 11 -0.00629  5.87533e-04 | 12 -0.00726 -7.55472e-04
 13 -0.00849 -4.93816e-04 | 14 -0.01008 -8.93924e-04 | 15 -0.01198  2.97522e-03
 16 -0.01409 -1.42608e-03 | 17 -0.01632  5.37532e-04 | 18 -0.01881  1.37457e-03
 19 -0.02162  9.85292e-04 | 20 -0.02472 -1.52744e-04 | 21 -0.02789 -1.44777e-03
 22 -0.03182 -4.85906e-04 | 23 -0.03739 -1.04940e-03 | 24 -0.04539 -1.52415e-03
 25 -0.05547 -4.10802e-06 | 26 -0.06705 -2.14802e-04 | 27 -0.07840 -3.94182e-03
 28 -0.08225 -6.19898e-04 | 29 -0.07791  1.26518e-03 | 30 -0.06835  1.22409e-03
 31 -0.05200  1.68278e-04 | 32 -0.02322  3.17146e-04 | 33  0.00792  1.11398e-03
 34  0.04923  2.08846e-03 | 35  0.05682  7.55912e-04 | 36  0.02880  3.40759e-04
 37  0.00199 -2.19432e-03 | 38 -0.00922 -5.97449e-05 | 39 -0.01062  7.47224e-04
 40  0.00136 -2.46229e-03 | 41  0.02314 -2.92431e-03 | 42 -0.00298  4.97143e-04
 43  0.04025  2.80932e-03 | 44  0.03817  4.76771e-04 | 45 -0.04484 -2.62277e-03
 46 -0.04367  1.25121e-03 | 47  0.01982  5.70836e-04 | 48  0.02704 -1.33131e-04
 49 -0.00496  7.21127e-05 | 50  0.02795  1.11004e-03 | 51  0.00675 -3.48636e-04
 52  0.00420 -2.24694e-04 | 53  0.03585 -2.23826e-04 | 54  0.03264  1.65008e-04
 55  0.04188  2.85565e-04 | 56  0.03824  2.16191e-04 | 57  0.05567  3.28111e-04
 58  0.03956  5.02173e-05 | 59  0.06489 -3.20564e-04 | 60  0.05678 -1.73007e-04
 61  0.07773 -5.65453e-04 | 62  0.06009  7.90106e-05 | 63  0.06921 -1.21395e-03
 64  0.04193  9.60764e-04 | 65  0.04070 -1.68516e-03 | 66  0.02839  4.86013e-04
 67  0.00279 -8.43954e-04 | 68 -0.02084  4.44591e-04 | 69 -0.01968  1.23666e-04
 70 -0.04527  1.80056e-03 | 71 -0.03879  1.69382e-04 | 72 -0.00826 -5.12236e-04
 73  0.00168 -6.58503e-04 | 74  0.04055  1.65157e-03 | 75  0.00000  0.00000e+00
 76  0.00000  0.00000e+00 | 77  0.00000  0.00000e+00 | 78  0.00000  0.00000e+00
 79  0.00000  0.00000e+00 | 80  0.00000  0.00000e+00 | 81  0.35190 -9.72208e-04
 82 -0.81074 -1.05962e-05 | 83  0.38463 -5.24023e-04 | 84 -0.16184  9.21856e-04
 85 -0.46631  3.53204e-04 | 86 -0.37996  4.95585e-04 | 87  0.20529  2.70041e-02
 88  0.04978  3.53572e-02 | 89  0.26136 -3.54382e-04 | 90 -0.42197 -1.69642e-05
 91 -0.18872  8.13489e-04 | 92 -0.39741  5.96472e-04 | 93 -0.19521 -4.53250e-03
 94  0.17726 -8.33648e-03 | 95 -0.87049  7.00702e-06 | 96 -0.14896 -2.40991e-03
 97 -0.18651 -7.41508e-04 | 98 -0.38754 -1.35499e-03 |

 - final statistics:
98 variables; iteration 112; function evaluation 165
Function value 5.9595e+03; maximum gradient component mag 8.6781e-05
Exit code = 1;  converg criter 1.0000e-04
Var    Value     Gradient |Var    Value     Gradient |Var    Value     Gradient
  1  0.02777  2.32312e-05 |  2 -0.00203 -1.13839e-06 |  3 -0.00228 -4.46243e-07
  4 -0.00255  8.49467e-07 |  5 -0.00287  2.05421e-07 |  6 -0.00324 -4.99073e-07
  7 -0.00367 -2.23719e-07 |  8 -0.00417  1.71001e-07 |  9 -0.00478  9.37540e-09
 10 -0.00548 -1.09140e-08 | 11 -0.00629 -7.07419e-07 | 12 -0.00726 -2.10339e-07
 13 -0.00849 -4.83961e-07 | 14 -0.01007  7.83130e-07 | 15 -0.01199 -2.03525e-07
 16 -0.01409 -3.03785e-06 | 17 -0.01632 -5.52915e-07 | 18 -0.01881  1.08717e-07
 19 -0.02163  7.90878e-07 | 20 -0.02472 -5.37674e-07 | 21 -0.02788 -1.80858e-06
 22 -0.03182 -6.84599e-07 | 23 -0.03739 -1.04234e-06 | 24 -0.04538 -1.41443e-06
 25 -0.05547  4.07893e-08 | 26 -0.06706 -1.21446e-07 | 27 -0.07839 -3.66102e-06
 28 -0.08225 -5.20676e-07 | 29 -0.07792  1.03999e-06 | 30 -0.06836  1.03585e-06
 31 -0.05200  7.89940e-07 | 32 -0.02322  7.54208e-07 | 33  0.00792  1.05226e-06
 34  0.04922  2.09190e-06 | 35  0.05682  1.04611e-06 | 36  0.02880  6.50360e-07
 37  0.00199 -1.99421e-06 | 38 -0.00922  1.64158e-06 | 39 -0.01062 -1.16422e-06
 40  0.00136 -2.66764e-06 | 41  0.02314 -2.48495e-06 | 42 -0.00298  9.40185e-07
 43  0.04025  2.55677e-06 | 44  0.03817  1.30462e-06 | 45 -0.04484 -1.91339e-06
 46 -0.04367  1.70154e-06 | 47  0.01982  1.04326e-06 | 48  0.02704  8.32816e-07
 49 -0.00496  7.41459e-07 | 50  0.02795  1.97412e-06 | 51  0.00675  6.21321e-07
 52  0.00420  4.45564e-07 | 53  0.03585  7.33151e-07 | 54  0.03264  1.07658e-06
 55  0.04188  1.44614e-06 | 56  0.03824  1.13370e-06 | 57  0.05567  1.46837e-06
 58  0.03956  1.01163e-06 | 59  0.06489  7.58734e-07 | 60  0.05678  2.44046e-07
 61  0.07773  8.82600e-08 | 62  0.06009  3.86923e-07 | 63  0.06921 -1.59279e-06
 64  0.04193  4.93336e-07 | 65  0.04070 -2.84491e-06 | 66  0.02839 -2.35627e-07
 67  0.00279 -2.00114e-06 | 68 -0.02084 -3.37083e-07 | 69 -0.01968 -8.32742e-07
 70 -0.04527  1.11546e-06 | 71 -0.03879  1.48428e-07 | 72 -0.00826 -4.82112e-07
 73  0.00168 -1.13056e-06 | 74  0.04055  1.30363e-06 | 75  0.00000  0.00000e+00
 76  0.00000  0.00000e+00 | 77  0.00000  0.00000e+00 | 78  0.00000  0.00000e+00
 79  0.00000  0.00000e+00 | 80  0.00000  0.00000e+00 | 81  0.35190  1.47889e-06
 82 -0.81068 -1.13783e-06 | 83  0.38463 -1.27135e-06 | 84 -0.16185  7.66186e-07
 85 -0.46631  1.89028e-07 | 86 -0.37996  8.11511e-07 | 87  0.20528  6.44475e-05
 88  0.04977  8.67809e-05 | 89  0.26136 -1.33734e-06 | 90 -0.42172  7.12097e-06
 91 -0.18872 -3.02120e-06 | 92 -0.39741  6.48748e-06 | 93 -0.19521 -3.21128e-07
 94  0.17726  1.10169e-05 | 95 -0.87051  9.40495e-09 | 96 -0.14896  2.99042e-07
 97 -0.18651 -6.89441e-07 | 98 -0.38754  4.38878e-07 |
Estimating row 1 out of 98 for hessian
Estimating row 2 out of 98 for hessian
Estimating row 3 out of 98 for hessian
Estimating row 4 out of 98 for hessian
Estimating row 5 out of 98 for hessian
Estimating row 6 out of 98 for hessian
Estimating row 7 out of 98 for hessian
Estimating row 8 out of 98 for hessian
Estimating row 9 out of 98 for hessian
Estimating row 10 out of 98 for hessian
Estimating row 11 out of 98 for hessian
Estimating row 12 out of 98 for hessian
Estimating row 13 out of 98 for hessian
Estimating row 14 out of 98 for hessian
Estimating row 15 out of 98 for hessian
Estimating row 16 out of 98 for hessian
Estimating row 17 out of 98 for hessian
Estimating row 18 out of 98 for hessian
Estimating row 19 out of 98 for hessian
Estimating row 20 out of 98 for hessian
Estimating row 21 out of 98 for hessian
Estimating row 22 out of 98 for hessian
Estimating row 23 out of 98 for hessian
Estimating row 24 out of 98 for hessian
Estimating row 25 out of 98 for hessian
Estimating row 26 out of 98 for hessian
Estimating row 27 out of 98 for hessian
Estimating row 28 out of 98 for hessian
Estimating row 29 out of 98 for hessian
Estimating row 30 out of 98 for hessian
Estimating row 31 out of 98 for hessian
Estimating row 32 out of 98 for hessian
Estimating row 33 out of 98 for hessian
Estimating row 34 out of 98 for hessian
Estimating row 35 out of 98 for hessian
Estimating row 36 out of 98 for hessian
Estimating row 37 out of 98 for hessian
Estimating row 38 out of 98 for hessian
Estimating row 39 out of 98 for hessian
Estimating row 40 out of 98 for hessian
Estimating row 41 out of 98 for hessian
Estimating row 42 out of 98 for hessian
Estimating row 43 out of 98 for hessian
Estimating row 44 out of 98 for hessian
Estimating row 45 out of 98 for hessian
Estimating row 46 out of 98 for hessian
Estimating row 47 out of 98 for hessian
Estimating row 48 out of 98 for hessian
Estimating row 49 out of 98 for hessian
Estimating row 50 out of 98 for hessian
Estimating row 51 out of 98 for hessian
Estimating row 52 out of 98 for hessian
Estimating row 53 out of 98 for hessian
Estimating row 54 out of 98 for hessian
Estimating row 55 out of 98 for hessian
Estimating row 56 out of 98 for hessian
Estimating row 57 out of 98 for hessian
Estimating row 58 out of 98 for hessian
Estimating row 59 out of 98 for hessian
Estimating row 60 out of 98 for hessian
Estimating row 61 out of 98 for hessian
Estimating row 62 out of 98 for hessian
Estimating row 63 out of 98 for hessian
Estimating row 64 out of 98 for hessian
Estimating row 65 out of 98 for hessian
Estimating row 66 out of 98 for hessian
Estimating row 67 out of 98 for hessian
Estimating row 68 out of 98 for hessian
Estimating row 69 out of 98 for hessian
Estimating row 70 out of 98 for hessian
Estimating row 71 out of 98 for hessian
Estimating row 72 out of 98 for hessian
Estimating row 73 out of 98 for hessian
Estimating row 74 out of 98 for hessian
Estimating row 75 out of 98 for hessian
Estimating row 76 out of 98 for hessian
Estimating row 77 out of 98 for hessian
Estimating row 78 out of 98 for hessian
Estimating row 79 out of 98 for hessian
Estimating row 80 out of 98 for hessian
Estimating row 81 out of 98 for hessian
Estimating row 82 out of 98 for hessian
Estimating row 83 out of 98 for hessian
Estimating row 84 out of 98 for hessian
Estimating row 85 out of 98 for hessian
Estimating row 86 out of 98 for hessian
Estimating row 87 out of 98 for hessian
Estimating row 88 out of 98 for hessian
Estimating row 89 out of 98 for hessian
Estimating row 90 out of 98 for hessian
Estimating row 91 out of 98 for hessian
Estimating row 92 out of 98 for hessian
Estimating row 93 out of 98 for hessian
Estimating row 94 out of 98 for hessian
Estimating row 95 out of 98 for hessian
Estimating row 96 out of 98 for hessian
Estimating row 97 out of 98 for hessian
Estimating row 98 out of 98 for hessian
size of file gradfil1.tmp = 0
size of file gradfil2.tmp = 0
size of file varssave.tmp = 0
size of file cmpdiff.tmp = 0
