
Initial statistics: 1 variables; iteration 0; function evaluation 0; phase 1
Function value 4.2001691e+03; maximum gradient component mag -9.5722e+04
Var    Value     Gradient |Var    Value     Gradient |Var    Value     Gradient
  1  0.01066 -9.57215e+04 |

 - final statistics:
1 variables; iteration 7; function evaluation 11
Function value 1.8165e+03; maximum gradient component mag -5.8940e+00
Exit code = 1;  converg criter 1.0000e+01
Var    Value     Gradient |Var    Value     Gradient |Var    Value     Gradient
  1  0.06881 -5.89404e+00 |

Initial statistics: 46 variables; iteration 0; function evaluation 0; phase 2
Function value 1.8164529e+03; maximum gradient component mag -8.7233e+02
Var    Value     Gradient |Var    Value     Gradient |Var    Value     Gradient
  1  0.06881 -5.89404e+00 |  2  0.00060  4.28917e+02 |  3 -0.00049  4.16977e+02
  4 -0.00425  3.94363e+02 |  5  0.00253  4.02174e+02 |  6  0.00010  3.80442e+02
  7  0.00437  3.75464e+02 |  8 -0.00329  3.42908e+02 |  9  0.00385  3.30785e+02
 10 -0.00099  2.90970e+02 | 11  0.00234  2.54213e+02 | 12 -0.00181  2.02582e+02
 13  0.00416  1.51299e+02 | 14  0.00050  9.46252e+01 | 15 -0.00118  2.40566e+01
 16 -0.00077 -7.06212e+01 | 17  0.00549 -1.81583e+02 | 18 -0.00142 -2.23344e+02
 19 -0.00264 -2.60424e+02 | 20  0.00497 -2.90699e+02 | 21 -0.00112 -3.37280e+02
 22  0.00178 -4.41111e+02 | 23  0.00251 -4.82087e+02 | 24 -0.00428 -5.13562e+02
 25  0.00512 -6.61140e+02 | 26  0.00104 -7.48830e+02 | 27 -0.00378 -7.59796e+02
 28 -0.00362 -7.40996e+02 | 29 -0.00146 -6.75365e+02 | 30 -0.00314 -5.76703e+02
 31  0.00148 -4.22795e+02 | 32 -0.00256 -2.31122e+02 | 33 -0.00060 -1.80812e+01
 34 -0.00481  1.69513e+02 | 35  0.00262  3.72283e+02 | 36 -0.00228  5.26469e+02
 37 -0.00024  6.83703e+02 | 38  0.00212  7.18341e+02 | 39 -0.00082  5.79828e+02
 40 -0.00003  4.95665e+02 | 41  0.28311 -8.72326e+02 | 42 -0.99503 -9.54686e-02
 43 -0.04729 -2.12858e+02 | 44  0.08136 -4.32771e+02 | 45 -0.99450 -2.36526e-01
 46 -0.12045 -5.62916e+02 |

Intermediate statistics: 46 variables; iteration 20; function evaluation 32; phase 2
Function value 1.3539921e+03; maximum gradient component mag 6.5331e+03
Var    Value     Gradient |Var    Value     Gradient |Var    Value     Gradient
  1  0.04407  6.53311e+03 |  2 -0.03749  3.12940e+01 |  3 -0.01722  5.06160e+01
  4 -0.00377  6.36985e+01 |  5  0.00792  8.46169e+01 |  6  0.01100  9.30494e+01
  7  0.01429  1.07932e+02 |  8  0.00726  1.09094e+02 |  9  0.01392  1.28162e+02
 10  0.01303  1.32396e+02 | 11  0.02079  1.46847e+02 | 12  0.02434  1.50935e+02
 13  0.03648  1.71224e+02 | 14  0.03829  1.82014e+02 | 15  0.04437  1.99291e+02
 16  0.06294  2.31499e+02 | 17  0.10602  3.23887e+02 | 18  0.07156  2.30065e+02
 19  0.05698  1.41371e+02 | 20  0.02576  3.65916e+01 | 21  0.00471 -9.20563e+01
 22  0.01527 -1.23043e+02 | 23  0.07764 -1.19199e+02 | 24 -0.18843 -1.58016e+02
 25  0.07515 -2.28750e+01 | 26  0.13716  2.30602e+02 | 27  0.06033  7.44374e+01
 28  0.11672  1.01937e+02 | 29 -0.01686 -2.86367e+01 | 30  0.13695  1.83152e+02
 31 -0.03754 -4.80334e+01 | 32  0.08755 -4.19723e+01 | 33 -0.19306 -1.24192e+02
 34  0.04142 -1.17875e+02 | 35 -0.17046 -1.27018e+02 | 36 -0.02675 -8.86344e+01
 37 -0.14361 -9.73543e+01 | 38 -0.13763 -8.72749e+01 | 39 -0.03948 -5.97406e+01
 40 -0.25385 -1.45027e+02 | 41  0.45876  7.80535e+02 | 42 -0.89084 -2.38512e+01
 43 -0.57024 -1.05257e+01 | 44 -0.17308 -1.23623e+02 | 45 -0.98334 -9.68850e-02
 46  0.15384 -1.90534e+01 |
46 variables; iteration 40; function evaluation 62; phase 2
Function value 1.2675989e+03; maximum gradient component mag 1.6642e+03
Var    Value     Gradient |Var    Value     Gradient |Var    Value     Gradient
  1  0.04631  1.66415e+03 |  2 -0.10989 -5.41332e+01 |  3 -0.05175 -3.72174e+01
  4  0.01923 -2.30425e+01 |  5  0.00603 -3.10117e+01 |  6  0.01846 -3.42924e+01
  7 -0.03576 -4.76739e+01 |  8 -0.04759 -4.96010e+01 |  9 -0.01883 -4.07122e+01
 10 -0.01198 -3.98948e+01 | 11 -0.02594 -4.60474e+01 | 12 -0.00475 -4.46781e+01
 13  0.05735 -3.56673e+01 | 14 -0.00649 -3.69409e+01 | 15  0.03325 -1.43019e+01
 16  0.10185 -4.57976e+00 | 17  0.06686 -5.19149e+01 | 18  0.01708 -7.95393e+01
 19  0.01708 -1.06628e+02 | 20  0.01227 -6.23646e+01 | 21  0.05922 -3.17705e+01
 22 -0.02796 -9.61643e+01 | 23  0.10052  6.56302e+01 | 24 -0.06896 -8.02712e+01
 25  0.10033  6.78899e+01 | 26  0.07765  3.51927e+01 | 27  0.08641  1.36158e+01
 28  0.09324 -5.60565e+01 | 29  0.00601 -1.11340e+02 | 30  0.08596 -1.55781e+02
 31 -0.00646 -1.20838e+02 | 32  0.05887 -1.35291e+02 | 33 -0.08083 -1.04196e+02
 34  0.02583 -9.96291e+01 | 35 -0.13459 -1.09869e+02 | 36 -0.04616 -6.64557e+01
 37 -0.09049 -4.22835e+01 | 38 -0.15346 -8.32094e+01 | 39 -0.06640 -6.89683e+01
 40 -0.12331 -5.92194e+01 | 41  0.45552 -4.02452e+01 | 42 -0.60991 -6.42743e+01
 43 -0.52970 -1.24149e+01 | 44  0.00588 -7.44064e+01 | 45 -0.51356 -3.60807e+00
 46  0.10198 -2.23576e+01 |
46 variables; iteration 60; function evaluation 91; phase 2
Function value 1.2273149e+03; maximum gradient component mag 6.3857e+02
Var    Value     Gradient |Var    Value     Gradient |Var    Value     Gradient
  1  0.04044  6.38569e+02 |  2 -0.11444 -9.08548e+00 |  3 -0.08818 -4.75556e+00
  4 -0.08257 -8.47682e+00 |  5 -0.05308 -1.23522e+00 |  6  0.15179  7.09669e+00
  7 -0.04323 -4.04701e-01 |  8 -0.04987 -2.65891e-01 |  9 -0.05233 -5.73626e-02
 10 -0.05378 -1.28123e+00 | 11 -0.04327 -6.49066e-01 | 12  0.05330  8.41251e+00
 13  0.06874  2.78934e+00 | 14  0.00348  4.90966e+00 | 15 -0.00409  8.34584e+00
 16  0.02608  1.62051e+01 | 17  0.15190  2.42154e+01 | 18 -0.09286 -1.33788e+01
 19  0.09722 -1.93681e+01 | 20 -0.04925 -1.34897e+01 | 21  0.05055 -1.02543e+01
 22  0.04659 -2.02142e+01 | 23  0.05133 -1.89241e+01 | 24  0.00560 -4.04435e+01
 25  0.08762 -2.72217e+01 | 26  0.04688 -5.16452e+01 | 27  0.10762 -2.68567e+01
 28  0.07613 -3.48407e+01 | 29  0.05872 -2.88330e+01 | 30  0.08854 -3.28992e+01
 31  0.01677 -3.79663e+01 | 32  0.05272 -3.34174e+01 | 33 -0.01149 -1.72727e+01
 34 -0.00145 -1.38497e+01 | 35 -0.04623 -1.68925e+01 | 36 -0.04537 -1.95649e+01
 37 -0.11231 -3.05642e+01 | 38 -0.12996 -4.08893e+01 | 39 -0.06036 -4.07910e+01
 40 -0.12483 -2.62650e+01 | 41  0.45562 -2.71568e+01 | 42 -0.53718 -4.92631e+00
 43 -0.46290  8.67901e+00 | 44  0.26821  2.41676e+01 | 45 -0.25451 -1.31013e+01
 46  0.25577  3.56707e+00 |
Maximum number of function evaluations exceeded

 - final statistics:
46 variables; iteration 69; function evaluation 100
Function value 1.2170e+03; maximum gradient component mag 2.5714e+02
Exit code = 3;  converg criter 1.0000e+01
Var    Value     Gradient |Var    Value     Gradient |Var    Value     Gradient
  1  0.03137  2.57139e+02 |  2 -0.11403  1.85429e+00 |  3 -0.10559  1.13310e+00
  4 -0.08030  4.96222e+00 |  5 -0.08340  4.42561e+00 |  6  0.21796 -1.44683e+01
  7 -0.08003  6.21314e+00 |  8 -0.08329  7.12210e+00 |  9 -0.08886  6.46246e+00
 10 -0.07928  8.82748e+00 | 11 -0.07401  8.93517e+00 | 12 -0.03217  1.58109e+01
 13  0.17143 -7.48358e+00 | 14 -0.06582  5.07931e+00 | 15 -0.06485  3.59762e+00
 16  0.02055  1.53898e+01 | 17  0.15933  1.70238e+01 | 18 -0.04762  1.91517e+01
 19  0.11507  2.30818e+01 | 20 -0.04252  7.52481e+00 | 21  0.05001 -3.84536e+00
 22  0.07116  1.19346e+00 | 23  0.03695 -8.62347e+00 | 24  0.05710 -5.25326e+00
 25  0.04575 -4.20084e+00 | 26  0.12166  1.75661e+01 | 27  0.06828  6.45992e+00
 28  0.11312  1.61256e+01 | 29  0.05684  1.51063e+01 | 30  0.09927  2.34058e+01
 31  0.03759  1.31985e+01 | 32  0.06362  9.50467e+00 | 33 -0.01075  2.00891e+00
 34  0.00709  2.48313e+00 | 35 -0.03853  2.45061e-01 | 36 -0.04456  2.82527e-01
 37 -0.09538  6.87799e+00 | 38 -0.10497  5.61349e+00 | 39 -0.05086  2.34849e+00
 40 -0.11196  5.21999e-01 | 41  0.45660  3.03754e+01 | 42 -0.52474  8.42971e+00
 43 -0.48990 -1.81116e+00 | 44  0.21679 -5.19947e+00 | 45 -0.25709  1.09794e+01
 46  0.41612  1.90274e-01 |

Initial statistics: 50 variables; iteration 0; function evaluation 0; phase 3
Function value 1.2169581e+03; maximum gradient component mag 2.5714e+02
Var    Value     Gradient |Var    Value     Gradient |Var    Value     Gradient
  1  0.03137  2.57139e+02 |  2 -0.11422 -4.12908e+00 |  3 -0.10578 -4.86409e+00
  4 -0.08050 -1.07030e+00 |  5 -0.08360 -1.60310e+00 |  6  0.21775 -2.01985e+01
  7 -0.08023  1.80244e-01 |  8 -0.08348  1.09314e+00 |  9 -0.08906  4.40699e-01
 10 -0.07948  2.79359e+00 | 11 -0.07420  2.89523e+00 | 12 -0.03237  9.73758e+00
 13  0.17123 -1.33465e+01 | 14 -0.06602 -9.69064e-01 | 15 -0.06504 -2.45167e+00
 16  0.02036  9.31222e+00 | 17  0.15913  1.11332e+01 | 18 -0.04781  1.30875e+01
 19  0.11487  1.71009e+01 | 20 -0.04271  1.45746e+00 | 21  0.04982 -9.90772e+00
 22  0.07097 -4.84964e+00 | 23  0.03676 -1.46944e+01 | 24  0.05691 -1.13100e+01
 25  0.04556 -1.02662e+01 | 26  0.12147  1.15966e+01 | 27  0.06809  4.13994e-01
 28  0.11292  1.01410e+01 | 29  0.05664  9.04990e+00 | 30  0.09908  1.73995e+01
 31  0.03740  7.12834e+00 | 32  0.06342  3.45423e+00 | 33 -0.01094 -4.07108e+00
 34  0.00690 -3.59739e+00 | 35 -0.03872 -5.82458e+00 | 36 -0.04475 -5.78334e+00
 37 -0.09558  8.65196e-01 | 38 -0.10516 -3.84897e-01 | 39 -0.05105 -3.71290e+00
 40 -0.11215 -5.46479e+00 | 41  0.45660  3.03754e+01 | 42  0.41026 -9.98490e+01
 43 -0.15025 -1.98111e+00 | 44 -0.52474  8.42971e+00 | 45 -0.48990 -1.81116e+00
 46  0.21679 -5.19947e+00 | 47  0.43461  1.10569e+01 | 48 -0.15666 -1.78272e-02
 49 -0.25709  1.09794e+01 | 50  0.41612  1.90274e-01 |

Intermediate statistics: 50 variables; iteration 20; function evaluation 25; phase 3
Function value 1.2140830e+03; maximum gradient component mag 7.8385e+02
Var    Value     Gradient |Var    Value     Gradient |Var    Value     Gradient
  1  0.02787  7.83854e+02 |  2 -0.10379 -8.79580e+00 |  3 -0.09503 -8.39498e+00
  4 -0.08336 -7.01424e+00 |  5 -0.08667 -7.00509e+00 |  6  0.23827  5.53169e+01
  7 -0.09107 -6.55921e+00 |  8 -0.09652 -6.61434e+00 |  9 -0.09999 -6.85544e+00
 10 -0.09704 -6.19442e+00 | 11 -0.09260 -5.81423e+00 | 12 -0.07475 -2.51396e+00
 13  0.18993  4.05187e+01 | 14 -0.07084 -5.04599e+00 | 15 -0.05651 -4.51972e+00
 16 -0.01193  4.18134e+00 | 17  0.17427  3.97511e+01 | 18 -0.07636 -2.91755e+00
 19  0.11972  2.19060e+01 | 20 -0.04491 -4.86695e+00 | 21  0.06007 -9.48132e-01
 22  0.06881 -1.06548e+00 | 23  0.04969 -2.72680e+00 | 24  0.05613 -7.92108e-02
 25  0.06384  1.55449e+00 | 26  0.11332  1.16758e+01 | 27  0.08236  4.44486e+00
 28  0.11352  1.32041e+01 | 29  0.06119  4.56914e+00 | 30  0.10148  1.44711e+01
 31  0.04237  4.40397e+00 | 32  0.06650  6.34458e+00 | 33 -0.00313 -3.73315e+00
 34  0.00949 -1.39253e+00 | 35 -0.03127 -4.50066e+00 | 36 -0.03802 -6.28462e+00
 37 -0.09469 -8.94729e+00 | 38 -0.10077 -1.00009e+01 | 39 -0.04783 -1.22344e+01
 40 -0.10247 -1.09426e+01 | 41  0.45606  1.44738e+02 | 42  0.42358 -4.79789e+01
 43 -0.12667  1.04072e+01 | 44 -0.55879 -6.69063e+00 | 45 -0.48108  3.13063e+00
 46  0.18425 -4.97611e-01 | 47  0.38760  9.27862e-01 | 48 -0.15550 -1.39899e-02
 49 -0.24396  2.36971e+00 | 50  0.40986  8.71926e-02 |
50 variables; iteration 40; function evaluation 69; phase 3
Function value 1.1990610e+03; maximum gradient component mag -1.6660e+02
Var    Value     Gradient |Var    Value     Gradient |Var    Value     Gradient
  1  0.02619 -1.66601e+02 |  2 -0.05786  1.26208e+01 |  3 -0.05372  8.89723e+00
  4 -0.05721  4.17622e+00 |  5 -0.07921  2.52767e-01 |  6  0.23032 -7.80976e+01
  7 -0.09828 -2.96789e+00 |  8 -0.09504 -4.48043e-01 |  9 -0.09369  9.83876e-01
 10 -0.09929 -8.72096e-01 | 11 -0.10129 -2.25435e+00 | 12 -0.12598 -1.06880e+01
 13  0.19609 -4.88181e+01 | 14 -0.09620 -4.14808e+00 | 15 -0.01232  8.74790e+00
 16  0.01770  6.70836e+00 | 17  0.15879 -2.27097e+01 | 18 -0.09118  3.14995e+00
 19  0.14610  2.74180e+01 | 20 -0.14412 -1.23954e+01 | 21  0.08974  3.74543e+01
 22  0.04519  2.23190e+00 | 23  0.08053  3.16128e+01 | 24  0.03398 -4.17620e+00
 25  0.07384  8.49248e+00 | 26  0.11987  1.68183e+01 | 27  0.06843  5.81785e+00
 28  0.12998  2.45664e+01 | 29  0.03563  9.14099e+00 | 30  0.11799  3.21815e+01
 31  0.01844  1.24484e+01 | 32  0.08357  3.23413e+01 | 33 -0.01948  6.61952e+00
 34  0.00604  8.97662e+00 | 35 -0.02391  1.86193e+01 | 36 -0.04334  1.23244e+01
 37 -0.09777  1.34006e+01 | 38 -0.08836  2.50703e+01 | 39 -0.05175  8.31157e+00
 40 -0.10816  3.00799e+00 | 41  0.45549  6.47718e+01 | 42  0.43258  7.58320e-01
 43 -0.12297  5.97033e+00 | 44 -0.58883 -9.69810e+00 | 45 -0.47575  2.32938e+00
 46  0.24358 -5.20945e+01 | 47  0.48320  4.55156e+01 | 48  0.36408  3.12048e+01
 49 -0.27769  4.02919e+01 | 50 -0.11569  1.36018e+02 |
50 variables; iteration 60; function evaluation 100; phase 3
Function value 1.1765822e+03; maximum gradient component mag 4.1171e+02
Var    Value     Gradient |Var    Value     Gradient |Var    Value     Gradient
  1  0.02768  4.11713e+02 |  2 -0.06901 -6.65330e+00 |  3 -0.09443 -1.62586e+01
  4 -0.03400 -7.60963e+00 |  5 -0.05897 -1.00320e+01 |  6  0.21982 -7.98031e+01
  7 -0.11467 -2.00733e+01 |  8  0.01586  1.16155e+01 |  9 -0.08483 -7.75732e+00
 10 -0.13035 -2.07110e+01 | 11 -0.13757 -2.30133e+01 | 12 -0.13436 -2.31885e+01
 13  0.16656  2.95106e-03 | 14  0.05731  2.04979e+01 | 15 -0.03606  2.87151e+00
 16 -0.05303 -2.07036e+00 | 17  0.17972  4.46255e+01 | 18 -0.15593 -2.13588e+01
 19  0.15328  1.01686e+02 | 20 -0.13989 -1.62314e+01 | 21  0.09039  5.36219e+01
 22  0.04209 -4.55813e+00 | 23  0.07638  2.07594e+01 | 24  0.03547 -1.10698e+01
 25  0.07097  7.40965e+00 | 26  0.11995  3.61456e+01 | 27  0.07483  2.54293e+01
 28  0.12639  6.33386e+01 | 29  0.04662  3.14168e+01 | 30  0.11605  6.86618e+01
 31  0.03068  1.62659e+01 | 32  0.05914  1.94084e+01 | 33  0.01871  1.57557e+01
 34 -0.02614 -8.77500e+00 | 35 -0.01299  1.66540e+01 | 36 -0.04636  4.23594e+00
 37 -0.10856 -4.22152e+00 | 38 -0.08603  1.61055e+01 | 39 -0.05761 -3.77862e+00
 40 -0.10555 -2.20183e+00 | 41  0.45939  1.64659e+02 | 42  0.42921 -4.66444e+01
 43 -0.17345  9.18832e+00 | 44 -0.56743 -9.83770e+00 | 45 -0.46976  7.88433e+00
 46  0.35020 -6.59604e+01 | 47  0.72144  3.55167e+01 | 48  0.17899  2.10452e+01
 49 -0.41801  1.85206e+01 | 50 -0.24773  1.49659e+02 |
50 variables; iteration 80; function evaluation 121; phase 3
Function value 1.1408028e+03; maximum gradient component mag 8.0771e+01
Var    Value     Gradient |Var    Value     Gradient |Var    Value     Gradient
  1  0.02754  8.07715e+01 |  2 -0.09902 -3.84876e+00 |  3 -0.08547 -2.29413e+00
  4 -0.08289 -3.78995e+00 |  5 -0.08420 -2.69104e+00 |  6  0.24392 -5.40370e+00
  7 -0.08895 -1.49516e+00 |  8 -0.09949 -2.86414e+00 |  9 -0.10199 -2.60161e+00
 10 -0.09703 -1.46895e+00 | 11 -0.09343 -1.67224e+00 | 12 -0.08885 -3.36964e+00
 13  0.19130 -2.96464e+00 | 14 -0.07957 -5.03509e+00 | 15 -0.04693 -1.79813e+00
 16 -0.03103 -7.98557e-01 | 17  0.18158  5.67621e+00 | 18 -0.08066 -1.26969e-02
 19  0.12082  7.23429e+00 | 20 -0.03885  1.44061e+00 | 21  0.06206  4.88046e+00
 22  0.07307  9.16027e+00 | 23  0.05192  6.09320e+00 | 24  0.05667  6.32011e+00
 25  0.06921  6.53880e+00 | 26  0.11005  6.49069e+00 | 27  0.09073  4.79789e+00
 28  0.10922  3.29597e+00 | 29  0.06756  1.59370e+00 | 30  0.09637  1.08710e+00
 31  0.04401 -3.08475e-01 | 32  0.05881 -1.68437e+00 | 33  0.00074 -1.31403e-01
 34  0.00418 -1.42246e+00 | 35 -0.03385 -2.88013e+00 | 36 -0.03909 -2.87890e+00
 37 -0.09606 -3.05743e+00 | 38 -0.10214 -2.83806e+00 | 39 -0.04771 -2.87490e+00
 40 -0.10560 -2.78668e+00 | 41  0.45918  7.41623e+00 | 42  0.43065 -3.55647e+00
 43 -0.17985  4.88799e-02 | 44 -0.56763 -2.61528e+00 | 45 -0.47946  8.42374e-01
 46  0.36842  2.03450e+01 | 47  0.42972 -7.83630e+00 | 48  0.15959  5.99877e+00
 49 -0.27959 -3.06679e+00 | 50 -0.50293  9.05859e+00 |
50 variables; iteration 100; function evaluation 144; phase 3
Function value 1.1397947e+03; maximum gradient component mag 2.1451e+02
Var    Value     Gradient |Var    Value     Gradient |Var    Value     Gradient
  1  0.02758  6.83218e+01 |  2 -0.09349 -4.97008e-01 |  3 -0.08731 -1.15307e+00
  4 -0.08073 -1.41794e+00 |  5 -0.08283 -5.10790e-01 |  6  0.24471  6.60059e+00
  7 -0.09236 -8.57691e-01 |  8 -0.10181 -2.02339e+00 |  9 -0.10195 -1.02658e+00
 10 -0.09983 -8.81079e-01 | 11 -0.09367 -2.50874e-01 | 12 -0.08300 -1.65379e-01
 13  0.18974  3.39122e+00 | 14 -0.06895 -1.00080e+00 | 15 -0.04653 -4.46367e-01
 16 -0.03103  1.75729e-01 | 17  0.18098  6.21557e+00 | 18 -0.08423 -7.00521e-02
 19  0.12499  8.35097e+00 | 20 -0.05296 -9.20842e-01 | 21  0.06718  5.76068e+00
 22  0.06875  1.45498e+00 | 23  0.05410  1.94059e+00 | 24  0.05496  2.68522e-02
 25  0.06822  4.61491e-01 | 26  0.11096  5.78514e-01 | 27  0.08905 -5.77547e-01
 28  0.10983 -1.24919e+00 | 29  0.06760 -1.52276e+00 | 30  0.09529 -3.37909e+00
 31  0.04538 -1.60590e+00 | 32  0.05786 -3.90874e+00 | 33  0.00087 -1.33822e+00
 34  0.00258 -1.98157e+00 | 35 -0.03212 -5.23239e-01 | 36 -0.03993 -9.71573e-01
 37 -0.09581 -1.06495e+00 | 38 -0.10169 -7.98712e-01 | 39 -0.04797 -1.38567e+00
 40 -0.10532 -1.46531e+00 | 41  0.43022  2.14510e+02 | 42  0.41592 -6.45056e+00
 43  0.04919  3.26722e+01 | 44 -0.54862 -5.41854e-01 | 45 -0.48205  7.57541e+00
 46  0.36276  3.66304e+00 | 47  0.43447 -7.16863e-01 | 48  0.17884  9.49638e-01
 49 -0.28229 -1.31608e+00 | 50 -0.60368 -5.31575e-01 |
50 variables; iteration 120; function evaluation 168; phase 3
Function value 1.1368417e+03; maximum gradient component mag -3.1866e-02
Var    Value     Gradient |Var    Value     Gradient |Var    Value     Gradient
  1  0.02775 -3.18659e-02 |  2 -0.09476  1.07345e-03 |  3 -0.08621  1.06245e-03
  4 -0.07835  1.11183e-03 |  5 -0.08370  8.50116e-04 |  6  0.24321  1.53094e-03
  7 -0.09231  9.12661e-04 |  8 -0.09847  1.11519e-03 |  9 -0.10175  8.86336e-04
 10 -0.10018  7.71816e-04 | 11 -0.09609  7.83630e-04 | 12 -0.08601  8.72956e-04
 13  0.19257  8.84327e-04 | 14 -0.06892  6.99219e-04 | 15 -0.04777  1.08837e-03
 16 -0.03442  4.76713e-04 | 17  0.18280 -4.19241e-06 | 18 -0.08375  7.23889e-04
 19  0.12214  2.29878e-04 | 20 -0.04233  6.07315e-04 | 21  0.06414  5.91380e-05
 22  0.07128 -4.42118e-04 | 23  0.05238 -8.22568e-04 | 24  0.05604 -7.59213e-04
 25  0.06737 -9.19299e-04 | 26  0.11112 -2.63671e-03 | 27  0.08880 -1.78177e-03
 28  0.11086 -4.04449e-03 | 29  0.06604 -1.79038e-03 | 30  0.09731 -4.24412e-03
 31  0.04218 -1.26009e-03 | 32  0.06093 -2.84760e-03 | 33 -0.00253 -3.12163e-04
 34  0.00416 -1.60864e-04 | 35 -0.03404  6.56088e-04 | 36 -0.04007  8.30503e-04
 37 -0.09613  8.68436e-04 | 38 -0.10243  1.07208e-03 | 39 -0.04800  1.26097e-03
 40 -0.10562  1.10803e-03 | 41  0.38756 -3.10558e-03 | 42  0.38816  1.19260e-03
 43  0.14926 -6.80653e-04 | 44 -0.52900  5.44163e-04 | 45 -0.53664 -7.75228e-04
 46  0.36271 -7.70437e-04 | 47  0.43454  4.19473e-04 | 48  0.17781  2.62233e-05
 49 -0.28257  1.54464e-04 | 50 -0.59073  4.02515e-04 |

 - final statistics:
50 variables; iteration 124; function evaluation 172
Function value 1.1368e+03; maximum gradient component mag 4.3843e-05
Exit code = 1;  converg criter 1.0000e-04
Var    Value     Gradient |Var    Value     Gradient |Var    Value     Gradient
  1  0.02775  2.79687e-05 |  2 -0.09476 -7.28915e-06 |  3 -0.08622 -4.34009e-06
  4 -0.07835 -3.15830e-06 |  5 -0.08370 -3.43373e-06 |  6  0.24321  1.02006e-05
  7 -0.09231 -3.68495e-07 |  8 -0.09847  4.22838e-07 |  9 -0.10175  3.02006e-06
 10 -0.10018  2.08790e-06 | 11 -0.09609 -1.06386e-06 | 12 -0.08601  5.96520e-06
 13  0.19257  4.38432e-05 | 14 -0.06892  9.57850e-06 | 15 -0.04777 -7.54819e-06
 16 -0.03442  2.12419e-05 | 17  0.18280  2.57207e-05 | 18 -0.08375  3.36595e-06
 19  0.12214  3.80967e-06 | 20 -0.04233  7.73031e-08 | 21  0.06414 -4.67506e-06
 22  0.07128 -6.32651e-06 | 23  0.05238 -1.71351e-05 | 24  0.05604 -6.58590e-06
 25  0.06737 -1.38738e-05 | 26  0.11112 -5.19758e-06 | 27  0.08879 -6.59251e-06
 28  0.11086 -6.22445e-06 | 29  0.06603 -3.17682e-06 | 30  0.09731 -9.69416e-06
 31  0.04218 -3.71939e-06 | 32  0.06093 -8.43889e-06 | 33 -0.00253 -2.11852e-06
 34  0.00416 -5.34515e-06 | 35 -0.03404 -2.32048e-06 | 36 -0.04007  6.72413e-07
 37 -0.09613  8.10673e-08 | 38 -0.10243  9.21529e-07 | 39 -0.04800  8.34928e-07
 40 -0.10562  1.39344e-06 | 41  0.38756  2.63900e-05 | 42  0.38816 -1.37987e-05
 43  0.14926  5.89213e-06 | 44 -0.52900 -8.56707e-06 | 45 -0.53664  1.93292e-06
 46  0.36271 -3.81578e-05 | 47  0.43454  1.00362e-05 | 48  0.17781 -1.10179e-05
 49 -0.28257  1.02969e-05 | 50 -0.59074 -3.41817e-06 |

Initial statistics: 60 variables; iteration 0; function evaluation 0; phase 4
Function value 1.1368417e+03; maximum gradient component mag 2.0277e+02
Var    Value     Gradient |Var    Value     Gradient |Var    Value     Gradient
  1  0.02775  2.79687e-05 |  2 -0.09476 -7.49315e-06 |  3 -0.08622 -4.54448e-06
  4 -0.07835 -3.36302e-06 |  5 -0.08370 -3.63823e-06 |  6  0.24321  1.00092e-05
  7 -0.09231 -5.72609e-07 |  8 -0.09847  2.19023e-07 |  9 -0.10175  2.81641e-06
 10 -0.10018  1.88417e-06 | 11 -0.09609 -1.26780e-06 | 12 -0.08601  5.76080e-06
 13  0.19257  4.36463e-05 | 14 -0.06892  9.37343e-06 | 15 -0.04777 -7.75388e-06
 16 -0.03442  2.10359e-05 | 17  0.18280  2.55229e-05 | 18 -0.08375  3.16146e-06
 19  0.12214  3.60718e-06 | 20 -0.04233 -1.28518e-07 | 21  0.06414 -4.88029e-06
 22  0.07128 -6.53149e-06 | 23  0.05238 -1.73407e-05 | 24  0.05604 -6.79138e-06
 25  0.06737 -1.40790e-05 | 26  0.11112 -5.40073e-06 | 27  0.08879 -6.79679e-06
 28  0.11086 -6.42762e-06 | 29  0.06603 -3.38199e-06 | 30  0.09731 -9.89803e-06
 31  0.04218 -3.92522e-06 | 32  0.06093 -8.64422e-06 | 33 -0.00253 -2.32480e-06
 34  0.00416 -5.55142e-06 | 35 -0.03404 -2.52646e-06 | 36 -0.04007  4.66544e-07
 37 -0.09613 -1.22863e-07 | 38 -0.10243  7.17915e-07 | 39 -0.04800  6.29236e-07
 40 -0.10562  1.18999e-06 | 41  0.00000  1.25857e+02 | 42  0.00000  1.88188e+02
 43  0.00000  2.02771e+02 | 44  0.00000  6.57599e+01 | 45  0.00000  0.00000e+00
 46  0.00000  0.00000e+00 | 47  0.00000  0.00000e+00 | 48  0.00000  0.00000e+00
 49  0.00000  0.00000e+00 | 50  0.00000  0.00000e+00 | 51  0.38756  2.63900e-05
 52  0.38816 -1.37987e-05 | 53  0.14926  5.89213e-06 | 54 -0.52900 -8.56707e-06
 55 -0.53664  1.93292e-06 | 56  0.36271 -3.81578e-05 | 57  0.43454  1.00362e-05
 58  0.17781 -1.10179e-05 | 59 -0.28257  1.02969e-05 | 60 -0.59074 -3.41817e-06

Intermediate statistics: 60 variables; iteration 20; function evaluation 29; phase 4
Function value 1.1184803e+03; maximum gradient component mag 5.7241e+02
Var    Value     Gradient |Var    Value     Gradient |Var    Value     Gradient
  1  0.03487  5.72411e+02 |  2 -0.09295 -8.68659e+00 |  3 -0.07936 -8.27996e+00
  4 -0.06294 -7.51325e+00 |  5 -0.06426 -7.23010e+00 |  6  0.20398 -2.36653e+00
  7 -0.06867 -6.90625e+00 |  8 -0.07696 -7.09200e+00 |  9 -0.08158 -7.16346e+00
 10 -0.08050 -7.05001e+00 | 11 -0.07600 -6.76381e+00 | 12 -0.06440 -6.23591e+00
 13  0.17530  2.93450e+00 | 14 -0.05207 -5.58611e+00 | 15 -0.03670 -4.88887e+00
 16 -0.02046 -3.11960e+00 | 17  0.16937  2.00789e+01 | 18 -0.06589 -2.45550e+00
 19  0.11134  1.81805e+01 | 20 -0.03138  2.10932e+00 | 21  0.05689  1.75518e+01
 22  0.06750  2.16537e+01 | 23  0.04892  1.92087e+01 | 24  0.05155  2.00632e+01
 25  0.06438  2.42111e+01 | 26  0.10608  3.68412e+01 | 27  0.08593  2.73024e+01
 28  0.10306  2.57821e+01 | 29  0.06199  9.24559e+00 | 30  0.08443  5.19268e+00
 31  0.03597 -4.12315e+00 | 32  0.04735 -6.83978e+00 | 33 -0.00957 -9.32647e+00
 34 -0.00951 -1.06704e+01 | 35 -0.04427 -1.14113e+01 | 36 -0.05444 -1.27038e+01
 37 -0.10713 -1.14767e+01 | 38 -0.11513 -1.30667e+01 | 39 -0.06898 -1.74001e+01
 40 -0.10261 -5.72491e+00 | 41 -0.04810  3.94380e+01 | 42 -0.04153  7.11800e+01
 43 -0.06776  6.63008e+01 | 44 -0.04329  1.43638e+01 | 45  0.00000  0.00000e+00
 46  0.00000  0.00000e+00 | 47  0.00000  0.00000e+00 | 48  0.00000  0.00000e+00
 49  0.00000  0.00000e+00 | 50  0.00000  0.00000e+00 | 51  0.38329 -9.27373e+01
 52  0.38952  3.13291e+01 | 53  0.14979 -2.83265e+01 | 54 -0.51029  9.74154e+00
 55 -0.54170 -2.76970e+00 | 56  0.36167  7.77779e+01 | 57  0.40656 -1.83868e+01
 58  0.18538  3.27444e+01 | 59 -0.25760 -1.96314e+01 | 60 -0.59588  2.23931e+00
60 variables; iteration 40; function evaluation 54; phase 4
Function value 1.1155192e+03; maximum gradient component mag 2.2691e+01
Var    Value     Gradient |Var    Value     Gradient |Var    Value     Gradient
  1  0.03413  2.26907e+01 |  2 -0.08828 -8.03606e-01 |  3 -0.07641 -9.59951e-01
  4 -0.06281 -8.85271e-01 |  5 -0.06430 -4.36559e-01 |  6  0.20693  1.62707e+00
  7 -0.07102 -4.38056e-01 |  8 -0.07851 -3.60623e-01 |  9 -0.08140  1.41223e-01
 10 -0.07985  3.67168e-01 | 11 -0.07608  3.40403e-01 | 12 -0.06483  5.92364e-01
 13  0.17889  4.97615e+00 | 14 -0.05006  8.96962e-01 | 15 -0.03885 -5.67722e-01
 16 -0.02011 -2.67359e-01 | 17  0.16861  1.66445e+00 | 18 -0.06298  2.93444e-01
 19  0.11105 -1.24499e+00 | 20 -0.03147 -2.85617e+00 | 21  0.05244 -5.87092e+00
 22  0.06959  4.69989e+00 | 23  0.04961  4.00059e+00 | 24  0.04830 -3.01398e+00
 25  0.06351 -1.93597e+00 | 26  0.10590 -1.97047e+00 | 27  0.07878 -2.81831e+00
 28  0.10795  7.58299e+00 | 29  0.06055 -2.44272e-01 | 30  0.08185 -5.15005e+00
 31  0.03896  5.85080e-01 | 32  0.04822  3.48865e+00 | 33 -0.00964  1.69770e+00
 34 -0.00990  2.09108e+00 | 35 -0.04295  8.18063e-01 | 36 -0.05865 -5.25141e+00
 37 -0.11008 -3.18361e+00 | 38 -0.11554 -1.58904e-01 | 39 -0.06847  5.48348e-01
 40 -0.10229  1.69187e+00 | 41 -0.06523  1.32374e+00 | 42 -0.06196  2.55494e+00
 43 -0.09975  5.82463e+00 | 44 -0.05421 -1.69264e+00 | 45  0.00000  0.00000e+00
 46  0.00000  0.00000e+00 | 47  0.00000  0.00000e+00 | 48  0.00000  0.00000e+00
 49  0.00000  0.00000e+00 | 50  0.00000  0.00000e+00 | 51  0.38707  6.86871e+00
 52  0.38959 -2.94283e+00 | 53  0.15046  3.91644e-01 | 54 -0.51519 -3.82964e+00
 55 -0.54989 -1.11469e+00 | 56  0.35924 -8.84952e+00 | 57  0.41939  1.85373e+00
 58  0.18020 -3.30164e+00 | 59 -0.25511  1.29588e+00 | 60 -0.58587  5.33816e-01
60 variables; iteration 60; function evaluation 89; phase 4
Function value 1.1153966e+03; maximum gradient component mag 2.9339e-01
Var    Value     Gradient |Var    Value     Gradient |Var    Value     Gradient
  1  0.03421  2.93387e-01 |  2 -0.08783  3.32736e-02 |  3 -0.07527  1.00424e-02
  4 -0.06170 -5.82889e-02 |  5 -0.06423  1.61448e-02 |  6  0.20682  3.77700e-02
  7 -0.07029 -4.87113e-03 |  8 -0.07793 -4.10594e-02 |  9 -0.08193  1.46318e-02
 10 -0.08125 -1.40541e-01 | 11 -0.07608  1.70816e-01 | 12 -0.06585 -3.35918e-03
 13  0.17760  3.36870e-02 | 14 -0.05247 -3.04292e-02 | 15 -0.03519 -4.30630e-03
 16 -0.01905 -1.45424e-02 | 17  0.16882  2.17902e-02 | 18 -0.06495 -7.84901e-03
 19  0.11068  1.68799e-03 | 20 -0.02978  9.30421e-04 | 21  0.05547 -1.10858e-03
 22  0.06684  1.21905e-02 | 23  0.04765 -1.07189e-02 | 24  0.05095  2.66639e-03
 25  0.06367 -2.03211e-02 | 26  0.10381  3.94362e-03 | 27  0.08543 -1.96490e-02
 28  0.10099  2.60713e-02 | 29  0.06343 -1.23892e-02 | 30  0.08366 -1.59360e-03
 31  0.03754  5.29374e-04 | 32  0.04687 -3.48392e-03 | 33 -0.00926  1.84511e-03
 34 -0.01064 -2.17776e-03 | 35 -0.04537 -9.80170e-03 | 36 -0.05566 -4.31421e-04
 37 -0.10929  1.16007e-03 | 38 -0.11699 -1.09473e-02 | 39 -0.06875  5.39059e-04
 40 -0.10395 -4.19459e-03 | 41 -0.06576  5.45024e-03 | 42 -0.06280 -1.33832e-02
 43 -0.10386  1.77524e-02 | 44 -0.05325 -1.90009e-03 | 45  0.00000  0.00000e+00
 46  0.00000  0.00000e+00 | 47  0.00000  0.00000e+00 | 48  0.00000  0.00000e+00
 49  0.00000  0.00000e+00 | 50  0.00000  0.00000e+00 | 51  0.38644  8.86387e-03
 52  0.38868  4.47311e-03 | 53  0.15059 -1.31370e-02 | 54 -0.51119 -5.67804e-03
 55 -0.53988 -1.45380e-02 | 56  0.35906 -5.49441e-02 | 57  0.41642 -7.00742e-03
 58  0.18233 -1.92737e-02 | 59 -0.25407  1.06646e-02 | 60 -0.60099 -1.22695e-02
  ic > imax  in fminim is answer attained ?
Var    Value     Gradient |Var    Value     Gradient |Var    Value     Gradient
  1  0.03421 -1.18975e-04 |  2 -0.08794  2.97328e-06 |  3 -0.07532  1.44855e-06
  4 -0.06149  2.30412e-06 |  5 -0.06429  4.12408e-06 |  6  0.20679  4.40894e-06
  7 -0.07028  3.66060e-06 |  8 -0.07780  2.71291e-06 |  9 -0.08198  1.60535e-06
 10 -0.08082  1.31457e-06 | 11 -0.07663  2.23516e-06 | 12 -0.06584  2.87704e-06
 13  0.17760  4.32174e-07 | 14 -0.05236  3.23947e-06 | 15 -0.03520  1.45199e-06
 16 -0.01899  3.27882e-06 | 17  0.16879 -1.75107e-06 | 18 -0.06494 -2.66007e-07
 19  0.11069 -4.79825e-06 | 20 -0.02981  1.33522e-06 | 21  0.05548 -3.62137e-06
 22  0.06682 -2.45016e-06 | 23  0.04766 -1.28836e-06 | 24  0.05092 -5.79951e-06
 25  0.06370 -3.55962e-06 | 26  0.10377 -1.20273e-05 | 27  0.08548 -5.66741e-06
 28  0.10094 -1.45450e-05 | 29  0.06347 -2.32330e-06 | 30  0.08365 -7.09261e-06
 31  0.03754 -1.33106e-07 | 32  0.04688  9.18855e-07 | 33 -0.00927 -3.01144e-07
 34 -0.01065  4.09818e-06 | 35 -0.04537  5.00737e-06 | 36 -0.05566  7.56312e-07
 37 -0.10930  2.66665e-06 | 38 -0.11698  6.58901e-06 | 39 -0.06876  3.55984e-06
 40 -0.10395  3.58821e-06 | 41 -0.06576 -2.11679e-06 | 42 -0.06280  4.59886e-08
 43 -0.10387  1.08658e-06 | 44 -0.05325  1.50007e-06 | 45  0.00000  0.00000e+00
 46  0.00000  0.00000e+00 | 47  0.00000  0.00000e+00 | 48  0.00000  0.00000e+00
 49  0.00000  0.00000e+00 | 50  0.00000  0.00000e+00 | 51  0.38644 -9.57905e-06
 52  0.38868  3.08005e-06 | 53  0.15059 -2.45657e-06 | 54 -0.51118 -3.27559e-07
 55 -0.53977 -8.68094e-07 | 56  0.35908 -2.27778e-05 | 57  0.41647  4.78739e-06
 58  0.18227 -5.38973e-06 | 59 -0.25408  7.58289e-06 | 60 -0.60071 -6.74939e-07
Function minimizer not making progress ... is minimum attained?
Minimprove criterion = 0.0000e+00

 - final statistics:
60 variables; iteration 68; function evaluation 126
Function value 1.1154e+03; maximum gradient component mag -1.1898e-04
Exit code = 1;  converg criter 1.0000e-04
Var    Value     Gradient |Var    Value     Gradient |Var    Value     Gradient
  1  0.03421 -1.18975e-04 |  2 -0.08794  2.97328e-06 |  3 -0.07532  1.44855e-06
  4 -0.06149  2.30412e-06 |  5 -0.06429  4.12408e-06 |  6  0.20679  4.40894e-06
  7 -0.07028  3.66060e-06 |  8 -0.07780  2.71291e-06 |  9 -0.08198  1.60535e-06
 10 -0.08082  1.31457e-06 | 11 -0.07663  2.23516e-06 | 12 -0.06584  2.87704e-06
 13  0.17760  4.32174e-07 | 14 -0.05236  3.23947e-06 | 15 -0.03520  1.45199e-06
 16 -0.01899  3.27882e-06 | 17  0.16879 -1.75107e-06 | 18 -0.06494 -2.66007e-07
 19  0.11069 -4.79825e-06 | 20 -0.02981  1.33522e-06 | 21  0.05548 -3.62137e-06
 22  0.06682 -2.45016e-06 | 23  0.04766 -1.28836e-06 | 24  0.05092 -5.79951e-06
 25  0.06370 -3.55962e-06 | 26  0.10377 -1.20273e-05 | 27  0.08548 -5.66741e-06
 28  0.10094 -1.45450e-05 | 29  0.06347 -2.32330e-06 | 30  0.08365 -7.09261e-06
 31  0.03754 -1.33106e-07 | 32  0.04688  9.18855e-07 | 33 -0.00927 -3.01144e-07
 34 -0.01065  4.09818e-06 | 35 -0.04537  5.00737e-06 | 36 -0.05566  7.56312e-07
 37 -0.10930  2.66665e-06 | 38 -0.11698  6.58901e-06 | 39 -0.06876  3.55984e-06
 40 -0.10395  3.58821e-06 | 41 -0.06576 -2.11679e-06 | 42 -0.06280  4.59886e-08
 43 -0.10387  1.08658e-06 | 44 -0.05325  1.50007e-06 | 45  0.00000  0.00000e+00
 46  0.00000  0.00000e+00 | 47  0.00000  0.00000e+00 | 48  0.00000  0.00000e+00
 49  0.00000  0.00000e+00 | 50  0.00000  0.00000e+00 | 51  0.38644 -9.57905e-06
 52  0.38868  3.08005e-06 | 53  0.15059 -2.45657e-06 | 54 -0.51118 -3.27559e-07
 55 -0.53977 -8.68094e-07 | 56  0.35908 -2.27778e-05 | 57  0.41647  4.78739e-06
 58  0.18227 -5.38973e-06 | 59 -0.25408  7.58289e-06 | 60 -0.60071 -6.74939e-07
Estimating row 1 out of 60 for hessian
Estimating row 2 out of 60 for hessian
Estimating row 3 out of 60 for hessian
Estimating row 4 out of 60 for hessian
Estimating row 5 out of 60 for hessian
Estimating row 6 out of 60 for hessian
Estimating row 7 out of 60 for hessian
Estimating row 8 out of 60 for hessian
Estimating row 9 out of 60 for hessian
Estimating row 10 out of 60 for hessian
Estimating row 11 out of 60 for hessian
Estimating row 12 out of 60 for hessian
Estimating row 13 out of 60 for hessian
Estimating row 14 out of 60 for hessian
Estimating row 15 out of 60 for hessian
Estimating row 16 out of 60 for hessian
Estimating row 17 out of 60 for hessian
Estimating row 18 out of 60 for hessian
Estimating row 19 out of 60 for hessian
Estimating row 20 out of 60 for hessian
Estimating row 21 out of 60 for hessian
Estimating row 22 out of 60 for hessian
Estimating row 23 out of 60 for hessian
Estimating row 24 out of 60 for hessian
Estimating row 25 out of 60 for hessian
Estimating row 26 out of 60 for hessian
Estimating row 27 out of 60 for hessian
Estimating row 28 out of 60 for hessian
Estimating row 29 out of 60 for hessian
Estimating row 30 out of 60 for hessian
Estimating row 31 out of 60 for hessian
Estimating row 32 out of 60 for hessian
Estimating row 33 out of 60 for hessian
Estimating row 34 out of 60 for hessian
Estimating row 35 out of 60 for hessian
Estimating row 36 out of 60 for hessian
Estimating row 37 out of 60 for hessian
Estimating row 38 out of 60 for hessian
Estimating row 39 out of 60 for hessian
Estimating row 40 out of 60 for hessian
Estimating row 41 out of 60 for hessian
Estimating row 42 out of 60 for hessian
Estimating row 43 out of 60 for hessian
Estimating row 44 out of 60 for hessian
Estimating row 45 out of 60 for hessian
Estimating row 46 out of 60 for hessian
Estimating row 47 out of 60 for hessian
Estimating row 48 out of 60 for hessian
Estimating row 49 out of 60 for hessian
Estimating row 50 out of 60 for hessian
Estimating row 51 out of 60 for hessian
Estimating row 52 out of 60 for hessian
Estimating row 53 out of 60 for hessian
Estimating row 54 out of 60 for hessian
Estimating row 55 out of 60 for hessian
Estimating row 56 out of 60 for hessian
Estimating row 57 out of 60 for hessian
Estimating row 58 out of 60 for hessian
Estimating row 59 out of 60 for hessian
Estimating row 60 out of 60 for hessian
size of file gradfil1.tmp = 0
size of file gradfil2.tmp = 0
size of file varssave.tmp = 0
size of file cmpdiff.tmp = 0
