
Initial statistics: 1 variables; iteration 0; function evaluation 0; phase 1
Function value 7.5160963e+03; maximum gradient component mag -8.8387e+02
Var    Value     Gradient |Var    Value     Gradient |Var    Value     Gradient
  1  0.01501 -8.83867e+02 |

 - final statistics:
1 variables; iteration 2; function evaluation 3
Function value 7.5158e+03; maximum gradient component mag -2.2993e+00
Exit code = 1;  converg criter 1.0000e+01
Var    Value     Gradient |Var    Value     Gradient |Var    Value     Gradient
  1  0.01579 -2.29933e+00 |

Initial statistics: 75 variables; iteration 0; function evaluation 0; phase 2
Function value 7.5157504e+03; maximum gradient component mag 2.1847e+03
Var    Value     Gradient |Var    Value     Gradient |Var    Value     Gradient
  1  0.01579 -2.29933e+00 |  2 -0.00141  2.17987e+01 |  3  0.00269  2.74232e+01
  4 -0.00471  2.65629e+01 |  5  0.00145  3.45766e+01 |  6  0.00006  3.83697e+01
  7  0.00465  4.70865e+01 |  8 -0.00083  4.89862e+01 |  9 -0.00476  5.24351e+01
 10  0.00395  6.74514e+01 | 11 -0.00477  6.77387e+01 | 12  0.00002  8.15159e+01
 13 -0.00286  8.84692e+01 | 14 -0.00420  9.77119e+01 | 15 -0.00392  1.09658e+02
 16  0.00362  1.32729e+02 | 17  0.00139  1.43713e+02 | 18  0.00027  1.56973e+02
 19 -0.00534  1.63140e+02 | 20 -0.00203  1.85363e+02 | 21  0.00036  2.07092e+02
 22  0.00429  2.34458e+02 | 23 -0.00300  2.38586e+02 | 24  0.00276  2.74353e+02
 25 -0.00181  2.86699e+02 | 26 -0.00288  3.06652e+02 | 27  0.00313  3.45540e+02
 28 -0.00307  3.43086e+02 | 29  0.00261  3.74821e+02 | 30  0.00172  3.82150e+02
 31  0.00240  3.87187e+02 | 32  0.00326  3.88327e+02 | 33  0.00436  3.92425e+02
 34 -0.00205  3.72182e+02 | 35 -0.00090  3.87235e+02 | 36 -0.00395  3.94948e+02
 37 -0.00153  4.30835e+02 | 38 -0.00358  4.54229e+02 | 39 -0.00152  4.91396e+02
 40 -0.00470  4.92854e+02 | 41  0.00137  5.19489e+02 | 42  0.00128  5.17162e+02
 43  0.00106  4.62729e+02 | 44  0.00311  4.65756e+02 | 45  0.00368  5.92040e+02
 46  0.00169  6.57917e+02 | 47  0.00478  4.62372e+02 | 48  0.00068  3.54347e+02
 49  0.00289  2.95840e+02 | 50 -0.00242 -1.05742e+01 | 51 -0.00002  8.17877e+01
 52  0.00394  2.25918e+02 | 53  0.00320 -3.96420e+02 | 54 -0.00384 -3.94932e+02
 55 -0.00282 -7.50422e+02 | 56 -0.00458 -9.06279e+02 | 57  0.00345 -1.18138e+03
 58 -0.00397 -1.06258e+03 | 59  0.00119 -1.30531e+03 | 60 -0.00429 -1.26072e+03
 61  0.00007 -1.56037e+03 | 62  0.00005 -1.27299e+03 | 63  0.00371 -1.23796e+03
 64 -0.00290 -8.80414e+02 | 65  0.00389 -7.21031e+02 | 66  0.00024 -5.05230e+02
 67  0.00163 -1.91580e+02 | 68 -0.00212  1.29817e+01 | 69  0.00394  7.79338e+01
 70  0.00194  1.35172e+02 | 71  0.28942  5.05431e+02 | 72  0.09860  3.15372e+02
 73  0.08022  1.51801e+02 | 74  1.00000  3.95025e-10 | 75 -0.07257  2.18475e+03

Intermediate statistics: 75 variables; iteration 20; function evaluation 27; phase 2
Function value 7.1395695e+03; maximum gradient component mag -7.1296e+03
Var    Value     Gradient |Var    Value     Gradient |Var    Value     Gradient
  1 -0.00441 -7.12961e+03 |  2 -0.04728  9.00417e+01 |  3 -0.05698  8.67598e+01
  4 -0.04823  9.25000e+01 |  5 -0.05790  8.93752e+01 |  6 -0.05678  9.17860e+01
  7 -0.05882  9.27936e+01 |  8 -0.05402  9.77633e+01 |  9 -0.05074  1.02349e+02
 10 -0.04606  1.08253e+02 | 11 -0.04346  1.13421e+02 | 12 -0.03557  1.22699e+02
 13 -0.03150  1.30148e+02 | 14 -0.02693  1.38657e+02 | 15 -0.02168  1.48470e+02
 16 -0.01104  1.64100e+02 | 17 -0.01072  1.71059e+02 | 18 -0.01104  1.77569e+02
 19 -0.01560  1.79552e+02 | 20 -0.01553  1.86699e+02 | 21 -0.01640  1.92130e+02
 22 -0.01627  1.98829e+02 | 23 -0.02169  1.98722e+02 | 24 -0.01674  2.12045e+02
 25 -0.01733  2.19937e+02 | 26 -0.01281  2.34399e+02 | 27  0.00161  2.63606e+02
 28  0.00087  2.64954e+02 | 29  0.01385  2.88149e+02 | 30  0.01710  2.92425e+02
 31  0.02137  2.92693e+02 | 32  0.02635  2.90343e+02 | 33  0.02967  2.87653e+02
 34  0.02620  2.75570e+02 | 35  0.02345  2.74902e+02 | 36  0.01386  2.70361e+02
 37  0.00524  2.75729e+02 | 38 -0.00314  2.83643e+02 | 39 -0.00114  3.07337e+02
 40  0.00053  3.17341e+02 | 41  0.01417  3.40396e+02 | 42  0.01630  3.39975e+02
 43  0.02505  3.03524e+02 | 44  0.02464  2.92762e+02 | 45  0.01131  3.66638e+02
 46  0.00638  4.03690e+02 | 47  0.01601  2.37644e+02 | 48  0.02519  2.22484e+02
 49  0.01709  1.01070e+02 | 50  0.01473 -1.48566e+02 | 51  0.01979  2.77622e+01
 52  0.01836  1.20824e+02 | 53  0.01104 -6.22769e+02 | 54  0.02271 -2.61603e+02
 55  0.01804 -7.29154e+02 | 56  0.01704 -7.89821e+02 | 57  0.05286 -9.88365e+02
 58 -0.00885 -9.56000e+02 | 59  0.04867 -1.02141e+03 | 60  0.02918 -9.57175e+02
 61  0.05502 -1.10354e+03 | 62  0.02622 -9.38626e+02 | 63  0.04728 -9.04667e+02
 64  0.01906 -6.41070e+02 | 65  0.02808 -5.13129e+02 | 66  0.02359 -3.16271e+02
 67  0.01259 -7.66375e+01 | 68  0.00275  8.36541e+01 | 69  0.00442  1.27342e+02
 70 -0.00679  1.53080e+02 | 71  0.29498  2.55471e+02 | 72 -0.05491  1.27016e+02
 73 -0.00134 -3.37291e+00 | 74  0.86430  1.45148e-02 | 75 -0.09651  1.50124e+03
75 variables; iteration 40; function evaluation 74; phase 2
Function value 6.9143339e+03; maximum gradient component mag -3.9094e+03
Var    Value     Gradient |Var    Value     Gradient |Var    Value     Gradient
  1  0.00150 -3.90937e+03 |  2  0.08685  1.13561e+02 |  3  0.08792  1.17597e+02
  4  0.03846  9.30740e+01 |  5  0.03639  9.49367e+01 |  6  0.00810  8.19642e+01
  7 -0.01612  7.12495e+01 |  8 -0.04971  5.54670e+01 |  9 -0.07750  4.30429e+01
 10 -0.11867  2.42488e+01 | 11 -0.12454  2.31348e+01 | 12 -0.13292  2.08109e+01
 13 -0.11078  3.43694e+01 | 14 -0.08015  5.48952e+01 | 15 -0.05485  7.52090e+01
 16 -0.03481  9.48474e+01 | 17 -0.01720  1.15525e+02 | 18  0.00991  1.49141e+02
 19  0.01983  1.67947e+02 | 20  0.03207  1.92105e+02 | 21  0.02930  1.96297e+02
 22  0.01523  1.84590e+02 | 23 -0.00145  1.69034e+02 | 24 -0.03066  1.39085e+02
 25 -0.04866  1.24844e+02 | 26 -0.05520  1.21958e+02 | 27 -0.02933  1.54577e+02
 28 -0.02676  1.56746e+02 | 29  0.00371  1.94659e+02 | 30  0.01122  1.99135e+02
 31  0.01656  1.93921e+02 | 32  0.02306  1.85306e+02 | 33  0.02825  1.76275e+02
 34  0.02984  1.64958e+02 | 35  0.02207  1.54046e+02 | 36  0.00241  1.39051e+02
 37 -0.03305  1.17068e+02 | 38 -0.04960  1.15494e+02 | 39 -0.02407  1.58404e+02
 40 -0.00559  1.87819e+02 | 41  0.01680  2.12979e+02 | 42  0.01430  2.03790e+02
 43  0.01994  1.56713e+02 | 44  0.01656  1.51465e+02 | 45  0.01359  2.35436e+02
 46 -0.05152  1.22857e+02 | 47  0.02410  1.80799e+02 | 48  0.01805  1.00404e+02
 49 -0.00812 -1.17817e+02 | 50  0.02311 -1.04450e+02 | 51  0.00160 -1.35823e+02
 52  0.00348 -6.20458e+01 | 53  0.01232 -4.42053e+02 | 54  0.02487 -1.87876e+02
 55  0.05011 -1.73157e+02 | 56  0.06873 -1.39513e+02 | 57  0.05534 -6.06962e+02
 58  0.00263 -7.74553e+02 | 59  0.05032 -7.42915e+02 | 60  0.04765 -5.36266e+02
 61  0.07529 -5.08947e+02 | 62  0.06053 -4.14603e+02 | 63  0.05131 -5.41537e+02
 64  0.03354 -3.57577e+02 | 65  0.03746 -2.39000e+02 | 66  0.03422 -1.11825e+02
 67 -0.00105 -1.04913e+02 | 68 -0.03407 -8.34151e+01 | 69  0.00033  1.04002e+02
 70 -0.04791 -1.26304e+01 | 71  0.29515  2.29987e+02 | 72 -0.10532 -4.40432e+01
 73 -0.02721 -4.85503e+02 | 74  0.61234  1.33024e+03 | 75 -0.11580  9.54036e+02
Maximum number of function evaluations exceeded

 - final statistics:
75 variables; iteration 60; function evaluation 100
Function value 6.7560e+03; maximum gradient component mag 1.1614e+03
Exit code = 3;  converg criter 1.0000e+01
Var    Value     Gradient |Var    Value     Gradient |Var    Value     Gradient
  1 -0.00045 -2.93493e+02 |  2  0.02773  2.30322e+01 |  3 -0.05519 -1.23638e+01
  4 -0.02689  6.42536e-01 |  5  0.00668  1.70971e+01 |  6 -0.00022  1.52727e+01
  7 -0.00422  1.49112e+01 |  8 -0.01203  1.27745e+01 |  9 -0.01744  1.18842e+01
 10 -0.03105  6.90587e+00 | 11  0.00159  2.65174e+01 | 12 -0.14242 -4.15525e+01
 13 -0.02073  1.92054e+01 | 14 -0.15089 -4.31673e+01 | 15 -0.01406  2.88580e+01
 16 -0.00457  3.83897e+01 | 17 -0.00856  3.93227e+01 | 18 -0.02452  3.16773e+01
 19 -0.09120 -7.32493e+00 | 20 -0.05307  1.77520e+01 | 21  0.01687  7.32953e+01
 22 -0.02540  4.13481e+01 | 23 -0.02169  4.61467e+01 | 24 -0.04616  2.92998e+01
 25 -0.05783  2.29294e+01 | 26 -0.06116  2.17521e+01 | 27 -0.06864  1.64561e+01
 28 -0.07274  1.17523e+01 | 29 -0.01434  5.02801e+01 | 30  0.05237  9.97866e+01
 31 -0.04070  1.65211e+01 | 32 -0.02552  1.54509e+01 | 33  0.03775  3.86277e+01
 34  0.08028  4.81390e+01 | 35  0.05609  3.61311e+01 | 36  0.03124  3.14792e+01
 37 -0.04689  3.94859e+00 | 38 -0.04132  2.07723e+01 | 39 -0.03775  3.51141e+01
 40  0.01395  7.86328e+01 | 41  0.00028  5.26885e+01 | 42 -0.03014  2.25357e+01
 43  0.02969 -1.94206e+00 | 44 -0.00149 -2.07050e+01 | 45 -0.00875  4.50029e+01
 46 -0.05896  2.77868e+00 | 47  0.01236 -2.32912e+00 | 48  0.01480 -3.23910e+01
 49  0.01440 -3.90238e+01 | 50  0.03089 -6.08201e+01 | 51  0.01380 -4.94825e+01
 52  0.01019 -6.87355e+01 | 53  0.03615 -6.52586e+01 | 54  0.03495 -7.18083e+01
 55  0.05199 -6.92695e+01 | 56  0.06138 -6.91869e+01 | 57  0.07821 -9.78836e+01
 58  0.05955 -8.12911e+01 | 59  0.08156 -3.35180e+01 | 60  0.07151 -5.63492e+01
 61  0.09206 -8.35314e+01 | 62  0.07546 -4.53825e+01 | 63  0.08556 -1.52281e+01
 64  0.05236 -6.57697e+01 | 65  0.05624 -2.38832e+01 | 66  0.04261 -3.36283e+01
 67  0.01044 -4.99476e+01 | 68 -0.00463  1.48005e+01 | 69 -0.00091  4.99626e+01
 70 -0.02038  1.95701e+01 | 71  0.28862 -4.86550e+01 | 72 -0.09165 -3.62053e+01
 73 -0.01787 -2.34650e+02 | 74  0.61186  1.16141e+03 | 75 -0.15669  2.88797e+02

Initial statistics: 84 variables; iteration 0; function evaluation 0; phase 3
Function value 6.7559573e+03; maximum gradient component mag -3.0497e+03
Var    Value     Gradient |Var    Value     Gradient |Var    Value     Gradient
  1 -0.00045 -2.93493e+02 |  2  0.02773  2.29919e+01 |  3 -0.05519 -1.24040e+01
  4 -0.02689  6.02217e-01 |  5  0.00668  1.70567e+01 |  6 -0.00022  1.52323e+01
  7 -0.00422  1.48709e+01 |  8 -0.01203  1.27341e+01 |  9 -0.01744  1.18439e+01
 10 -0.03105  6.86556e+00 | 11  0.00159  2.64771e+01 | 12 -0.14242 -4.15918e+01
 13 -0.02073  1.91650e+01 | 14 -0.15089 -4.32065e+01 | 15 -0.01406  2.88176e+01
 16 -0.00457  3.83493e+01 | 17 -0.00856  3.92823e+01 | 18 -0.02452  3.16370e+01
 19 -0.09120 -7.36487e+00 | 20 -0.05307  1.77118e+01 | 21  0.01687  7.32550e+01
 22 -0.02540  4.13078e+01 | 23 -0.02169  4.61063e+01 | 24 -0.04616  2.92596e+01
 25 -0.05783  2.28892e+01 | 26 -0.06116  2.17119e+01 | 27 -0.06864  1.64160e+01
 28 -0.07274  1.17122e+01 | 29 -0.01434  5.02398e+01 | 30  0.05237  9.97464e+01
 31 -0.04070  1.64808e+01 | 32 -0.02552  1.54106e+01 | 33  0.03774  3.85874e+01
 34  0.08028  4.80990e+01 | 35  0.05608  3.60909e+01 | 36  0.03123  3.14389e+01
 37 -0.04689  3.90834e+00 | 38 -0.04132  2.07320e+01 | 39 -0.03775  3.50738e+01
 40  0.01395  7.85925e+01 | 41  0.00028  5.26481e+01 | 42 -0.03015  2.24954e+01
 43  0.02969 -1.98237e+00 | 44 -0.00149 -2.07454e+01 | 45 -0.00875  4.49625e+01
 46 -0.05896  2.73850e+00 | 47  0.01236 -2.36947e+00 | 48  0.01479 -3.24314e+01
 49  0.01440 -3.90641e+01 | 50  0.03088 -6.08604e+01 | 51  0.01380 -4.95228e+01
 52  0.01019 -6.87758e+01 | 53  0.03615 -6.52989e+01 | 54  0.03494 -7.18486e+01
 55  0.05199 -6.93098e+01 | 56  0.06138 -6.92271e+01 | 57  0.07821 -9.79237e+01
 58  0.05954 -8.13314e+01 | 59  0.08156 -3.35580e+01 | 60  0.07151 -5.63893e+01
 61  0.09205 -8.35714e+01 | 62  0.07546 -4.54226e+01 | 63  0.08556 -1.52681e+01
 64  0.05235 -6.58100e+01 | 65  0.05624 -2.39234e+01 | 66  0.04260 -3.36686e+01
 67  0.01044 -4.99879e+01 | 68 -0.00463  1.47601e+01 | 69 -0.00091  4.99223e+01
 70 -0.02039  1.95298e+01 | 71  0.28862 -4.86550e+01 | 72 -0.03562 -2.97013e+02
 73  0.22171 -1.69567e+03 | 74  0.00983 -2.35358e+01 | 75 -0.09165 -3.62053e+01
 76 -0.01787 -2.34650e+02 | 77 -0.00516 -1.80787e+03 | 78  0.23664 -1.55345e+02
 79  0.00794 -4.16422e+01 | 80  0.61186  1.16141e+03 | 81 -0.15669  2.88797e+02
 82 -0.03721 -1.83829e-04 | 83  0.20821 -3.04974e+03 | 84  0.00719  3.54804e-05

Intermediate statistics: 84 variables; iteration 20; function evaluation 29; phase 3
Function value 6.6375500e+03; maximum gradient component mag 9.0002e+03
Var    Value     Gradient |Var    Value     Gradient |Var    Value     Gradient
  1  0.00401  1.70881e+03 |  2 -0.00576 -1.94063e+01 |  3 -0.00453 -1.75509e+01
  4 -0.00693 -1.72311e+01 |  5 -0.00890 -1.65501e+01 |  6 -0.01034 -1.54169e+01
  7 -0.01201 -1.41778e+01 |  8 -0.01395 -1.28377e+01 |  9 -0.01616 -1.13859e+01
 10 -0.01876 -9.91041e+00 | 11 -0.02021 -7.53297e+00 | 12 -0.02279 -5.57510e+00
 13 -0.02674 -4.23231e+00 | 14 -0.03019 -2.34069e+00 | 15 -0.03225  6.59376e-01
 16 -0.03403  3.91940e+00 | 17 -0.03718  6.07441e+00 | 18 -0.04179  6.85430e+00
 19 -0.04972  4.73335e+00 | 20 -0.04979  8.69119e+00 | 21 -0.03692  2.31361e+01
 22 -0.04803  1.68453e+01 | 23 -0.04756  2.03568e+01 | 24 -0.05264  1.86230e+01
 25 -0.05527  2.00366e+01 | 26 -0.05592  2.28184e+01 | 27 -0.05636  2.47847e+01
 28 -0.05404  2.70174e+01 | 29 -0.03139  4.89255e+01 | 30  0.01304  9.95681e+01
 31 -0.02042  5.24727e+01 | 32 -0.00028  6.60529e+01 | 33  0.05052  1.19260e+02
 34  0.09678  1.77183e+02 | 35  0.07189  1.42659e+02 | 36  0.04068  1.07294e+02
 37 -0.01941  5.04296e+01 | 38 -0.03922  4.22291e+01 | 39 -0.05419  3.35701e+01
 40 -0.03659  4.46132e+01 | 41 -0.02788  3.51592e+01 | 42 -0.03727  1.97947e+01
 43  0.03239  3.69133e+01 | 44  0.02388  1.86630e+01 | 45 -0.05028 -9.16367e+00
 46 -0.05525 -1.41652e+01 | 47 -0.00182 -4.64504e+01 | 48  0.00472 -8.57457e+01
 49  0.00325 -1.19915e+02 | 50  0.02113 -1.57795e+02 | 51  0.00747 -8.01590e+01
 52  0.00278 -1.17753e+02 | 53  0.03131 -5.28864e+01 | 54  0.02604 -1.42875e+02
 55  0.04581 -7.63993e+01 | 56  0.05464 -9.33922e+01 | 57  0.07146 -1.19239e+02
 58  0.05527 -7.20877e+01 | 59  0.08185  5.52436e+01 | 60  0.07012 -6.62118e-02
 61  0.09042 -2.45935e+01 | 62  0.07529  2.02539e+01 | 63  0.08747  7.21550e+01
 64  0.05458 -1.71923e+01 | 65  0.05846  4.96825e+00 | 66  0.04630 -2.19435e+01
 67  0.01678 -4.83434e+01 | 68  0.00095 -1.26436e+00 | 69  0.00439  2.68094e+01
 70 -0.01493 -1.54537e+01 | 71  0.35805  6.52790e+02 | 72 -0.06594  8.23766e+02
 73  0.23066 -1.26429e+03 | 74  0.03500  1.92975e+02 | 75 -0.08822  7.21523e+01
 76  0.20244  2.27897e+02 | 77 -0.02729  1.14328e+03 | 78  0.26795 -1.40676e+02
 79  0.09559  3.49477e+02 | 80  0.61061  9.00018e+03 | 81  0.18193  1.07754e+02
 82 -0.03721 -1.83824e-04 | 83  0.29050 -3.32543e+02 | 84  0.00719  3.54796e-05
84 variables; iteration 40; function evaluation 49; phase 3
Function value 6.6115383e+03; maximum gradient component mag 5.3981e+03
Var    Value     Gradient |Var    Value     Gradient |Var    Value     Gradient
  1  0.00028  1.27097e+03 |  2 -0.01592  9.00304e+00 |  3  0.00715  1.92749e+01
  4 -0.00288  1.56788e+01 |  5 -0.01042  1.31726e+01 |  6 -0.01091  1.37731e+01
  7 -0.01232  1.40837e+01 |  8 -0.01415  1.43241e+01 |  9 -0.01653  1.44503e+01
 10 -0.01944  1.44371e+01 | 11 -0.02075  1.52840e+01 | 12 -0.02807  1.33240e+01
 13 -0.02776  1.51921e+01 | 14 -0.03989  1.09825e+01 | 15 -0.03296  1.65876e+01
 16 -0.03382  1.82830e+01 | 17 -0.03680  1.87061e+01 | 18 -0.04237  1.74580e+01
 19 -0.06238  7.99303e+00 | 20 -0.05361  1.43738e+01 | 21 -0.03858  2.43661e+01
 22 -0.04762  1.99528e+01 | 23 -0.04706  2.10610e+01 | 24 -0.05394  1.74829e+01
 25 -0.05768  1.62133e+01 | 26 -0.05758  1.68928e+01 | 27 -0.05762  1.68068e+01
 28 -0.05516  1.68065e+01 | 29 -0.03184  2.83284e+01 | 30 -0.02129  3.05851e+01
 31 -0.01543  2.72499e+01 | 32  0.00784  3.15257e+01 | 33  0.05378  4.56632e+01
 34  0.11515  6.60656e+01 | 35  0.07754  5.50953e+01 | 36  0.03441  4.50512e+01
 37 -0.02737  2.55701e+01 | 38 -0.04713  2.78512e+01 | 39 -0.06145  2.72842e+01
 40 -0.05515  2.71864e+01 | 41 -0.04479  2.18997e+01 | 42 -0.04549  2.43970e+01
 43  0.04764  5.27242e+01 | 44  0.01445  3.24640e+01 | 45 -0.02461  6.97054e+01
 46 -0.02444  1.12816e+02 | 47  0.01002  5.71707e+01 | 48  0.03149  1.21825e+02
 49  0.03011  1.36408e+02 | 50  0.04342  9.84388e+01 | 51  0.01664  1.40842e+01
 52  0.01902  8.42270e+01 | 53  0.04252  6.17047e+01 | 54  0.04016  5.61456e+01
 55  0.05358  5.68749e+00 | 56  0.06873  1.03038e+02 | 57  0.08799  1.29146e+02
 58  0.06439  3.87406e+01 | 59  0.08164  1.57136e+01 | 60  0.07756  8.40209e+01
 61  0.09505  1.85839e+01 | 62  0.07710  2.53798e+01 | 63  0.08340  1.26261e+01
 64  0.05769  1.25609e+01 | 65  0.05734  3.16329e+00 | 66  0.03724 -6.46514e+01
 67  0.02139  3.49335e+00 | 68 -0.00756 -1.54044e+01 | 69 -0.01112 -2.27103e+01
 70 -0.01608  2.64111e+01 | 71  0.35741  1.78333e+02 | 72 -0.06972  2.54527e+02
 73  0.23439 -3.06926e+02 | 74  0.02280  6.53853e+01 | 75 -0.07657  1.01022e+02
 76  0.21339  6.42733e+01 | 77 -0.02826  4.31603e+02 | 78  0.26826 -5.73385e+01
 79  0.07219  1.04883e+02 | 80  0.60963  5.39805e+03 | 81  0.08828  5.10175e+01
 82 -0.03696 -1.82575e-04 | 83  0.27760 -3.50046e+02 | 84  0.00714  3.52392e-05
84 variables; iteration 60; function evaluation 80; phase 3
Function value 6.6008655e+03; maximum gradient component mag 1.2307e+03
Var    Value     Gradient |Var    Value     Gradient |Var    Value     Gradient
  1  0.00126  5.43087e+02 |  2 -0.00402 -7.52096e+00 |  3  0.00584 -2.91516e+00
  4 -0.00027 -4.90016e+00 |  5 -0.01297 -9.64542e+00 |  6 -0.01419 -9.48343e+00
  7 -0.01567 -9.33964e+00 |  8 -0.01552 -8.36273e+00 |  9 -0.01767 -8.26444e+00
 10 -0.01990 -8.09534e+00 | 11 -0.02397 -8.68241e+00 | 12 -0.03058 -1.03792e+01
 13 -0.02982 -8.46319e+00 | 14 -0.03704 -1.02119e+01 | 15 -0.03663 -8.12402e+00
 16 -0.03956 -7.73214e+00 | 17 -0.04328 -7.92238e+00 | 18 -0.04669 -8.15476e+00
 19 -0.04985 -8.44764e+00 | 20 -0.05102 -7.81239e+00 | 21 -0.05671 -1.01470e+01
 22 -0.05481 -8.53848e+00 | 23 -0.05576 -8.70049e+00 | 24 -0.05363 -7.35382e+00
 25 -0.05315 -6.59585e+00 | 26 -0.05260 -6.16980e+00 | 27 -0.04987 -5.25580e+00
 28 -0.04435 -4.28446e+00 | 29 -0.04402 -7.41154e+00 | 30 -0.03030 -5.21494e+00
 31 -0.01370 -4.81402e+00 | 32  0.02494  1.80921e+00 | 33  0.04351 -1.94053e+00
 34  0.08940  2.51488e+00 | 35  0.07037  4.29994e+00 | 36  0.03362  4.53354e+00
 37 -0.01104  1.55302e+00 | 38 -0.04948 -3.34749e+00 | 39 -0.05880  8.92235e-01
 40 -0.06032 -3.30457e+00 | 41 -0.02563  6.36358e+00 | 42 -0.03807  1.78150e+00
 43  0.04448  1.78577e+01 | 44  0.02489  8.63928e+00 | 45 -0.03805  8.15523e+00
 46 -0.05056  5.50498e+00 | 47  0.01159  1.85052e+01 | 48  0.02202  2.22969e+01
 49  0.02152  2.45615e+01 | 50  0.03956  2.85643e+01 | 51  0.01714  1.53844e+01
 52  0.01506  1.95403e+01 | 53  0.03959  1.45976e+01 | 54  0.03851  2.12983e+01
 55  0.05460  1.90887e+01 | 56  0.06288  1.87573e+01 | 57  0.08086  2.14189e+01
 58  0.06276  1.30626e+01 | 59  0.07980  2.58605e+00 | 60  0.07157  2.98959e+00
 61  0.09276  1.73102e+00 | 62  0.07388 -2.15034e+00 | 63  0.08026 -1.05925e+01
 64  0.05538 -4.70036e+00 | 65  0.05250 -1.57111e+01 | 66  0.04304 -1.11715e+01
 67  0.01669 -1.17398e+01 | 68 -0.00729 -1.63331e+01 | 69 -0.01096 -2.61548e+01
 70 -0.02223 -9.97673e+00 | 71  0.35997  6.77449e+01 | 72 -0.07037  1.52987e+02
 73  0.23474 -5.23352e+01 | 74  0.01962  3.65577e+01 | 75 -0.08657  3.94281e+01
 76  0.23999  3.73661e+01 | 77 -0.03081  2.95422e+02 | 78  0.26863 -4.61483e+01
 79  0.05973  3.40706e+01 | 80  0.60862  1.23065e+03 | 81  0.10318  2.25316e+01
 82 -0.03654 -1.80503e-04 | 83  0.28424 -1.06940e+02 | 84  0.00706  3.48405e-05
84 variables; iteration 80; function evaluation 114; phase 3
Function value 6.5989471e+03; maximum gradient component mag -3.9431e+02
Var    Value     Gradient |Var    Value     Gradient |Var    Value     Gradient
  1  0.00097 -4.47568e+01 |  2 -0.00751 -1.03369e+00 |  3 -0.01403 -3.28905e+00
  4 -0.00562  6.92756e-01 |  5 -0.00665  8.43420e-01 |  6 -0.00689  1.41719e+00
  7 -0.01231 -1.37783e-01 |  8 -0.01153  1.09736e+00 |  9 -0.02005 -1.64034e+00
 10 -0.02112 -1.00366e+00 | 11 -0.02207 -1.89137e-01 | 12 -0.02096  1.75573e+00
 13 -0.02516  1.40082e+00 | 14 -0.03321 -6.89973e-01 | 15 -0.04100 -2.68501e+00
 16 -0.04063 -7.32395e-01 | 17 -0.04304 -3.17828e-01 | 18 -0.04653 -6.57772e-01
 19 -0.04519  1.37396e+00 | 20 -0.04658  1.79070e+00 | 21 -0.05163 -3.01265e-01
 22 -0.05288 -5.30398e-01 | 23 -0.05446 -1.15564e+00 | 24 -0.05138  5.76281e-01
 25 -0.05414 -6.16325e-01 | 26 -0.05115  9.82939e-01 | 27 -0.05333 -1.02077e+00
 28 -0.04733 -3.85971e-02 | 29 -0.04172 -6.63037e-01 | 30 -0.03202 -1.21360e+00
 31 -0.00857  1.23153e+00 | 32  0.00345 -4.20672e+00 | 33  0.04444 -2.45267e+00
 34  0.10486 -2.86795e+00 | 35  0.06033 -3.86611e+00 | 36  0.03811  1.31872e+00
 37 -0.01562 -2.47993e+00 | 38 -0.04950 -3.76098e+00 | 39 -0.06635 -4.08430e+00
 40 -0.04742  2.06397e+00 | 41 -0.03410 -3.87131e+00 | 42 -0.03445 -3.19615e+00
 43  0.03786 -4.48673e+00 | 44  0.03312 -2.21856e+00 | 45 -0.04310 -3.77178e+00
 46 -0.04981 -3.84071e+00 | 47  0.01153 -6.66907e-01 | 48  0.02103 -5.31919e+00
 49  0.02032 -4.53841e+00 | 50  0.03819 -3.39537e+00 | 51  0.01619 -4.96693e-02
 52  0.01355 -2.56211e+00 | 53  0.03854 -5.90420e-01 | 54  0.03712 -2.03776e+00
 55  0.05348 -4.31309e-01 | 56  0.06184 -2.89233e+00 | 57  0.07970 -4.33953e+00
 58  0.06196 -7.10212e-01 | 59  0.07970  4.06256e-01 | 60  0.07099 -2.90648e+00
 61  0.09247  1.94373e-01 | 62  0.07356 -1.08260e+00 | 63  0.08069 -2.91659e-01
 64  0.05482 -3.35103e-01 | 65  0.05358  1.35648e+00 | 66  0.04365  2.91341e+00
 67  0.01704 -4.45108e-01 | 68 -0.00606  1.45352e+00 | 69 -0.00753  1.93927e+00
 70 -0.02216 -8.21149e-01 | 71  0.36965  3.28456e+01 | 72 -0.07413  1.01668e+02
 73  0.23521 -1.21856e+01 | 74 -0.00236  1.82537e+01 | 75 -0.09175  9.39531e+00
 76  0.27487  5.41272e+01 | 77 -0.03450  3.13691e+02 | 78  0.27189 -6.07862e+00
 79  0.03730  4.19299e+01 | 80  0.60790 -3.94311e+02 | 81  0.09415 -9.57062e+00
 82 -0.03491 -1.72470e-04 | 83  0.28736  5.74414e+01 | 84  0.00675  3.32946e-05
84 variables; iteration 100; function evaluation 148; phase 3
Function value 6.5966273e+03; maximum gradient component mag -3.7153e+02
Var    Value     Gradient |Var    Value     Gradient |Var    Value     Gradient
  1  0.00095  8.82099e+01 |  2 -0.00393 -6.32244e-01 |  3 -0.00176  7.33762e-01
  4 -0.01069 -2.46263e+00 |  5 -0.00920 -1.25014e+00 |  6 -0.01106 -1.36802e+00
  7 -0.01571 -2.59879e+00 |  8 -0.01270 -3.87273e-01 |  9 -0.01741 -1.42876e+00
 10 -0.02282 -2.72113e+00 | 11 -0.02668 -3.25446e+00 | 12 -0.02689 -1.98654e+00
 13 -0.02257  1.68856e+00 | 14 -0.03193 -1.03496e+00 | 15 -0.03220  7.83640e-01
 16 -0.04302 -2.85569e+00 | 17 -0.03900  9.42397e-01 | 18 -0.04549 -9.19151e-01
 19 -0.04815 -9.58417e-01 | 20 -0.04683  1.02429e+00 | 21 -0.04966  2.35119e-01
 22 -0.05613 -2.78365e+00 | 23 -0.05370 -1.12801e+00 | 24 -0.05658 -2.61845e+00
 25 -0.05378 -6.60845e-01 | 26 -0.05500 -1.29150e+00 | 27 -0.05435 -1.60924e+00
 28 -0.04774 -1.15517e-01 | 29 -0.04400 -1.48121e+00 | 30 -0.03051  3.21375e-01
 31 -0.01657 -8.55335e-01 | 32  0.01343  1.73296e+00 | 33  0.04860  2.68432e+00
 34  0.10246  4.67931e+00 | 35  0.07012  4.13139e+00 | 36  0.01799 -4.63938e-01
 37 -0.01222  2.30356e+00 | 38 -0.04091  3.27529e+00 | 39 -0.06028  1.47462e+00
 40 -0.05811 -1.39319e+00 | 41 -0.02847  2.47384e+00 | 42 -0.03182  1.90588e+00
 43  0.03822  2.35455e+00 | 44  0.03212  2.64186e+00 | 45 -0.04225 -1.52680e-01
 46 -0.04953 -6.43914e-01 | 47  0.01097  7.81654e-01 | 48  0.02145  6.35899e-01
 49  0.02053  7.21176e-02 | 50  0.03835  2.82048e-02 | 51  0.01618 -6.62361e-01
 52  0.01365 -6.68928e-01 | 53  0.03851 -8.92741e-01 | 54  0.03718  7.31586e-02
 55  0.05351  3.16028e-01 | 56  0.06205 -1.45464e-01 | 57  0.08009  7.54223e-02
 58  0.06213 -3.98259e-01 | 59  0.07977 -1.56350e+00 | 60  0.07127 -1.18182e+00
 61  0.09259 -5.31570e-01 | 62  0.07374 -8.79299e-01 | 63  0.08072 -9.65641e-01
 64  0.05498 -2.03435e-02 | 65  0.05353 -8.26619e-01 | 66  0.04358 -1.54926e-02
 67  0.01755 -3.56571e-01 | 68 -0.00597 -1.39162e+00 | 69 -0.00753 -1.71316e+00
 70 -0.02162 -1.50935e+00 | 71  0.38994 -2.49465e+02 | 72 -0.09113 -1.25143e+02
 73  0.23702  3.49150e+01 | 74 -0.05173 -1.87404e+01 | 75 -0.09408 -9.97254e+00
 76  0.30334 -1.52231e+02 | 77 -0.03893 -3.71533e+02 | 78  0.27470  1.58393e+01
 79 -0.02293 -2.40497e+01 | 80  0.60834 -5.57731e+01 | 81  0.09456 -1.70698e+00
 82 -0.02713 -1.33953e-04 | 83  0.28590  1.01194e+01 | 84  0.00524  2.58761e-05
84 variables; iteration 120; function evaluation 171; phase 3
Function value 6.5947478e+03; maximum gradient component mag 4.5048e+02
Var    Value     Gradient |Var    Value     Gradient |Var    Value     Gradient
  1  0.00099 -2.41411e+00 |  2 -0.00596 -3.70840e-01 |  3 -0.00873 -1.06555e+00
  4 -0.00661  3.34231e-01 |  5 -0.00897 -6.99803e-02 |  6 -0.01041 -3.16082e-03
  7 -0.01148  3.16198e-01 |  8 -0.01521 -4.05640e-01 |  9 -0.01640  1.05030e-01
 10 -0.01823  4.46060e-01 | 11 -0.02026  8.02875e-01 | 12 -0.02491  5.82560e-02
 13 -0.03064 -1.06612e+00 | 14 -0.03243 -1.19076e-01 | 15 -0.03795 -9.39757e-01
 16 -0.03819  7.99598e-01 | 17 -0.04416 -5.94005e-01 | 18 -0.04546  2.59930e-01
 19 -0.04809  2.09239e-01 | 20 -0.05181 -6.06403e-01 | 21 -0.05216 -7.93995e-02
 22 -0.05194  5.64107e-01 | 23 -0.05291  3.15901e-01 | 24 -0.05202  8.85530e-01
 25 -0.05402  1.44244e-01 | 26 -0.05350  4.36754e-01 | 27 -0.05197  5.37742e-01
 28 -0.04892 -2.44741e-02 | 29 -0.04098  6.50618e-01 | 30 -0.03060  5.25888e-01
 31 -0.01223  9.03417e-01 | 32  0.01118  5.23695e-02 | 33  0.04776  5.13694e-01
 34  0.09280 -4.14686e-01 | 35  0.07304  1.37920e+00 | 36  0.03042  1.51267e+00
 37 -0.01476 -2.36437e-01 | 38 -0.04688 -8.83433e-01 | 39 -0.06221 -3.65220e-01
 40 -0.05180  1.29827e+00 | 41 -0.03149 -4.77980e-01 | 42 -0.03377 -5.46392e-01
 43  0.03896 -4.57155e-01 | 44  0.03141 -2.60596e-01 | 45 -0.04204 -6.41466e-01
 46 -0.04978 -1.01308e+00 | 47  0.01073 -5.54025e-01 | 48  0.02094 -2.08904e+00
 49  0.02010 -1.90146e+00 | 50  0.03791 -1.89614e+00 | 51  0.01583 -1.16455e+00
 52  0.01321 -1.49787e+00 | 53  0.03806 -1.32964e+00 | 54  0.03664 -1.42218e+00
 55  0.05297 -1.31068e+00 | 56  0.06159 -1.50397e+00 | 57  0.07967 -1.82114e+00
 58  0.06179 -1.15110e+00 | 59  0.07957 -7.74496e-01 | 60  0.07102 -1.44568e+00
 61  0.09239 -7.79827e-01 | 62  0.07360 -5.52262e-01 | 63  0.08068 -3.91636e-01
 64  0.05488 -4.63899e-01 | 65  0.05374  2.22651e-01 | 66  0.04388  6.60648e-01
 67  0.01787 -2.74954e-01 | 68 -0.00519  7.53642e-01 | 69 -0.00664  7.60834e-01
 70 -0.02064  4.59224e-01 | 71  0.40674 -1.07675e+02 | 72 -0.12389 -1.56180e+01
 73  0.23831  1.62852e+00 | 74 -0.11103 -2.29090e+00 | 75 -0.09640 -4.89426e+00
 76  0.34122  1.80845e+02 | 77 -0.04965  4.50478e+02 | 78  0.27730 -3.71529e-01
 79 -0.12086  6.98964e+00 | 80  0.60812 -2.44844e+01 | 81  0.09360  1.32492e+00
 82  0.00716  3.53379e-05 | 83  0.28519 -9.93098e+00 | 84 -0.00138 -6.80686e-06
84 variables; iteration 140; function evaluation 196; phase 3
Function value 6.5939998e+03; maximum gradient component mag 9.2780e+02
Var    Value     Gradient |Var    Value     Gradient |Var    Value     Gradient
  1  0.00077  5.81737e+00 |  2 -0.00570 -3.95379e-01 |  3 -0.00625 -1.71206e-01
  4 -0.00748 -1.71158e-01 |  5 -0.00922 -3.20824e-01 |  6 -0.01077 -3.13914e-01
  7 -0.01250 -2.88068e-01 |  8 -0.01460 -3.13562e-01 |  9 -0.01693 -3.16638e-01
 10 -0.01947 -3.22255e-01 | 11 -0.02197 -2.08456e-01 | 12 -0.02503 -2.37641e-01
 13 -0.02854 -3.22021e-01 | 14 -0.03206 -2.29328e-01 | 15 -0.03614 -3.55372e-01
 16 -0.03976 -3.58955e-01 | 17 -0.04310 -4.06700e-01 | 18 -0.04577 -2.96239e-01
 19 -0.04752  1.06981e-01 | 20 -0.05031 -1.99242e-01 | 21 -0.05228 -5.48379e-01
 22 -0.05277 -2.92551e-01 | 23 -0.05341 -3.47806e-01 | 24 -0.05320 -1.50649e-01
 25 -0.05378 -1.07046e-01 | 26 -0.05377 -9.74148e-02 | 27 -0.05240 -8.13640e-02
 28 -0.04827 -4.79125e-02 | 29 -0.04235 -4.38392e-01 | 30 -0.03255 -8.15340e-01
 31 -0.01350 -5.84188e-02 | 32  0.01147 -2.70677e-01 | 33  0.04531 -6.27487e-01
 34  0.10234 -2.17908e-01 | 35  0.06700 -4.65534e-01 | 36  0.02672 -2.96049e-01
 37 -0.01320 -1.18417e-01 | 38 -0.04508 -4.28126e-01 | 39 -0.06197 -6.99769e-01
 40 -0.05448 -7.07929e-01 | 41 -0.03085 -6.85049e-01 | 42 -0.03279 -3.65772e-01
 43  0.03862 -5.70522e-01 | 44  0.03225  3.36452e-01 | 45 -0.04260 -1.02758e+00
 46 -0.04917 -1.49814e-01 | 47  0.01084  1.84681e-01 | 48  0.02135  2.12078e-01
 49  0.02040  2.79164e-01 | 50  0.03814  6.33013e-01 | 51  0.01596  8.15706e-01
 52  0.01333  4.68751e-01 | 53  0.03816  7.21886e-01 | 54  0.03675  7.48899e-01
 55  0.05311  1.17256e+00 | 56  0.06173  6.76536e-01 | 57  0.07986  6.66933e-01
 58  0.06199  8.48941e-01 | 59  0.07974  7.84744e-01 | 60  0.07120  1.23254e-01
 61  0.09255  3.52616e-01 | 62  0.07373 -8.75515e-02 | 63  0.08080 -5.41156e-01
 64  0.05503 -8.25928e-01 | 65  0.05384 -1.13323e+00 | 66  0.04401 -8.35922e-01
 67  0.01813 -1.04968e+00 | 68 -0.00511 -8.90202e-01 | 69 -0.00650 -7.56521e-01
 70 -0.02058 -1.06821e+00 | 71  0.41214  2.79642e+02 | 72 -0.15125  3.13145e+01
 73  0.23879 -5.84969e+00 | 74 -0.15888  4.96638e+00 | 75 -0.09559  3.61473e+00
 76  0.36622  6.00889e+02 | 77 -0.06267  9.27799e+02 | 78  0.27910 -9.30834e+00
 79 -0.16929  9.55968e+00 | 80  0.60817  1.85561e+02 | 81  0.09455 -2.47721e-02
 82  0.02913  1.43843e-04 | 83  0.28584  2.42033e+00 | 84 -0.00563 -2.77912e-05
84 variables; iteration 160; function evaluation 219; phase 3
Function value 6.5936198e+03; maximum gradient component mag 5.2727e+02
Var    Value     Gradient |Var    Value     Gradient |Var    Value     Gradient
  1  0.00083  2.96739e+01 |  2 -0.00547 -5.17883e-01 |  3 -0.00646 -4.73320e-01
  4 -0.00767 -4.59989e-01 |  5 -0.00908 -4.67114e-01 |  6 -0.01059 -4.38189e-01
  7 -0.01244 -4.57936e-01 |  8 -0.01455 -4.80424e-01 |  9 -0.01674 -4.17568e-01
 10 -0.01937 -4.50877e-01 | 11 -0.02212 -4.44703e-01 | 12 -0.02513 -4.43373e-01
 13 -0.02840 -4.00278e-01 | 14 -0.03203 -3.47173e-01 | 15 -0.03617 -4.82213e-01
 16 -0.03972 -4.36569e-01 | 17 -0.04295 -4.13976e-01 | 18 -0.04579 -3.79948e-01
 19 -0.04803 -2.24140e-01 | 20 -0.05041 -2.96825e-01 | 21 -0.05193 -3.91894e-01
 22 -0.05279 -3.28327e-01 | 23 -0.05339 -3.59023e-01 | 24 -0.05334 -2.47101e-01
 25 -0.05402 -2.50201e-01 | 26 -0.05402 -2.33413e-01 | 27 -0.05263 -1.94742e-01
 28 -0.04858 -1.94356e-01 | 29 -0.04217 -3.01678e-01 | 30 -0.03169 -3.12218e-01
 31 -0.01375 -1.95013e-02 | 32  0.01157  1.41561e-02 | 33  0.04652  1.25220e-01
 34  0.10001  4.38813e-01 | 35  0.06839  5.05769e-01 | 36  0.02671  2.12068e-01
 37 -0.01359  7.34819e-02 | 38 -0.04501 -1.27310e-01 | 39 -0.06157 -2.26480e-01
 40 -0.05406 -1.38219e-01 | 41 -0.03048  3.02467e-03 | 42 -0.03303 -1.55642e-02
 43  0.03895  3.14636e-01 | 44  0.03164  5.57025e-01 | 45 -0.04211 -3.03081e-01
 46 -0.04932  1.01916e-01 | 47  0.01082  5.58126e-01 | 48  0.02129  4.01051e-01
 49  0.02035  5.07344e-01 | 50  0.03807  7.58004e-01 | 51  0.01587  6.52041e-01
 52  0.01324  4.67547e-01 | 53  0.03807  7.07053e-01 | 54  0.03666  7.09139e-01
 55  0.05301  9.46217e-01 | 56  0.06167  8.34929e-01 | 57  0.07981  8.45138e-01
 58  0.06193  7.10801e-01 | 59  0.07968  6.85104e-01 | 60  0.07115  2.90073e-01
 61  0.09250  4.74399e-01 | 62  0.07368 -3.31191e-03 | 63  0.08075 -2.92453e-01
 64  0.05501 -4.64010e-01 | 65  0.05385 -7.30258e-01 | 66  0.04403 -6.58791e-01
 67  0.01820 -8.19982e-01 | 68 -0.00500 -7.52266e-01 | 69 -0.00645 -9.58883e-01
 70 -0.02040 -7.89823e-01 | 71  0.41447  2.31216e+02 | 72 -0.17632  1.22159e+01
 73  0.23895 -7.84590e+00 | 74 -0.21331  1.97881e+00 | 75 -0.09627  1.11582e+00
 76  0.38231  5.01047e+02 | 77 -0.07545  5.27270e+02 | 78  0.28029 -6.39105e+00
 79 -0.18394  6.31568e+00 | 80  0.60814  1.28935e+02 | 81  0.09432 -1.53136e-01
 82 -0.05960 -2.94970e-04 | 83  0.28576  1.85150e+00 | 84  0.01150  5.67496e-05
84 variables; iteration 180; function evaluation 242; phase 3
Function value 6.5934188e+03; maximum gradient component mag 4.0345e+02
Var    Value     Gradient |Var    Value     Gradient |Var    Value     Gradient
  1  0.00080  1.02036e+01 |  2 -0.00557 -3.37427e-01 |  3 -0.00634 -2.00221e-01
  4 -0.00767 -2.43265e-01 |  5 -0.00906 -2.43865e-01 |  6 -0.01060 -2.27377e-01
  7 -0.01243 -2.43625e-01 |  8 -0.01452 -2.61552e-01 |  9 -0.01678 -2.34000e-01
 10 -0.01941 -2.72698e-01 | 11 -0.02214 -2.62617e-01 | 12 -0.02509 -2.39213e-01
 13 -0.02835 -2.00570e-01 | 14 -0.03199 -1.57591e-01 | 15 -0.03610 -2.83649e-01
 16 -0.03981 -3.25947e-01 | 17 -0.04296 -2.70593e-01 | 18 -0.04580 -2.43788e-01
 19 -0.04789 -1.17765e-02 | 20 -0.05033 -1.23805e-01 | 21 -0.05203 -3.17387e-01
 22 -0.05282 -2.20553e-01 | 23 -0.05344 -2.61685e-01 | 24 -0.05337 -1.48529e-01
 25 -0.05398 -1.16486e-01 | 26 -0.05399 -1.17451e-01 | 27 -0.05262 -9.54190e-02
 28 -0.04851 -7.68189e-02 | 29 -0.04231 -3.12151e-01 | 30 -0.03205 -4.67372e-01
 31 -0.01374 -4.52386e-02 | 32  0.01155 -1.06849e-01 | 33  0.04640 -1.70734e-01
 34  0.10063 -7.62843e-02 | 35  0.06777 -5.46379e-02 | 36  0.02659 -1.10386e-01
 37 -0.01338  1.60165e-03 | 38 -0.04496 -1.90101e-01 | 39 -0.06165 -3.38873e-01
 40 -0.05421 -3.27093e-01 | 41 -0.03051 -1.98539e-01 | 42 -0.03293 -1.40133e-01
 43  0.03884 -1.23262e-01 | 44  0.03189  4.01945e-01 | 45 -0.04228 -5.32351e-01
 46 -0.04927  1.97204e-02 | 47  0.01080  2.08768e-01 | 48  0.02130  1.66151e-01
 49  0.02035  1.94515e-01 | 50  0.03807  4.36629e-01 | 51  0.01587  4.73239e-01
 52  0.01323  2.66176e-01 | 53  0.03805  4.18315e-01 | 54  0.03664  4.87948e-01
 55  0.05299  7.08793e-01 | 56  0.06165  4.67241e-01 | 57  0.07980  4.33525e-01
 58  0.06194  4.94885e-01 | 59  0.07968  4.07946e-01 | 60  0.07115  5.07183e-02
 61  0.09250  2.34522e-01 | 62  0.07368 -9.56557e-02 | 63  0.08076 -3.53643e-01
 64  0.05502 -4.25309e-01 | 65  0.05388 -6.31829e-01 | 66  0.04407 -4.52779e-01
 67  0.01827 -5.69159e-01 | 68 -0.00493 -5.23992e-01 | 69 -0.00635 -6.04682e-01
 70 -0.02033 -6.44970e-01 | 71  0.41557  8.37736e+01 | 72 -0.19994  2.64383e+00
 73  0.23904 -4.00170e+00 | 74 -0.28125  3.07318e-01 | 75 -0.09613  1.02752e+00
 76  0.39237  4.03447e+02 | 77 -0.08707  2.99530e+02 | 78  0.28097 -4.85997e+00
 79 -0.19087  4.56132e+00 | 80  0.60814  1.06104e+02 | 81  0.09445  3.03940e-01
 82 -0.05803 -2.87151e-04 | 83  0.28574 -3.59350e-02 | 84  0.01137  5.61051e-05
84 variables; iteration 200; function evaluation 268; phase 3
Function value 6.5932778e+03; maximum gradient component mag 3.9216e+02
Var    Value     Gradient |Var    Value     Gradient |Var    Value     Gradient
  1  0.00081  1.69939e+01 |  2 -0.00530 -2.41643e-01 |  3 -0.00640 -2.39417e-01
  4 -0.00767 -2.53790e-01 |  5 -0.00905 -2.51221e-01 |  6 -0.01063 -2.48814e-01
  7 -0.01242 -2.47979e-01 |  8 -0.01446 -2.36786e-01 |  9 -0.01679 -2.37070e-01
 10 -0.01936 -2.43969e-01 | 11 -0.02208 -2.29202e-01 | 12 -0.02508 -2.24047e-01
 13 -0.02837 -1.89988e-01 | 14 -0.03214 -2.06627e-01 | 15 -0.03597 -1.86208e-01
 16 -0.03965 -2.03857e-01 | 17 -0.04286 -1.72736e-01 | 18 -0.04577 -1.76395e-01
 19 -0.04826 -1.53823e-01 | 20 -0.05047 -1.36471e-01 | 21 -0.05180 -1.25367e-01
 22 -0.05279 -1.33712e-01 | 23 -0.05334 -1.28375e-01 | 24 -0.05348 -1.28155e-01
 25 -0.05413 -1.13207e-01 | 26 -0.05415 -1.11542e-01 | 27 -0.05283 -1.06885e-01
 28 -0.04876 -9.62362e-02 | 29 -0.04205 -5.38386e-02 | 30 -0.03138  1.35848e-02
 31 -0.01406  3.84190e-03 | 32  0.01126  3.92017e-02 | 33  0.04647  1.94667e-01
 34  0.10139  5.41865e-01 | 35  0.06699  2.17567e-01 | 36  0.02652  1.67856e-01
 37 -0.01384  1.35179e-02 | 38 -0.04489  1.28917e-02 | 39 -0.06137 -2.91083e-02
 40 -0.05385  6.29667e-02 | 41 -0.03048  6.76311e-02 | 42 -0.03301  7.58774e-02
 43  0.03922  3.31032e-01 | 44  0.03134  3.04177e-01 | 45 -0.04171  9.71515e-02
 46 -0.04949 -4.86109e-02 | 47  0.01082  3.25889e-01 | 48  0.02129  3.18531e-01
 49  0.02034  3.40831e-01 | 50  0.03806  4.53889e-01 | 51  0.01585  3.43748e-01
 52  0.01321  2.53993e-01 | 53  0.03802  3.11731e-01 | 54  0.03661  3.36417e-01
 55  0.05295  4.04735e-01 | 56  0.06163  3.16883e-01 | 57  0.07979  3.38865e-01
 58  0.06192  2.81530e-01 | 59  0.07967  2.58879e-01 | 60  0.07114  8.06755e-02
 61  0.09248  8.40624e-02 | 62  0.07367 -8.72300e-02 | 63  0.08076 -2.37774e-01
 64  0.05502 -3.36654e-01 | 65  0.05390 -4.53226e-01 | 66  0.04409 -4.07470e-01
 67  0.01832 -4.56202e-01 | 68 -0.00489 -4.63581e-01 | 69 -0.00629 -4.91201e-01
 70 -0.02024 -4.51054e-01 | 71  0.41607 -1.35463e+01 | 72 -0.23234  1.75156e-01
 73  0.23908 -2.71605e+00 | 74 -0.37052 -2.06731e-03 | 75 -0.09618  4.67870e-01
 76  0.40070  3.92157e+02 | 77 -0.10120  1.88505e+02 | 78  0.28155 -4.32044e+00
 79 -0.20246  3.68782e+00 | 80  0.60813  9.42745e+01 | 81  0.09410  1.66552e-01
 82  0.36185  2.00660e-03 | 83  0.28566 -8.31716e-01 | 84 -0.07019 -3.47775e-04
84 variables; iteration 220; function evaluation 291; phase 3
Function value 6.5931946e+03; maximum gradient component mag 9.2670e+01
Var    Value     Gradient |Var    Value     Gradient |Var    Value     Gradient
  1  0.00079  1.03329e+00 |  2 -0.00527 -6.25737e-02 |  3 -0.00630 -3.79194e-02
  4 -0.00767 -9.52097e-02 |  5 -0.00904 -8.78007e-02 |  6 -0.01065 -1.06685e-01
  7 -0.01244 -1.09835e-01 |  8 -0.01440 -7.46640e-02 |  9 -0.01684 -1.27688e-01
 10 -0.01943 -1.49848e-01 | 11 -0.02209 -1.16753e-01 | 12 -0.02502 -8.85932e-02
 13 -0.02830 -6.00945e-02 | 14 -0.03215 -1.25142e-01 | 15 -0.03587 -6.13697e-02
 16 -0.03972 -1.74846e-01 | 17 -0.04284 -1.03447e-01 | 18 -0.04578 -1.36154e-01
 19 -0.04816 -6.37969e-02 | 20 -0.05039 -6.37567e-02 | 21 -0.05184 -1.26181e-01
 22 -0.05284 -1.45991e-01 | 23 -0.05335 -1.31544e-01 | 24 -0.05353 -1.58414e-01
 25 -0.05409 -1.08547e-01 | 26 -0.05415 -1.35231e-01 | 27 -0.05287 -1.64195e-01
 28 -0.04874 -1.35140e-01 | 29 -0.04214 -1.70321e-01 | 30 -0.03162 -2.06775e-01
 31 -0.01416 -1.95269e-01 | 32  0.01101 -2.98330e-01 | 33  0.04594 -3.50680e-01
 34  0.10327 -5.15083e-02 | 35  0.06537 -6.60794e-01 | 36  0.02625 -2.99923e-01
 37 -0.01377 -2.06685e-01 | 38 -0.04478 -9.79195e-02 | 39 -0.06141 -1.83095e-01
 40 -0.05381 -7.34516e-02 | 41 -0.03049 -1.60038e-01 | 42 -0.03286 -6.97841e-02
 43  0.03912 -1.91942e-01 | 44  0.03147 -3.47736e-02 | 45 -0.04180 -1.07088e-01
 46 -0.04945 -1.11400e-01 | 47  0.01083  1.64028e-01 | 48  0.02130  8.77132e-02
 49  0.02036  1.60623e-01 | 50  0.03807  2.54809e-01 | 51  0.01587  1.94942e-01
 52  0.01323  1.81494e-01 | 53  0.03804  2.26446e-01 | 54  0.03662  2.84746e-01
 55  0.05297  3.60700e-01 | 56  0.06164  2.73734e-01 | 57  0.07981  2.77778e-01
 58  0.06194  2.90515e-01 | 59  0.07969  2.24808e-01 | 60  0.07116  6.49252e-02
 61  0.09250  1.74673e-01 | 62  0.07369  4.07311e-02 | 63  0.08078 -4.26987e-02
 64  0.05505 -3.14408e-02 | 65  0.05393 -1.21470e-01 | 66  0.04414  9.62303e-03
 67  0.01836 -1.53350e-01 | 68 -0.00483 -1.39012e-01 | 69 -0.00623 -2.03499e-01
 70 -0.02018 -1.71135e-01 | 71  0.41627 -6.65797e-01 | 72 -0.26935  9.36917e-02
 73  0.23909 -1.95141e+00 | 74 -0.45650 -2.73920e-03 | 75 -0.09647 -3.65115e-01
 76  0.40605  9.26699e+01 | 77 -0.11495  3.22991e+01 | 78  0.28191 -7.01728e-01
 79 -0.22277  6.87127e-01 | 80  0.60813  2.52852e+01 | 81  0.09430  8.97666e-01
 82 -0.22317 -1.14878e-03 | 83  0.28559 -4.24250e+00 | 84  0.02625  1.29626e-04
84 variables; iteration 240; function evaluation 311; phase 3
Function value 6.5931386e+03; maximum gradient component mag 1.1614e+02
Var    Value     Gradient |Var    Value     Gradient |Var    Value     Gradient
  1  0.00079 -2.67630e+00 |  2 -0.00536  8.39441e-02 |  3 -0.00645  8.23045e-02
  4 -0.00770  7.55057e-02 |  5 -0.00903  9.75176e-02 |  6 -0.01061  9.30643e-02
  7 -0.01240  9.53477e-02 |  8 -0.01443  1.02337e-01 |  9 -0.01678  9.30184e-02
 10 -0.01928  1.08937e-01 | 11 -0.02209  8.04395e-02 | 12 -0.02500  1.20504e-01
 13 -0.02838  1.00943e-01 | 14 -0.03208  1.14787e-01 | 15 -0.03592  1.25975e-01
 16 -0.03959  1.05519e-01 | 17 -0.04284  1.09578e-01 | 18 -0.04574  1.03286e-01
 19 -0.04830  7.88971e-02 | 20 -0.05051  9.45953e-02 | 21 -0.05189  7.12398e-02
 22 -0.05284  8.22596e-02 | 23 -0.05336  9.28836e-02 | 24 -0.05350  8.56769e-02
 25 -0.05413  1.03205e-01 | 26 -0.05413  1.07913e-01 | 27 -0.05279  1.14121e-01
 28 -0.04869  1.31100e-01 | 29 -0.04214  7.08199e-02 | 30 -0.03168  1.02666e-02
 31 -0.01407  9.66300e-02 | 32  0.01157  1.78942e-01 | 33  0.04654  1.12107e-01
 34  0.10079  1.23572e-01 | 35  0.06783  1.53709e-01 | 36  0.02627  1.10656e-02
 37 -0.01359  1.43114e-01 | 38 -0.04495  6.05716e-02 | 39 -0.06138  6.20277e-02
 40 -0.05419 -8.09597e-02 | 41 -0.03047  2.83243e-02 | 42 -0.03300  4.67796e-02
 43  0.03922  1.33123e-02 | 44  0.03141  2.08688e-02 | 45 -0.04181  2.92744e-02
 46 -0.04932  2.53576e-01 | 47  0.01077 -7.11214e-02 | 48  0.02132  1.43225e-01
 49  0.02035  1.33821e-01 | 50  0.03805  3.26109e-02 | 51  0.01583 -5.78401e-02
 52  0.01320  8.24963e-02 | 53  0.03801  3.81364e-02 | 54  0.03658 -2.80099e-02
 55  0.05292 -1.34121e-01 | 56  0.06162  6.24579e-02 | 57  0.07980  1.00843e-01
 58  0.06191 -2.18763e-02 | 59  0.07967 -1.38054e-02 | 60  0.07115  9.23056e-02
 61  0.09248 -7.73059e-02 | 62  0.07368 -2.28368e-02 | 63  0.08077 -4.19156e-02
 64  0.05503 -9.37020e-02 | 65  0.05393 -3.91991e-02 | 66  0.04411 -1.66502e-01
 67  0.01837 -1.00874e-02 | 68 -0.00483  6.97983e-03 | 69 -0.00620  1.07894e-01
 70 -0.02016  4.90295e-02 | 71  0.41633 -2.85244e+01 | 72 -0.31908  2.36019e-03
 73  0.23909 -6.58548e-01 | 74 -0.55254 -3.70814e-03 | 75 -0.09613  3.30862e-01
 76  0.41009  1.16136e+02 | 77 -0.13118  2.37994e+01 | 78  0.28217 -1.43852e+00
 79 -0.25576  3.23949e-01 | 80  0.60812  3.18237e+01 | 81  0.09394  4.88663e-02
 82  0.47360  2.89126e-03 | 83  0.28565 -5.09612e-01 | 84  0.27922  1.47364e-03
84 variables; iteration 260; function evaluation 334; phase 3
Function value 6.5931058e+03; maximum gradient component mag 6.9944e+01
Var    Value     Gradient |Var    Value     Gradient |Var    Value     Gradient
  1  0.00081  1.10508e+01 |  2 -0.00534 -1.76536e-01 |  3 -0.00644 -1.76799e-01
  4 -0.00761 -1.49758e-01 |  5 -0.00905 -1.69681e-01 |  6 -0.01061 -1.62549e-01
  7 -0.01239 -1.55672e-01 |  8 -0.01448 -1.68564e-01 |  9 -0.01676 -1.46300e-01
 10 -0.01931 -1.45725e-01 | 11 -0.02202 -1.22337e-01 | 12 -0.02513 -1.71340e-01
 13 -0.02844 -1.52526e-01 | 14 -0.03214 -1.32559e-01 | 15 -0.03605 -1.50801e-01
 16 -0.03960 -9.97841e-02 | 17 -0.04291 -1.21406e-01 | 18 -0.04577 -9.75182e-02
 19 -0.04830 -9.97782e-02 | 20 -0.05056 -1.07268e-01 | 21 -0.05181 -5.47449e-02
 22 -0.05279 -5.56958e-02 | 23 -0.05334 -6.16553e-02 | 24 -0.05345 -4.81384e-02
 25 -0.05416 -6.87670e-02 | 26 -0.05417 -5.88180e-02 | 27 -0.05283 -4.93253e-02
 28 -0.04879 -6.60559e-02 | 29 -0.04199  1.87185e-02 | 30 -0.03124  1.08868e-01
 31 -0.01398  4.17324e-02 | 32  0.01135  4.29592e-02 | 33  0.04689  2.27675e-01
 34  0.09988  2.33568e-01 | 35  0.06798  3.05347e-01 | 36  0.02686  2.29124e-01
 37 -0.01386 -6.39943e-03 | 38 -0.04494 -3.56933e-03 | 39 -0.06134  1.24639e-02
 40 -0.05376  1.30049e-01 | 41 -0.03047  7.84587e-02 | 42 -0.03309  3.00086e-02
 43  0.03926  2.49549e-01 | 44  0.03131  1.85261e-01 | 45 -0.04169  6.57578e-02
 46 -0.04954 -1.80044e-01 | 47  0.01081  1.50932e-01 | 48  0.02127  3.16202e-02
 49  0.02032  4.55552e-03 | 50  0.03803  1.18435e-01 | 51  0.01581  1.57794e-01
 52  0.01317 -3.94736e-03 | 53  0.03798  4.60957e-02 | 54  0.03656  8.07141e-02
 55  0.05292  1.72156e-01 | 56  0.06159  8.27859e-03 | 57  0.07976 -1.93001e-03
 58  0.06189  5.28705e-02 | 59  0.07965  7.22612e-02 | 60  0.07112 -4.60785e-02
 61  0.09246  1.27484e-02 | 62  0.07365 -6.21084e-02 | 63  0.08074 -1.20212e-01
 64  0.05501 -1.65795e-01 | 65  0.05390 -2.30778e-01 | 66  0.04411 -1.69636e-01
 67  0.01835 -2.17359e-01 | 68 -0.00484 -2.28069e-01 | 69 -0.00624 -2.75215e-01
 70 -0.02019 -2.44972e-01 | 71  0.41636  2.51986e+01 | 72 -0.37672  5.93212e-03
 73  0.23910  2.60228e-01 | 74 -0.64763 -5.08404e-03 | 75 -0.09645  1.68251e-01
 76  0.41256  6.99444e+01 | 77 -0.14833  8.97743e+00 | 78  0.28234 -1.73641e+00
 79 -0.29590 -1.41456e-03 | 80  0.60812  3.75838e+01 | 81  0.09397 -3.18490e-01
 82 -0.19503 -9.93730e-04 | 83  0.28571  1.63978e+00 | 84 -0.48409 -2.98836e-03
84 variables; iteration 280; function evaluation 357; phase 3
Function value 6.5930830e+03; maximum gradient component mag 1.2772e+01
Var    Value     Gradient |Var    Value     Gradient |Var    Value     Gradient
  1  0.00080  1.72764e+00 |  2 -0.00534 -2.79131e-02 |  3 -0.00643 -2.54924e-02
  4 -0.00765 -2.28488e-02 |  5 -0.00904 -2.44037e-02 |  6 -0.01061 -2.34699e-02
  7 -0.01240 -2.18485e-02 |  8 -0.01445 -2.39646e-02 |  9 -0.01677 -2.11974e-02
 10 -0.01931 -2.03119e-02 | 11 -0.02205 -1.75287e-02 | 12 -0.02507 -2.41547e-02
 13 -0.02840 -2.04097e-02 | 14 -0.03212 -1.82961e-02 | 15 -0.03599 -1.85161e-02
 16 -0.03961 -1.30710e-02 | 17 -0.04288 -1.51848e-02 | 18 -0.04576 -1.19015e-02
 19 -0.04828 -1.29283e-02 | 20 -0.05052 -1.30512e-02 | 21 -0.05185 -5.45312e-03
 22 -0.05282 -4.45581e-03 | 23 -0.05336 -5.91430e-03 | 24 -0.05348 -4.19449e-03
 25 -0.05415 -6.11757e-03 | 26 -0.05416 -4.36838e-03 | 27 -0.05283 -2.74061e-03
 28 -0.04875 -4.12977e-03 | 29 -0.04207  6.51398e-03 | 30 -0.03145  2.00386e-02
 31 -0.01404  1.00091e-02 | 32  0.01139  1.22357e-02 | 33  0.04661  3.91465e-02
 34  0.10061  3.70516e-02 | 35  0.06764  5.10314e-02 | 36  0.02657  3.44945e-02
 37 -0.01375  1.64375e-03 | 38 -0.04492 -4.51826e-04 | 39 -0.06136  2.19960e-03
 40 -0.05392  1.78863e-02 | 41 -0.03047  1.33677e-02 | 42 -0.03302  5.63965e-03
 43  0.03923  4.00101e-02 | 44  0.03137  3.44612e-02 | 45 -0.04175  1.22687e-02
 46 -0.04944 -2.15435e-02 | 47  0.01080  1.91085e-02 | 48  0.02130  1.60855e-02
 49  0.02034  7.32807e-03 | 50  0.03804  2.43373e-02 | 51  0.01582  2.89637e-02
 52  0.01318  5.90167e-03 | 53  0.03799  1.14412e-02 | 54  0.03657  1.59775e-02
 55  0.05292  2.76352e-02 | 56  0.06160  4.60855e-03 | 57  0.07978  5.80247e-03
 58  0.06190  1.09468e-02 | 59  0.07966  1.32747e-02 | 60  0.07113 -3.33375e-03
 61  0.09247 -2.28813e-03 | 62  0.07366 -1.09678e-02 | 63  0.08076 -2.45825e-02
 64  0.05502 -3.61052e-02 | 65  0.05392 -4.52113e-02 | 66  0.04412 -3.94760e-02
 67  0.01837 -3.71440e-02 | 68 -0.00482 -4.22223e-02 | 69 -0.00621 -4.17952e-02
 70 -0.02016 -4.56460e-02 | 71  0.41636 -1.71850e+00 | 72 -0.46042 -2.27338e-03
 73  0.23910  9.77539e-02 | 74 -0.77234 -8.40679e-03 | 75 -0.09634  5.69785e-02
 76  0.41437  1.27718e+01 | 77 -0.17189  1.34094e+00 | 78  0.28245 -3.90980e-01
 79 -0.35436 -1.95490e-03 | 80  0.60812  9.37006e+00 | 81  0.09399 -6.10050e-02
 82  0.12939  6.47477e-04 | 83  0.28568  3.12146e-01 | 84  0.58646  4.13609e-03
84 variables; iteration 300; function evaluation 378; phase 3
Function value 6.5930712e+03; maximum gradient component mag -3.0221e-01
Var    Value     Gradient |Var    Value     Gradient |Var    Value     Gradient
  1  0.00080 -1.31833e-01 |  2 -0.00533  4.44650e-03 |  3 -0.00643  3.72380e-03
  4 -0.00765  5.72154e-03 |  5 -0.00904  5.13743e-03 |  6 -0.01061  4.60631e-03
  7 -0.01240  5.52152e-03 |  8 -0.01445  5.53989e-03 |  9 -0.01677  5.11064e-03
 10 -0.01931  6.98976e-03 | 11 -0.02206  6.43917e-03 | 12 -0.02505  6.76776e-03
 13 -0.02839  3.66373e-03 | 14 -0.03212  6.08591e-03 | 15 -0.03598  6.39661e-03
 16 -0.03961  7.99050e-03 | 17 -0.04288  5.71394e-03 | 18 -0.04576  6.46763e-03
 19 -0.04828  3.76644e-03 | 20 -0.05052  3.41919e-03 | 21 -0.05186  4.66839e-03
 22 -0.05283  5.19463e-03 | 23 -0.05336  6.02972e-03 | 24 -0.05349  5.42659e-03
 25 -0.05415  5.35227e-03 | 26 -0.05416  6.07145e-03 | 27 -0.05283  6.45783e-03
 28 -0.04875  6.53269e-03 | 29 -0.04209  6.70376e-03 | 30 -0.03149  6.36504e-03
 31 -0.01405  5.77981e-03 | 32  0.01140  8.82812e-03 | 33  0.04656  9.11665e-03
 34  0.10073  4.34682e-03 | 35  0.06759  1.30656e-02 | 36  0.02653  6.46577e-03
 37 -0.01373  6.20538e-03 | 38 -0.04492  3.16684e-03 | 39 -0.06136  5.99784e-03
 40 -0.05395  2.56961e-03 | 41 -0.03047  3.65675e-03 | 42 -0.03302  2.81622e-03
 43  0.03923  4.40304e-03 | 44  0.03137 -4.38242e-05 | 45 -0.04175  6.92086e-03
 46 -0.04943  5.70720e-03 | 47  0.01080 -1.06545e-02 | 48  0.02130  6.20855e-03
 49  0.02034  2.04012e-03 | 50  0.03804 -3.89849e-03 | 51  0.01582 -7.94118e-03
 52  0.01318  7.96352e-04 | 53  0.03799 -2.16857e-03 | 54  0.03657 -8.00673e-03
 55  0.05292 -1.44933e-02 | 56  0.06160 -4.68839e-03 | 57  0.07978 -2.07271e-03
 58  0.06190 -7.27936e-03 | 59  0.07966 -6.72293e-03 | 60  0.07114  2.06973e-03
 61  0.09247 -6.37679e-03 | 62  0.07367  2.27219e-04 | 63  0.08076  1.74066e-03
 64  0.05502  1.88682e-05 | 65  0.05392  6.47260e-03 | 66  0.04413 -2.51032e-03
 67  0.01838  8.39661e-03 | 68 -0.00481  3.45735e-03 | 69 -0.00620  1.50711e-02
 70 -0.02015  1.40321e-03 | 71  0.41636 -4.90176e-02 | 72 -0.58922 -4.14641e-03
 73  0.23910  7.28267e-02 | 74 -0.95047 -4.02287e-02 | 75 -0.09636  3.35135e-03
 76  0.41550 -3.02212e-01 | 77 -0.20681  2.23104e-01 | 78  0.28253  2.26840e-03
 79 -0.44458 -2.63726e-03 | 80  0.60811  1.67088e-02 | 81  0.09399 -9.73269e-03
 82 -0.02328 -1.14933e-04 | 83  0.28567  3.65240e-02 | 84  0.01176  5.80441e-05
84 variables; iteration 320; function evaluation 399; phase 3
Function value 6.5930643e+03; maximum gradient component mag 3.5006e+01
Var    Value     Gradient |Var    Value     Gradient |Var    Value     Gradient
  1  0.00079  1.30652e-01 |  2 -0.00534  1.78515e-02 |  3 -0.00644  1.48676e-02
  4 -0.00765  2.15989e-02 |  5 -0.00904  2.21673e-02 |  6 -0.01062  1.86673e-02
  7 -0.01239  2.45210e-02 |  8 -0.01444  2.61885e-02 |  9 -0.01678  2.11276e-02
 10 -0.01929  3.30225e-02 | 11 -0.02205  2.71024e-02 | 12 -0.02502  4.18816e-02
 13 -0.02840  2.26792e-02 | 14 -0.03211  3.44144e-02 | 15 -0.03595  4.12120e-02
 16 -0.03960  3.94683e-02 | 17 -0.04287  3.31305e-02 | 18 -0.04575  3.65603e-02
 19 -0.04829  2.65719e-02 | 20 -0.05053  2.70959e-02 | 21 -0.05188  2.37480e-02
 22 -0.05283  3.22185e-02 | 23 -0.05336  3.73219e-02 | 24 -0.05350  3.39370e-02
 25 -0.05415  3.99257e-02 | 26 -0.05416  4.46113e-02 | 27 -0.05282  4.77613e-02
 28 -0.04874  5.50959e-02 | 29 -0.04210  4.26754e-02 | 30 -0.03156  2.37696e-02
 31 -0.01406  5.74357e-02 | 32  0.01143  8.98016e-02 | 33  0.04651  8.48259e-02
 34  0.10076  1.32417e-01 | 35  0.06770  1.29184e-01 | 36  0.02648  6.09724e-02
 37 -0.01370  6.92470e-02 | 38 -0.04494  3.12045e-02 | 39 -0.06137  3.15540e-02
 40 -0.05402 -1.28258e-02 | 41 -0.03049  1.39939e-02 | 42 -0.03302  2.34262e-02
 43  0.03924  4.19794e-02 | 44  0.03137  2.18382e-02 | 45 -0.04176  2.57257e-02
 46 -0.04940  7.61905e-02 | 47  0.01079 -1.91864e-02 | 48  0.02131  5.80089e-02
 49  0.02034  4.98040e-02 | 50  0.03804  1.33393e-02 | 51  0.01582 -1.96389e-02
 52  0.01318  2.50804e-02 | 53  0.03799  1.54078e-02 | 54  0.03657 -2.05942e-02
 55  0.05291 -5.52220e-02 | 56  0.06161  1.19699e-02 | 57  0.07978  3.34684e-02
 58  0.06190 -1.18659e-02 | 59  0.07967 -2.94318e-03 | 60  0.07114  3.19705e-02
 61  0.09247 -4.03041e-02 | 62  0.07367 -1.85380e-02 | 63  0.08076 -3.19808e-02
 64  0.05503 -6.93637e-02 | 65  0.05393 -4.69826e-02 | 66  0.04413 -9.59185e-02
 67  0.01838 -3.90448e-02 | 68 -0.00481 -2.57190e-02 | 69 -0.00619  2.87094e-02
 70 -0.02014 -6.97000e-03 | 71  0.41636  3.27224e+00 | 72 -0.79621 -9.47508e-03
 73  0.23910 -1.75617e-01 | 74 -0.72172 -6.72309e-03 | 75 -0.09634  1.17045e-01
 76  0.41592  3.50060e+01 | 77 -0.24672  2.59149e-01 | 78  0.28255 -8.41885e-01
 79 -0.52305 -3.37779e-03 | 80  0.60811  1.95486e+01 | 81  0.09396 -2.37459e-02
 82  0.10665  5.31303e-04 | 83  0.28567 -3.09889e-02 | 84  0.04283  2.11660e-04
84 variables; iteration 340; function evaluation 421; phase 3
Function value 6.5930631e+03; maximum gradient component mag -4.4786e-01
Var    Value     Gradient |Var    Value     Gradient |Var    Value     Gradient
  1  0.00080 -6.47941e-02 |  2 -0.00533  1.03174e-03 |  3 -0.00642  9.61070e-04
  4 -0.00765  1.07448e-03 |  5 -0.00904  1.01890e-03 |  6 -0.01061  9.79602e-04
  7 -0.01240  1.02091e-03 |  8 -0.01445  9.94409e-04 |  9 -0.01677  9.48256e-04
 10 -0.01931  1.04354e-03 | 11 -0.02206  1.00515e-03 | 12 -0.02505  1.06981e-03
 13 -0.02839  7.33145e-04 | 14 -0.03212  9.05536e-04 | 15 -0.03598  8.46028e-04
 16 -0.03962  9.21869e-04 | 17 -0.04288  7.08226e-04 | 18 -0.04576  7.74505e-04
 19 -0.04828  6.90233e-04 | 20 -0.05052  5.43566e-04 | 21 -0.05186  4.61659e-04
 22 -0.05283  5.56390e-04 | 23 -0.05336  5.73430e-04 | 24 -0.05349  5.55639e-04
 25 -0.05415  5.21584e-04 | 26 -0.05416  5.31393e-04 | 27 -0.05283  5.16559e-04
 28 -0.04875  5.05044e-04 | 29 -0.04209  3.06932e-04 | 30 -0.03150 -1.31282e-04
 31 -0.01405  1.64468e-04 | 32  0.01139  1.21766e-04 | 33  0.04655 -5.31386e-04
 34  0.10076 -1.13305e-03 | 35  0.06756 -4.57094e-04 | 36  0.02653 -3.47263e-04
 37 -0.01373  2.24433e-04 | 38 -0.04491  9.59681e-05 | 39 -0.06136  2.08358e-04
 40 -0.05395 -2.95574e-04 | 41 -0.03047 -2.85961e-04 | 42 -0.03301 -1.46326e-04
 43  0.03923 -9.59328e-04 | 44  0.03138 -1.02973e-03 | 45 -0.04176 -1.49160e-04
 46 -0.04943  5.38014e-04 | 47  0.01080 -9.81447e-04 | 48  0.02130 -7.55918e-04
 49  0.02034 -7.69385e-04 | 50  0.03804 -1.39322e-03 | 51  0.01582 -1.19205e-03
 52  0.01318 -6.81108e-04 | 53  0.03799 -9.80958e-04 | 54  0.03657 -1.26768e-03
 55  0.05292 -1.73991e-03 | 56  0.06160 -1.22400e-03 | 57  0.07978 -1.24426e-03
 58  0.06190 -1.14908e-03 | 59  0.07966 -1.05013e-03 | 60  0.07114 -2.47877e-04
 61  0.09247 -5.89056e-04 | 62  0.07366  1.69085e-04 | 63  0.08076  6.85936e-04
 64  0.05502  8.74895e-04 | 65  0.05392  1.39685e-03 | 66  0.04413  1.11111e-03
 67  0.01838  1.36498e-03 | 68 -0.00481  1.55203e-03 | 69 -0.00620  1.91793e-03
 70 -0.02014  1.65536e-03 | 71  0.41636  1.24371e-02 | 72 -0.85150 -1.32204e-02
 73  0.23910  3.78284e-03 | 74 -0.33131 -1.48336e-03 | 75 -0.09636  4.39124e-04
 76  0.41592 -4.47859e-01 | 77 -0.24743  6.39617e-02 | 78  0.28255  1.25228e-02
 79 -0.50043 -3.14590e-03 | 80  0.60811 -2.78160e-01 | 81  0.09400  6.49180e-05
 82 -0.00173 -8.53750e-06 | 83  0.28567 -7.06120e-04 | 84  0.00014  6.91009e-07
84 variables; iteration 360; function evaluation 450; phase 3
Function value 6.5930621e+03; maximum gradient component mag 7.8467e-01
Var    Value     Gradient |Var    Value     Gradient |Var    Value     Gradient
  1  0.00080 -1.54872e-02 |  2 -0.00533  1.74837e-05 |  3 -0.00642  3.19245e-04
  4 -0.00765 -2.76916e-04 |  5 -0.00904  8.13159e-05 |  6 -0.01061  2.41889e-04
  7 -0.01240  7.14823e-06 |  8 -0.01445  1.62119e-04 |  9 -0.01677  2.38861e-04
 10 -0.01931 -3.18861e-05 | 11 -0.02206 -8.42684e-05 | 12 -0.02505 -1.74087e-04
 13 -0.02839  5.67970e-04 | 14 -0.03212  1.83366e-05 | 15 -0.03598  2.73190e-04
 16 -0.03962  1.88861e-04 | 17 -0.04288  5.91413e-04 | 18 -0.04576  2.66109e-04
 19 -0.04828 -1.57166e-04 | 20 -0.05052  4.89314e-04 | 21 -0.05186  7.87417e-04
 22 -0.05283  3.75336e-04 | 23 -0.05336  4.44845e-04 | 24 -0.05349  2.94153e-04
 25 -0.05415  2.64466e-04 | 26 -0.05416  1.53816e-04 | 27 -0.05283  7.16729e-05
 28 -0.04875  2.73381e-06 | 29 -0.04209  3.53218e-04 | 30 -0.03149  3.85068e-04
 31 -0.01405 -2.18840e-04 | 32  0.01139  8.61955e-05 | 33  0.04656  3.58232e-04
 34  0.10076 -1.46176e-03 | 35  0.06755 -2.54296e-03 | 36  0.02653 -2.06013e-03
 37 -0.01373 -7.37230e-04 | 38 -0.04491 -1.67362e-04 | 39 -0.06136 -1.50415e-04
 40 -0.05395 -6.32827e-04 | 41 -0.03047 -2.08952e-05 | 42 -0.03301  1.63322e-05
 43  0.03923 -1.27324e-05 | 44  0.03138  5.33143e-04 | 45 -0.04176  4.77866e-04
 46 -0.04943 -6.79778e-04 | 47  0.01080 -5.04438e-04 | 48  0.02130 -1.34162e-04
 49  0.02034 -4.56774e-04 | 50  0.03804  2.63416e-04 | 51  0.01582  2.40396e-04
 52  0.01318  1.33223e-04 | 53  0.03799 -2.21497e-04 | 54  0.03657  5.52258e-04
 55  0.05292  5.55865e-04 | 56  0.06160  3.21355e-04 | 57  0.07978  2.50164e-04
 58  0.06190  2.46037e-04 | 59  0.07966 -2.30343e-04 | 60  0.07114 -5.44372e-04
 61  0.09247 -7.04736e-04 | 62  0.07366 -7.57527e-04 | 63  0.08076 -1.29260e-03
 64  0.05502 -1.20659e-03 | 65  0.05392 -1.40284e-03 | 66  0.04413 -1.10564e-03
 67  0.01838 -8.10947e-04 | 68 -0.00481 -8.32558e-04 | 69 -0.00620 -6.21320e-04
 70 -0.02014  9.25152e-05 | 71  0.41636 -2.06376e-02 | 72 -0.84448 -1.26010e-02
 73  0.23910  3.82058e-03 | 74 -0.34229 -1.86390e-03 | 75 -0.09636  1.22897e-03
 76  0.41596  7.84668e-01 | 77 -0.25511  5.58640e-02 | 78  0.28256 -1.40070e-02
 79 -0.27454  2.05305e-03 | 80  0.60811  2.35092e-01 | 81  0.09400  1.36090e-03
 82  0.00007  3.62508e-07 | 83  0.28567 -1.11976e-02 | 84  0.00086  4.26677e-06
84 variables; iteration 380; function evaluation 470; phase 3
Function value 6.5930621e+03; maximum gradient component mag 1.3352e+00
Var    Value     Gradient |Var    Value     Gradient |Var    Value     Gradient
  1  0.00080 -1.13214e-01 |  2 -0.00534  9.91775e-07 |  3 -0.00643  1.10073e-03
  4 -0.00765  1.65124e-03 |  5 -0.00904  2.93344e-03 |  6 -0.01061  2.09993e-03
  7 -0.01240  3.27310e-03 |  8 -0.01445  2.97776e-03 |  9 -0.01677  1.35563e-03
 10 -0.01931  2.79351e-03 | 11 -0.02206  3.87951e-03 | 12 -0.02505  2.99884e-03
 13 -0.02839  2.01639e-03 | 14 -0.03212  2.10231e-03 | 15 -0.03598  5.09722e-03
 16 -0.03961  3.67414e-03 | 17 -0.04288  3.18228e-03 | 18 -0.04576  3.87578e-03
 19 -0.04828  2.92260e-03 | 20 -0.05052  2.22042e-03 | 21 -0.05186  2.51667e-03
 22 -0.05283  3.37706e-03 | 23 -0.05336  3.88894e-03 | 24 -0.05349  2.71971e-03
 25 -0.05415  3.74045e-03 | 26 -0.05416  3.99308e-03 | 27 -0.05283  3.47812e-03
 28 -0.04875  4.43039e-03 | 29 -0.04209  3.25187e-03 | 30 -0.03149  1.41268e-03
 31 -0.01405  1.06658e-03 | 32  0.01139  4.91685e-05 | 33  0.04657 -4.98060e-04
 34  0.10073 -1.16925e-02 | 35  0.06756 -7.27610e-03 | 36  0.02653 -4.14319e-03
 37 -0.01372 -1.89221e-03 | 38 -0.04491 -2.97552e-03 | 39 -0.06136 -2.16264e-03
 40 -0.05395 -7.07681e-04 | 41 -0.03047 -1.63830e-03 | 42 -0.03301 -2.01411e-03
 43  0.03922 -7.02429e-03 | 44  0.03138 -7.62617e-05 | 45 -0.04176 -2.36982e-03
 46 -0.04942  6.28192e-03 | 47  0.01080 -2.19221e-03 | 48  0.02130  1.48714e-03
 49  0.02034 -3.65670e-04 | 50  0.03804  1.86324e-04 | 51  0.01582  1.34603e-03
 52  0.01318  1.92286e-03 | 53  0.03799  2.05158e-03 | 54  0.03657  1.50974e-03
 55  0.05292  1.41237e-03 | 56  0.06160  4.32409e-03 | 57  0.07978  6.57888e-03
 58  0.06190  3.65365e-03 | 59  0.07966  4.80699e-03 | 60  0.07114  5.27619e-03
 61  0.09247  1.64301e-03 | 62  0.07367  3.59524e-03 | 63  0.08076  3.22460e-04
 64  0.05502 -4.31991e-03 | 65  0.05392 -3.30947e-03 | 66  0.04413 -5.27096e-03
 67  0.01838 -1.37227e-03 | 68 -0.00481  6.98221e-04 | 69 -0.00620  2.42897e-03
 70 -0.02014  2.80754e-03 | 71  0.41636  4.81152e-01 | 72 -0.84517 -1.26598e-02
 73  0.23910  2.38914e-03 | 74 -0.33156 -1.50034e-03 | 75 -0.09636 -3.00056e-04
 76  0.41596  1.20735e+00 | 77 -0.25501  5.78510e-02 | 78  0.28256 -3.58962e-02
 79 -0.27461  2.10848e-03 | 80  0.60811  1.33516e+00 | 81  0.09400 -2.45772e-03
 82  0.00058  2.87831e-06 | 83  0.28567  1.72306e-03 | 84 -0.00374 -1.84595e-05
84 variables; iteration 400; function evaluation 491; phase 3
Function value 6.5930588e+03; maximum gradient component mag -7.3111e+00
Var    Value     Gradient |Var    Value     Gradient |Var    Value     Gradient
  1  0.00080 -2.59298e-01 |  2 -0.00531  7.86744e-03 |  3 -0.00640  5.86182e-03
  4 -0.00764  1.30469e-03 |  5 -0.00904 -1.76762e-03 |  6 -0.01060  1.63178e-03
  7 -0.01240 -3.45754e-03 |  8 -0.01445 -1.22259e-03 |  9 -0.01676  3.85534e-03
 10 -0.01931 -2.14034e-03 | 11 -0.02206 -4.99742e-03 | 12 -0.02506 -3.72622e-03
 13 -0.02838  3.41910e-03 | 14 -0.03212 -2.58105e-03 | 15 -0.03599 -7.66383e-03
 16 -0.03962 -3.02978e-03 | 17 -0.04287  1.68797e-04 | 18 -0.04577 -3.92507e-03
 19 -0.04829 -4.47182e-03 | 20 -0.05051  1.29130e-03 | 21 -0.05185  2.22071e-03
 22 -0.05283 -3.46715e-03 | 23 -0.05337 -3.83197e-03 | 24 -0.05349 -1.40436e-03
 25 -0.05415 -4.82235e-03 | 26 -0.05417 -6.26651e-03 | 27 -0.05283 -5.57653e-03
 28 -0.04877 -8.75114e-03 | 29 -0.04209 -3.69058e-03 | 30 -0.03149  1.28567e-03
 31 -0.01406 -2.19812e-03 | 32  0.01138  1.29048e-03 | 33  0.04652 -1.35604e-03
 34  0.10086  2.29203e-02 | 35  0.06751  2.90620e-03 | 36  0.02650 -2.11243e-03
 37 -0.01374  1.63309e-03 | 38 -0.04490  8.68531e-03 | 39 -0.06136  5.75152e-03
 40 -0.05396 -3.55893e-03 | 41 -0.03047 -1.77521e-04 | 42 -0.03301  2.59324e-03
 43  0.03924  8.07999e-03 | 44  0.03136 -9.82395e-03 | 45 -0.04174  4.88401e-03
 46 -0.04944 -2.77088e-02 | 47  0.01080 -8.05145e-03 | 48  0.02130 -2.20659e-02
 49  0.02034 -1.78493e-02 | 50  0.03804 -2.05875e-02 | 51  0.01582 -1.81655e-02
 52  0.01318 -1.80950e-02 | 53  0.03799 -2.23172e-02 | 54  0.03657 -1.62469e-02
 55  0.05292 -1.66829e-02 | 56  0.06160 -2.54078e-02 | 57  0.07978 -3.14351e-02
 58  0.06190 -1.86875e-02 | 59  0.07966 -2.36149e-02 | 60  0.07113 -2.50422e-02
 61  0.09247 -1.49381e-02 | 62  0.07366 -1.46345e-02 | 63  0.08076 -4.74105e-03
 64  0.05502  1.00923e-02 | 65  0.05392  1.05082e-02 | 66  0.04413  2.00044e-02
 67  0.01838  6.43653e-03 | 68 -0.00481  5.36648e-03 | 69 -0.00620  4.68801e-03
 70 -0.02014  5.95058e-03 | 71  0.41636 -7.31114e+00 | 72 -0.40718 -7.06535e-04
 73  0.23910  2.62194e-01 | 74 -0.32405 -3.86541e-04 | 75 -0.09634 -5.83980e-02
 76  0.41604 -1.18621e+00 | 77 -0.28447  1.91159e-02 | 78  0.28256  9.48629e-02
 79 -0.27489  1.37629e-03 | 80  0.60811 -4.18228e+00 | 81  0.09400  7.57225e-03
 82 -0.00062 -3.04118e-06 | 83  0.28567 -5.61525e-02 | 84  0.01945  9.60035e-05
  ic > imax  in fminim is answer attained ?
Var    Value     Gradient |Var    Value     Gradient |Var    Value     Gradient
  1  0.00080 -1.29220e-03 |  2 -0.00533  2.29607e-06 |  3 -0.00642  8.44563e-08
  4 -0.00765  2.69922e-05 |  5 -0.00904  2.48198e-05 |  6 -0.01061  2.09777e-05
  7 -0.01240  3.19768e-05 |  8 -0.01445  2.48655e-05 |  9 -0.01677  1.79783e-05
 10 -0.01931  3.41922e-05 | 11 -0.02206  5.46347e-05 | 12 -0.02505  3.07821e-05
 13 -0.02839  5.10332e-06 | 14 -0.03212  1.44910e-05 | 15 -0.03598  3.20356e-05
 16 -0.03962  5.52146e-05 | 17 -0.04288  2.37158e-05 | 18 -0.04576  4.23376e-05
 19 -0.04828  3.59909e-05 | 20 -0.05052  1.01987e-05 | 21 -0.05186  1.10727e-05
 22 -0.05283  2.95315e-05 | 23 -0.05336  3.79817e-05 | 24 -0.05349  3.97516e-05
 25 -0.05415  3.67484e-05 | 26 -0.05416  4.40904e-05 | 27 -0.05283  4.15477e-05
 28 -0.04875  4.28847e-05 | 29 -0.04209  3.08687e-05 | 30 -0.03149  1.28705e-06
 31 -0.01405  1.48256e-05 | 32  0.01139  1.21759e-06 | 33  0.04655 -2.64786e-05
 34  0.10076 -1.16106e-04 | 35  0.06756 -7.20015e-05 | 36  0.02653 -4.60341e-05
 37 -0.01373 -1.74806e-05 | 38 -0.04491 -4.55752e-05 | 39 -0.06136 -3.41533e-05
 40 -0.05395 -2.37420e-05 | 41 -0.03047 -3.82208e-05 | 42 -0.03301 -4.05082e-05
 43  0.03923 -1.12429e-04 | 44  0.03138 -4.75341e-05 | 45 -0.04176 -6.55453e-05
 46 -0.04943  6.38589e-05 | 47  0.01080 -4.74459e-05 | 48  0.02130 -5.84301e-05
 49  0.02034 -5.02503e-05 | 50  0.03804 -5.86054e-05 | 51  0.01582 -3.39519e-05
 52  0.01318 -1.15056e-05 | 53  0.03799  6.30118e-06 | 54  0.03657 -1.59980e-06
 55  0.05292  1.12515e-05 | 56  0.06160  7.05554e-05 | 57  0.07978  9.54331e-05
 58  0.06190  5.87571e-05 | 59  0.07966  7.97297e-05 | 60  0.07114  7.36101e-05
 61  0.09247  6.44522e-05 | 62  0.07366  5.86022e-05 | 63  0.08076  3.74925e-05
 64  0.05502 -1.96966e-06 | 65  0.05392  7.12751e-06 | 66  0.04413 -1.95337e-05
 67  0.01838 -8.43638e-06 | 68 -0.00481  3.61568e-05 | 69 -0.00620  2.50231e-05
 70 -0.02014  6.79317e-05 | 71  0.41636 -2.14824e-02 | 72 -0.40297 -4.57656e-07
 73  0.23910  5.82242e-04 | 74 -0.32430 -2.92086e-06 | 75 -0.09636 -3.77861e-04
 76  0.41610  1.64017e-02 | 77 -0.36954  1.48332e-06 | 78  0.28257 -3.75237e-04
 79 -0.27872 -2.18649e-06 | 80  0.60811  9.49885e-03 | 81  0.09400 -1.46312e-04
 82  0.00001  2.53468e-08 | 83  0.28567  6.20393e-04 | 84 -0.00003 -1.44135e-07
Function minimizer not making progress ... is minimum attained?
Minimprove criterion = 0.0000e+00

 - final statistics:
84 variables; iteration 418; function evaluation 539
Function value 6.5931e+03; maximum gradient component mag -2.1482e-02
Exit code = 1;  converg criter 1.0000e-04
Var    Value     Gradient |Var    Value     Gradient |Var    Value     Gradient
  1  0.00080 -1.29220e-03 |  2 -0.00533  2.29607e-06 |  3 -0.00642  8.44563e-08
  4 -0.00765  2.69922e-05 |  5 -0.00904  2.48198e-05 |  6 -0.01061  2.09777e-05
  7 -0.01240  3.19768e-05 |  8 -0.01445  2.48655e-05 |  9 -0.01677  1.79783e-05
 10 -0.01931  3.41922e-05 | 11 -0.02206  5.46347e-05 | 12 -0.02505  3.07821e-05
 13 -0.02839  5.10332e-06 | 14 -0.03212  1.44910e-05 | 15 -0.03598  3.20356e-05
 16 -0.03962  5.52146e-05 | 17 -0.04288  2.37158e-05 | 18 -0.04576  4.23376e-05
 19 -0.04828  3.59909e-05 | 20 -0.05052  1.01987e-05 | 21 -0.05186  1.10727e-05
 22 -0.05283  2.95315e-05 | 23 -0.05336  3.79817e-05 | 24 -0.05349  3.97516e-05
 25 -0.05415  3.67484e-05 | 26 -0.05416  4.40904e-05 | 27 -0.05283  4.15477e-05
 28 -0.04875  4.28847e-05 | 29 -0.04209  3.08687e-05 | 30 -0.03149  1.28705e-06
 31 -0.01405  1.48256e-05 | 32  0.01139  1.21759e-06 | 33  0.04655 -2.64786e-05
 34  0.10076 -1.16106e-04 | 35  0.06756 -7.20015e-05 | 36  0.02653 -4.60341e-05
 37 -0.01373 -1.74806e-05 | 38 -0.04491 -4.55752e-05 | 39 -0.06136 -3.41533e-05
 40 -0.05395 -2.37420e-05 | 41 -0.03047 -3.82208e-05 | 42 -0.03301 -4.05082e-05
 43  0.03923 -1.12429e-04 | 44  0.03138 -4.75341e-05 | 45 -0.04176 -6.55453e-05
 46 -0.04943  6.38589e-05 | 47  0.01080 -4.74459e-05 | 48  0.02130 -5.84301e-05
 49  0.02034 -5.02503e-05 | 50  0.03804 -5.86054e-05 | 51  0.01582 -3.39519e-05
 52  0.01318 -1.15056e-05 | 53  0.03799  6.30118e-06 | 54  0.03657 -1.59980e-06
 55  0.05292  1.12515e-05 | 56  0.06160  7.05554e-05 | 57  0.07978  9.54331e-05
 58  0.06190  5.87571e-05 | 59  0.07966  7.97297e-05 | 60  0.07114  7.36101e-05
 61  0.09247  6.44522e-05 | 62  0.07366  5.86022e-05 | 63  0.08076  3.74925e-05
 64  0.05502 -1.96966e-06 | 65  0.05392  7.12751e-06 | 66  0.04413 -1.95337e-05
 67  0.01838 -8.43638e-06 | 68 -0.00481  3.61568e-05 | 69 -0.00620  2.50231e-05
 70 -0.02014  6.79317e-05 | 71  0.41636 -2.14824e-02 | 72 -0.40297 -4.57656e-07
 73  0.23910  5.82242e-04 | 74 -0.32430 -2.92086e-06 | 75 -0.09636 -3.77861e-04
 76  0.41610  1.64017e-02 | 77 -0.36954  1.48332e-06 | 78  0.28257 -3.75237e-04
 79 -0.27872 -2.18649e-06 | 80  0.60811  9.49885e-03 | 81  0.09400 -1.46312e-04
 82  0.00001  2.53468e-08 | 83  0.28567  6.20393e-04 | 84 -0.00003 -1.44135e-07

Initial statistics: 94 variables; iteration 0; function evaluation 0; phase 4
Function value 6.5930582e+03; maximum gradient component mag -9.4694e+01
Var    Value     Gradient |Var    Value     Gradient |Var    Value     Gradient
  1  0.00080 -1.29220e-03 |  2 -0.00533 -6.42691e-06 |  3 -0.00642 -8.63839e-06
  4 -0.00765  1.82696e-05 |  5 -0.00904  1.60974e-05 |  6 -0.01061  1.22557e-05
  7 -0.01240  2.32552e-05 |  8 -0.01445  1.61445e-05 |  9 -0.01677  9.25804e-06
 10 -0.01931  2.54730e-05 | 11 -0.02206  4.59166e-05 | 12 -0.02505  2.20656e-05
 13 -0.02839 -3.61130e-06 | 14 -0.03212  5.77885e-06 | 15 -0.03598  2.33262e-05
 16 -0.03962  4.65082e-05 | 17 -0.04288  1.50123e-05 | 18 -0.04576  3.36368e-05
 19 -0.04828  2.72927e-05 | 20 -0.05052  1.50282e-06 | 21 -0.05186  2.37829e-06
 22 -0.05283  2.08383e-05 | 23 -0.05336  2.92890e-05 | 24 -0.05349  3.10590e-05
 25 -0.05415  2.80566e-05 | 26 -0.05416  3.53987e-05 | 27 -0.05283  3.28544e-05
 28 -0.04875  3.41870e-05 | 29 -0.04209  2.21644e-05 | 30 -0.03149 -7.42557e-06
 31 -0.01405  6.10446e-06 | 32  0.01139 -7.50430e-06 | 33  0.04655 -3.51786e-05
 34  0.10076 -1.24720e-04 | 35  0.06756 -8.06757e-05 | 36  0.02653 -5.47497e-05
 37 -0.01373 -2.62018e-05 | 38 -0.04491 -5.42767e-05 | 39 -0.06136 -4.28361e-05
 40 -0.05395 -3.24337e-05 | 41 -0.03047 -4.69340e-05 | 42 -0.03301 -4.92197e-05
 43  0.03923 -1.21135e-04 | 44  0.03138 -5.62468e-05 | 45 -0.04176 -7.42498e-05
 46 -0.04943  5.51619e-05 | 47  0.01080 -5.61681e-05 | 48  0.02130 -6.71486e-05
 49  0.02034 -5.89691e-05 | 50  0.03804 -6.73135e-05 | 51  0.01582 -4.26727e-05
 52  0.01318 -2.02273e-05 | 53  0.03799 -2.40646e-06 | 54  0.03657 -1.03084e-05
 55  0.05292  2.55844e-06 | 56  0.06160  6.18727e-05 | 57  0.07978  8.67782e-05
 58  0.06190  5.00752e-05 | 59  0.07966  7.10751e-05 | 60  0.07114  6.49414e-05
 61  0.09247  5.58212e-05 | 62  0.07366  4.99373e-05 | 63  0.08076  2.88393e-05
 64  0.05502 -1.06604e-05 | 65  0.05392 -1.56451e-06 | 66  0.04413 -2.82361e-05
 67  0.01838 -1.71560e-05 | 68 -0.00481  2.74338e-05 | 69 -0.00620  1.63002e-05
 70 -0.02014  5.92128e-05 | 71  0.00000  5.16283e+01 | 72  0.00000 -4.27127e+01
 73  0.00000 -2.33089e+01 | 74  0.00000 -9.46937e+01 | 75  0.00000  0.00000e+00
 76  0.00000  0.00000e+00 | 77  0.00000  0.00000e+00 | 78  0.00000  0.00000e+00
 79  0.00000  0.00000e+00 | 80  0.00000  0.00000e+00 | 81  0.41636 -2.14824e-02
 82 -0.40297 -4.57656e-07 | 83  0.23910  5.82242e-04 | 84 -0.32430 -2.92086e-06
 85 -0.09636 -3.77861e-04 | 86  0.41610  1.64017e-02 | 87 -0.36954  1.48332e-06
 88  0.28257 -3.75237e-04 | 89 -0.27872 -2.18649e-06 | 90  0.60811  9.49885e-03
 91  0.09400 -1.46312e-04 | 92  0.00001  2.53468e-08 | 93  0.28567  6.20393e-04
 94 -0.00003 -1.44135e-07 |

Intermediate statistics: 94 variables; iteration 20; function evaluation 30; phase 4
Function value 6.5905403e+03; maximum gradient component mag 2.8020e+02
Var    Value     Gradient |Var    Value     Gradient |Var    Value     Gradient
  1  0.00019  9.56832e+00 |  2 -0.00860 -7.89035e-01 |  3 -0.00961 -7.78608e-01
  4 -0.01074 -7.66598e-01 |  5 -0.01202 -7.52710e-01 |  6 -0.01347 -7.36609e-01
  7 -0.01512 -7.17857e-01 |  8 -0.01702 -6.95752e-01 |  9 -0.01917 -6.69717e-01
 10 -0.02152 -6.40246e-01 | 11 -0.02406 -6.07664e-01 | 12 -0.02683 -5.71488e-01
 13 -0.02992 -5.30046e-01 | 14 -0.03338 -4.80949e-01 | 15 -0.03696 -4.26083e-01
 16 -0.04034 -3.70632e-01 | 17 -0.04337 -3.17283e-01 | 18 -0.04605 -2.65608e-01
 19 -0.04838 -2.13918e-01 | 20 -0.05044 -1.58257e-01 | 21 -0.05168 -1.18552e-01
 22 -0.05258 -8.36255e-02 | 23 -0.05309 -5.74774e-02 | 24 -0.05321 -3.86166e-02
 25 -0.05379  7.98413e-03 | 26 -0.05373  5.67661e-02 | 27 -0.05237  1.00837e-01
 28 -0.04838  1.20387e-01 | 29 -0.04179  1.63816e-01 | 30 -0.03117  2.71872e-01
 31 -0.01372  4.18754e-01 | 32  0.01194  6.59707e-01 | 33  0.04810  1.02487e+00
 34  0.10519  1.28457e+00 | 35  0.06901  9.11828e-01 | 36  0.02552  1.94347e-01
 37 -0.01534 -3.66730e-01 | 38 -0.04647 -6.33941e-01 | 39 -0.06266 -7.19425e-01
 40 -0.05475 -6.97642e-01 | 41 -0.03037 -6.45326e-01 | 42 -0.03319 -5.73732e-01
 43  0.04073 -1.63583e-01 | 44  0.03192 -2.96359e-01 | 45 -0.04184 -6.55872e-01
 46 -0.04934 -7.59529e-01 | 47  0.01079 -1.55535e+00 | 48  0.02130 -1.68496e+00
 49  0.02049 -7.60209e-01 | 50  0.03840 -5.77115e-01 | 51  0.01636 -9.45857e-01
 52  0.01366 -1.61829e+00 | 53  0.03861  2.14445e+00 | 54  0.03694 -2.74927e+00
 55  0.05337 -1.34923e-01 | 56  0.06198 -1.56085e+00 | 57  0.08014 -2.67863e+00
 58  0.06231 -2.44529e+00 | 59  0.08023 -2.11450e+00 | 60  0.07190 -5.22971e-01
 61  0.09338  1.68803e-01 | 62  0.07463 -4.28816e-01 | 63  0.08204  2.02325e+00
 64  0.05682  5.52731e+00 | 65  0.05591  5.28445e+00 | 66  0.04610  2.29011e+00
 67  0.02066  1.78914e+00 | 68 -0.00196  3.09373e+00 | 69 -0.00268  4.77429e+00
 70 -0.01580  5.48340e+00 | 71  0.00405  5.31157e+01 | 72  0.00667 -3.39942e+01
 73  0.00711 -1.52116e+01 | 74  0.03629 -3.76554e+01 | 75  0.00000  0.00000e+00
 76  0.00000  0.00000e+00 | 77  0.00000  0.00000e+00 | 78  0.00000  0.00000e+00
 79  0.00000  0.00000e+00 | 80  0.00000  0.00000e+00 | 81  0.41640  2.80204e+02
 82 -0.40297  1.87305e-02 | 83  0.23903  2.19069e+01 | 84 -0.32446  1.03842e-01
 85 -0.09589  3.42830e+00 | 86  0.41606  5.04098e+01 | 87 -0.36954  8.21321e-03
 88  0.28158 -4.79635e+00 | 89 -0.27903  1.01089e-03 | 90  0.60824  2.55019e+02
 91  0.09310  4.59947e-01 | 92  0.00001  2.53460e-08 | 93  0.28314 -9.54773e+00
 94 -0.00003 -1.44130e-07 |
94 variables; iteration 40; function evaluation 51; phase 4
Function value 6.5897767e+03; maximum gradient component mag 7.7676e+01
Var    Value     Gradient |Var    Value     Gradient |Var    Value     Gradient
  1  0.00022  2.45584e+01 |  2 -0.00803 -9.31382e-01 |  3 -0.00909 -9.50521e-01
  4 -0.01027 -9.68186e-01 |  5 -0.01159 -9.83430e-01 |  6 -0.01308 -9.95150e-01
  7 -0.01476 -1.00213e+00 |  8 -0.01667 -1.00310e+00 |  9 -0.01883 -9.96890e-01
 10 -0.02117 -9.83123e-01 | 11 -0.02370 -9.62247e-01 | 12 -0.02645 -9.35849e-01
 13 -0.02952 -9.07155e-01 | 14 -0.03298 -8.82319e-01 | 15 -0.03659 -8.67573e-01
 16 -0.04002 -8.64275e-01 | 17 -0.04312 -8.70519e-01 | 18 -0.04588 -8.84279e-01
 19 -0.04830 -9.04531e-01 | 20 -0.05047 -9.37400e-01 | 21 -0.05176 -9.44831e-01
 22 -0.05268 -9.48202e-01 | 23 -0.05319 -9.42494e-01 | 24 -0.05330 -9.32344e-01
 25 -0.05400 -9.80078e-01 | 26 -0.05407 -1.03346e+00 | 27 -0.05282 -1.07101e+00
 28 -0.04882 -1.05699e+00 | 29 -0.04232 -1.06546e+00 | 30 -0.03193 -1.09126e+00
 31 -0.01462 -9.96265e-01 | 32  0.01135 -6.13688e-01 | 33  0.04492 -8.71188e-01
 34  0.11087  5.35044e-01 | 35  0.06242 -9.75884e-01 | 36  0.02720  4.10415e-01
 37 -0.01458 -2.33698e-01 | 38 -0.04441  2.71845e-01 | 39 -0.06069  2.14695e-01
 40 -0.05462 -8.36311e-01 | 41 -0.03126 -1.26026e+00 | 42 -0.03474 -1.33799e+00
 43  0.04158  2.01534e+00 | 44  0.03450  2.86241e+00 | 45 -0.04685 -7.40577e+00
 46 -0.05212 -9.28887e+00 | 47  0.01052 -2.45156e+00 | 48  0.02114 -1.23702e+00
 49  0.02097  3.48496e+00 | 50  0.03775 -6.38566e+00 | 51  0.01711  7.08430e+00
 52  0.01424  4.71725e+00 | 53  0.03957  1.42354e+01 | 54  0.03850  2.01739e+01
 55  0.05416  1.00798e+01 | 56  0.06149 -3.23893e+00 | 57  0.08035  2.82658e+00
 58  0.06284  4.41234e+00 | 59  0.07972 -9.96729e+00 | 60  0.07158 -7.37982e+00
 61  0.09381  4.69509e+00 | 62  0.07333 -1.46849e+01 | 63  0.08285  8.62890e+00
 64  0.05611 -1.08158e+00 | 65  0.05588  9.70162e-01 | 66  0.04539 -6.35658e+00
 67  0.02038 -3.55332e+00 | 68 -0.00238 -1.80349e+00 | 69 -0.00308  2.12936e-01
 70 -0.01554  8.32392e-02 | 71 -0.00546  1.19919e+01 | 72  0.01382 -7.99330e+00
 73  0.00973 -7.61106e+00 | 74  0.05283 -5.30500e+00 | 75  0.00000  0.00000e+00
 76  0.00000  0.00000e+00 | 77  0.00000  0.00000e+00 | 78  0.00000  0.00000e+00
 79  0.00000  0.00000e+00 | 80  0.00000  0.00000e+00 | 81  0.41638  7.31060e+01
 82 -0.40297  4.84971e-03 | 83  0.23900  3.81940e+00 | 84 -0.33746 -1.20547e-03
 85 -0.09655 -7.12680e-01 | 86  0.41609  3.49482e+01 | 87 -0.36957  5.70237e-03
 88  0.28147 -1.26365e+00 | 89 -0.31399 -1.68873e-03 | 90  0.60816  7.76764e+01
 91  0.09433  6.87942e-01 | 92  0.00001  2.52518e-08 | 93  0.28264 -1.44168e+00
 94 -0.00003 -1.43595e-07 |
94 variables; iteration 60; function evaluation 80; phase 4
Function value 6.5896297e+03; maximum gradient component mag 1.5653e+01
Var    Value     Gradient |Var    Value     Gradient |Var    Value     Gradient
  1  0.00039  1.35707e+01 |  2 -0.00767 -1.78811e-01 |  3 -0.00868 -1.71046e-01
  4 -0.00984 -1.69314e-01 |  5 -0.01116 -1.74860e-01 |  6 -0.01268 -1.89124e-01
  7 -0.01443 -2.12854e-01 |  8 -0.01644 -2.44021e-01 |  9 -0.01871 -2.74430e-01
 10 -0.02116 -2.88163e-01 | 11 -0.02372 -2.66453e-01 | 12 -0.02641 -1.97200e-01
 13 -0.02937 -8.94244e-02 | 14 -0.03271  1.25982e-02 | 15 -0.03633  5.42494e-02
 16 -0.03986  3.20599e-02 | 17 -0.04310 -2.14849e-02 | 18 -0.04598 -7.97609e-02
 19 -0.04850 -1.31490e-01 | 20 -0.05072 -1.73295e-01 | 21 -0.05207 -2.02487e-01
 22 -0.05306 -2.26888e-01 | 23 -0.05363 -2.47952e-01 | 24 -0.05380 -2.63222e-01
 25 -0.05437 -2.34004e-01 | 26 -0.05428 -1.88733e-01 | 27 -0.05288 -1.44341e-01
 28 -0.04878 -7.29484e-02 | 29 -0.04193  8.43507e-02 | 30 -0.03131  1.50462e-01
 31 -0.01417  1.10971e-01 | 32  0.01204  5.02049e-01 | 33  0.04638  2.97704e-01
 34  0.10615  9.22096e-01 | 35  0.06790  6.33983e-01 | 36  0.02432  4.23076e-02
 37 -0.01478  2.49186e-01 | 38 -0.04595  8.94833e-02 | 39 -0.06148  4.67068e-01
 40 -0.05435  1.52893e-01 | 41 -0.03059  5.40011e-02 | 42 -0.03317  2.21808e-01
 43  0.04050  8.94911e-01 | 44  0.03175  6.59587e-01 | 45 -0.04240 -4.23557e-01
 46 -0.04965 -3.76401e-01 | 47  0.01050 -5.99601e-01 | 48  0.02117  1.30110e-01
 49  0.02025  1.04181e-02 | 50  0.03815 -6.17552e-01 | 51  0.01629  2.41138e-01
 52  0.01359  1.08761e-01 | 53  0.03841  7.47632e-01 | 54  0.03694  1.08143e+00
 55  0.05323  5.80916e-01 | 56  0.06183  1.00116e-01 | 57  0.08007  9.17032e-02
 58  0.06227  1.43988e-01 | 59  0.08015 -4.45712e-01 | 60  0.07178 -4.70619e-01
 61  0.09328  2.67535e-01 | 62  0.07450 -1.00881e+00 | 63  0.08196  6.27342e-01
 64  0.05632 -3.77033e-01 | 65  0.05557  3.08037e-02 | 66  0.04597 -7.07860e-01
 67  0.02063 -3.71696e-01 | 68 -0.00213 -3.28413e-01 | 69 -0.00308 -1.20305e-01
 70 -0.01517 -1.92354e-01 | 71 -0.00808  6.90966e-01 | 72  0.01587 -7.70537e-01
 73  0.01238 -3.42689e-01 | 74  0.05563 -2.78147e-01 | 75  0.00000  0.00000e+00
 76  0.00000  0.00000e+00 | 77  0.00000  0.00000e+00 | 78  0.00000  0.00000e+00
 79  0.00000  0.00000e+00 | 80  0.00000  0.00000e+00 | 81  0.41636  1.56529e+01
 82 -0.40296  1.02899e-03 | 83  0.23891 -7.20355e-01 | 84 -0.33053 -1.02389e-03
 85 -0.09607  2.71171e-02 | 86  0.41610  4.49796e+00 | 87 -0.36964  7.48876e-04
 88  0.28127 -1.02630e+00 | 89 -0.31425 -1.69035e-03 | 90  0.60814  1.33064e+01
 91  0.09330 -1.21785e-01 | 92  0.00001  2.49521e-08 | 93  0.28225 -2.11126e-02
 94 -0.00003 -1.41890e-07 |
94 variables; iteration 80; function evaluation 117; phase 4
Function value 6.5896280e+03; maximum gradient component mag -1.2881e+00
Var    Value     Gradient |Var    Value     Gradient |Var    Value     Gradient
  1  0.00040  2.20904e-01 |  2 -0.00772 -1.44833e-03 |  3 -0.00876 -6.22280e-03
  4 -0.00989  4.47147e-03 |  5 -0.01123 -1.06410e-02 |  6 -0.01267  4.14517e-03
  7 -0.01438 -5.76689e-03 |  8 -0.01631 -2.04698e-03 |  9 -0.01850  3.69375e-03
 10 -0.02093 -9.56604e-03 | 11 -0.02350  4.46830e-03 | 12 -0.02636 -3.16217e-03
 13 -0.02954 -6.05141e-03 | 14 -0.03306  3.64941e-03 | 15 -0.03676 -6.59877e-03
 16 -0.04021  5.00430e-03 | 17 -0.04334 -6.12539e-03 | 18 -0.04608  1.81566e-03
 19 -0.04851 -9.43541e-03 | 20 -0.05062  7.99654e-04 | 21 -0.05188  1.28306e-02
 22 -0.05283 -1.28229e-03 | 23 -0.05335 -3.50977e-04 | 24 -0.05347  8.09865e-03
 25 -0.05410 -7.38266e-04 | 26 -0.05407  1.43120e-04 | 27 -0.05274 -7.98511e-03
 28 -0.04872 -4.00411e-03 | 29 -0.04212 -6.46510e-04 | 30 -0.03153 -3.10101e-04
 31 -0.01414  1.91752e-03 | 32  0.01130  2.70953e-03 | 33  0.04695  6.17253e-03
 34  0.10542  1.86586e-02 | 35  0.06781  9.24344e-03 | 36  0.02543  7.61107e-03
 37 -0.01483  6.93781e-03 | 38 -0.04588 -1.62778e-03 | 39 -0.06214  9.92881e-04
 40 -0.05442  7.62689e-03 | 41 -0.03034 -9.98951e-04 | 42 -0.03316  1.72802e-03
 43  0.04014  1.05040e-02 | 44  0.03157  3.69389e-03 | 45 -0.04199  3.63653e-03
 46 -0.04959  3.54562e-03 | 47  0.01065  5.91219e-03 | 48  0.02114  3.21136e-03
 49  0.02025 -2.70221e-04 | 50  0.03820  3.34793e-03 | 51  0.01626 -3.02597e-03
 52  0.01356 -2.65793e-03 | 53  0.03834 -6.30339e-03 | 54  0.03685 -6.81105e-03
 55  0.05317 -2.63896e-03 | 56  0.06182 -6.43288e-03 | 57  0.08006 -6.58014e-03
 58  0.06224 -3.66521e-03 | 59  0.08017  1.68004e-03 | 60  0.07179  5.74587e-04
 61  0.09324 -3.82933e-03 | 62  0.07459  2.37646e-03 | 63  0.08189 -4.84582e-03
 64  0.05637 -8.90765e-04 | 65  0.05553 -2.71506e-03 | 66  0.04603  4.07224e-04
 67  0.02065  2.12951e-04 | 68 -0.00209  2.54725e-04 | 69 -0.00308 -1.11488e-03
 70 -0.01513 -1.89289e-03 | 71 -0.00824 -2.95786e-03 | 72  0.01608  7.24107e-03
 73  0.01251  3.71927e-03 | 74  0.05579  1.64534e-03 | 75  0.00000  0.00000e+00
 76  0.00000  0.00000e+00 | 77  0.00000  0.00000e+00 | 78  0.00000  0.00000e+00
 79  0.00000  0.00000e+00 | 80  0.00000  0.00000e+00 | 81  0.41636  1.14506e-01
 82 -0.40293  4.33627e-06 | 83  0.23890  2.70474e-02 | 84 -0.32479 -3.12224e-05
 85 -0.09597  2.68898e-03 | 86  0.41610 -1.28811e+00 | 87 -0.36980 -1.87161e-04
 88  0.28126  9.98067e-03 | 89 -0.30771 -1.64893e-03 | 90  0.60814 -1.95738e-01
 91  0.09340 -4.22807e-03 | 92  0.00000  2.42499e-08 | 93  0.28226  2.14438e-02
 94 -0.00003 -1.37897e-07 |
94 variables; iteration 100; function evaluation 150; phase 4
Function value 6.5896280e+03; maximum gradient component mag -3.5328e-01
Var    Value     Gradient |Var    Value     Gradient |Var    Value     Gradient
  1  0.00040 -3.53282e-01 |  2 -0.00773  2.01689e-03 |  3 -0.00874  9.55647e-03
  4 -0.00992 -2.81848e-03 |  5 -0.01120  8.35037e-03 |  6 -0.01270  1.85582e-03
  7 -0.01438  4.63506e-03 |  8 -0.01631  4.99511e-03 |  9 -0.01851  1.83752e-03
 10 -0.02089  1.28340e-02 | 11 -0.02353 -2.22872e-04 | 12 -0.02637 -2.00909e-03
 13 -0.02949  2.36624e-02 | 14 -0.03309 -4.57028e-03 | 15 -0.03678 -1.07112e-02
 16 -0.04024 -7.52341e-03 | 17 -0.04331  1.46841e-02 | 18 -0.04610 -4.56246e-03
 19 -0.04848  7.31302e-03 | 20 -0.05063 -3.71559e-03 | 21 -0.05192 -9.46526e-03
 22 -0.05285 -7.21692e-03 | 23 -0.05335  2.50638e-03 | 24 -0.05350 -5.71648e-03
 25 -0.05408  9.11757e-03 | 26 -0.05408 -2.85801e-03 | 27 -0.05271  7.98419e-03
 28 -0.04869  9.68874e-03 | 29 -0.04214 -1.44898e-02 | 30 -0.03151  4.56846e-03
 31 -0.01410  1.00666e-02 | 32  0.01131 -9.00739e-03 | 33  0.04698 -1.16554e-02
 34  0.10533 -3.51254e-02 | 35  0.06785 -2.03857e-02 | 36  0.02544 -1.39427e-02
 37 -0.01485 -1.78332e-02 | 38 -0.04585  4.48908e-03 | 39 -0.06214 -3.98969e-03
 40 -0.05444 -8.38952e-03 | 41 -0.03031  3.32180e-03 | 42 -0.03317 -1.60512e-02
 43  0.04013 -1.55720e-02 | 44  0.03157 -1.47982e-02 | 45 -0.04199  2.91515e-03
 46 -0.04959 -1.60425e-03 | 47  0.01065 -1.68066e-04 | 48  0.02114 -4.61260e-03
 49  0.02025  1.26350e-03 | 50  0.03820  4.34968e-03 | 51  0.01626  3.68527e-03
 52  0.01356  3.60712e-03 | 53  0.03834  1.44484e-03 | 54  0.03685 -2.53000e-03
 55  0.05317 -4.24213e-03 | 56  0.06182  8.04383e-03 | 57  0.08006  7.99487e-03
 58  0.06224  2.14795e-03 | 59  0.08017  9.92654e-04 | 60  0.07179  3.98126e-03
 61  0.09324  3.29742e-03 | 62  0.07459  8.97306e-03 | 63  0.08189  1.78051e-03
 64  0.05637  7.34219e-03 | 65  0.05553  6.07506e-03 | 66  0.04603  9.67475e-03
 67  0.02065  5.10124e-03 | 68 -0.00209  5.11242e-03 | 69 -0.00308  3.73493e-03
 70 -0.01513  5.14100e-03 | 71 -0.00824 -1.38874e-03 | 72  0.01608  1.26044e-03
 73  0.01251  1.09261e-03 | 74  0.05579  3.11127e-04 | 75  0.00000  0.00000e+00
 76  0.00000  0.00000e+00 | 77  0.00000  0.00000e+00 | 78  0.00000  0.00000e+00
 79  0.00000  0.00000e+00 | 80  0.00000  0.00000e+00 | 81  0.41636  1.05061e-02
 82 -0.40287  1.93890e-06 | 83  0.23890  2.59835e-02 | 84 -0.32385  3.50900e-04
 85 -0.09597 -2.53665e-04 | 86  0.41610 -4.76591e-03 | 87 -0.37026 -7.51583e-06
 88  0.28126  2.66171e-02 | 89 -0.27832  1.37992e-04 | 90  0.60814 -2.17638e-01
 91  0.09341  2.99524e-03 | 92  0.00000  2.12660e-08 | 93  0.28226 -5.14614e-03
 94 -0.00002 -1.20929e-07 |
  ic > imax  in fminim is answer attained ?
Var    Value     Gradient |Var    Value     Gradient |Var    Value     Gradient
  1  0.00040  1.11283e-03 |  2 -0.00773 -1.34252e-05 |  3 -0.00875 -1.12913e-06
  4 -0.00991 -1.81416e-05 |  5 -0.01121 -1.15033e-05 |  6 -0.01269 -1.10318e-05
  7 -0.01438 -8.75428e-06 |  8 -0.01631 -2.88780e-06 |  9 -0.01851  6.62520e-06
 10 -0.02091  1.37283e-05 | 11 -0.02352 -1.86891e-05 | 12 -0.02636 -1.68212e-05
 13 -0.02953  7.61499e-06 | 14 -0.03307 -2.14170e-05 | 15 -0.03675 -1.34892e-05
 16 -0.04022 -1.79519e-05 | 17 -0.04333 -1.52738e-05 | 18 -0.04609 -1.76601e-05
 19 -0.04849  1.65031e-05 | 20 -0.05062  2.87968e-06 | 21 -0.05190 -1.23232e-05
 22 -0.05283  5.96047e-07 | 23 -0.05335  5.99952e-06 | 24 -0.05348  8.91713e-06
 25 -0.05410  1.76038e-05 | 26 -0.05407  1.41394e-05 | 27 -0.05273  6.40427e-06
 28 -0.04871  2.49732e-05 | 29 -0.04211 -1.20855e-06 | 30 -0.03153  8.55899e-06
 31 -0.01414  1.59118e-05 | 32  0.01131  6.69213e-06 | 33  0.04696  3.70463e-05
 34  0.10539  1.24540e-04 | 35  0.06783  4.51604e-05 | 36  0.02543  5.24720e-05
 37 -0.01483  2.69664e-05 | 38 -0.04587  2.15489e-05 | 39 -0.06214 -1.56739e-05
 40 -0.05443  7.36522e-06 | 41 -0.03033  1.94850e-05 | 42 -0.03315  3.21987e-05
 43  0.04013  2.52459e-05 | 44  0.03158  1.62464e-05 | 45 -0.04199  2.39924e-05
 46 -0.04959  4.41584e-05 | 47  0.01065  5.64339e-05 | 48  0.02114  1.44176e-05
 49  0.02025 -8.24395e-06 | 50  0.03820  4.43239e-05 | 51  0.01626 -3.47664e-05
 52  0.01356 -2.30492e-05 | 53  0.03834 -7.23412e-05 | 54  0.03685 -8.36736e-05
 55  0.05317 -2.99161e-05 | 56  0.06182 -4.91378e-05 | 57  0.08006 -4.90642e-05
 58  0.06224 -2.49348e-05 | 59  0.08017  3.74433e-05 | 60  0.07179  2.19605e-05
 61  0.09324 -3.89041e-05 | 62  0.07459  4.79195e-05 | 63  0.08189 -6.63731e-05
 64  0.05637  1.56635e-06 | 65  0.05553 -2.97501e-05 | 66  0.04603  2.01445e-05
 67  0.02065  5.91067e-06 | 68 -0.00209  4.30204e-06 | 69 -0.00308 -1.55907e-05
 70 -0.01513 -1.27168e-05 | 71 -0.00824 -7.21309e-05 | 72  0.01608  6.03470e-05
 73  0.01251  2.57349e-05 | 74  0.05579  2.41158e-05 | 75  0.00000  0.00000e+00
 76  0.00000  0.00000e+00 | 77  0.00000  0.00000e+00 | 78  0.00000  0.00000e+00
 79  0.00000  0.00000e+00 | 80  0.00000  0.00000e+00 | 81  0.41636 -5.59505e-04
 82 -0.40288  4.65484e-07 | 83  0.23890 -9.56432e-05 | 84 -0.32469  6.12159e-07
 85 -0.09597  1.30875e-05 | 86  0.41610  7.58720e-04 | 87 -0.37020 -3.46915e-06
 88  0.28126 -1.10470e-04 | 89 -0.27874  9.06335e-08 | 90  0.60814  6.78598e-04
 91  0.09340 -4.86964e-06 | 92  0.00000  2.01016e-08 | 93  0.28226  2.33991e-05
 94 -0.00002 -1.14308e-07 |
Function minimizer not making progress ... is minimum attained?
Minimprove criterion = 0.0000e+00

 - final statistics:
94 variables; iteration 108; function evaluation 187
Function value 6.5896e+03; maximum gradient component mag 1.1128e-03
Exit code = 1;  converg criter 1.0000e-04
Var    Value     Gradient |Var    Value     Gradient |Var    Value     Gradient
  1  0.00040  1.11283e-03 |  2 -0.00773 -1.34252e-05 |  3 -0.00875 -1.12913e-06
  4 -0.00991 -1.81416e-05 |  5 -0.01121 -1.15033e-05 |  6 -0.01269 -1.10318e-05
  7 -0.01438 -8.75428e-06 |  8 -0.01631 -2.88780e-06 |  9 -0.01851  6.62520e-06
 10 -0.02091  1.37283e-05 | 11 -0.02352 -1.86891e-05 | 12 -0.02636 -1.68212e-05
 13 -0.02953  7.61499e-06 | 14 -0.03307 -2.14170e-05 | 15 -0.03675 -1.34892e-05
 16 -0.04022 -1.79519e-05 | 17 -0.04333 -1.52738e-05 | 18 -0.04609 -1.76601e-05
 19 -0.04849  1.65031e-05 | 20 -0.05062  2.87968e-06 | 21 -0.05190 -1.23232e-05
 22 -0.05283  5.96047e-07 | 23 -0.05335  5.99952e-06 | 24 -0.05348  8.91713e-06
 25 -0.05410  1.76038e-05 | 26 -0.05407  1.41394e-05 | 27 -0.05273  6.40427e-06
 28 -0.04871  2.49732e-05 | 29 -0.04211 -1.20855e-06 | 30 -0.03153  8.55899e-06
 31 -0.01414  1.59118e-05 | 32  0.01131  6.69213e-06 | 33  0.04696  3.70463e-05
 34  0.10539  1.24540e-04 | 35  0.06783  4.51604e-05 | 36  0.02543  5.24720e-05
 37 -0.01483  2.69664e-05 | 38 -0.04587  2.15489e-05 | 39 -0.06214 -1.56739e-05
 40 -0.05443  7.36522e-06 | 41 -0.03033  1.94850e-05 | 42 -0.03315  3.21987e-05
 43  0.04013  2.52459e-05 | 44  0.03158  1.62464e-05 | 45 -0.04199  2.39924e-05
 46 -0.04959  4.41584e-05 | 47  0.01065  5.64339e-05 | 48  0.02114  1.44176e-05
 49  0.02025 -8.24395e-06 | 50  0.03820  4.43239e-05 | 51  0.01626 -3.47664e-05
 52  0.01356 -2.30492e-05 | 53  0.03834 -7.23412e-05 | 54  0.03685 -8.36736e-05
 55  0.05317 -2.99161e-05 | 56  0.06182 -4.91378e-05 | 57  0.08006 -4.90642e-05
 58  0.06224 -2.49348e-05 | 59  0.08017  3.74433e-05 | 60  0.07179  2.19605e-05
 61  0.09324 -3.89041e-05 | 62  0.07459  4.79195e-05 | 63  0.08189 -6.63731e-05
 64  0.05637  1.56635e-06 | 65  0.05553 -2.97501e-05 | 66  0.04603  2.01445e-05
 67  0.02065  5.91067e-06 | 68 -0.00209  4.30204e-06 | 69 -0.00308 -1.55907e-05
 70 -0.01513 -1.27168e-05 | 71 -0.00824 -7.21309e-05 | 72  0.01608  6.03470e-05
 73  0.01251  2.57349e-05 | 74  0.05579  2.41158e-05 | 75  0.00000  0.00000e+00
 76  0.00000  0.00000e+00 | 77  0.00000  0.00000e+00 | 78  0.00000  0.00000e+00
 79  0.00000  0.00000e+00 | 80  0.00000  0.00000e+00 | 81  0.41636 -5.59505e-04
 82 -0.40288  4.65484e-07 | 83  0.23890 -9.56432e-05 | 84 -0.32469  6.12159e-07
 85 -0.09597  1.30875e-05 | 86  0.41610  7.58720e-04 | 87 -0.37020 -3.46915e-06
 88  0.28126 -1.10470e-04 | 89 -0.27874  9.06335e-08 | 90  0.60814  6.78598e-04
 91  0.09340 -4.86964e-06 | 92  0.00000  2.01016e-08 | 93  0.28226  2.33991e-05
 94 -0.00002 -1.14308e-07 |
Estimating row 1 out of 94 for hessian
Estimating row 2 out of 94 for hessian
Estimating row 3 out of 94 for hessian
Estimating row 4 out of 94 for hessian
Estimating row 5 out of 94 for hessian
Estimating row 6 out of 94 for hessian
Estimating row 7 out of 94 for hessian
Estimating row 8 out of 94 for hessian
Estimating row 9 out of 94 for hessian
Estimating row 10 out of 94 for hessian
Estimating row 11 out of 94 for hessian
Estimating row 12 out of 94 for hessian
Estimating row 13 out of 94 for hessian
Estimating row 14 out of 94 for hessian
Estimating row 15 out of 94 for hessian
Estimating row 16 out of 94 for hessian
Estimating row 17 out of 94 for hessian
Estimating row 18 out of 94 for hessian
Estimating row 19 out of 94 for hessian
Estimating row 20 out of 94 for hessian
Estimating row 21 out of 94 for hessian
Estimating row 22 out of 94 for hessian
Estimating row 23 out of 94 for hessian
Estimating row 24 out of 94 for hessian
Estimating row 25 out of 94 for hessian
Estimating row 26 out of 94 for hessian
Estimating row 27 out of 94 for hessian
Estimating row 28 out of 94 for hessian
Estimating row 29 out of 94 for hessian
Estimating row 30 out of 94 for hessian
Estimating row 31 out of 94 for hessian
Estimating row 32 out of 94 for hessian
Estimating row 33 out of 94 for hessian
Estimating row 34 out of 94 for hessian
Estimating row 35 out of 94 for hessian
Estimating row 36 out of 94 for hessian
Estimating row 37 out of 94 for hessian
Estimating row 38 out of 94 for hessian
Estimating row 39 out of 94 for hessian
Estimating row 40 out of 94 for hessian
Estimating row 41 out of 94 for hessian
Estimating row 42 out of 94 for hessian
Estimating row 43 out of 94 for hessian
Estimating row 44 out of 94 for hessian
Estimating row 45 out of 94 for hessian
Estimating row 46 out of 94 for hessian
Estimating row 47 out of 94 for hessian
Estimating row 48 out of 94 for hessian
Estimating row 49 out of 94 for hessian
Estimating row 50 out of 94 for hessian
Estimating row 51 out of 94 for hessian
Estimating row 52 out of 94 for hessian
Estimating row 53 out of 94 for hessian
Estimating row 54 out of 94 for hessian
Estimating row 55 out of 94 for hessian
Estimating row 56 out of 94 for hessian
Estimating row 57 out of 94 for hessian
Estimating row 58 out of 94 for hessian
Estimating row 59 out of 94 for hessian
Estimating row 60 out of 94 for hessian
Estimating row 61 out of 94 for hessian
Estimating row 62 out of 94 for hessian
Estimating row 63 out of 94 for hessian
Estimating row 64 out of 94 for hessian
Estimating row 65 out of 94 for hessian
Estimating row 66 out of 94 for hessian
Estimating row 67 out of 94 for hessian
Estimating row 68 out of 94 for hessian
Estimating row 69 out of 94 for hessian
Estimating row 70 out of 94 for hessian
Estimating row 71 out of 94 for hessian
Estimating row 72 out of 94 for hessian
Estimating row 73 out of 94 for hessian
Estimating row 74 out of 94 for hessian
Estimating row 75 out of 94 for hessian
Estimating row 76 out of 94 for hessian
Estimating row 77 out of 94 for hessian
Estimating row 78 out of 94 for hessian
Estimating row 79 out of 94 for hessian
Estimating row 80 out of 94 for hessian
Estimating row 81 out of 94 for hessian
Estimating row 82 out of 94 for hessian
Estimating row 83 out of 94 for hessian
Estimating row 84 out of 94 for hessian
Estimating row 85 out of 94 for hessian
Estimating row 86 out of 94 for hessian
Estimating row 87 out of 94 for hessian
Estimating row 88 out of 94 for hessian
Estimating row 89 out of 94 for hessian
Estimating row 90 out of 94 for hessian
Estimating row 91 out of 94 for hessian
Estimating row 92 out of 94 for hessian
Estimating row 93 out of 94 for hessian
Estimating row 94 out of 94 for hessian
size of file gradfil1.tmp = 0
size of file gradfil2.tmp = 0
size of file varssave.tmp = 0
size of file cmpdiff.tmp = 0
