
Initial statistics: 1 variables; iteration 0; function evaluation 0; phase 1
Function value 7.7363612e+03; maximum gradient component mag 2.3796e+04
Var    Value     Gradient |Var    Value     Gradient |Var    Value     Gradient
  1  0.00868  2.37959e+04 |

 - final statistics:
1 variables; iteration 4; function evaluation 8
Function value 7.4999e+03; maximum gradient component mag 1.1118e+00
Exit code = 1;  converg criter 1.0000e+01
Var    Value     Gradient |Var    Value     Gradient |Var    Value     Gradient
  1 -0.01044  1.11179e+00 |

Initial statistics: 74 variables; iteration 0; function evaluation 0; phase 2
Function value 7.4998929e+03; maximum gradient component mag 2.7758e+03
Var    Value     Gradient |Var    Value     Gradient |Var    Value     Gradient
  1 -0.01044  1.11179e+00 |  2  0.00231  2.97791e+01 |  3 -0.00439  2.94921e+01
  4 -0.00338  3.44526e+01 |  5 -0.00350  3.92676e+01 |  6 -0.00116  4.65627e+01
  7 -0.00037  5.35701e+01 |  8  0.00172  6.25988e+01 |  9 -0.00292  6.65092e+01
 10 -0.00453  7.37485e+01 | 11 -0.00351  8.44653e+01 | 12  0.00008  9.92551e+01
 13  0.00135  1.12788e+02 | 14 -0.00334  1.19493e+02 | 15  0.00405  1.43855e+02
 16  0.00419  1.59404e+02 | 17  0.00296  1.73660e+02 | 18  0.00368  1.92166e+02
 19  0.00493  2.12643e+02 | 20  0.00037  2.21746e+02 | 21  0.00356  2.47437e+02
 22  0.00284  2.66210e+02 | 23 -0.00328  2.73111e+02 | 24 -0.00396  2.95054e+02
 25 -0.00249  3.25466e+02 | 26  0.00182  3.64852e+02 | 27  0.00185  3.89734e+02
 28 -0.00060  4.01880e+02 | 29 -0.00295  4.11089e+02 | 30 -0.00053  4.34387e+02
 31 -0.00456  4.24619e+02 | 32  0.00059  4.44214e+02 | 33 -0.00297  4.32001e+02
 34 -0.00055  4.42786e+02 | 35  0.00139  4.61695e+02 | 36  0.00467  4.94177e+02
 37  0.00377  5.17164e+02 | 38  0.00020  5.30284e+02 | 39 -0.00172  5.45640e+02
 40  0.00475  5.86099e+02 | 41 -0.00400  5.36093e+02 | 42 -0.00118  5.36733e+02
 43 -0.00343  4.63396e+02 | 44  0.00408  4.78082e+02 | 45 -0.00181  5.58820e+02
 46 -0.00502  5.99515e+02 | 47  0.00035  4.12490e+02 | 48  0.00175  3.37756e+02
 49 -0.00143  2.22489e+02 | 50 -0.00307 -7.42951e+01 | 51 -0.00060  5.89374e+00
 52  0.00381  1.58976e+02 | 53 -0.00274 -5.93882e+02 | 54  0.00027 -4.11969e+02
 55 -0.00138 -8.54585e+02 | 56  0.00016 -9.85291e+02 | 57  0.00153 -1.27751e+03
 58  0.00075 -1.14542e+03 | 59  0.00159 -1.38552e+03 | 60  0.00482 -1.30113e+03
 61 -0.00401 -1.67513e+03 | 62  0.00035 -1.37829e+03 | 63  0.00257 -1.32681e+03
 64 -0.00260 -9.47213e+02 | 65  0.00177 -7.75839e+02 | 66 -0.00224 -5.41297e+02
 67  0.00124 -1.90884e+02 | 68  0.00515  6.96067e+01 | 69  0.00314  9.39420e+01
 70 -0.00019  1.47857e+02 | 71  0.29681 -7.24925e+01 | 72  0.09658  1.80392e+02
 73  0.07375  2.03119e+02 | 74 -0.06824  2.77575e+03 |

Intermediate statistics: 74 variables; iteration 20; function evaluation 27; phase 2
Function value 7.1199984e+03; maximum gradient component mag 2.1400e+03
Var    Value     Gradient |Var    Value     Gradient |Var    Value     Gradient
  1 -0.03013  1.40549e+03 |  2 -0.03654 -1.67136e+01 |  3 -0.03732 -1.44482e+01
  4 -0.04116 -1.36254e+01 |  5 -0.04469 -1.23924e+01 |  6 -0.04890 -1.13189e+01
  7 -0.05254 -9.65300e+00 |  8 -0.05617 -7.71308e+00 |  9 -0.05868 -4.76142e+00
 10 -0.06147 -1.72810e+00 | 11 -0.06396  1.77455e+00 | 12 -0.06542  6.27551e+00
 13 -0.06604  1.16935e+01 | 14 -0.06716  1.68074e+01 | 15 -0.06383  2.60702e+01
 16 -0.06127  3.48167e+01 | 17 -0.05819  4.41542e+01 | 18 -0.05274  5.58960e+01
 19 -0.04575  6.94609e+01 | 20 -0.04335  7.88900e+01 | 21 -0.03279  9.72370e+01
 22 -0.02379  1.14146e+02 | 23 -0.01737  1.26211e+02 | 24 -0.00478  1.47603e+02
 25  0.00499  1.74667e+02 | 26  0.01614  2.09478e+02 | 27  0.02240  2.35905e+02
 28  0.02936  2.54582e+02 | 29  0.03308  2.68852e+02 | 30  0.03434  2.88399e+02
 31  0.03086  2.85677e+02 | 32  0.03666  3.03969e+02 | 33  0.03242  2.99760e+02
 34  0.03497  3.12025e+02 | 35  0.03520  3.27073e+02 | 36  0.03500  3.47295e+02
 37  0.02722  3.52078e+02 | 38  0.01664  3.47463e+02 | 39  0.00980  3.47293e+02
 40  0.01463  3.70126e+02 | 41  0.00741  3.35864e+02 | 42  0.01057  3.32898e+02
 43  0.01768  2.92806e+02 | 44  0.02414  2.96244e+02 | 45  0.00434  3.27790e+02
 46 -0.00508  3.31281e+02 | 47  0.01171  1.99869e+02 | 48  0.01635  1.51117e+02
 49  0.02035  1.42965e+02 | 50  0.02560 -4.61788e+01 | 51  0.02762  8.64531e+01
 52  0.02108  6.18120e+01 | 53  0.02486 -4.72974e+02 | 54  0.04145 -3.97413e+01
 55  0.03460 -5.80279e+02 | 56  0.04139 -5.74032e+02 | 57  0.06352 -7.21014e+02
 58  0.03487 -6.86965e+02 | 59  0.06326 -7.48947e+02 | 60  0.04881 -7.80849e+02
 61  0.10847 -8.31661e+02 | 62 -0.17770 -7.95832e+02 | 63  0.10695 -6.27289e+02
 64  0.01587 -5.41123e+02 | 65  0.04453 -4.24962e+02 | 66  0.03319 -2.71128e+02
 67  0.02149 -8.04952e+01 | 68  0.00532  1.66038e+01 | 69 -0.00073  1.08982e+01
 70 -0.01512  3.19284e+01 | 71  0.31471  1.70097e+01 | 72 -0.08456 -1.50323e+01
 73 -0.47785  1.00449e+00 | 74 -0.08063  2.13996e+03 |
74 variables; iteration 40; function evaluation 49; phase 2
Function value 6.9875518e+03; maximum gradient component mag 1.2686e+03
Var    Value     Gradient |Var    Value     Gradient |Var    Value     Gradient
  1 -0.01826 -1.07548e+03 |  2  0.15940  1.44830e+02 |  3  0.03083  5.69393e+01
  4  0.02217  5.56188e+01 |  5 -0.00822  4.04424e+01 |  6 -0.01757  3.85097e+01
  7 -0.04051  2.80081e+01 |  8 -0.04670  2.80355e+01 |  9 -0.07160  1.62423e+01
 10 -0.06474  2.46736e+01 | 11 -0.03848  4.86810e+01 | 12 -0.00497  8.47142e+01
 13  0.01290  1.12549e+02 | 14  0.01045  1.20261e+02 | 15  0.01631  1.38838e+02
 16  0.00177  1.31101e+02 | 17 -0.02299  1.09854e+02 | 18 -0.06427  7.10912e+01
 19 -0.10019  4.18868e+01 | 20 -0.07666  7.10656e+01 | 21  0.06101  3.09805e+02
 22  0.04551  2.88262e+02 | 23 -0.00847  1.88090e+02 | 24 -0.02103  1.73549e+02
 25  0.01371  2.56067e+02 | 26 -0.01453  2.11566e+02 | 27 -0.04035  1.73448e+02
 28 -0.04786  1.63035e+02 | 29 -0.05086  1.59477e+02 | 30 -0.06015  1.47406e+02
 31 -0.03823  1.83287e+02 | 32  0.04308  3.67033e+02 | 33  0.04583  3.67354e+02
 34  0.03633  3.30877e+02 | 35  0.01564  2.79190e+02 | 36 -0.00003  2.49859e+02
 37 -0.00761  2.48076e+02 | 38 -0.01911  2.39272e+02 | 39 -0.01981  2.50154e+02
 40  0.01153  3.30387e+02 | 41  0.00515  2.94575e+02 | 42 -0.01672  2.26113e+02
 43  0.00634  2.17311e+02 | 44  0.03060  2.48547e+02 | 45 -0.04996  1.39039e+02
 46 -0.03534  1.72947e+02 | 47 -0.01876  3.40962e+01 | 48 -0.00044  4.10859e+01
 49 -0.00405 -5.42209e+00 | 50  0.00559 -1.64289e+02 | 51  0.00203 -1.09055e+02
 52  0.01030  4.38059e+01 | 53  0.03134 -1.03664e+02 | 54  0.02650 -1.82858e+02
 55  0.03490 -3.38197e+02 | 56  0.03128 -4.53418e+02 | 57  0.08377 -3.40858e+02
 58 -0.00016 -7.08558e+02 | 59  0.06670 -5.90861e+02 | 60  0.02891 -7.89440e+02
 61  0.02542 -1.20065e+03 | 62  0.02993 -9.17373e+02 | 63  0.02108 -9.32697e+02
 64  0.02513 -5.95493e+02 | 65  0.01320 -5.40737e+02 | 66  0.00093 -3.84999e+02
 67  0.02819  5.60826e+01 | 68 -0.01973  5.64401e+00 | 69 -0.00299  9.97123e+01
 70 -0.02216  9.40678e+01 | 71  0.31783 -1.02506e+01 | 72 -0.03929  1.00336e+02
 73 -0.45505  3.17901e+00 | 74 -0.10886  1.26865e+03 |
74 variables; iteration 60; function evaluation 79; phase 2
Function value 6.7996254e+03; maximum gradient component mag -3.2135e+03
Var    Value     Gradient |Var    Value     Gradient |Var    Value     Gradient
  1 -0.03125 -3.21354e+03 |  2 -0.05751  3.86434e+01 |  3 -0.00747  6.25535e+01
  4 -0.03212  5.22966e+01 |  5 -0.02555  5.68900e+01 |  6 -0.01467  6.40534e+01
  7 -0.00215  7.27644e+01 |  8  0.00197  7.76247e+01 |  9 -0.00039  7.91948e+01
 10 -0.00560  7.92534e+01 | 11 -0.01635  7.59844e+01 | 12 -0.05788  5.44416e+01
 13 -0.04548  6.43908e+01 | 14 -0.05049  6.42220e+01 | 15 -0.03782  7.54934e+01
 16 -0.06239  6.23187e+01 | 17 -0.06462  6.34962e+01 | 18 -0.04134  8.23882e+01
 19 -0.02081  1.01320e+02 | 20  0.00191  1.25332e+02 | 21  0.00050  1.27189e+02
 22 -0.00266  1.27141e+02 | 23  0.01104  1.43267e+02 | 24  0.01466  1.48643e+02
 25  0.02134  1.60962e+02 | 26 -0.01092  1.30244e+02 | 27 -0.08308  6.85474e+01
 28 -0.10353  5.24486e+01 | 29 -0.09010  5.95928e+01 | 30 -0.05966  7.93614e+01
 31 -0.01173  1.11875e+02 | 32  0.03033  1.38561e+02 | 33  0.03139  1.27594e+02
 34  0.08134  1.62091e+02 | 35  0.06770  1.50672e+02 | 36  0.01674  1.14442e+02
 37  0.00298  1.18217e+02 | 38 -0.03145  1.04583e+02 | 39 -0.04246  1.04836e+02
 40 -0.04467  9.99472e+01 | 41 -0.00595  1.23219e+02 | 42 -0.08112  6.60968e+01
 43  0.11127  2.35901e+02 | 44 -0.00048  8.26955e+01 | 45 -0.03438  6.66931e+01
 46 -0.04147  7.55231e+01 | 47  0.01177  3.84167e+01 | 48  0.01569 -7.08265e+00
 49  0.01855  4.67564e+00 | 50  0.02855 -8.86052e+01 | 51  0.01457 -7.38819e+01
 52  0.02298  5.89198e+01 | 53  0.05253  1.69891e+02 | 54  0.03621 -1.83174e+02
 55  0.05956 -1.85378e+01 | 56  0.06153 -1.48851e+02 | 57  0.09620 -2.09952e+01
 58  0.05622 -2.21969e+02 | 59  0.08470 -1.98067e+02 | 60  0.06436 -3.30975e+02
 61  0.04280 -9.20588e+02 | 62  0.06562 -5.42018e+02 | 63  0.03035 -7.61344e+02
 64  0.03076 -4.85575e+02 | 65  0.03045 -3.51363e+02 | 66  0.02994 -1.89951e+02
 67  0.00332 -5.73988e+01 | 68 -0.00092  1.10483e+02 | 69 -0.01296  8.11815e+01
 70 -0.03570  4.90778e+01 | 71  0.30093 -3.62716e+02 | 72 -0.03967 -2.12368e+01
 73 -0.42100  8.41087e+00 | 74 -0.18844  1.51163e+02 |
Maximum number of function evaluations exceeded

 - final statistics:
74 variables; iteration 73; function evaluation 100
Function value 6.7295e+03; maximum gradient component mag -2.6642e+03
Exit code = 3;  converg criter 1.0000e+01
Var    Value     Gradient |Var    Value     Gradient |Var    Value     Gradient
  1 -0.04073 -2.66419e+03 |  2 -0.15825 -1.55621e+01 |  3 -0.06628  1.95616e+01
  4 -0.04106  2.98672e+01 |  5 -0.01889  3.91770e+01 |  6  0.00062  4.76147e+01
  7 -0.09758  8.05784e+00 |  8 -0.05681  2.47382e+01 |  9 -0.00815  4.55427e+01
 10  0.06410  7.78968e+01 | 11 -0.05959  2.48660e+01 | 12 -0.01503  4.45819e+01
 13 -0.03456  3.67051e+01 | 14 -0.03907  3.53814e+01 | 15 -0.04878  3.17315e+01
 16 -0.03503  3.85258e+01 | 17 -0.06236  2.68696e+01 | 18 -0.02272  4.55491e+01
 19  0.00079  5.75306e+01 | 20  0.02887  7.26756e+01 | 21 -0.04003  3.90179e+01
 22 -0.03891  3.98701e+01 | 23 -0.01396  5.21418e+01 | 24  0.06993  9.64973e+01
 25  0.00094  5.96700e+01 | 26 -0.06457  2.78651e+01 | 27 -0.09968  1.16621e+01
 28 -0.16490 -1.56062e+01 | 29 -0.11733  1.31444e+00 | 30 -0.08123  1.27438e+01
 31 -0.04926  2.02994e+01 | 32  0.03932  4.04473e+01 | 33  0.00572  2.58760e+01
 34  0.07523  3.29497e+01 | 35  0.16508  3.82963e+01 | 36  0.03285  4.10046e+01
 37 -0.00624  4.14125e+01 | 38 -0.03976  3.97955e+01 | 39 -0.04244  4.51013e+01
 40 -0.06454  2.63877e+01 | 41 -0.04762  2.03268e+01 | 42 -0.02709  3.26889e+01
 43  0.09121  3.33279e+01 | 44  0.03451 -8.36613e+00 | 45 -0.06440 -3.03222e+01
 46 -0.04421 -1.55132e+01 | 47  0.03497  3.42452e+01 | 48  0.03407 -2.17766e+01
 49  0.03805  9.83662e+00 | 50  0.04562 -6.06110e+01 | 51  0.02260 -6.18417e+01
 52  0.02360 -2.14301e+01 | 53  0.05194  4.71488e+01 | 54  0.04494 -1.03576e+02
 55  0.06670  4.36510e-01 | 56  0.07667 -2.18442e+01 | 57  0.09815  2.00603e+00
 58  0.07095 -9.01596e+01 | 59  0.09247 -7.27442e+01 | 60  0.08228 -5.75691e+01
 61  0.09657 -1.91206e+02 | 62  0.08438 -1.08535e+02 | 63  0.08071 -2.36423e+02
 64  0.04670 -2.26657e+02 | 65  0.05657 -1.12966e+02 | 66  0.04947 -3.72510e+01
 67  0.00645 -6.56895e+01 | 68  0.00343  7.42676e+01 | 69 -0.01623  2.03384e+01
 70 -0.02185  6.79942e+01 | 71  0.29889 -3.30355e+02 | 72 -0.03543 -2.28865e+01
 73 -0.49498  5.97753e-01 | 74 -0.27145  1.60600e+02 |

Initial statistics: 83 variables; iteration 0; function evaluation 0; phase 3
Function value 6.7294627e+03; maximum gradient component mag -2.6642e+03
Var    Value     Gradient |Var    Value     Gradient |Var    Value     Gradient
  1 -0.04073 -2.66419e+03 |  2 -0.15839 -1.78309e+01 |  3 -0.06641  1.72322e+01
  4 -0.04119  2.75300e+01 |  5 -0.01902  3.68361e+01 |  6  0.00048  4.52730e+01
  7 -0.09772  5.74340e+00 |  8 -0.05694  2.24054e+01 |  9 -0.00829  4.32011e+01
 10  0.06397  7.55685e+01 | 11 -0.05972  2.25342e+01 | 12 -0.01516  4.22406e+01
 13 -0.03469  3.43665e+01 | 14 -0.03920  3.30437e+01 | 15 -0.04891  2.93962e+01
 16 -0.03516  3.61872e+01 | 17 -0.06249  2.45387e+01 | 18 -0.02285  4.32085e+01
 19  0.00066  5.51889e+01 | 20  0.02874  7.03370e+01 | 21 -0.04016  3.66803e+01
 22 -0.03904  3.75322e+01 | 23 -0.01409  4.98005e+01 | 24  0.06979  9.41718e+01
 25  0.00081  5.73283e+01 | 26 -0.06470  2.55349e+01 | 27 -0.09982  9.34872e+00
 28 -0.16504 -1.78687e+01 | 29 -0.11747 -9.87572e-01 | 30 -0.08136  1.04208e+01
 31 -0.04939  1.79644e+01 | 32  0.03919  3.81106e+01 | 33  0.00559  2.35344e+01
 34  0.07510  3.06250e+01 | 35  0.16494  3.60349e+01 | 36  0.03272  3.86664e+01
 37 -0.00637  3.90708e+01 | 38 -0.03989  3.74579e+01 | 39 -0.04257  4.27642e+01
 40 -0.06467  2.40575e+01 | 41 -0.04775  1.79913e+01 | 42 -0.02722  3.03490e+01
 43  0.09108  3.10111e+01 | 44  0.03438 -1.07045e+01 | 45 -0.06453 -3.26513e+01
 46 -0.04434 -1.78490e+01 | 47  0.03484  3.19074e+01 | 48  0.03394 -2.41152e+01
 49  0.03792  7.49918e+00 | 50  0.04549 -6.29476e+01 | 51  0.02247 -6.41824e+01
 52  0.02347 -2.37703e+01 | 53  0.05181  4.48156e+01 | 54  0.04481 -1.05913e+02
 55  0.06657 -1.89240e+00 | 56  0.07654 -2.41695e+01 | 57  0.09802 -3.07919e-01
 58  0.07081 -9.24889e+01 | 59  0.09234 -7.50636e+01 | 60  0.08215 -5.98929e+01
 61  0.09644 -1.93527e+02 | 62  0.08425 -1.10859e+02 | 63  0.08058 -2.38752e+02
 64  0.04657 -2.28996e+02 | 65  0.05644 -1.15301e+02 | 66  0.04934 -3.95863e+01
 67  0.00632 -6.80312e+01 | 68  0.00330  7.19260e+01 | 69 -0.01636  1.79973e+01
 70 -0.02199  6.56534e+01 | 71  0.29889 -3.30355e+02 | 72 -0.03216 -9.77404e+01
 73  0.40555  4.55793e+01 | 74 -0.56528 -6.37881e+00 | 75 -0.03543 -2.28865e+01
 76 -0.49498  5.97753e-01 | 77  0.10074  5.01342e-04 | 78  0.41925 -6.15535e-02
 79 -0.50830 -3.22467e-03 | 80 -0.27145  1.60600e+02 | 81 -0.02175 -1.07363e-04
 82  0.30140 -3.22097e+02 | 83 -0.68538 -5.83019e-03 |

Intermediate statistics: 83 variables; iteration 20; function evaluation 24; phase 3
Function value 6.6813321e+03; maximum gradient component mag 2.1515e+03
Var    Value     Gradient |Var    Value     Gradient |Var    Value     Gradient
  1 -0.03181  2.15146e+03 |  2  0.01535 -1.00881e+01 |  3 -0.00686 -1.90805e+01
  4 -0.01367 -2.09824e+01 |  5 -0.01930 -2.22783e+01 |  6 -0.02380 -2.29618e+01
  7 -0.00894 -1.39910e+01 |  8 -0.01844 -1.68596e+01 |  9 -0.02694 -1.91992e+01
 10 -0.03150 -1.94616e+01 | 11 -0.02555 -1.39228e+01 | 12 -0.03169 -1.48352e+01
 13 -0.03268 -1.27867e+01 | 14 -0.03474 -1.12901e+01 | 15 -0.03670 -9.73260e+00
 16 -0.03920 -8.56823e+00 | 17 -0.04103 -7.08127e+00 | 18 -0.04251 -5.58222e+00
 19 -0.04209 -2.99505e+00 | 20 -0.03909  1.81090e+00 | 21 -0.04749 -2.29036e+00
 22 -0.04822 -1.14721e+00 | 23 -0.04598  1.64700e+00 | 24 -0.02624  1.75302e+01
 25 -0.04238  7.54532e+00 | 26 -0.05053  3.97549e+00 | 27 -0.05274  4.46165e+00
 28 -0.05307  3.98637e+00 | 29 -0.04824  7.64479e+00 | 30 -0.03963  1.63100e+01
 31 -0.02431  2.92599e+01 | 32  0.02881  8.21299e+01 | 33  0.01711  7.13838e+01
 34  0.07311  1.45915e+02 | 35  0.14969  3.12546e+02 | 36  0.02286  1.04089e+02
 37 -0.01604  7.26392e+01 | 38 -0.04788  5.20154e+01 | 39 -0.05936  4.90832e+01
 40 -0.05827  4.70088e+01 | 41 -0.03619  6.10994e+01 | 42 -0.03409  6.87099e+01
 43  0.06404  1.95236e+02 | 44  0.03938  1.46812e+02 | 45 -0.02783  7.30216e+01
 46 -0.03832  6.66035e+01 | 47  0.03065  1.58644e+02 | 48  0.02990  1.07518e+02
 49  0.03411  1.44650e+02 | 50  0.03510  4.10858e+00 | 51  0.00896 -5.10868e+01
 52  0.01723  1.14962e+02 | 53  0.03647 -4.23706e+01 | 54  0.04214  1.03392e+02
 55  0.05331 -3.81202e+01 | 56  0.07099  7.01339e+01 | 57  0.08689 -4.38988e+00
 58  0.05444 -1.70198e+02 | 59  0.08617 -1.99271e+01 | 60  0.07819  3.86528e+01
 61  0.09280 -6.83230e+01 | 62  0.08836  4.52266e+01 | 63  0.06318 -3.79578e+02
 64  0.01549 -4.81860e+02 | 65  0.03633 -3.41977e+02 | 66  0.03027 -2.27496e+02
 67 -0.01204 -2.14548e+02 | 68 -0.01264 -5.02577e+01 | 69 -0.02517 -5.81671e+01
 70 -0.03697 -2.84575e+01 | 71  0.37811  2.86520e+02 | 72 -0.14560  6.10612e+01
 73  0.43241 -3.10894e+02 | 74 -0.60650  1.12816e+01 | 75 -0.06215  1.45919e+02
 76 -0.49942  4.98522e-01 | 77  0.10073  5.01322e-04 | 78  0.41969 -4.64213e-02
 79 -0.50828 -3.22441e-03 | 80 -0.43545  7.19103e+01 | 81 -0.02175 -1.07359e-04
 82  0.34710 -1.31332e+01 | 83 -0.68533 -5.82918e-03 |
83 variables; iteration 40; function evaluation 45; phase 3
Function value 6.6558843e+03; maximum gradient component mag 1.2656e+03
Var    Value     Gradient |Var    Value     Gradient |Var    Value     Gradient
  1 -0.03299  1.26556e+03 |  2 -0.03477 -2.42500e+01 |  3 -0.01564 -1.56276e+01
  4 -0.01327 -1.38767e+01 |  5 -0.01512 -1.38528e+01 |  6 -0.01973 -1.49728e+01
  7 -0.00669 -8.02242e+00 |  8 -0.01525 -1.07578e+01 |  9 -0.02673 -1.48321e+01
 10 -0.04045 -1.99544e+01 | 11 -0.02431 -1.08844e+01 | 12 -0.03217 -1.32013e+01
 13 -0.03293 -1.19912e+01 | 14 -0.03525 -1.15196e+01 | 15 -0.03769 -1.11316e+01
 16 -0.03938 -1.03781e+01 | 17 -0.04276 -1.06118e+01 | 18 -0.04159 -8.48115e+00
 19 -0.04020 -6.31112e+00 | 20 -0.03762 -3.17865e+00 | 21 -0.04722 -7.69154e+00
 22 -0.04803 -7.22201e+00 | 23 -0.04580 -5.28093e+00 | 24 -0.02890  5.36560e+00
 25 -0.04395 -2.54781e+00 | 26 -0.05188 -6.04050e+00 | 27 -0.05403 -6.47424e+00
 28 -0.05450 -7.52781e+00 | 29 -0.04844 -4.88909e+00 | 30 -0.04101 -8.23005e-01
 31 -0.02953  4.33255e+00 | 32  0.02716  3.99303e+01 | 33  0.00669  2.48082e+01
 34  0.07146  7.54940e+01 | 35  0.15713  1.85935e+02 | 36  0.01370  4.91734e+01
 37 -0.02001  3.57860e+01 | 38 -0.04927  2.59657e+01 | 39 -0.05788  2.76967e+01
 40 -0.05921  2.20721e+01 | 41 -0.03539  3.01546e+01 | 42 -0.03416  3.58479e+01
 43  0.06589  1.15035e+02 | 44  0.03999  8.00769e+01 | 45 -0.03317  3.08432e+01
 46 -0.03922  2.92808e+01 | 47  0.02080  4.69180e+01 | 48  0.02469  1.14465e+01
 49  0.02901  5.57672e+01 | 50  0.04107  2.54071e+01 | 51  0.01482 -7.03146e+00
 52  0.01730  6.22832e+01 | 53  0.03985  7.36897e+00 | 54  0.03992  1.93743e+01
 55  0.05763  2.55385e+01 | 56  0.07114  6.44674e+01 | 57  0.08904  5.51398e+01
 58  0.06720 -8.73922e+00 | 59  0.08682  1.84082e+01 | 60  0.07817  3.55963e+01
 61  0.09413 -5.77237e+01 | 62  0.08365 -3.36999e+00 | 63  0.06660 -2.68900e+02
 64  0.05092 -1.58274e+02 | 65  0.05072 -1.21341e+02 | 66  0.03509 -1.49397e+02
 67 -0.00320 -1.67412e+02 | 68 -0.01547 -6.05975e+01 | 69 -0.01497 -9.99324e+00
 70 -0.03414 -1.50912e+01 | 71  0.38093  2.40608e+02 | 72 -0.13086  7.24995e+01
 73  0.43946 -1.84393e+02 | 74 -0.81911  4.28123e+00 | 75 -0.06055  1.15931e+02
 76 -0.76950 -8.29417e-03 | 77  0.10039  4.99595e-04 | 78  0.44341  2.62800e-03
 79 -0.50608 -3.20225e-03 | 80 -0.44612  4.87690e+01 | 81 -0.02167 -1.06997e-04
 82  0.36000 -7.89782e+00 | 83 -0.68136 -5.74321e-03 |
83 variables; iteration 60; function evaluation 77; phase 3
Function value 6.6439409e+03; maximum gradient component mag 4.1807e+02
Var    Value     Gradient |Var    Value     Gradient |Var    Value     Gradient
  1 -0.03126  4.18070e+02 |  2 -0.01787 -6.16229e+00 |  3 -0.00728 -1.35746e+00
  4 -0.02556 -8.45246e+00 |  5 -0.02643 -8.30656e+00 |  6 -0.01732 -3.87372e+00
  7 -0.02443 -6.23217e+00 |  8 -0.01610 -1.86650e+00 |  9 -0.02658 -5.61847e+00
 10 -0.02724 -5.02286e+00 | 11 -0.03387 -7.04336e+00 | 12 -0.03056 -4.53208e+00
 13 -0.03370 -4.90399e+00 | 14 -0.03577 -4.76376e+00 | 15 -0.03772 -4.57205e+00
 16 -0.04030 -4.71023e+00 | 17 -0.04133 -4.13723e+00 | 18 -0.04354 -4.24339e+00
 19 -0.04519 -4.17008e+00 | 20 -0.04809 -4.62757e+00 | 21 -0.05054 -5.21812e+00
 22 -0.05046 -4.62075e+00 | 23 -0.04404 -9.65896e-01 | 24 -0.04888 -3.49104e+00
 25 -0.04659 -1.72059e+00 | 26 -0.04837 -2.29752e+00 | 27 -0.05126 -4.10534e+00
 28 -0.04928 -4.90836e+00 | 29 -0.04276 -4.34789e+00 | 30 -0.03219 -2.90461e+00
 31 -0.01600 -1.34425e+00 | 32  0.02091  6.34315e+00 | 33  0.03564  3.83953e+00
 34  0.07668  9.73991e+00 | 35  0.11672  2.55883e+01 | 36  0.00988  1.06330e+00
 37 -0.01616  2.36434e+00 | 38 -0.03688  6.06413e+00 | 39 -0.06532 -1.58145e+00
 40 -0.06193 -4.34622e+00 | 41 -0.02687  1.55639e+00 | 42 -0.03428  7.66329e-01
 43  0.05358  1.38659e+01 | 44  0.03714  5.23996e+00 | 45 -0.03332  1.42765e+00
 46 -0.04136  3.11470e+00 | 47  0.01912  7.17070e+00 | 48  0.02906  7.23534e+00
 49  0.02621  7.24593e+00 | 50  0.04119  7.70448e+00 | 51  0.01576  6.21957e+00
 52  0.01330 -2.17982e+00 | 53  0.03917  1.46362e+01 | 54  0.03839 -2.35075e-01
 55  0.05593  8.97653e+00 | 56  0.06590  4.34077e+00 | 57  0.08467  6.20416e+00
 58  0.06693  2.46217e+00 | 59  0.08381  1.48927e+00 | 60  0.07389 -2.90848e+00
 61  0.09543  2.45934e-01 | 62  0.07781  2.43418e+00 | 63  0.08531  8.10778e+00
 64  0.05858  4.09079e+00 | 65  0.05676  2.99366e+00 | 66  0.04473 -1.75574e+00
 67  0.01545 -6.94271e+00 | 68 -0.01135 -7.59225e+00 | 69 -0.01575 -7.10919e+00
 70 -0.03351 -7.30699e+00 | 71  0.38343  1.12308e+02 | 72 -0.14028  5.30978e+01
 73  0.44552 -2.69152e+01 | 74 -0.79124  3.97417e+00 | 75 -0.07568  2.60682e+01
 76 -0.89527 -1.89220e-02 | 77  0.09869  4.90972e-04 | 78  0.44576  2.64790e-03
 79 -0.49521 -3.09478e-03 | 80 -0.48180  1.19094e+01 | 81 -0.02131 -1.05193e-04
 82  0.36092 -1.78682e+00 | 83 -0.66212 -5.35236e-03 |
83 variables; iteration 80; function evaluation 111; phase 3
Function value 6.6419669e+03; maximum gradient component mag 6.9649e+01
Var    Value     Gradient |Var    Value     Gradient |Var    Value     Gradient
  1 -0.03081  3.59137e+01 |  2 -0.01913 -1.40453e+00 |  3 -0.02093 -1.76529e+00
  4 -0.01730  1.48236e-01 |  5 -0.01985 -4.26003e-01 |  6 -0.02357 -1.44794e+00
  7 -0.02250 -4.01827e-01 |  8 -0.02159  6.60178e-01 |  9 -0.03206 -3.12847e+00
 10 -0.02681 -6.20349e-02 | 11 -0.02596  1.19326e+00 | 12 -0.03342 -1.22905e+00
 13 -0.03030  1.15748e+00 | 14 -0.03560 -2.78696e-01 | 15 -0.03818 -4.78644e-01
 16 -0.03609  1.52029e+00 | 17 -0.04104  1.25996e-01 | 18 -0.04456 -6.93029e-01
 19 -0.04349  6.39651e-01 | 20 -0.04724 -3.07327e-01 | 21 -0.04805 -1.18875e-01
 22 -0.04908 -1.45944e-01 | 23 -0.05294 -1.84875e+00 | 24 -0.05095 -8.94036e-01
 25 -0.05214 -1.10488e+00 | 26 -0.05450 -2.17489e+00 | 27 -0.04806  4.96770e-01
 28 -0.04291  8.86365e-01 | 29 -0.03797 -4.09845e-02 | 30 -0.02832 -3.10933e-01
 31 -0.01062  6.90683e-03 | 32  0.00837 -1.89403e+00 | 33  0.04790 -5.94434e-01
 34  0.09069 -2.71264e+00 | 35  0.07188 -2.87900e-01 | 36  0.03363  6.47184e-01
 37 -0.01060 -2.87394e-01 | 38 -0.04423 -7.78222e-01 | 39 -0.05847  9.15910e-01
 40 -0.04985  1.18291e+00 | 41 -0.02550  3.13357e-01 | 42 -0.02819  6.27503e-01
 43  0.04388 -1.53538e+00 | 44  0.04232  2.53044e-01 | 45 -0.03541 -4.10778e-01
 46 -0.04180  3.67478e-01 | 47  0.01824 -1.10691e-01 | 48  0.02840 -1.32214e-01
 49  0.02540  8.21452e-02 | 50  0.04065  1.75417e+00 | 51  0.01503  1.86681e+00
 52  0.01283  8.68328e-03 | 53  0.03805  8.22923e-01 | 54  0.03784  1.18271e+00
 55  0.05502  9.12738e-02 | 56  0.06526 -2.85407e-01 | 57  0.08389 -1.07130e+00
 58  0.06638  4.32963e-01 | 59  0.08326  3.49628e-01 | 60  0.07349 -5.53039e-01
 61  0.09501  1.73725e+00 | 62  0.07714  1.44279e+00 | 63  0.08446  4.32385e+00
 64  0.05771  1.90311e+00 | 65  0.05594  2.29903e+00 | 66  0.04420  1.74734e+00
 67  0.01532  4.25967e-01 | 68 -0.01150 -3.60313e-01 | 69 -0.01605 -9.79103e-01
 70 -0.03379 -1.21983e+00 | 71  0.39988  6.96488e+01 | 72 -0.20470  2.43203e+01
 73  0.45251 -3.80008e+00 | 74 -0.85392  2.02790e+00 | 75 -0.08279  2.72253e+00
 76 -0.81150 -1.02975e-02 | 77  0.09118  4.53095e-04 | 78  0.41728  2.41626e-03
 79 -0.44856 -2.67097e-03 | 80 -0.54915  3.60832e-02 | 81 -0.01970 -9.72459e-05
 82  0.36973  1.09756e-04 | 83 -0.58345 -4.09570e-03 |
83 variables; iteration 100; function evaluation 138; phase 3
Function value 6.6410570e+03; maximum gradient component mag -7.9141e+01
Var    Value     Gradient |Var    Value     Gradient |Var    Value     Gradient
  1 -0.03185 -7.91408e+01 |  2 -0.01646  9.60538e-01 |  3 -0.01852  4.72458e-01
  4 -0.01763  1.22934e+00 |  5 -0.01864  1.25747e+00 |  6 -0.02042  1.01566e+00
  7 -0.02174  1.01368e+00 |  8 -0.02282  1.17463e+00 |  9 -0.02577  5.88998e-01
 10 -0.02738  6.24470e-01 | 11 -0.02755  1.35206e+00 | 12 -0.03223  1.21972e-01
 13 -0.03269  8.03423e-01 | 14 -0.03519  5.84437e-01 | 15 -0.03776  3.29760e-01
 16 -0.03825  1.01910e+00 | 17 -0.04138  4.33495e-01 | 18 -0.04235  7.89417e-01
 19 -0.04350  9.85352e-01 | 20 -0.04584  6.84131e-01 | 21 -0.04683  7.44632e-01
 22 -0.04835  4.42823e-01 | 23 -0.05052 -4.11766e-01 | 24 -0.05030 -3.39511e-01
 25 -0.05099 -3.05437e-01 | 26 -0.05143 -3.79574e-01 | 27 -0.04905  3.06797e-01
 28 -0.04479  4.52609e-01 | 29 -0.03994 -2.22935e-01 | 30 -0.03106 -4.64574e-01
 31 -0.01574 -5.80078e-01 | 32  0.00024 -2.75673e+00 | 33  0.02472 -3.90736e+00
 34  0.15074 -1.51615e+00 | 35  0.02792 -7.04010e+00 | 36  0.01558 -4.05674e+00
 37 -0.01484 -2.27283e+00 | 38 -0.04511 -1.71312e+00 | 39 -0.05977 -4.81959e-01
 40 -0.05022 -1.54496e-01 | 41 -0.02343 -9.50054e-01 | 42 -0.02807 -1.16026e+00
 43  0.04653 -3.86960e+00 | 44  0.04400 -1.67468e+00 | 45 -0.03446 -1.05997e+00
 46 -0.04053  1.85945e-01 | 47  0.01939 -1.11609e+00 | 48  0.02944 -1.39086e+00
 49  0.02636 -1.03566e+00 | 50  0.04149 -1.81051e-01 | 51  0.01583  4.71527e-01
 52  0.01365 -5.69412e-01 | 53  0.03892  8.75723e-01 | 54  0.03870  5.96251e-01
 55  0.05594  1.31986e-01 | 56  0.06624  6.71864e-03 | 57  0.08493 -5.39095e-01
 58  0.06734  5.58621e-01 | 59  0.08422  3.69731e-01 | 60  0.07445  6.06549e-02
 61  0.09597  1.98798e+00 | 62  0.07810  2.18741e+00 | 63  0.08534  4.31196e+00
 64  0.05860  2.34005e+00 | 65  0.05682  2.71724e+00 | 66  0.04512  2.63634e+00
 67  0.01624  1.68784e+00 | 68 -0.01049  1.60842e+00 | 69 -0.01519  5.26218e-01
 70 -0.03288  5.16591e-01 | 71  0.41706  2.76642e+00 | 72 -0.37739  2.57358e+00
 73  0.45956  1.83915e+00 | 74 -0.95257  2.29586e-01 | 75 -0.08508  1.67121e-01
 76 -0.73809 -7.20050e-03 | 77  0.04030  1.99133e-04 | 78  0.22275  1.14673e-03
 79 -0.15548 -7.82941e-04 | 80 -0.72088 -6.69952e-03 | 81 -0.00877 -4.32722e-05
 82  0.42281  2.46040e-03 | 83 -0.13777 -6.90748e-04 |
83 variables; iteration 120; function evaluation 159; phase 3
Function value 6.6405347e+03; maximum gradient component mag -1.3830e+00
Var    Value     Gradient |Var    Value     Gradient |Var    Value     Gradient
  1 -0.03105 -1.38303e+00 |  2 -0.01684 -4.44842e-03 |  3 -0.01776 -2.89043e-03
  4 -0.01861  6.70453e-02 |  5 -0.01983  3.53977e-02 |  6 -0.02117  1.05557e-02
  7 -0.02262 -9.75557e-03 |  8 -0.02397  7.43002e-02 |  9 -0.02579  1.45782e-02
 10 -0.02759  1.59557e-02 | 11 -0.02944  5.19096e-02 | 12 -0.03165 -2.85783e-02
 13 -0.03373 -2.22879e-02 | 14 -0.03587 -2.30636e-02 | 15 -0.03800 -2.08560e-02
 16 -0.04018 -6.64146e-02 | 17 -0.04206 -1.15902e-02 | 18 -0.04375  4.52493e-02
 19 -0.04559 -6.32866e-02 | 20 -0.04737 -4.92690e-02 | 21 -0.04843  1.11790e-03
 22 -0.04938  1.18353e-03 | 23 -0.05009 -1.22797e-01 | 24 -0.04986 -5.03307e-02
 25 -0.05068 -6.20446e-02 | 26 -0.05090 -2.69143e-02 | 27 -0.04977  7.32372e-03
 28 -0.04565 -1.77582e-02 | 29 -0.03900  3.13624e-02 | 30 -0.02918  3.16722e-02
 31 -0.01285  5.90982e-02 | 32  0.01045 -5.52488e-02 | 33  0.04467  1.92582e-01
 34  0.10632  4.64506e-02 | 35  0.06361 -1.89407e-01 | 36  0.02823  2.09394e-02
 37 -0.01127 -8.48588e-02 | 38 -0.04319 -1.00632e-02 | 39 -0.06038 -2.27126e-02
 40 -0.05173  5.26733e-02 | 41 -0.02504  2.84097e-02 | 42 -0.02949 -1.59117e-02
 43  0.04675 -3.92136e-01 | 44  0.04164 -2.78147e-02 | 45 -0.03451  5.40514e-03
 46 -0.04195  2.95847e-02 | 47  0.01853 -1.12916e-02 | 48  0.02862 -4.06202e-02
 49  0.02555 -8.07245e-03 | 50  0.04059  3.77094e-03 | 51  0.01493  2.49142e-02
 52  0.01282  7.45804e-02 | 53  0.03802 -1.77542e-02 | 54  0.03783  1.20016e-01
 55  0.05510  3.25572e-02 | 56  0.06544  7.53244e-02 | 57  0.08418  4.72720e-02
 58  0.06653  5.73665e-03 | 59  0.08343  7.27835e-02 | 60  0.07370  5.36039e-02
 61  0.09511  6.18644e-02 | 62  0.07726  1.08326e-01 | 63  0.08433  2.85194e-03
 64  0.05779 -4.77902e-03 | 65  0.05595 -7.94445e-02 | 66  0.04428 -2.21662e-02
 67  0.01552 -5.58529e-02 | 68 -0.01122  4.87025e-03 | 69 -0.01569  7.96260e-03
 70 -0.03338 -4.03965e-03 | 71  0.42301  9.88869e-01 | 72 -0.66550  2.88390e-01
 73  0.46177 -4.47558e-01 | 74 -0.97594  3.78672e-02 | 75 -0.08604  3.32019e-01
 76 -0.57754 -5.03439e-05 | 77 -0.06780 -3.35880e-04 | 78 -0.20967 -1.37885e-03
 79  0.39542  2.24826e-03 | 80 -0.99411 -3.26706e-01 | 81  0.01454  7.17471e-05
 82  0.51284  3.27066e-03 | 83  0.54062  3.57048e-03 |
83 variables; iteration 140; function evaluation 179; phase 3
Function value 6.6405022e+03; maximum gradient component mag -1.5597e+00
Var    Value     Gradient |Var    Value     Gradient |Var    Value     Gradient
  1 -0.03104 -1.55968e+00 |  2 -0.01681  1.51215e-02 |  3 -0.01779 -1.00965e-02
  4 -0.01869  3.86678e-02 |  5 -0.01984  3.59506e-02 |  6 -0.02115  2.27048e-02
  7 -0.02256  1.77365e-02 |  8 -0.02406  3.93643e-02 |  9 -0.02583  1.41130e-03
 10 -0.02762  8.84634e-03 | 11 -0.02947  4.16869e-02 | 12 -0.03165 -2.51726e-02
 13 -0.03366  1.24595e-02 | 14 -0.03582  5.69286e-03 | 15 -0.03799 -9.88209e-03
 16 -0.04000  2.20053e-02 | 17 -0.04203  3.70435e-03 | 18 -0.04379  2.72147e-02
 19 -0.04543  1.85712e-02 | 20 -0.04726  8.29328e-03 | 21 -0.04840  2.20213e-02
 22 -0.04938  4.51282e-03 | 23 -0.04996 -5.36382e-02 | 24 -0.04989 -6.41858e-02
 25 -0.05064 -3.85220e-02 | 26 -0.05090 -3.14935e-02 | 27 -0.04974  1.57564e-02
 28 -0.04555  2.34899e-02 | 29 -0.03904 -5.01816e-03 | 30 -0.02918  4.13396e-04
 31 -0.01284  1.52758e-02 | 32  0.01062 -6.87242e-02 | 33  0.04384 -8.78961e-02
 34  0.10572 -1.32772e-01 | 35  0.06483 -8.86478e-02 | 36  0.02809 -6.32833e-02
 37 -0.01118 -6.97914e-02 | 38 -0.04327 -4.99729e-02 | 39 -0.06034 -3.05425e-03
 40 -0.05181  9.44459e-03 | 41 -0.02519 -3.12007e-02 | 42 -0.02966 -4.13972e-02
 43  0.04705 -1.41532e-01 | 44  0.04150 -2.52005e-02 | 45 -0.03453 -4.10457e-02
 46 -0.04197  2.11581e-02 | 47  0.01851 -1.33103e-02 | 48  0.02861 -3.71861e-02
 49  0.02553 -2.99996e-02 | 50  0.04058  1.34990e-02 | 51  0.01492  3.02936e-02
 52  0.01280 -1.63452e-02 | 53  0.03801  2.95826e-02 | 54  0.03781  5.64555e-02
 55  0.05509 -4.78327e-03 | 56  0.06543 -1.12165e-02 | 57  0.08416 -5.22917e-02
 58  0.06652 -1.14973e-02 | 59  0.08342  2.57028e-03 | 60  0.07368 -2.24785e-02
 61  0.09510  8.57533e-02 | 62  0.07725  1.04286e-01 | 63  0.08434  2.01705e-01
 64  0.05778  9.10722e-02 | 65  0.05595  7.95477e-02 | 66  0.04429  1.03171e-01
 67  0.01553  3.47369e-02 | 68 -0.01122  5.08633e-02 | 69 -0.01570 -1.37543e-02
 70 -0.03338 -1.56717e-02 | 71  0.42372 -2.38200e-01 | 72 -0.88830  3.66805e-02
 73  0.46206 -3.53141e-02 | 74 -0.97868  1.09676e-02 | 75 -0.08618  1.12985e-01
 76 -0.61598 -4.56013e-03 | 77  0.13175  6.59663e-04 | 78  0.46797  2.84078e-03
 79 -0.75413 -7.72456e-03 | 80 -0.96309 -5.40678e-02 | 81 -0.02818 -1.39148e-04
 82  0.64922  5.11072e-03 | 83  0.33367  1.81613e-03 |
83 variables; iteration 160; function evaluation 199; phase 3
Function value 6.6404951e+03; maximum gradient component mag -6.7356e-01
Var    Value     Gradient |Var    Value     Gradient |Var    Value     Gradient
  1 -0.03104 -6.73556e-01 |  2 -0.01680  7.57005e-03 |  3 -0.01772  6.12003e-03
  4 -0.01874  1.09389e-02 |  5 -0.01989  9.24318e-03 |  6 -0.02116  7.67323e-03
  7 -0.02257  5.46700e-03 |  8 -0.02411  1.02370e-02 |  9 -0.02580  5.94696e-03
 10 -0.02761  5.46346e-03 | 11 -0.02954  8.62475e-03 | 12 -0.03158  2.22955e-03
 13 -0.03367  4.25670e-03 | 14 -0.03582  3.67429e-03 | 15 -0.03795  2.78932e-03
 16 -0.04004  2.38225e-03 | 17 -0.04203  4.01735e-03 | 18 -0.04384  4.88040e-03
 19 -0.04547 -1.28106e-03 | 20 -0.04728 -3.38083e-03 | 21 -0.04844  2.72271e-03
 22 -0.04939  1.41058e-03 | 23 -0.04988 -8.06740e-03 | 24 -0.04979 -1.09625e-02
 25 -0.05058 -5.97759e-03 | 26 -0.05085 -1.46587e-03 | 27 -0.04978  3.96939e-03
 28 -0.04560  5.84861e-03 | 29 -0.03904  3.41071e-03 | 30 -0.02921  8.56742e-04
 31 -0.01294  3.89958e-04 | 32  0.01068 -1.48252e-02 | 33  0.04394 -1.12062e-02
 34  0.10576 -2.71810e-02 | 35  0.06479 -1.96918e-02 | 36  0.02803 -2.66050e-02
 37 -0.01115 -2.01866e-02 | 38 -0.04323 -8.78528e-03 | 39 -0.06039 -7.56272e-03
 40 -0.05186  3.08975e-03 | 41 -0.02518  1.97191e-03 | 42 -0.02968 -6.47779e-03
 43  0.04716 -1.67914e-02 | 44  0.04143 -9.11764e-03 | 45 -0.03448 -8.65777e-04
 46 -0.04200  4.59403e-03 | 47  0.01852 -7.20702e-03 | 48  0.02861 -3.76384e-03
 49  0.02554 -1.87975e-03 | 50  0.04058 -3.78834e-03 | 51  0.01492  2.37440e-03
 52  0.01281  8.92957e-03 | 53  0.03801 -8.93482e-03 | 54  0.03781  1.01166e-02
 55  0.05509 -6.65982e-04 | 56  0.06543  4.01561e-03 | 57  0.08417  2.20546e-03
 58  0.06652  2.29380e-03 | 59  0.08342  7.50655e-03 | 60  0.07369  8.74474e-03
 61  0.09510  6.98830e-03 | 62  0.07725  6.57799e-03 | 63  0.08433 -2.76566e-03
 64  0.05778 -6.72656e-04 | 65  0.05595  7.34341e-04 | 66  0.04428  3.45356e-03
 67  0.01553  6.12886e-03 | 68 -0.01123  5.34081e-03 | 69 -0.01569  9.48452e-03
 70 -0.03338  9.15608e-03 | 71  0.42377  3.65843e-02 | 72 -0.92905  5.32249e-03
 73  0.46209 -1.06540e-02 | 74 -0.97948  4.48300e-03 | 75 -0.08622 -2.91732e-03
 76 -0.69066 -5.94842e-03 | 77  0.00599  2.95474e-05 | 78  0.03158  1.55604e-04
 79  0.08850  4.39571e-04 | 80 -0.68297 -5.77848e-03 | 81 -0.00155 -7.63463e-06
 82  0.73740  7.17680e-03 | 83 -0.00713 -3.51682e-05 |
83 variables; iteration 180; function evaluation 227; phase 3
Function value 6.6404941e+03; maximum gradient component mag 2.2882e-02
Var    Value     Gradient |Var    Value     Gradient |Var    Value     Gradient
  1 -0.03104  2.28816e-02 |  2 -0.01680  1.05407e-04 |  3 -0.01772 -1.10331e-04
  4 -0.01875 -1.80747e-04 |  5 -0.01989 -3.11432e-04 |  6 -0.02116 -3.96347e-04
  7 -0.02257 -1.71086e-04 |  8 -0.02412 -1.33232e-04 |  9 -0.02580 -3.04733e-04
 10 -0.02761 -6.38049e-04 | 11 -0.02954 -1.86099e-04 | 12 -0.03157 -3.12092e-04
 13 -0.03367 -3.63871e-04 | 14 -0.03582 -3.38759e-04 | 15 -0.03795 -2.58422e-04
 16 -0.04003 -4.50553e-04 | 17 -0.04203 -1.96809e-04 | 18 -0.04384 -3.18981e-04
 19 -0.04547 -6.94896e-04 | 20 -0.04728 -9.54927e-04 | 21 -0.04844 -3.58809e-04
 22 -0.04939 -3.12946e-04 | 23 -0.04986 -6.11339e-04 | 24 -0.04977 -1.54033e-03
 25 -0.05057 -6.67947e-04 | 26 -0.05085 -1.05909e-04 | 27 -0.04978  3.72352e-05
 28 -0.04561  1.56807e-04 | 29 -0.03905  3.26793e-04 | 30 -0.02922  2.37407e-04
 31 -0.01295  1.32880e-04 | 32  0.01070  7.01594e-05 | 33  0.04393 -2.04151e-04
 34  0.10573 -2.30112e-05 | 35  0.06479  5.21898e-04 | 36  0.02808  8.26511e-04
 37 -0.01112  2.27897e-04 | 38 -0.04323  2.02722e-04 | 39 -0.06038  2.24986e-05
 40 -0.05187  1.58921e-04 | 41 -0.02519  1.33734e-04 | 42 -0.02968  2.71100e-04
 43  0.04716  1.34394e-03 | 44  0.04142  1.35549e-03 | 45 -0.03448  1.69025e-03
 46 -0.04200  1.09286e-03 | 47  0.01852  3.83331e-04 | 48  0.02861  1.31783e-03
 49  0.02554  1.08375e-03 | 50  0.04058  7.90124e-04 | 51  0.01492  3.07532e-04
 52  0.01280  7.38123e-04 | 53  0.03800  5.43725e-04 | 54  0.03781  8.36982e-04
 55  0.05509  4.84239e-04 | 56  0.06543  8.93029e-04 | 57  0.08417  7.50476e-04
 58  0.06652 -2.66600e-04 | 59  0.08342  3.78557e-04 | 60  0.07368  3.68686e-04
 61  0.09510  3.64027e-04 | 62  0.07725  8.18251e-04 | 63  0.08433 -1.56702e-03
 64  0.05778 -1.38830e-03 | 65  0.05595 -1.56388e-03 | 66  0.04428 -1.86112e-03
 67  0.01553  2.64334e-04 | 68 -0.01123 -1.67576e-03 | 69 -0.01569  6.11684e-05
 70 -0.03338 -7.51307e-04 | 71  0.42377  1.35922e-02 | 72 -0.92982  4.61613e-03
 73  0.46209 -4.32472e-03 | 74 -0.97991  4.88839e-04 | 75 -0.08622  1.16756e-03
 76 -0.56257  5.04643e-04 | 77 -0.01482 -7.31415e-05 | 78  0.01747 -1.03070e-04
 79 -0.00793 -3.91504e-05 | 80 -0.55898 -1.91515e-03 | 81  0.00323  1.59168e-05
 82  0.76558  8.12290e-03 | 83 -0.00093 -4.57226e-06 |
83 variables; iteration 200; function evaluation 247; phase 3
Function value 6.6404940e+03; maximum gradient component mag -6.9205e-01
Var    Value     Gradient |Var    Value     Gradient |Var    Value     Gradient
  1 -0.03104 -6.92053e-01 |  2 -0.01680  8.24837e-03 |  3 -0.01773  3.66610e-06
  4 -0.01871  2.17092e-02 |  5 -0.01987  1.30318e-02 |  6 -0.02116  5.93139e-03
  7 -0.02260 -4.77930e-03 |  8 -0.02408  2.21138e-02 |  9 -0.02579  6.92426e-03
 10 -0.02760  9.38391e-03 | 11 -0.02951  1.64702e-02 | 12 -0.03159 -5.11210e-03
 13 -0.03369 -5.73937e-03 | 14 -0.03583 -6.79150e-03 | 15 -0.03797 -7.35622e-03
 16 -0.04006 -1.46360e-02 | 17 -0.04203 -1.18269e-03 | 18 -0.04380  1.82252e-02
 19 -0.04549 -1.51109e-02 | 20 -0.04731 -2.16792e-02 | 21 -0.04843  1.77847e-03
 22 -0.04938  3.87797e-04 | 23 -0.04993 -4.20382e-02 | 24 -0.04986 -4.85077e-02
 25 -0.05060 -2.52270e-02 | 26 -0.05085 -6.52218e-03 | 27 -0.04975  9.12606e-03
 28 -0.04559  5.47811e-03 | 29 -0.03899  2.10564e-02 | 30 -0.02916  1.58072e-02
 31 -0.01288  1.51165e-02 | 32  0.01072 -1.34908e-02 | 33  0.04384 -4.59961e-02
 34  0.10580 -4.04236e-02 | 35  0.06453 -6.57990e-02 | 36  0.02828  4.28795e-02
 37 -0.01113 -7.78280e-03 | 38 -0.04321  7.62624e-03 | 39 -0.06036  1.48106e-02
 40 -0.05185  1.26128e-02 | 41 -0.02523 -1.36897e-02 | 42 -0.02969  9.20591e-03
 43  0.04720  3.35529e-02 | 44  0.04140  5.61007e-04 | 45 -0.03447  7.52410e-03
 46 -0.04201 -9.95938e-03 | 47  0.01852  8.89072e-03 | 48  0.02861 -4.92543e-04
 49  0.02554  7.24197e-03 | 50  0.04058  4.58396e-03 | 51  0.01492  6.29902e-03
 52  0.01280  2.09737e-02 | 53  0.03800 -1.46673e-02 | 54  0.03781  2.09172e-02
 55  0.05509  1.51191e-03 | 56  0.06543  8.14598e-03 | 57  0.08417  5.33811e-03
 58  0.06652  1.09903e-03 | 59  0.08342  1.07677e-02 | 60  0.07368  1.26648e-02
 61  0.09510  5.59986e-03 | 62  0.07725  5.87318e-03 | 63  0.08432 -1.44933e-02
 64  0.05778 -2.62534e-02 | 65  0.05595 -8.15021e-03 | 66  0.04428 -8.22502e-03
 67  0.01553  8.68367e-04 | 68 -0.01123  6.65046e-03 | 69 -0.01570  2.53341e-03
 70 -0.03338  5.27954e-03 | 71  0.42378  1.77845e-01 | 72 -0.93012  4.45608e-03
 73  0.46209 -4.49990e-02 | 74 -0.98000 -1.29599e-06 | 75 -0.08622  6.37834e-03
 76 -0.56047  7.97225e-03 | 77  0.03387  1.67320e-04 | 78  0.03106 -1.46138e-04
 79 -0.06828 -3.38260e-04 | 80 -0.55810 -1.46365e-03 | 81 -0.00732 -3.61030e-05
 82  0.75071  7.58173e-03 | 83 -0.02091 -1.03210e-04 |
83 variables; iteration 220; function evaluation 267; phase 3
Function value 6.6404923e+03; maximum gradient component mag -6.6887e-02
Var    Value     Gradient |Var    Value     Gradient |Var    Value     Gradient
  1 -0.03104 -6.68868e-02 |  2 -0.01680  6.31633e-04 |  3 -0.01772  1.23117e-04
  4 -0.01874  1.70413e-03 |  5 -0.01989  1.32669e-03 |  6 -0.02116  8.62807e-04
  7 -0.02257  4.30147e-04 |  8 -0.02412  1.79852e-03 |  9 -0.02580  6.46676e-04
 10 -0.02761  8.30054e-04 | 11 -0.02954  1.61388e-03 | 12 -0.03157 -2.36295e-04
 13 -0.03367  2.08988e-04 | 14 -0.03582  9.34980e-05 | 15 -0.03795 -1.28786e-04
 16 -0.04003 -1.48784e-04 | 17 -0.04203  2.28946e-04 | 18 -0.04384  1.41219e-03
 19 -0.04547  5.58184e-07 | 20 -0.04727 -2.81012e-05 | 21 -0.04844  6.26300e-04
 22 -0.04939  3.49597e-04 | 23 -0.04986 -2.02387e-03 | 24 -0.04977 -3.74832e-04
 25 -0.05057 -8.27208e-04 | 26 -0.05085 -5.37711e-04 | 27 -0.04978  4.78821e-04
 28 -0.04561  4.35654e-04 | 29 -0.03905  4.43193e-04 | 30 -0.02922 -4.86407e-05
 31 -0.01295  2.82633e-05 | 32  0.01070 -1.39272e-03 | 33  0.04392 -2.44437e-03
 34  0.10574 -2.87310e-03 | 35  0.06478 -3.22257e-03 | 36  0.02808 -1.54728e-03
 37 -0.01112 -2.52046e-03 | 38 -0.04323 -1.01856e-03 | 39 -0.06038  1.58555e-04
 40 -0.05187  5.27725e-04 | 41 -0.02519 -7.27488e-04 | 42 -0.02968 -5.42183e-04
 43  0.04716 -2.28012e-03 | 44  0.04142 -1.31663e-03 | 45 -0.03448 -1.17099e-03
 46 -0.04200 -1.58161e-04 | 47  0.01852 -1.08856e-03 | 48  0.02861 -2.35049e-04
 49  0.02554 -8.31684e-04 | 50  0.04058 -6.19105e-04 | 51  0.01492  5.80865e-05
 52  0.01280  2.68469e-04 | 53  0.03800 -1.62066e-03 | 54  0.03781  1.19925e-03
 55  0.05509 -1.12332e-03 | 56  0.06543 -6.22762e-04 | 57  0.08417 -1.48744e-03
 58  0.06652 -1.31721e-03 | 59  0.08342  1.24096e-04 | 60  0.07368  3.68576e-04
 61  0.09510  1.57336e-03 | 62  0.07725  9.69202e-04 | 63  0.08433 -2.21045e-04
 64  0.05778  1.17744e-02 | 65  0.05595 -5.38619e-03 | 66  0.04428  3.60231e-03
 67  0.01553 -8.69553e-04 | 68 -0.01123  1.43582e-03 | 69 -0.01569  1.74070e-03
 70 -0.03338  2.30249e-03 | 71  0.42378  9.52121e-03 | 72 -0.93451  2.78492e-04
 73  0.46209  2.32040e-03 | 74 -0.97993  3.31770e-04 | 75 -0.08622 -2.18244e-03
 76 -0.60191 -4.34299e-03 | 77  0.02140  1.05633e-04 | 78 -0.00511 -2.71808e-05
 79  0.00053  2.59312e-06 | 80 -0.56848 -2.50242e-04 | 81 -0.02399 -1.18466e-04
 82  0.13051  2.87857e-04 | 83 -0.00001 -5.46015e-08 |
83 variables; iteration 240; function evaluation 297; phase 3
Function value 6.6404922e+03; maximum gradient component mag -9.2516e-03
Var    Value     Gradient |Var    Value     Gradient |Var    Value     Gradient
  1 -0.03104 -9.25157e-03 |  2 -0.01680  1.02693e-04 |  3 -0.01772  3.10681e-05
  4 -0.01875  2.36350e-04 |  5 -0.01989  1.66805e-04 |  6 -0.02116  1.01864e-04
  7 -0.02257  1.75101e-05 |  8 -0.02412  2.43623e-04 |  9 -0.02580  9.99835e-05
 10 -0.02761  1.29000e-04 | 11 -0.02954  1.99386e-04 | 12 -0.03157 -1.64768e-05
 13 -0.03367 -5.19828e-06 | 14 -0.03582 -1.69747e-05 | 15 -0.03795 -3.14849e-05
 16 -0.04003 -8.07643e-05 | 17 -0.04203  1.49306e-05 | 18 -0.04384  2.01911e-04
 19 -0.04547 -6.13507e-05 | 20 -0.04727 -8.92002e-05 | 21 -0.04844  5.87473e-05
 22 -0.04939  3.96323e-05 | 23 -0.04986 -3.19613e-04 | 24 -0.04977 -2.21047e-04
 25 -0.05056 -1.57855e-04 | 26 -0.05085 -5.36421e-05 | 27 -0.04978  7.15091e-05
 28 -0.04561  3.54254e-05 | 29 -0.03905  1.33758e-04 | 30 -0.02922  6.78574e-05
 31 -0.01295  5.42516e-05 | 32  0.01070 -1.63228e-04 | 33  0.04393 -3.84771e-04
 34  0.10573 -4.66040e-04 | 35  0.06478 -6.38728e-04 | 36  0.02808  1.09619e-04
 37 -0.01112 -2.15383e-04 | 38 -0.04323 -3.57605e-05 | 39 -0.06038  7.05084e-05
 40 -0.05187  8.17264e-05 | 41 -0.02519 -1.38096e-04 | 42 -0.02968 -8.63519e-06
 43  0.04716 -6.27144e-05 | 44  0.04142 -1.42025e-04 | 45 -0.03448 -6.16342e-05
 46 -0.04200 -7.77255e-05 | 47  0.01852 -5.39027e-05 | 48  0.02861 -4.11325e-05
 49  0.02554 -3.33968e-05 | 50  0.04058 -4.13286e-05 | 51  0.01492  3.87405e-05
 52  0.01280  1.13040e-04 | 53  0.03800 -1.58550e-04 | 54  0.03781  1.57707e-04
 55  0.05509 -4.75666e-05 | 56  0.06543  4.66969e-06 | 57  0.08417 -4.38581e-05
 58  0.06652 -5.10544e-05 | 59  0.08342  7.61243e-05 | 60  0.07368  1.00825e-04
 61  0.09510  1.24032e-04 | 62  0.07725  8.02806e-05 | 63  0.08433 -6.61714e-05
 64  0.05778  5.77070e-04 | 65  0.05595 -3.21613e-04 | 66  0.04428  2.00281e-04
 67  0.01553 -2.96059e-05 | 68 -0.01123  1.45928e-04 | 69 -0.01569  1.45177e-04
 70 -0.03338  1.97390e-04 | 71  0.42378  6.52793e-04 | 72 -0.93479  2.97364e-06
 73  0.46209 -2.04333e-06 | 74 -0.97996  3.48756e-05 | 75 -0.08622 -1.17240e-04
 76 -0.56256  8.00570e-06 | 77  0.00094  4.65949e-06 | 78  0.03409  9.05186e-07
 79 -0.00024 -1.17418e-06 | 80 -0.56358 -9.94369e-05 | 81  0.00051  2.52403e-06
 82  0.11130  2.51921e-06 | 83 -0.00005 -2.34654e-07 |

 - final statistics:
83 variables; iteration 244; function evaluation 302
Function value 6.6405e+03; maximum gradient component mag -1.0267e-06
Exit code = 1;  converg criter 1.0000e-04
Var    Value     Gradient |Var    Value     Gradient |Var    Value     Gradient
  1 -0.03104 -1.02671e-06 |  2 -0.01680  9.53847e-09 |  3 -0.01772  9.47757e-09
  4 -0.01875  1.88989e-08 |  5 -0.01989  2.14592e-08 |  6 -0.02116  2.00903e-08
  7 -0.02257  2.43982e-08 |  8 -0.02412  2.59792e-08 |  9 -0.02580  2.81943e-08
 10 -0.02761  3.93289e-08 | 11 -0.02954  2.92359e-08 | 12 -0.03157  2.18298e-08
 13 -0.03367  8.96407e-09 | 14 -0.03582  9.63260e-09 | 15 -0.03795  7.87392e-09
 16 -0.04003 -5.02252e-12 | 17 -0.04203 -7.12511e-09 | 18 -0.04384  4.42180e-08
 19 -0.04547  5.61849e-08 | 20 -0.04727  9.94698e-08 | 21 -0.04844  2.18170e-08
 22 -0.04939  2.82379e-08 | 23 -0.04986  4.79518e-08 | 24 -0.04977  2.53890e-07
 25 -0.05056  7.71417e-08 | 26 -0.05085  2.13138e-09 | 27 -0.04978 -4.51450e-08
 28 -0.04561 -8.88604e-08 | 29 -0.03905 -6.60082e-08 | 30 -0.02922 -7.87209e-08
 31 -0.01295 -8.44749e-08 | 32  0.01070  1.39179e-08 | 33  0.04393  4.05419e-08
 34  0.10573 -7.59066e-08 | 35  0.06478 -9.50262e-08 | 36  0.02807 -1.07607e-07
 37 -0.01112 -7.09803e-08 | 38 -0.04323 -5.67579e-08 | 39 -0.06038 -1.04086e-08
 40 -0.05187 -5.32654e-08 | 41 -0.02519 -6.70289e-08 | 42 -0.02968 -4.95828e-08
 43  0.04716 -2.65599e-07 | 44  0.04142 -9.76131e-08 | 45 -0.03448 -6.18833e-08
 46 -0.04200  2.13928e-08 | 47  0.01852 -8.72098e-08 | 48  0.02861 -5.39374e-08
 49  0.02554 -6.36058e-08 | 50  0.04058 -1.86388e-09 | 51  0.01492  1.73540e-09
 52  0.01280 -7.60973e-08 | 53  0.03800  1.03319e-07 | 54  0.03781 -8.70863e-08
 55  0.05509  2.58325e-08 | 56  0.06543 -2.16646e-08 | 57  0.08417  1.62037e-09
 58  0.06652  7.92679e-08 | 59  0.08342 -1.04867e-08 | 60  0.07368 -1.67799e-08
 61  0.09510  1.56287e-08 | 62  0.07725 -8.14027e-09 | 63  0.08433  1.97968e-07
 64  0.05778 -5.02267e-08 | 65  0.05595  2.54828e-07 | 66  0.04428  8.71863e-08
 67  0.01553  1.38395e-07 | 68 -0.01123  4.65999e-08 | 69 -0.01569  3.08819e-08
 70 -0.03338 -1.30542e-08 | 71  0.42378 -4.49473e-07 | 72 -0.93479 -3.47454e-09
 73  0.46209  3.82493e-07 | 74 -0.97996  1.21804e-08 | 75 -0.08622 -1.45317e-07
 76 -0.56257 -1.39841e-09 | 77 -0.00000 -7.75342e-10 | 78  0.03392 -2.14358e-10
 79  0.00000  5.38201e-11 | 80 -0.56357  1.05176e-08 | 81  0.00000  5.57114e-10
 82  0.11107 -4.99840e-10 | 83  0.00000  1.68537e-10 |

Initial statistics: 93 variables; iteration 0; function evaluation 0; phase 4
Function value 6.6404922e+03; maximum gradient component mag 1.1102e+02
Var    Value     Gradient |Var    Value     Gradient |Var    Value     Gradient
  1 -0.03104 -1.02581e-06 |  2 -0.01680  8.23393e-09 |  3 -0.01772  8.17307e-09
  4 -0.01875  1.75944e-08 |  5 -0.01989  2.01548e-08 |  6 -0.02116  1.87860e-08
  7 -0.02257  2.30940e-08 |  8 -0.02412  2.46751e-08 |  9 -0.02580  2.68902e-08
 10 -0.02761  3.80251e-08 | 11 -0.02954  2.79322e-08 | 12 -0.03157  2.05262e-08
 13 -0.03367  7.66072e-09 | 14 -0.03582  8.32947e-09 | 15 -0.03795  6.57104e-09
 16 -0.04003 -1.30767e-09 | 17 -0.04203 -8.42752e-09 | 18 -0.04384  4.29159e-08
 19 -0.04547  5.48829e-08 | 20 -0.04727  9.81681e-08 | 21 -0.04844  2.05154e-08
 22 -0.04939  2.69365e-08 | 23 -0.04986  4.66504e-08 | 24 -0.04977  2.52588e-07
 25 -0.05056  7.58404e-08 | 26 -0.05085  8.30126e-10 | 27 -0.04978 -4.64465e-08
 28 -0.04561 -9.01626e-08 | 29 -0.03905 -6.73113e-08 | 30 -0.02922 -8.00253e-08
 31 -0.01295 -8.57807e-08 | 32  0.01070  1.26115e-08 | 33  0.04393  3.92372e-08
 34  0.10573 -7.72006e-08 | 35  0.06478 -9.63279e-08 | 36  0.02807 -1.08936e-07
 37 -0.01112 -7.22171e-08 | 38 -0.04323 -5.81415e-08 | 39 -0.06038 -1.17257e-08
 40 -0.05187 -5.45040e-08 | 41 -0.02519 -6.83491e-08 | 42 -0.02968 -5.09185e-08
 43  0.04716 -2.67085e-07 | 44  0.04142 -9.88990e-08 | 45 -0.03448 -6.33455e-08
 46 -0.04200  2.00661e-08 | 47  0.01852 -8.83485e-08 | 48  0.02861 -5.53441e-08
 49  0.02554 -6.57116e-08 | 50  0.04058 -2.61821e-09 | 51  0.01492  3.96399e-10
 52  0.01280 -7.73807e-08 | 53  0.03800  1.02220e-07 | 54  0.03781 -8.82239e-08
 55  0.05509  2.50439e-08 | 56  0.06543 -2.30283e-08 | 57  0.08417  3.85720e-10
 58  0.06652  7.82302e-08 | 59  0.08342 -1.14681e-08 | 60  0.07368 -1.81840e-08
 61  0.09510  1.46400e-08 | 62  0.07725 -9.46914e-09 | 63  0.08433  1.96612e-07
 64  0.05778 -5.15501e-08 | 65  0.05595  2.53528e-07 | 66  0.04428  8.58848e-08
 67  0.01553  1.37091e-07 | 68 -0.01123  4.52953e-08 | 69 -0.01569  2.95772e-08
 70 -0.03338 -1.43574e-08 | 71  0.00000  1.11024e+02 | 72  0.00000  7.25588e+01
 73  0.00000  8.08701e+01 | 74  0.00000 -3.04417e+01 | 75  0.00000  0.00000e+00
 76  0.00000  0.00000e+00 | 77  0.00000  0.00000e+00 | 78  0.00000  0.00000e+00
 79  0.00000  0.00000e+00 | 80  0.00000  0.00000e+00 | 81  0.42378 -4.49460e-07
 82 -0.93479 -3.47454e-09 | 83  0.46209  3.82460e-07 | 84 -0.97996  1.21804e-08
 85 -0.08622 -1.45315e-07 | 86 -0.56257 -1.39841e-09 | 87 -0.00000 -7.75342e-10
 88  0.03392 -2.14358e-10 | 89  0.00000  5.38201e-11 | 90 -0.56357  1.05176e-08
 91  0.00000  5.57114e-10 | 92  0.11107 -4.99840e-10 | 93  0.00000  1.68537e-10

Intermediate statistics: 93 variables; iteration 20; function evaluation 25; phase 4
Function value 6.6383497e+03; maximum gradient component mag 7.5911e+01
Var    Value     Gradient |Var    Value     Gradient |Var    Value     Gradient
  1 -0.02961  5.91218e+01 |  2 -0.00911  2.05514e+00 |  3 -0.01037  2.02763e+00
  4 -0.01177  1.99848e+00 |  5 -0.01332  1.96800e+00 |  6 -0.01503  1.93664e+00
  7 -0.01690  1.90501e+00 |  8 -0.01893  1.87390e+00 |  9 -0.02112  1.84419e+00
 10 -0.02345  1.81695e+00 | 11 -0.02592  1.79300e+00 | 12 -0.02848  1.77327e+00
 13 -0.03111  1.75838e+00 | 14 -0.03377  1.74856e+00 | 15 -0.03640  1.74340e+00
 16 -0.03896  1.74234e+00 | 17 -0.04140  1.74450e+00 | 18 -0.04363  1.74719e+00
 19 -0.04563  1.74989e+00 | 20 -0.04783  1.76456e+00 | 21 -0.04931  1.76600e+00
 22 -0.05054  1.76834e+00 | 23 -0.05123  1.76560e+00 | 24 -0.05129  1.76092e+00
 25 -0.05229  1.81364e+00 | 26 -0.05272  1.89738e+00 | 27 -0.05166  2.00843e+00
 28 -0.04724  2.11322e+00 | 29 -0.04030  2.29935e+00 | 30 -0.03012  2.64206e+00
 31 -0.01327  3.08726e+00 | 32  0.01086  3.65240e+00 | 33  0.04256  4.22597e+00
 34  0.09015  5.24534e+00 | 35  0.06517  5.00271e+00 | 36  0.03237  4.63478e+00
 37 -0.00833  3.52794e+00 | 38 -0.04160  2.58842e+00 | 39 -0.05933  2.15433e+00
 40 -0.05144  2.28181e+00 | 41 -0.02678  2.49711e+00 | 42 -0.02926  3.21448e+00
 43  0.04529  5.51398e+00 | 44  0.04026  4.87874e+00 | 45 -0.03584  1.34388e+00
 46 -0.04313  1.06597e+00 | 47  0.01738  2.38435e+00 | 48  0.02728  8.49499e-01
 49  0.02439  1.27193e+00 | 50  0.03951  1.68543e+00 | 51  0.01367 -1.68756e+00
 52  0.01152 -3.01979e+00 | 53  0.03669 -2.91384e+00 | 54  0.03610 -1.13468e+01
 55  0.05357 -7.81166e+00 | 56  0.06367 -1.25742e+01 | 57  0.08236 -1.37703e+01
 58  0.06486 -1.01662e+01 | 59  0.08160 -1.20123e+01 | 60  0.07185 -1.04219e+01
 61  0.09344 -6.94064e+00 | 62  0.07563 -5.65804e+00 | 63  0.08207 -1.13188e+01
 64  0.05599 -3.11478e+00 | 65  0.05449  3.96379e+00 | 66  0.04304  6.91541e+00
 67  0.01336 -2.79002e-01 | 68 -0.01390 -3.97117e+00 | 69 -0.01917 -6.12614e+00
 70 -0.03575 -2.15299e+00 | 71 -0.01073  7.59115e+01 | 72 -0.00707  5.10078e+01
 73 -0.01414  4.27608e+01 | 74  0.00125 -2.01863e+01 | 75  0.00000  0.00000e+00
 76  0.00000  0.00000e+00 | 77  0.00000  0.00000e+00 | 78  0.00000  0.00000e+00
 79  0.00000  0.00000e+00 | 80  0.00000  0.00000e+00 | 81  0.42297 -2.52742e+01
 82 -0.93477 -9.72637e-03 | 83  0.46399  2.75204e+01 | 84 -0.97994 -3.08208e-02
 85 -0.08717 -4.52891e+00 | 86 -0.56256 -1.83674e-05 | 87 -0.00000 -7.75269e-10
 88  0.03392  1.64519e-06 | 89  0.00000  5.38150e-11 | 90 -0.56357 -5.56996e-06
 91  0.00000  5.57062e-10 | 92  0.11107  1.03399e-06 | 93  0.00000  1.68521e-10
93 variables; iteration 40; function evaluation 49; phase 4
Function value 6.6369676e+03; maximum gradient component mag 2.6376e+01
Var    Value     Gradient |Var    Value     Gradient |Var    Value     Gradient
  1 -0.02987  2.63764e+01 |  2 -0.00923  2.55984e+00 |  3 -0.01069  2.44018e+00
  4 -0.01230  2.31339e+00 |  5 -0.01405  2.18157e+00 |  6 -0.01596  2.04790e+00
  7 -0.01801  1.91669e+00 |  8 -0.02021  1.79341e+00 |  9 -0.02252  1.68424e+00
 10 -0.02492  1.59592e+00 | 11 -0.02740  1.53450e+00 | 12 -0.02992  1.50504e+00
 13 -0.03244  1.51071e+00 | 14 -0.03492  1.55103e+00 | 15 -0.03733  1.62127e+00
 16 -0.03963  1.71560e+00 | 17 -0.04180  1.82699e+00 | 18 -0.04376  1.93848e+00
 19 -0.04550  2.04664e+00 | 20 -0.04736  2.21116e+00 | 21 -0.04862  2.29964e+00
 22 -0.04967  2.38164e+00 | 23 -0.05024  2.41882e+00 | 24 -0.05028  2.40768e+00
 25 -0.05101  2.58735e+00 | 26 -0.05122  2.76899e+00 | 27 -0.05012  2.87817e+00
 28 -0.04607  2.76154e+00 | 29 -0.03951  2.71489e+00 | 30 -0.02932  2.98370e+00
 31 -0.01201  3.50255e+00 | 32  0.01259  3.99488e+00 | 33  0.04074  3.15621e+00
 34  0.09273  4.36788e+00 | 35  0.06257  3.41965e+00 | 36  0.03573  4.78113e+00
 37 -0.00882  2.72329e+00 | 38 -0.04426  8.19003e-01 | 39 -0.05983  1.56844e+00
 40 -0.04925  3.20140e+00 | 41 -0.02307  3.69928e+00 | 42 -0.02898  1.94496e+00
 43  0.04224 -2.38387e-01 | 44  0.03974  2.15720e+00 | 45 -0.03114  5.28088e+00
 46 -0.04571 -3.19357e+00 | 47  0.01863  5.26469e+00 | 48  0.02796  4.19529e+00
 49  0.02412 -2.49718e+00 | 50  0.03958 -1.16094e+00 | 51  0.01317 -1.14432e+01
 52  0.01277  1.22572e+01 | 53  0.03778  1.05233e+01 | 54  0.03705  2.35407e+00
 55  0.05361 -7.80376e+00 | 56  0.06450  1.39647e+00 | 57  0.08323  2.70643e+00
 58  0.06564  3.01380e+00 | 59  0.08199 -2.98137e+00 | 60  0.07253  2.05744e+00
 61  0.09366 -1.62104e-01 | 62  0.07595  2.58952e+00 | 63  0.08239 -2.10029e+00
 64  0.05602  1.04649e+00 | 65  0.05387  1.69691e+00 | 66  0.04205  2.83726e+00
 67  0.01288  1.31541e+00 | 68 -0.01468 -1.24441e+00 | 69 -0.01936  1.92341e+00
 70 -0.03586  5.00113e-01 | 71 -0.02706  1.24071e+01 | 72 -0.01782  4.19125e+00
 73 -0.02730  6.38048e+00 | 74  0.00680 -1.67630e+00 | 75  0.00000  0.00000e+00
 76  0.00000  0.00000e+00 | 77  0.00000  0.00000e+00 | 78  0.00000  0.00000e+00
 79  0.00000  0.00000e+00 | 80  0.00000  0.00000e+00 | 81  0.42369 -8.17305e-01
 82 -0.93400  6.73449e-05 | 83  0.46352  6.12858e-01 | 84 -0.97873  8.94556e-03
 85 -0.08873 -5.58946e+00 | 86 -0.56251  1.35395e-04 | 87 -0.00000 -7.71820e-10
 88  0.03392  2.69966e-06 | 89  0.00000  5.35756e-11 | 90 -0.56356  8.34699e-05
 91  0.00000  5.54583e-10 | 92  0.11107  1.50096e-06 | 93  0.00000  1.67771e-10
93 variables; iteration 60; function evaluation 80; phase 4
Function value 6.6368702e+03; maximum gradient component mag -3.6482e+00
Var    Value     Gradient |Var    Value     Gradient |Var    Value     Gradient
  1 -0.02991 -3.64821e+00 |  2 -0.01097  4.48642e-02 |  3 -0.01223 -1.13245e-02
  4 -0.01350 -1.39355e-02 |  5 -0.01480  2.37181e-02 |  6 -0.01624  6.99649e-02
  7 -0.01790  8.98912e-02 |  8 -0.01982  6.92309e-02 |  9 -0.02193  2.89734e-02
 10 -0.02414  9.45346e-03 | 11 -0.02640  2.91015e-02 | 12 -0.02874  5.95437e-02
 13 -0.03124  5.72091e-02 | 14 -0.03384  2.23303e-02 | 15 -0.03640  2.33683e-03
 16 -0.03881  2.34235e-02 | 17 -0.04110  5.22479e-02 | 18 -0.04326  4.49465e-02
 19 -0.04526  2.72518e-03 | 20 -0.04746 -3.24127e-02 | 21 -0.04887 -2.89457e-02
 22 -0.04997  7.23247e-03 | 23 -0.05053  4.59025e-02 | 24 -0.05050  6.40113e-02
 25 -0.05147  8.66344e-02 | 26 -0.05215 -2.75100e-02 | 27 -0.05127 -8.15294e-02
 28 -0.04685 -4.44806e-02 | 29 -0.03988  4.44920e-02 | 30 -0.02995  3.30709e-02
 31 -0.01341  3.72004e-02 | 32  0.01029 -1.35758e-02 | 33  0.04222 -1.38307e-01
 34  0.09250 -2.67629e-01 | 35  0.06494 -1.25729e-01 | 36  0.03075 -7.66934e-02
 37 -0.00849 -3.74846e-03 | 38 -0.04102 -8.07333e-02 | 39 -0.05849 -7.49582e-02
 40 -0.05058  1.10786e-02 | 41 -0.02576 -7.21939e-02 | 42 -0.02935 -5.32950e-02
 43  0.04451 -1.31393e-01 | 44  0.03988 -1.34028e-01 | 45 -0.03481 -8.43317e-03
 46 -0.04276 -6.06811e-02 | 47  0.01747 -9.26107e-02 | 48  0.02759 -2.74530e-02
 49  0.02456 -5.58159e-02 | 50  0.03960 -6.59268e-02 | 51  0.01401 -6.41881e-02
 52  0.01192 -1.20736e-02 | 53  0.03709 -2.15398e-02 | 54  0.03689  3.44329e-03
 55  0.05414  2.74328e-02 | 56  0.06442  1.39267e-02 | 57  0.08305  2.13933e-02
 58  0.06539  3.64502e-02 | 59  0.08217  4.02361e-02 | 60  0.07237  3.79715e-02
 61  0.09365  3.68219e-02 | 62  0.07566  3.04041e-02 | 63  0.08254  4.84375e-02
 64  0.05586  4.10946e-02 | 65  0.05373  2.48276e-02 | 66  0.04174  4.30333e-02
 67  0.01266  2.93691e-02 | 68 -0.01444  4.88808e-02 | 69 -0.01983  3.76155e-02
 70 -0.03568  2.14498e-02 | 71 -0.03043  9.60999e-02 | 72 -0.01882  2.22643e-02
 73 -0.02968  2.77507e-03 | 74  0.00709 -2.78350e-02 | 75  0.00000  0.00000e+00
 76  0.00000  0.00000e+00 | 77  0.00000  0.00000e+00 | 78  0.00000  0.00000e+00
 79  0.00000  0.00000e+00 | 80  0.00000  0.00000e+00 | 81  0.42367 -5.88074e-02
 82 -0.93393  5.24256e-06 | 83  0.46377  1.14308e-01 | 84 -0.98094 -1.14222e-02
 85 -0.08724 -8.20640e-02 | 86 -0.56272 -6.02070e-04 | 87 -0.00000 -7.62030e-10
 88  0.03391  8.78413e-06 | 89  0.00000  5.28960e-11 | 90 -0.56415 -2.39607e-03
 91  0.00000  5.47549e-10 | 92  0.11107  1.18374e-05 | 93  0.00000  1.65643e-10
93 variables; iteration 80; function evaluation 115; phase 4
Function value 6.6368701e+03; maximum gradient component mag 4.6294e-02
Var    Value     Gradient |Var    Value     Gradient |Var    Value     Gradient
  1 -0.02991  4.62939e-02 |  2 -0.01097 -6.27187e-04 |  3 -0.01210 -1.12327e-03
  4 -0.01336  2.09422e-04 |  5 -0.01476 -1.31633e-03 |  6 -0.01631 -7.27700e-04
  7 -0.01802 -3.44534e-04 |  8 -0.01989 -3.66573e-04 |  9 -0.02191 -1.32190e-03
 10 -0.02408  4.04799e-04 | 11 -0.02639 -6.33447e-04 | 12 -0.02880 -8.09391e-04
 13 -0.03129  6.58436e-05 | 14 -0.03383 -1.21633e-03 | 15 -0.03634 -4.68924e-04
 16 -0.03880 -5.40384e-04 | 17 -0.04115  3.79588e-04 | 18 -0.04330 -8.05206e-04
 19 -0.04522 -3.31476e-04 | 20 -0.04736 -6.38407e-04 | 21 -0.04877 -1.36806e-03
 22 -0.04995  1.65700e-04 | 23 -0.05058 -8.75131e-05 | 24 -0.05059 -1.27975e-04
 25 -0.05160  3.79388e-04 | 26 -0.05208 -5.99079e-04 | 27 -0.05110  9.47023e-04
 28 -0.04676  1.67324e-04 | 29 -0.03998 -3.19071e-04 | 30 -0.03007  6.31646e-04
 31 -0.01360  1.22128e-04 | 32  0.01012  6.69379e-04 | 33  0.04229  1.60629e-03
 34  0.09302  1.59337e-03 | 35  0.06470  2.39435e-03 | 36  0.03060  1.52499e-03
 37 -0.00866  1.04342e-03 | 38 -0.04095  9.38964e-04 | 39 -0.05841  5.91691e-04
 40 -0.05067  6.64429e-04 | 41 -0.02572  4.62561e-04 | 42 -0.02934  2.46200e-04
 43  0.04451  1.19590e-03 | 44  0.03991  1.40711e-03 | 45 -0.03484  5.50075e-04
 46 -0.04273  1.06051e-04 | 47  0.01747  1.00366e-03 | 48  0.02759  7.37172e-04
 49  0.02457  4.12812e-04 | 50  0.03960  6.24759e-05 | 51  0.01402 -2.71475e-04
 52  0.01192 -2.70931e-04 | 53  0.03710 -1.49013e-04 | 54  0.03689 -1.38370e-04
 55  0.05414 -8.33536e-05 | 56  0.06442  5.11530e-05 | 57  0.08305 -3.87695e-04
 58  0.06539 -5.60739e-04 | 59  0.08217 -2.36146e-04 | 60  0.07237 -6.08691e-04
 61  0.09366 -5.25643e-04 | 62  0.07567 -2.52152e-04 | 63  0.08254 -6.52450e-04
 64  0.05586 -5.97754e-04 | 65  0.05373 -4.48633e-04 | 66  0.04174 -6.22960e-04
 67  0.01266 -8.29418e-04 | 68 -0.01444 -7.49865e-04 | 69 -0.01983 -7.14241e-04
 70 -0.03567 -7.32389e-04 | 71 -0.03046 -4.67234e-04 | 72 -0.01882 -3.57535e-04
 73 -0.02968 -1.09671e-04 | 74  0.00711 -1.20846e-04 | 75  0.00000  0.00000e+00
 76  0.00000  0.00000e+00 | 77  0.00000  0.00000e+00 | 78  0.00000  0.00000e+00
 79  0.00000  0.00000e+00 | 80  0.00000  0.00000e+00 | 81  0.42367  4.83201e-04
 82 -0.93393 -3.64596e-08 | 83  0.46376 -1.05051e-03 | 84 -0.97970 -2.40316e-05
 85 -0.08723  1.73874e-04 | 86 -0.56257 -6.60477e-05 | 87 -0.00000 -7.44214e-10
 88  0.03390  4.58168e-06 | 89  0.00000  5.16593e-11 | 90 -0.56351  4.91457e-04
 91  0.00000  5.34747e-10 | 92  0.11104 -4.06114e-08 | 93  0.00000  1.61770e-10
  ic > imax  in fminim is answer attained ?
Var    Value     Gradient |Var    Value     Gradient |Var    Value     Gradient
  1 -0.02991  1.76523e-02 |  2 -0.01097 -2.44919e-04 |  3 -0.01210 -2.74158e-04
  4 -0.01336 -1.62384e-04 |  5 -0.01476 -2.43629e-04 |  6 -0.01631 -2.93643e-04
  7 -0.01802 -1.34957e-04 |  8 -0.01989 -3.50570e-04 |  9 -0.02191 -1.32435e-04
 10 -0.02408 -2.77013e-04 | 11 -0.02639 -2.19036e-05 | 12 -0.02880 -3.84762e-04
 13 -0.03129 -5.73463e-05 | 14 -0.03383 -4.74085e-04 | 15 -0.03634 -7.12558e-08
 16 -0.03880 -2.52960e-04 | 17 -0.04115  1.84476e-04 | 18 -0.04330 -2.45012e-04
 19 -0.04522 -5.14666e-05 | 20 -0.04736 -3.91359e-04 | 21 -0.04877  6.61393e-05
 22 -0.04995 -1.03988e-04 | 23 -0.05058 -5.30999e-05 | 24 -0.05059  1.11967e-05
 25 -0.05161 -1.38820e-04 | 26 -0.05208 -1.17737e-04 | 27 -0.05110  4.25057e-05
 28 -0.04676  1.09404e-04 | 29 -0.03998 -1.94591e-04 | 30 -0.03007  1.53322e-04
 31 -0.01360  1.30185e-04 | 32  0.01012  2.77817e-04 | 33  0.04229  6.51357e-04
 34  0.09302  6.78836e-04 | 35  0.06469  9.04029e-04 | 36  0.03060  5.56504e-04
 37 -0.00866  2.76966e-04 | 38 -0.04095  2.98582e-04 | 39 -0.05841  3.06647e-04
 40 -0.05067  2.15703e-04 | 41 -0.02572  2.22223e-04 | 42 -0.02934  1.13327e-04
 43  0.04451  4.58503e-04 | 44  0.03991  5.59021e-04 | 45 -0.03485  1.90618e-04
 46 -0.04273  6.66169e-05 | 47  0.01747  3.92340e-04 | 48  0.02759  2.61015e-04
 49  0.02457  1.60139e-04 | 50  0.03960  3.61029e-05 | 51  0.01402 -7.77773e-05
 52  0.01192 -1.05193e-04 | 53  0.03710 -5.42223e-05 | 54  0.03690 -5.04411e-05
 55  0.05414 -4.05051e-05 | 56  0.06442  2.01335e-05 | 57  0.08305 -1.51546e-04
 58  0.06539 -2.19489e-04 | 59  0.08217 -9.24136e-05 | 60  0.07237 -2.38139e-04
 61  0.09366 -2.00608e-04 | 62  0.07567 -9.14779e-05 | 63  0.08254 -2.60322e-04
 64  0.05586 -2.32073e-04 | 65  0.05373 -1.65323e-04 | 66  0.04174 -2.36171e-04
 67  0.01266 -3.07579e-04 | 68 -0.01444 -2.83819e-04 | 69 -0.01983 -2.63439e-04
 70 -0.03567 -2.73141e-04 | 71 -0.03046 -2.22114e-04 | 72 -0.01882 -1.44907e-04
 73 -0.02968 -4.37624e-05 | 74  0.00711 -3.64112e-05 | 75  0.00000  0.00000e+00
 76  0.00000  0.00000e+00 | 77  0.00000  0.00000e+00 | 78  0.00000  0.00000e+00
 79  0.00000  0.00000e+00 | 80  0.00000  0.00000e+00 | 81  0.42367  1.97687e-04
 82 -0.93393 -2.04583e-08 | 83  0.46376 -4.43736e-04 | 84 -0.97970  1.00825e-05
 85 -0.08723  9.94434e-05 | 86 -0.56254  9.90599e-06 | 87 -0.00000 -7.40150e-10
 88  0.03389  3.93154e-06 | 89  0.00000  5.13773e-11 | 90 -0.56355  1.67796e-04
 91  0.00000  5.31827e-10 | 92  0.11104  1.12214e-06 | 93  0.00000  1.60887e-10
Function minimizer not making progress ... is minimum attained?
Minimprove criterion = 0.0000e+00
Warning: the following parameters had issues
  selparm[2] is within 1% of lower bound: -6.0000e+00 < -5.9731e+00 < 4.0000e+00
  selparm[4] is within 0.1% of lower bound: -1.0000e+00 < -9.9746e-01 < 9.0000e+00


 - final statistics:
93 variables; iteration 82; function evaluation 147
Function value 6.6369e+03; maximum gradient component mag 1.7652e-02
Exit code = 1;  converg criter 1.0000e-04
Var    Value     Gradient |Var    Value     Gradient |Var    Value     Gradient
  1 -0.02991  1.76523e-02 |  2 -0.01097 -2.44919e-04 |  3 -0.01210 -2.74158e-04
  4 -0.01336 -1.62384e-04 |  5 -0.01476 -2.43629e-04 |  6 -0.01631 -2.93643e-04
  7 -0.01802 -1.34957e-04 |  8 -0.01989 -3.50570e-04 |  9 -0.02191 -1.32435e-04
 10 -0.02408 -2.77013e-04 | 11 -0.02639 -2.19036e-05 | 12 -0.02880 -3.84762e-04
 13 -0.03129 -5.73463e-05 | 14 -0.03383 -4.74085e-04 | 15 -0.03634 -7.12558e-08
 16 -0.03880 -2.52960e-04 | 17 -0.04115  1.84476e-04 | 18 -0.04330 -2.45012e-04
 19 -0.04522 -5.14666e-05 | 20 -0.04736 -3.91359e-04 | 21 -0.04877  6.61393e-05
 22 -0.04995 -1.03988e-04 | 23 -0.05058 -5.30999e-05 | 24 -0.05059  1.11967e-05
 25 -0.05161 -1.38820e-04 | 26 -0.05208 -1.17737e-04 | 27 -0.05110  4.25057e-05
 28 -0.04676  1.09404e-04 | 29 -0.03998 -1.94591e-04 | 30 -0.03007  1.53322e-04
 31 -0.01360  1.30185e-04 | 32  0.01012  2.77817e-04 | 33  0.04229  6.51357e-04
 34  0.09302  6.78836e-04 | 35  0.06469  9.04029e-04 | 36  0.03060  5.56504e-04
 37 -0.00866  2.76966e-04 | 38 -0.04095  2.98582e-04 | 39 -0.05841  3.06647e-04
 40 -0.05067  2.15703e-04 | 41 -0.02572  2.22223e-04 | 42 -0.02934  1.13327e-04
 43  0.04451  4.58503e-04 | 44  0.03991  5.59021e-04 | 45 -0.03485  1.90618e-04
 46 -0.04273  6.66169e-05 | 47  0.01747  3.92340e-04 | 48  0.02759  2.61015e-04
 49  0.02457  1.60139e-04 | 50  0.03960  3.61029e-05 | 51  0.01402 -7.77773e-05
 52  0.01192 -1.05193e-04 | 53  0.03710 -5.42223e-05 | 54  0.03690 -5.04411e-05
 55  0.05414 -4.05051e-05 | 56  0.06442  2.01335e-05 | 57  0.08305 -1.51546e-04
 58  0.06539 -2.19489e-04 | 59  0.08217 -9.24136e-05 | 60  0.07237 -2.38139e-04
 61  0.09366 -2.00608e-04 | 62  0.07567 -9.14779e-05 | 63  0.08254 -2.60322e-04
 64  0.05586 -2.32073e-04 | 65  0.05373 -1.65323e-04 | 66  0.04174 -2.36171e-04
 67  0.01266 -3.07579e-04 | 68 -0.01444 -2.83819e-04 | 69 -0.01983 -2.63439e-04
 70 -0.03567 -2.73141e-04 | 71 -0.03046 -2.22114e-04 | 72 -0.01882 -1.44907e-04
 73 -0.02968 -4.37624e-05 | 74  0.00711 -3.64112e-05 | 75  0.00000  0.00000e+00
 76  0.00000  0.00000e+00 | 77  0.00000  0.00000e+00 | 78  0.00000  0.00000e+00
 79  0.00000  0.00000e+00 | 80  0.00000  0.00000e+00 | 81  0.42367  1.97687e-04
 82 -0.93393 -2.04583e-08 | 83  0.46376 -4.43736e-04 | 84 -0.97970  1.00825e-05
 85 -0.08723  9.94434e-05 | 86 -0.56254  9.90599e-06 | 87 -0.00000 -7.40150e-10
 88  0.03389  3.93154e-06 | 89  0.00000  5.13773e-11 | 90 -0.56355  1.67796e-04
 91  0.00000  5.31827e-10 | 92  0.11104  1.12214e-06 | 93  0.00000  1.60887e-10
Estimating row 1 out of 93 for hessian
Estimating row 2 out of 93 for hessian
Estimating row 3 out of 93 for hessian
Estimating row 4 out of 93 for hessian
Estimating row 5 out of 93 for hessian
Estimating row 6 out of 93 for hessian
Estimating row 7 out of 93 for hessian
Estimating row 8 out of 93 for hessian
Estimating row 9 out of 93 for hessian
Estimating row 10 out of 93 for hessian
Estimating row 11 out of 93 for hessian
Estimating row 12 out of 93 for hessian
Estimating row 13 out of 93 for hessian
Estimating row 14 out of 93 for hessian
Estimating row 15 out of 93 for hessian
Estimating row 16 out of 93 for hessian
Estimating row 17 out of 93 for hessian
Estimating row 18 out of 93 for hessian
Estimating row 19 out of 93 for hessian
Estimating row 20 out of 93 for hessian
Estimating row 21 out of 93 for hessian
Estimating row 22 out of 93 for hessian
Estimating row 23 out of 93 for hessian
Estimating row 24 out of 93 for hessian
Estimating row 25 out of 93 for hessian
Estimating row 26 out of 93 for hessian
Estimating row 27 out of 93 for hessian
Estimating row 28 out of 93 for hessian
Estimating row 29 out of 93 for hessian
Estimating row 30 out of 93 for hessian
Estimating row 31 out of 93 for hessian
Estimating row 32 out of 93 for hessian
Estimating row 33 out of 93 for hessian
Estimating row 34 out of 93 for hessian
Estimating row 35 out of 93 for hessian
Estimating row 36 out of 93 for hessian
Estimating row 37 out of 93 for hessian
Estimating row 38 out of 93 for hessian
Estimating row 39 out of 93 for hessian
Estimating row 40 out of 93 for hessian
Estimating row 41 out of 93 for hessian
Estimating row 42 out of 93 for hessian
Estimating row 43 out of 93 for hessian
Estimating row 44 out of 93 for hessian
Estimating row 45 out of 93 for hessian
Estimating row 46 out of 93 for hessian
Estimating row 47 out of 93 for hessian
Estimating row 48 out of 93 for hessian
Estimating row 49 out of 93 for hessian
Estimating row 50 out of 93 for hessian
Estimating row 51 out of 93 for hessian
Estimating row 52 out of 93 for hessian
Estimating row 53 out of 93 for hessian
Estimating row 54 out of 93 for hessian
Estimating row 55 out of 93 for hessian
Estimating row 56 out of 93 for hessian
Estimating row 57 out of 93 for hessian
Estimating row 58 out of 93 for hessian
Estimating row 59 out of 93 for hessian
Estimating row 60 out of 93 for hessian
Estimating row 61 out of 93 for hessian
Estimating row 62 out of 93 for hessian
Estimating row 63 out of 93 for hessian
Estimating row 64 out of 93 for hessian
Estimating row 65 out of 93 for hessian
Estimating row 66 out of 93 for hessian
Estimating row 67 out of 93 for hessian
Estimating row 68 out of 93 for hessian
Estimating row 69 out of 93 for hessian
Estimating row 70 out of 93 for hessian
Estimating row 71 out of 93 for hessian
Estimating row 72 out of 93 for hessian
Estimating row 73 out of 93 for hessian
Estimating row 74 out of 93 for hessian
Estimating row 75 out of 93 for hessian
Estimating row 76 out of 93 for hessian
Estimating row 77 out of 93 for hessian
Estimating row 78 out of 93 for hessian
Estimating row 79 out of 93 for hessian
Estimating row 80 out of 93 for hessian
Estimating row 81 out of 93 for hessian
Estimating row 82 out of 93 for hessian
Estimating row 83 out of 93 for hessian
Estimating row 84 out of 93 for hessian
Estimating row 85 out of 93 for hessian
Estimating row 86 out of 93 for hessian
Estimating row 87 out of 93 for hessian
Estimating row 88 out of 93 for hessian
Estimating row 89 out of 93 for hessian
Estimating row 90 out of 93 for hessian
Estimating row 91 out of 93 for hessian
Estimating row 92 out of 93 for hessian
Estimating row 93 out of 93 for hessian
size of file gradfil1.tmp = 0
size of file gradfil2.tmp = 0
size of file varssave.tmp = 0
size of file cmpdiff.tmp = 0
