
Initial statistics: 1 variables; iteration 0; function evaluation 0; phase 1
Function value 2.5482363e+03; maximum gradient component mag 3.0834e+04
Var    Value     Gradient |Var    Value     Gradient |Var    Value     Gradient
  1  0.01505  3.08338e+04 |

 - final statistics:
1 variables; iteration 4; function evaluation 8
Function value 2.1282e+03; maximum gradient component mag 4.2747e+00
Exit code = 1;  converg criter 1.0000e+01
Var    Value     Gradient |Var    Value     Gradient |Var    Value     Gradient
  1 -0.01094  4.27472e+00 |

Initial statistics: 79 variables; iteration 0; function evaluation 0; phase 2
Function value 2.1282082e+03; maximum gradient component mag 2.9401e+03
Var    Value     Gradient |Var    Value     Gradient |Var    Value     Gradient
  1 -0.01094  4.27472e+00 |  2  0.00156  2.82029e+01 |  3 -0.00224  2.95175e+01
  4  0.00449  3.79651e+01 |  5  0.00035  3.99316e+01 |  6  0.00443  4.82400e+01
  7  0.00303  5.33346e+01 |  8 -0.00376  5.46172e+01 |  9 -0.00232  6.32479e+01
 10  0.00385  7.74946e+01 | 11  0.00084  8.40614e+01 | 12  0.00189  9.56677e+01
 13  0.00465  1.10529e+02 | 14 -0.00505  1.10714e+02 | 15  0.00201  1.33275e+02
 16  0.00121  1.46519e+02 | 17  0.00359  1.65839e+02 | 18 -0.00444  1.68220e+02
 19  0.00404  2.00374e+02 | 20  0.00362  2.17920e+02 | 21 -0.00005  2.27976e+02
 22 -0.00163  2.43120e+02 | 23  0.00363  2.76010e+02 | 24  0.00039  2.89512e+02
 25 -0.00520  2.99472e+02 | 26 -0.00275  3.31039e+02 | 27 -0.00428  3.48851e+02
 28  0.00211  3.87331e+02 | 29  0.00028  3.96434e+02 | 30  0.00066  4.10526e+02
 31  0.00295  4.22410e+02 | 32 -0.00348  3.97086e+02 | 33 -0.00327  3.94270e+02
 34 -0.00013  3.99793e+02 | 35 -0.00433  3.89035e+02 | 36 -0.00251  4.00722e+02
 37 -0.00531  4.04964e+02 | 38  0.00152  4.46347e+02 | 39 -0.00441  4.36915e+02
 40  0.00212  4.72656e+02 | 41  0.00228  4.76183e+02 | 42  0.00219  4.71019e+02
 43 -0.00124  4.42950e+02 | 44  0.00236  4.38656e+02 | 45  0.00450  4.23613e+02
 46  0.00097  3.64876e+02 | 47  0.00104  2.97344e+02 | 48 -0.00454  2.00776e+02
 49 -0.00209  8.91694e+01 | 50  0.00055 -3.82599e+01 | 51  0.00189 -2.10689e+02
 52  0.00267 -3.10084e+02 | 53  0.00093 -4.20436e+02 | 54  0.00125 -4.94711e+02
 55 -0.00255 -6.03913e+02 | 56 -0.00061 -7.40132e+02 | 57  0.00048 -9.21947e+02
 58 -0.00536 -1.02509e+03 | 59 -0.00140 -1.13883e+03 | 60  0.00283 -1.25345e+03
 61 -0.00382 -1.19548e+03 | 62 -0.00323 -1.09941e+03 | 63  0.00131 -9.95991e+02
 64  0.00119 -8.28492e+02 | 65 -0.00355 -6.08756e+02 | 66 -0.00279 -4.18190e+02
 67  0.00432 -1.98274e+02 | 68  0.00074 -4.74999e+01 | 69 -0.00041  8.48149e+00
 70  0.00201  9.64094e+01 | 71  0.30105 -2.14025e+02 | 72 -0.99503 -2.15299e-01
 73 -0.04879  1.80141e+02 | 74  0.07552  5.78577e+01 | 75 -0.64846 -8.02524e+00
 76 -0.10996  2.80809e+02 | 77 -0.06829  2.94011e+03 | 78 -0.99752 -6.90131e-01
 79  0.14520  1.56859e+02 |

Intermediate statistics: 79 variables; iteration 20; function evaluation 29; phase 2
Function value 1.5547238e+03; maximum gradient component mag 1.6311e+03
Var    Value     Gradient |Var    Value     Gradient |Var    Value     Gradient
  1 -0.05537  1.63114e+03 |  2 -0.01222 -2.29960e+01 |  3 -0.01087 -2.24320e+01
  4 -0.02060 -2.61520e+01 |  5 -0.01941 -2.56422e+01 |  6 -0.02716 -2.85838e+01
  7 -0.02948 -2.94192e+01 |  8 -0.02630 -2.81167e+01 |  9 -0.03231 -3.03620e+01
 10 -0.04401 -3.47888e+01 | 11 -0.04577 -3.53728e+01 | 12 -0.05230 -3.77813e+01
 13 -0.06090 -4.09684e+01 | 14 -0.05504 -3.85992e+01 | 15 -0.06834 -4.35747e+01
 16 -0.07225 -4.49392e+01 | 17 -0.07937 -4.75170e+01 | 18 -0.07415 -4.53989e+01
 19 -0.08630 -4.99017e+01 | 20 -0.08796 -5.04069e+01 | 21 -0.08419 -4.88742e+01
 22 -0.08138 -4.76937e+01 | 23 -0.08225 -4.79283e+01 | 24 -0.07357 -4.44781e+01
 25 -0.06276 -4.00173e+01 | 26 -0.04820 -3.38620e+01 | 27 -0.02365 -2.31965e+01
 28  0.02126 -2.94043e+00 | 29  0.05934  1.67297e+01 | 30  0.08973  3.67646e+01
 31  0.10623  5.09836e+01 | 32  0.09726  4.91046e+01 | 33  0.08672  4.42375e+01
 34  0.07574  3.94073e+01 | 35  0.06708  3.27997e+01 | 36  0.06349  3.18752e+01
 37  0.04677  2.66012e+01 | 38  0.02929  2.27417e+01 | 39  0.00391  1.21062e+01
 40 -0.00897  6.09677e+00 | 41 -0.01952  8.89856e-02 | 42 -0.02037 -2.39031e+00
 43 -0.01080 -1.22927e+00 | 44 -0.00096  3.68180e+00 | 45  0.00135  1.20368e+01
 46  0.02563  2.94311e+01 | 47  0.05530  5.22433e+01 | 48  0.05677  6.57203e+01
 49  0.05746  6.81850e+01 | 50  0.05082  7.77460e+01 | 51  0.06698  8.44426e+01
 52  0.08935  1.43455e+02 | 53  0.09035  1.03042e+02 | 54 -0.03104  1.11417e+01
 55  0.15095  3.07661e+02 | 56 -0.28091 -1.33608e+02 | 57  0.15299  1.70836e+02
 58  0.13696  5.21618e+00 | 59 -0.14190 -1.02783e+02 | 60  0.06453 -1.17233e+02
 61  0.17195  8.41635e+01 | 62  0.09397  7.05661e+01 | 63  0.09677  8.53490e+01
 64  0.05901  6.41548e+01 | 65  0.06974  1.17680e+02 | 66  0.16150  2.78668e+02
 67 -0.36098 -1.24373e+02 | 68 -0.11202 -5.13475e+01 | 69  0.13993  1.96264e+02
 70 -0.16697 -7.83841e+01 | 71  0.33472  2.05565e+02 | 72 -0.99039 -2.35228e-01
 73 -0.57223 -1.24690e+02 | 74  0.20075 -7.83495e+02 | 75 -0.25084 -2.70005e+01
 76 -0.65706 -2.71712e+01 | 77 -0.12089  1.40268e+03 | 78 -0.99297 -7.16048e-01
 79  1.03902 -7.53261e-02 |
79 variables; iteration 40; function evaluation 61; phase 2
Function value 1.4146480e+03; maximum gradient component mag 3.7522e+03
Var    Value     Gradient |Var    Value     Gradient |Var    Value     Gradient
  1 -0.04462  3.75218e+03 |  2 -0.00704 -4.10100e+01 |  3 -0.00081 -3.75445e+01
  4 -0.01235 -4.17175e+01 |  5 -0.00608 -3.79706e+01 |  6 -0.01030 -3.87609e+01
  7 -0.00751 -3.62094e+01 |  8 -0.00114 -3.16867e+01 |  9 -0.00185 -3.02969e+01
 10 -0.00321 -2.90398e+01 | 11 -0.00234 -2.64216e+01 | 12 -0.00352 -2.46707e+01
 13 -0.00674 -2.39037e+01 | 14 -0.01060 -2.34231e+01 | 15 -0.01917 -2.56882e+01
 16 -0.02845 -2.84735e+01 | 17 -0.04215 -3.40107e+01 | 18 -0.04776 -3.50636e+01
 19 -0.06898 -4.54238e+01 | 20 -0.07817 -4.88975e+01 | 21 -0.08270 -5.02266e+01
 22 -0.09241 -5.45975e+01 | 23 -0.12366 -7.02653e+01 | 24 -0.14328 -7.93533e+01
 25 -0.14356 -7.88318e+01 | 26 -0.11476 -6.39075e+01 | 27 -0.06235 -3.28979e+01
 28  0.03815  4.47716e+01 | 29  0.07435  7.92321e+01 | 30  0.10254  1.10489e+02
 31  0.08728  8.49197e+01 | 32  0.02498  1.87305e+01 | 33 -0.00941 -1.09964e+01
 34 -0.00622 -1.20100e+01 | 35  0.02581  1.22027e+01 | 36  0.07241  5.58066e+01
 37  0.05825  5.59423e+01 | 38  0.04087  5.48609e+01 | 39  0.03350  6.11263e+01
 40  0.00465  3.84663e+01 | 41 -0.03228  7.05021e+00 | 42 -0.04198 -1.87250e+00
 43 -0.00542  2.65237e+01 | 44  0.01231  3.97249e+01 | 45  0.01805  4.55959e+01
 46  0.01788  3.38610e+01 | 47  0.02370  2.12601e+01 | 48  0.01491  6.58197e+00
 49  0.06072  3.48051e+01 | 50  0.04899  4.26733e+01 | 51  0.01344  3.31085e+01
 52  0.09906  2.32485e+02 | 53  0.07490  1.41376e+02 | 54 -0.02232  2.68260e+01
 55  0.12841  2.99456e+02 | 56 -0.08497 -4.76217e+01 | 57  0.10311  1.63642e+02
 58  0.15558  2.17707e+02 | 59 -0.27412 -1.40527e+02 | 60  0.11409  7.57113e+01
 61  0.11563  1.50280e+02 | 62  0.14105  2.13480e+02 | 63  0.05816  4.24945e+01
 64  0.05026 -1.34542e+01 | 65 -0.00325 -4.69294e+01 | 66  0.13613  2.26302e+01
 67 -0.22257 -1.22616e+02 | 68 -0.09900 -9.32370e+01 | 69  0.07841  2.63309e-01
 70 -0.06631 -5.97444e+01 | 71  0.32290 -1.05347e+02 | 72 -0.86259 -6.98152e-01
 73 -0.35003  5.72756e+01 | 74  0.20240 -7.76650e+02 | 75 -0.26418 -8.43058e+01
 76 -0.74768 -1.71841e+01 | 77 -0.15029 -6.84268e+01 | 78 -0.24847 -5.15256e+01
 79  0.84347  1.42349e-01 |
79 variables; iteration 60; function evaluation 91; phase 2
Function value 1.3444871e+03; maximum gradient component mag 1.1082e+03
Var    Value     Gradient |Var    Value     Gradient |Var    Value     Gradient
  1 -0.03201  1.10823e+03 |  2  0.00536 -7.39279e+00 |  3 -0.01200 -1.41199e+01
  4 -0.00550 -1.04876e+01 |  5 -0.00667 -1.00613e+01 |  6 -0.00385 -7.70817e+00
  7 -0.00352 -6.30466e+00 |  8 -0.00818 -7.09635e+00 |  9 -0.00198 -2.51684e+00
 10  0.00673  3.74842e+00 | 11 -0.00195  1.37704e+00 | 12 -0.01667 -4.17753e+00
 13 -0.02988 -8.99800e+00 | 14 -0.02534 -4.40641e+00 | 15 -0.02330 -8.99668e-01
 16 -0.02329  1.63406e+00 | 17 -0.02525  3.05551e+00 | 18 -0.04301 -5.19819e+00
 19 -0.04186 -2.38841e+00 | 20 -0.05241 -6.70051e+00 | 21 -0.05161 -4.56839e+00
 22 -0.04179  3.33141e+00 | 23 -0.04982 -4.33101e-01 | 24 -0.05121 -1.67472e-01
 25 -0.05013  2.31636e+00 | 26 -0.06296 -4.79689e+00 | 27 -0.05870 -1.44712e+00
 28 -0.03108  1.64329e+01 | 29 -0.03388  1.18656e+01 | 30  0.00121  3.36932e+01
 31 -0.01552  1.47567e+01 | 32 -0.01878  5.31484e+00 | 33  0.00189  1.07448e+01
 34  0.03449  2.23614e+01 | 35  0.04819  3.17980e+01 | 36  0.08640  6.08516e+01
 37  0.05038  4.77250e+01 | 38  0.01761  3.71192e+01 | 39 -0.01547  2.22631e+01
 40 -0.01653  2.54498e+01 | 41 -0.05589 -1.21910e+00 | 42 -0.03567  9.72678e+00
 43 -0.02873  7.68200e+00 | 44 -0.01567  1.06713e+01 | 45 -0.00739  1.60420e+01
 46  0.00148  1.31985e+01 | 47  0.01810  1.00351e+01 | 48  0.01369  5.38957e+00
 49  0.07174  2.34931e+01 | 50  0.03769 -6.87996e-01 | 51 -0.01238 -3.22913e+01
 52  0.05266  1.57518e+01 | 53  0.07418  1.40233e+01 | 54 -0.06754 -4.21823e+01
 55  0.10111  5.43388e+01 | 56 -0.01491 -2.38140e+01 | 57  0.04723 -2.27285e+01
 58  0.13308  1.18789e+01 | 59 -0.12187 -7.57335e+01 | 60  0.11837  1.22423e+01
 61  0.08902  7.00065e+00 | 62  0.11360 -5.54226e+00 | 63  0.01318 -6.22340e+01
 64  0.04937 -8.07794e+01 | 65  0.02389 -5.86682e+01 | 66  0.07547 -2.50381e+01
 67 -0.05054 -2.68422e+01 | 68 -0.04606 -1.23431e+01 | 69  0.04412  5.31694e+01
 70 -0.04664  4.18998e+00 | 71  0.33143 -8.10704e+01 | 72 -0.86599  1.73589e-01
 73 -0.37732 -1.36760e+01 | 74  0.20465 -7.16151e+01 | 75 -0.26458 -3.67848e+01
 76 -0.40319  2.48095e+01 | 77 -0.17094 -1.21243e+02 | 78 -0.24914 -5.42253e+00
 79  0.45245  9.69270e-01 |
Maximum number of function evaluations exceeded

 - final statistics:
79 variables; iteration 65; function evaluation 100
Function value 1.3398e+03; maximum gradient component mag -4.0286e+02
Exit code = 3;  converg criter 1.0000e+01
Var    Value     Gradient |Var    Value     Gradient |Var    Value     Gradient
  1 -0.03256 -4.02863e+02 |  2 -0.02417 -1.77676e+00 |  3 -0.00157  8.26020e+00
  4 -0.00767  6.33406e+00 |  5 -0.00051  1.02095e+01 |  6 -0.00620  8.60328e+00
  7 -0.00536  9.97552e+00 |  8 -0.00447  1.15250e+01 |  9 -0.01405  8.35677e+00
 10 -0.01455  9.47000e+00 | 11 -0.01433  1.10842e+01 | 12 -0.01357  1.31254e+01
 13 -0.01931  1.20111e+01 | 14 -0.02423  1.13178e+01 | 15 -0.02742  1.15367e+01
 16 -0.03001  1.20900e+01 | 17 -0.03267  1.25875e+01 | 18 -0.03575  1.27298e+01
 19 -0.03694  1.37818e+01 | 20 -0.04009  1.37036e+01 | 21 -0.04616  1.14684e+01
 22 -0.05678  6.44074e+00 | 23 -0.04808  1.24464e+01 | 24 -0.05094  1.14169e+01
 25 -0.04575  1.56993e+01 | 26 -0.03245  2.48992e+01 | 27 -0.06351  5.56832e+00
 28 -0.04261  1.61266e+01 | 29 -0.02891  2.08931e+01 | 30 -0.01094  2.61113e+01
 31 -0.00839  1.86688e+01 | 32 -0.00469  1.02015e+01 | 33  0.00909  5.68764e+00
 34  0.03219  3.08156e+00 | 35  0.04631  4.98011e+00 | 36  0.08343  1.43213e+01
 37  0.04099  1.15805e+01 | 38  0.01254  1.17367e+01 | 39 -0.01443  8.02710e+00
 40 -0.03182  2.80853e+00 | 41 -0.04511 -2.71167e+00 | 42 -0.03823 -2.51203e+00
 43 -0.01930 -1.22447e+00 | 44 -0.00932 -3.01978e+00 | 45 -0.01797 -5.93847e+00
 46  0.00407 -6.52627e+00 | 47  0.02372 -1.48192e+01 | 48  0.01167 -1.97279e+01
 49  0.06906 -2.70250e+01 | 50  0.03617 -3.38133e+01 | 51 -0.00567 -4.78614e+01
 52  0.04777 -3.35837e+01 | 53  0.06854 -4.96427e+01 | 54 -0.05888 -4.61507e+01
 55  0.09726 -8.05958e+00 | 56 -0.01380 -3.20744e+01 | 57  0.04879 -4.31072e+01
 58  0.13173 -4.33015e+01 | 59 -0.09726 -6.27915e+01 | 60  0.10997 -4.44614e+01
 61  0.08880 -2.28467e+01 | 62  0.10863 -1.05886e+01 | 63  0.01083 -3.09609e+01
 64  0.07096 -1.43412e+01 | 65  0.04126 -3.25520e+00 | 66  0.06343  6.30095e-01
 67 -0.05457 -1.64292e+01 | 68 -0.04449 -5.54728e+00 | 69  0.03778  3.66984e+01
 70 -0.05844  3.43953e+00 | 71  0.33128 -1.34994e+02 | 72 -0.93848  1.17168e-01
 73 -0.35701  3.87075e+00 | 74  0.20402 -1.81769e+02 | 75 -0.24791  8.35863e+00
 76 -0.42500  4.25645e+00 | 77 -0.17526 -1.25105e+02 | 78 -0.25126 -1.14055e+00
 79  0.44679 -4.14461e-01 |

Initial statistics: 90 variables; iteration 0; function evaluation 0; phase 3
Function value 1.3398222e+03; maximum gradient component mag -4.0286e+02
Var    Value     Gradient |Var    Value     Gradient |Var    Value     Gradient
  1  0.57118 -2.28272e+02 |  2 -0.63281 -3.90385e+02 |  3 -0.03256 -4.02863e+02
  4 -0.02405  5.07775e-01 |  5 -0.00144  1.05464e+01 |  6 -0.00755  8.62009e+00
  7 -0.00039  1.24957e+01 |  8 -0.00607  1.08894e+01 |  9 -0.00524  1.22616e+01
 10 -0.00434  1.38112e+01 | 11 -0.01392  1.06424e+01 | 12 -0.01443  1.17556e+01
 13 -0.01420  1.33698e+01 | 14 -0.01344  1.54112e+01 | 15 -0.01918  1.42963e+01
 16 -0.02410  1.36024e+01 | 17 -0.02730  1.38208e+01 | 18 -0.02988  1.43738e+01
 19 -0.03254  1.48708e+01 | 20 -0.03562  1.50126e+01 | 21 -0.03682  1.60643e+01
 22 -0.03996  1.59854e+01 | 23 -0.04603  1.37488e+01 | 24 -0.05666  8.71799e+00
 25 -0.04795  1.47263e+01 | 26 -0.05081  1.36960e+01 | 27 -0.04562  1.79799e+01
 28 -0.03232  2.71827e+01 | 29 -0.06338  7.84329e+00 | 30 -0.04248  1.84080e+01
 31 -0.02878  2.31771e+01 | 32 -0.01081  2.83972e+01 | 33 -0.00827  2.09549e+01
 34 -0.00456  1.24876e+01 | 35  0.00922  7.97356e+00 | 36  0.03232  5.36476e+00
 37  0.04643  7.26013e+00 | 38  0.08356  1.65874e+01 | 39  0.04112  1.38618e+01
 40  0.01267  1.40224e+01 | 41 -0.01430  1.03127e+01 | 42 -0.03169  5.09190e+00
 43 -0.04498 -4.31229e-01 | 44 -0.03810 -2.29976e-01 | 45 -0.01918  1.06067e+00
 46 -0.00919 -7.33842e-01 | 47 -0.01784 -3.65322e+00 | 48  0.00420 -4.24013e+00
 49  0.02385 -1.25345e+01 | 50  0.01180 -1.74420e+01 | 51  0.06919 -2.47517e+01
 52  0.03630 -3.15304e+01 | 53 -0.00554 -4.55754e+01 | 54  0.04790 -3.13035e+01
 55  0.06867 -4.73688e+01 | 56 -0.05875 -4.38751e+01 | 57  0.09739 -5.79985e+00
 58 -0.01367 -2.97889e+01 | 59  0.04892 -4.08271e+01 | 60  0.13186 -4.10623e+01
 61 -0.09713 -6.05339e+01 | 62  0.11010 -4.22078e+01 | 63  0.08893 -2.05821e+01
 64  0.10876 -8.33533e+00 | 65  0.01096 -2.86749e+01 | 66  0.07109 -1.20689e+01
 67  0.04139 -9.73806e-01 | 68  0.06356  2.90488e+00 | 69 -0.05445 -1.41517e+01
 70 -0.04436 -3.26673e+00 | 71  0.03790  3.89801e+01 | 72 -0.05831  5.71619e+00
 73  0.33128 -1.34994e+02 | 74 -0.03550  5.88275e+01 | 75  0.45607  2.88104e+02
 76 -0.61791  3.99766e+00 | 77 -0.93848  1.17168e-01 | 78 -0.35701  3.87075e+00
 79  0.20402 -1.81769e+02 | 80  0.10319 -2.62038e+02 | 81  0.46978  1.68551e+01
 82 -0.58597 -1.10819e+01 | 83 -0.24791  8.35863e+00 | 84 -0.42500  4.25645e+00
 85 -0.17526 -1.25105e+02 | 86 -0.02702 -1.52597e+00 | 87  0.32336  6.72880e+00
 88 -0.50971 -4.45024e-02 | 89 -0.25126 -1.14055e+00 | 90  0.44679 -4.14461e-01

Intermediate statistics: 90 variables; iteration 20; function evaluation 26; phase 3
Function value 1.2676874e+03; maximum gradient component mag 1.8907e+03
Var    Value     Gradient |Var    Value     Gradient |Var    Value     Gradient
  1  0.52747 -1.49628e+02 |  2 -0.41930 -1.71383e+02 |  3 -0.02919  1.89067e+03
  4 -0.00945 -2.12503e+01 |  5 -0.00532 -1.91445e+01 |  6 -0.00764 -1.96342e+01
  7 -0.00690 -1.87928e+01 |  8 -0.00939 -1.92364e+01 |  9 -0.01036 -1.89730e+01
 10 -0.01140 -1.86589e+01 | 11 -0.01540 -1.95520e+01 | 12 -0.01711 -1.93726e+01
 13 -0.01872 -1.90633e+01 | 14 -0.02024 -1.86373e+01 | 15 -0.02378 -1.90742e+01
 16 -0.02718 -1.94113e+01 | 17 -0.03015 -1.95149e+01 | 18 -0.03302 -1.95461e+01
 19 -0.03595 -1.96155e+01 | 20 -0.03896 -1.97999e+01 | 21 -0.04128 -1.97539e+01
 22 -0.04440 -2.00778e+01 | 23 -0.04800 -2.09719e+01 | 24 -0.05272 -2.25738e+01
 25 -0.05154 -2.13288e+01 | 26 -0.05312 -2.18522e+01 | 27 -0.05299 -2.11476e+01
 28 -0.04985 -1.91758e+01 | 29 -0.05952 -2.48223e+01 | 30 -0.05166 -2.28595e+01
 31 -0.04415 -2.25244e+01 | 32 -0.03388 -2.26470e+01 | 33 -0.02476 -2.61455e+01
 34 -0.01109 -2.99821e+01 | 35  0.01195 -3.24785e+01 | 36  0.05535 -3.33022e+01
 37  0.07592 -3.15391e+01 | 38  0.03527 -3.25200e+01 | 39  0.02752 -2.44901e+01
 40  0.00513 -1.90854e+01 | 41 -0.01479 -1.65154e+01 | 42 -0.02668 -1.56462e+01
 43 -0.03461 -1.49772e+01 | 44 -0.03494 -1.34387e+01 | 45 -0.03150 -1.21557e+01
 46 -0.02570 -8.65321e+00 | 47 -0.01737  6.67160e-02 | 48  0.00150  1.10496e+01
 49  0.02088  2.19240e+01 | 50  0.02646  3.11379e+01 | 51  0.05566  5.19300e+01
 52  0.02975  4.34262e+01 | 53  0.02139  4.21983e+01 | 54  0.05654  1.04278e+02
 55  0.06747  1.22192e+02 | 56 -0.01005  3.93700e+01 | 57  0.08002  1.41422e+02
 58  0.00271  3.58606e+01 | 59  0.04969  5.74240e+01 | 60  0.11018  1.27332e+02
 61  0.02254  2.77527e+01 | 62  0.09986  7.87883e+01 | 63  0.07902  3.51221e+01
 64  0.08312  3.80420e+01 | 65  0.03968  2.50459e+01 | 66  0.07181  8.80022e+01
 67  0.05622  9.92804e+01 | 68  0.05258  8.63571e+01 | 69 -0.02835  2.46560e+01
 70 -0.03491  1.47413e+01 | 71  0.03179  4.86836e+01 | 72 -0.04118  3.18746e+00
 73  0.36237  7.13473e+01 | 74 -0.08123  1.27316e+02 | 75  0.47991  2.88151e+02
 76 -0.58515  1.02581e+01 | 77 -0.86962  1.14184e+00 | 78 -0.39394 -2.34799e+00
 79  0.17715  2.84950e+02 | 80  0.12361  5.27716e+02 | 81  0.20188 -1.22443e+01
 82 -0.51920  1.58978e+01 | 83 -0.18466  2.70090e+00 | 84 -0.56250 -2.51969e+00
 85 -0.05163 -5.18532e+01 | 86  0.23630  1.54373e+01 | 87  0.47513  1.58241e+01
 88 -0.50234  5.52963e-01 | 89 -0.26839  9.15530e+00 | 90  0.28031  2.44100e+01
90 variables; iteration 40; function evaluation 68; phase 3
Function value 1.1056081e+03; maximum gradient component mag 1.1223e+03
Var    Value     Gradient |Var    Value     Gradient |Var    Value     Gradient
  1  0.90228 -2.57357e+01 |  2 -0.29759 -3.71449e+02 |  3 -0.03289  8.54535e+02
  4 -0.00388 -2.03376e+01 |  5 -0.00698 -2.18348e+01 |  6 -0.00718 -2.23300e+01
  7 -0.00968 -2.36934e+01 |  8 -0.01006 -2.43629e+01 |  9 -0.01206 -2.56632e+01
 10 -0.01459 -2.72063e+01 | 11 -0.01354 -2.76086e+01 | 12 -0.01586 -2.92307e+01
 13 -0.01909 -3.12153e+01 | 14 -0.02339 -3.35934e+01 | 15 -0.02347 -3.46960e+01
 16 -0.02375 -3.59502e+01 | 17 -0.02534 -3.76588e+01 | 18 -0.02749 -3.95683e+01
 19 -0.02945 -4.14458e+01 | 20 -0.03050 -4.30441e+01 | 21 -0.03381 -4.51708e+01
 22 -0.03501 -4.68956e+01 | 23 -0.03068 -4.70237e+01 | 24 -0.01933 -4.57369e+01
 25 -0.03585 -5.03076e+01 | 26 -0.03359 -5.06383e+01 | 27 -0.04762 -5.52680e+01
 28 -0.07792 -6.35727e+01 | 29 -0.02813 -5.55378e+01 | 30 -0.06228 -6.24131e+01
 31 -0.07673 -6.60273e+01 | 32 -0.08740 -6.93688e+01 | 33 -0.06492 -6.48615e+01
 34  0.03837 -5.17410e+01 | 35 -0.05349 -5.73808e+01 | 36 -0.12284 -7.00872e+01
 37  0.06620 -4.50926e+00 | 38  0.14290  6.34368e+01 | 39  0.14045  1.02660e+02
 40  0.04265  5.24263e+01 | 41 -0.01093  2.54895e+01 | 42 -0.00224  3.72706e+01
 43  0.00715  4.69563e+01 | 44 -0.00779  3.20772e+01 | 45 -0.05361 -4.35151e+00
 46 -0.07687 -2.04152e+01 | 47 -0.03866  1.51643e+00 | 48 -0.01520  1.02030e+01
 49  0.05990  4.87709e+01 | 50  0.08696  5.31924e+01 | 51 -0.02502 -2.86814e+01
 52  0.04284 -7.75186e+00 | 53  0.01201 -1.13838e+01 | 54  0.07073  9.27445e+01
 55  0.05701  1.29920e+02 | 56  0.11974  3.00546e+02 | 57 -0.01747  1.46595e+01
 58  0.01949  2.82386e+01 | 59 -0.02039  6.37938e-01 | 60  0.18799  3.32980e+02
 61  0.03204  2.63548e+01 | 62 -0.01458 -4.00399e+01 | 63  0.08712  9.12189e+00
 64  0.14973  9.41078e+01 | 65  0.05362  2.80842e+01 | 66  0.07092  1.70181e+01
 67 -0.01716 -2.74465e+01 | 68  0.09916  1.70106e+01 | 69 -0.08647 -4.79453e+01
 70 -0.04064 -3.98053e+01 | 71  0.01764 -5.53906e+01 | 72 -0.07537 -5.66630e+01
 73  0.33339  2.38298e+02 | 74 -0.08891  9.94809e+01 | 75  0.38129 -7.80683e+01
 76 -0.17113  1.54693e+01 | 77 -0.46576 -1.81659e+01 | 78 -0.40413  9.44562e+01
 79  0.08687  1.99305e+02 | 80  0.17873  4.42830e+02 | 81 -0.08389 -7.36861e+00
 82 -0.58359  1.56235e+01 | 83 -0.12658  9.66650e+01 | 84 -0.69445 -1.11072e+01
 85 -0.10173  2.31585e+02 | 86  0.31846  1.12227e+03 | 87  1.40907  6.55068e+00
 88 -0.55098  5.85839e+01 | 89 -0.88474 -1.74633e-01 | 90 -0.36898  2.39041e+02
90 variables; iteration 60; function evaluation 93; phase 3
Function value 1.0471447e+03; maximum gradient component mag 5.5098e+02
Var    Value     Gradient |Var    Value     Gradient |Var    Value     Gradient
  1  1.10625  2.15224e+01 |  2 -0.18805 -2.64887e+02 |  3 -0.03163  9.20690e+00
  4 -0.01062 -1.35099e+01 |  5 -0.00387 -1.12250e+01 |  6 -0.00580 -1.21962e+01
  7 -0.00620 -1.26351e+01 |  8 -0.00782 -1.35565e+01 |  9 -0.00953 -1.45467e+01
 10 -0.01172 -1.57485e+01 | 11 -0.01226 -1.64063e+01 | 12 -0.01437 -1.76678e+01
 13 -0.01690 -1.91218e+01 | 14 -0.01971 -2.07084e+01 | 15 -0.02140 -2.19511e+01
 16 -0.02385 -2.34879e+01 | 17 -0.02685 -2.52311e+01 | 18 -0.03007 -2.70611e+01
 19 -0.03347 -2.89572e+01 | 20 -0.03696 -3.08558e+01 | 21 -0.04003 -3.25807e+01
 22 -0.04246 -3.41741e+01 | 23 -0.04311 -3.50754e+01 | 24 -0.03404 -3.31700e+01
 25 -0.04568 -3.71710e+01 | 26 -0.04410 -3.72896e+01 | 27 -0.04976 -3.99071e+01
 28 -0.07762 -4.87403e+01 | 29 -0.04621 -4.13392e+01 | 30 -0.01846 -3.54290e+01
 31 -0.04722 -4.30294e+01 | 32 -0.10322 -5.85942e+01 | 33 -0.02478 -3.99485e+01
 34  0.06583 -2.73106e+01 | 35 -0.08477 -5.24767e+01 | 36 -0.07500 -4.64155e+01
 37  0.01148 -1.33923e+01 | 38  0.16765  6.57875e+01 | 39  0.13284  8.04864e+01
 40  0.01660  2.81649e+01 | 41  0.00219  3.00763e+01 | 42 -0.00445  2.99592e+01
 43  0.02324  5.26829e+01 | 44 -0.04507  4.47418e+00 | 45 -0.04861  1.17847e+00
 46 -0.07775 -1.52777e+01 | 47 -0.03879  8.76131e+00 | 48 -0.02113  1.79588e+01
 49  0.10611  1.10876e+02 | 50  0.09080  8.47682e+01 | 51 -0.04827 -2.37163e+01
 52 -0.01907 -7.96584e+00 | 53  0.09722  6.02127e+01 | 54  0.02708  1.74082e+01
 55  0.07948  8.63561e+01 | 56  0.07865  9.15196e+01 | 57 -0.06248 -3.85448e+01
 58  0.07155  2.47695e+01 | 59 -0.04509 -3.31138e+01 | 60  0.17270  1.29799e+02
 61  0.04532 -1.83702e+01 | 62 -0.02565 -6.41357e+01 | 63  0.09077 -2.90570e+01
 64  0.15521  3.92607e+01 | 65  0.06349  7.73822e+00 | 66  0.08015 -1.86457e+01
 67 -0.07177 -5.58370e+01 | 68  0.09316 -1.74764e+01 | 69 -0.02738 -2.23477e+01
 70 -0.06956 -4.29062e+01 | 71  0.01479 -4.07543e+01 | 72 -0.03129 -2.04178e+01
 73  0.33410  2.67520e+02 | 74 -0.12070  4.77453e+01 | 75  0.33164 -2.77678e+02
 76 -0.11810  5.36254e+00 | 77 -0.44105 -6.18332e+01 | 78 -0.45633  6.37740e+01
 79  0.06079  6.58845e+01 | 80  0.18933  2.54595e+02 | 81 -0.01751  3.36996e+00
 82 -0.71153  5.83686e+00 | 83 -0.15950  5.05327e+01 | 84 -0.53527  6.88700e+00
 85 -0.04773  1.35141e+02 | 86  0.30553  5.50984e+02 | 87  1.25505  2.44154e+00
 88 -0.64873  2.29003e+01 | 89 -0.77454 -2.83404e-01 | 90 -0.43694  1.59305e+02
90 variables; iteration 80; function evaluation 130; phase 3
Function value 9.6817350e+02; maximum gradient component mag 3.1317e+03
Var    Value     Gradient |Var    Value     Gradient |Var    Value     Gradient
  1  1.20123  2.68727e+01 |  2  0.04560 -8.50383e+01 |  3 -0.02604  1.33252e+03
  4  0.01554 -9.47109e+00 |  5 -0.05596 -3.83541e+01 |  6 -0.06424 -4.12852e+01
  7 -0.01145 -1.90464e+01 |  8 -0.03351 -2.77249e+01 |  9 -0.00478 -1.46070e+01
 10  0.02409 -5.00786e-01 | 11 -0.05584 -3.50478e+01 | 12 -0.03713 -2.60306e+01
 13 -0.01357 -1.40698e+01 | 14  0.00223 -4.89867e+00 | 15 -0.02185 -1.50668e+01
 16 -0.04452 -2.44831e+01 | 17 -0.05232 -2.67720e+01 | 18 -0.05471 -2.64222e+01
 19 -0.05665 -2.57919e+01 | 20 -0.05679 -2.42245e+01 | 21 -0.03995 -1.34903e+01
 22 -0.02216 -9.71670e-01 | 23 -0.02772 -2.32457e+00 | 24 -0.06496 -2.21803e+01
 25 -0.00809  1.43244e+01 | 26 -0.01533  1.13881e+01 | 27  0.01899  4.06598e+01
 28 -0.11637 -4.33597e+01 | 29 -0.02138  1.83267e+01 | 30  0.04184  7.54654e+01
 31 -0.01389  2.75840e+01 | 32 -0.03601  1.20678e+01 | 33 -0.00108  3.81282e+01
 34 -0.04838 -1.19297e+00 | 35  0.05795  7.99926e+01 | 36 -0.06694 -1.97002e+01
 37 -0.11883 -4.76780e+01 | 38  0.21792  2.71425e+02 | 39  0.12826  1.45507e+02
 40 -0.04698 -4.84982e+00 | 41  0.03063  5.57567e+01 | 42 -0.07784 -2.29916e+01
 43 -0.03788 -6.52471e-01 | 44  0.03717  4.99710e+01 | 45  0.00017  1.83476e+01
 46 -0.07253 -2.65023e+01 | 47  0.00748  2.28074e+01 | 48 -0.09908 -4.03841e+01
 49  0.09860  8.89129e+01 | 50  0.09771  7.82067e+01 | 51  0.04043  1.49678e+01
 52 -0.07918 -4.51607e+01 | 53  0.11080  2.29722e+01 | 54  0.04280 -2.80731e+01
 55  0.08392 -1.63060e+01 | 56  0.04252 -4.87019e+01 | 57 -0.12061 -8.67213e+01
 58  0.09448 -1.53169e+01 | 59 -0.00487 -2.71981e+01 | 60  0.11033  8.33886e+01
 61  0.14958  1.38581e+02 | 62 -0.03872 -3.22756e+01 | 63  0.13493  4.51547e+01
 64  0.09003 -4.82135e+00 | 65  0.12809 -2.53193e+01 | 66  0.06137 -7.98231e+01
 67 -0.09656 -8.99014e+01 | 68  0.06590 -9.15163e+01 | 69  0.00770 -4.32783e+01
 70 -0.08337 -6.51850e+01 | 71  0.00545 -5.86465e+01 | 72 -0.01935 -1.98249e+01
 73  0.33859 -1.09276e+02 | 74 -0.16534 -2.80520e+01 | 75  0.36140 -9.91136e+01
 76 -0.08451 -3.83229e+01 | 77 -0.48685 -4.48260e+01 | 78 -0.47605  6.37157e+01
 79  0.10227  1.90715e+02 | 80  0.14668  4.04215e+02 | 81 -0.01816 -1.18841e+01
 82 -0.25021  2.77302e+01 | 83 -0.18227 -4.98259e+01 | 84 -0.72416 -3.47285e+00
 85 -0.03178  7.59406e+02 | 86  0.28136  3.13170e+03 | 87  0.99515  3.46244e-01
 88 -0.48160  1.35680e+02 | 89 -0.63632  1.63260e+00 | 90 -0.64898  3.76325e+01
90 variables; iteration 100; function evaluation 165; phase 3
Function value 8.7573249e+02; maximum gradient component mag 2.1577e+03
Var    Value     Gradient |Var    Value     Gradient |Var    Value     Gradient
  1  0.89135 -1.57541e+01 |  2  0.04228 -8.49944e+01 |  3 -0.01034  1.83507e+03
  4 -0.00777 -2.79933e+01 |  5  0.02162 -1.59178e+01 |  6  0.00338 -2.29913e+01
  7  0.05098 -3.07258e+00 |  8  0.12166  2.72751e+01 |  9 -0.11812 -6.93939e+01
 10 -0.00485 -2.47736e+01 | 11 -0.00987 -2.63482e+01 | 12 -0.00616 -2.42080e+01
 13 -0.05809 -4.51958e+01 | 14 -0.05855 -4.48908e+01 | 15  0.00003 -1.92334e+01
 16  0.00956 -1.39443e+01 | 17 -0.00123 -1.78058e+01 | 18  0.00626 -1.31474e+01
 19  0.04159  5.75659e+00 | 20  0.07678  2.67563e+01 | 21 -0.13684 -7.23059e+01
 22 -0.05560 -3.74159e+01 | 23 -0.10630 -5.88625e+01 | 24  0.02620  7.51059e+00
 25 -0.07961 -4.54677e+01 | 26 -0.12742 -6.55373e+01 | 27 -0.11120 -5.75594e+01
 28 -0.00843 -2.84797e+00 | 29 -0.05988 -2.98194e+01 | 30 -0.05961 -2.89987e+01
 31 -0.03406 -1.50512e+01 | 32 -0.07009 -3.59661e+01 | 33  0.00835  3.01032e+00
 34 -0.05919 -3.86410e+01 | 35 -0.04894 -3.94533e+01 | 36 -0.04144 -4.18234e+01
 37 -0.14163 -7.89648e+01 | 38  0.22467  6.09333e+01 | 39  0.06024  4.49732e+00
 40 -0.03800 -3.20455e+01 | 41 -0.06489 -3.95094e+01 | 42 -0.03438 -2.17685e+01
 43 -0.05970 -3.31107e+01 | 44 -0.00624 -2.89805e+00 | 45  0.06374  4.48641e+01
 46  0.01396  1.26344e+01 | 47  0.05092  4.08543e+01 | 48 -0.04675 -2.29950e+01
 49  0.01911  1.11328e+01 | 50  0.03478  1.24191e+01 | 51  0.00236 -2.06098e+01
 52  0.03705 -9.85806e+00 | 53  0.10012  1.37033e+01 | 54  0.03120 -4.88435e+01
 55  0.03868 -4.76592e+01 | 56  0.05260 -2.20807e+01 | 57 -0.08361 -6.36468e+01
 58  0.10738  8.67113e+01 | 59  0.03332  1.94810e+01 | 60  0.01178 -6.70137e+00
 61  0.12632  1.68218e+02 | 62  0.03966  6.41961e+01 | 63  0.13676  2.26222e+02
 64 -0.00074  3.98302e+01 | 65  0.16635  3.30254e+02 | 66  0.01482  5.04647e+01
 67  0.06558  1.04403e+02 | 68  0.03335  4.81236e+01 | 69 -0.01879  1.65879e+01
 70 -0.03548 -7.45032e+00 | 71  0.00169 -1.69081e+01 | 72 -0.03402 -1.43889e+01
 73  0.35430 -2.52509e+02 | 74 -0.23119 -2.83384e+01 | 75  0.40054  3.06996e+01
 76 -0.06854 -8.25803e+01 | 77 -0.54497 -2.22694e+01 | 78 -0.68383 -4.03025e+00
 79  0.18350  2.48342e+02 | 80  0.09042  4.54472e+02 | 81  0.25209  1.06560e+01
 82 -0.06698  9.43407e+01 | 83 -0.16958  8.68039e+01 | 84 -1.02505  6.79814e-02
 85  0.02899  6.18276e+02 | 86  0.23989  2.15773e+03 | 87  0.65949  4.76549e+00
 88 -0.60472  7.68714e+01 | 89 -0.38505  1.00547e+01 | 90 -0.81878  9.04208e+00
90 variables; iteration 120; function evaluation 201; phase 3
Function value 7.7113660e+02; maximum gradient component mag -1.2633e+03
Var    Value     Gradient |Var    Value     Gradient |Var    Value     Gradient
  1  0.93943 -8.66673e+00 |  2  0.04614  2.67901e+01 |  3 -0.00346 -1.26332e+03
  4 -0.00495  1.75812e+01 |  5 -0.00676  1.70382e+01 |  6 -0.00906  1.63174e+01
  7 -0.01231  1.52346e+01 |  8 -0.00421  1.87333e+01 |  9 -0.00234  1.97840e+01
 10 -0.00454  1.92288e+01 | 11  0.00026  2.15806e+01 | 12 -0.01024  1.76874e+01
 13 -0.01039  1.80900e+01 | 14 -0.01670  1.59677e+01 | 15 -0.02183  1.43575e+01
 16 -0.02016  1.56606e+01 | 17 -0.01614  1.80593e+01 | 18 -0.02197  1.62533e+01
 19 -0.00637  2.40109e+01 | 20 -0.02252  1.76461e+01 | 21 -0.03035  1.49912e+01
 22 -0.03930  1.18786e+01 | 23 -0.03212  1.60924e+01 | 24 -0.03034  1.79605e+01
 25 -0.03943  1.47123e+01 | 26 -0.04220  1.45066e+01 | 27 -0.04253  1.59703e+01
 28 -0.04206  1.80361e+01 | 29 -0.05668  1.22261e+01 | 30 -0.04439  1.92656e+01
 31 -0.05057  1.55787e+01 | 32 -0.04938  1.42090e+01 | 33 -0.04982  9.43691e+00
 34 -0.03315  9.73863e+00 | 35 -0.03045  1.93778e+00 | 36 -0.03364 -8.08191e+00
 37 -0.07582 -2.37355e+01 | 38  0.23558 -5.41629e+01 | 39 -0.12593 -3.99516e+01
 40 -0.04685 -1.82370e+01 | 41 -0.03380 -1.37789e+01 | 42 -0.01659 -1.14348e+01
 43  0.02568 -8.13123e+00 | 44  0.00429 -1.48270e+01 | 45 -0.02567 -2.15548e+01
 46  0.03133 -1.70190e+01 | 47  0.01072 -1.53632e+01 | 48 -0.00022 -1.38889e+01
 49  0.00321 -1.25003e+01 | 50 -0.01046 -1.39342e+01 | 51  0.00194 -1.73641e+01
 52  0.08511 -1.46307e+01 | 53  0.04523 -8.61031e+00 | 54  0.07943 -9.64082e+00
 55  0.01831 -1.95073e+01 | 56  0.05983  1.17859e+01 | 57  0.00968 -9.40704e+00
 58  0.03577 -4.51005e-01 | 59  0.07792 -5.39751e+00 | 60 -0.02701 -5.04871e+01
 61  0.11662 -1.01953e+01 | 62  0.05603 -2.31232e+01 | 63  0.10543 -3.48711e+01
 64  0.05574 -4.34171e+01 | 65  0.07392 -2.76516e+01 | 66  0.10021 -1.16706e+01
 67  0.02333 -3.81558e+00 | 68  0.02733 -5.76575e-01 | 69 -0.02173  1.79129e+01
 70 -0.02505  2.29565e+01 | 71  0.01226  2.14760e+01 | 72 -0.04158  2.03245e+01
 73  0.36124 -3.67583e+01 | 74 -0.30148  3.32929e+00 | 75  0.39450  3.29668e+01
 76 -0.02718 -1.19755e+01 | 77 -0.50898 -4.22653e+00 | 78 -1.02818  4.96134e-01
 79  0.21921  1.08871e+01 | 80  0.04774  3.39725e+01 | 81  0.23034 -4.25875e+00
 82 -0.15947 -2.23711e+01 | 83 -0.20673  2.50456e+01 | 84 -1.41708 -3.70431e+00
 85  0.03830  7.18238e+00 | 86  0.21986  9.32488e-01 | 87  0.60823 -1.59647e+01
 88 -0.76671 -1.06968e-02 | 89 -0.37431 -9.71540e+00 | 90 -0.92601 -1.42752e+00
90 variables; iteration 140; function evaluation 222; phase 3
Function value 7.4711485e+02; maximum gradient component mag -2.8454e+02
Var    Value     Gradient |Var    Value     Gradient |Var    Value     Gradient
  1  0.99641 -4.84967e-01 |  2  0.06305  5.75143e+00 |  3  0.00433 -2.84543e+02
  4 -0.00705  3.48233e+00 |  5 -0.00519  4.48959e+00 |  6 -0.00809  3.61367e+00
  7 -0.00774  4.09040e+00 |  8 -0.00802  4.35255e+00 |  9 -0.00760  4.95819e+00
 10 -0.00914  4.81191e+00 | 11 -0.01183  4.23113e+00 | 12 -0.01332  4.21698e+00
 13 -0.01439  4.44570e+00 | 14 -0.01624  4.40834e+00 | 15 -0.01899  4.04167e+00
 16 -0.02097  4.07861e+00 | 17 -0.02339  3.97747e+00 | 18 -0.02663  3.56585e+00
 19 -0.02820  3.99166e+00 | 20 -0.02988  4.43167e+00 | 21 -0.03350  3.98715e+00
 22 -0.03598  4.21468e+00 | 23 -0.04016  3.49517e+00 | 24 -0.04404  2.97655e+00
 25 -0.04622  3.37172e+00 | 26 -0.04459  5.87471e+00 | 27 -0.04967  5.49055e+00
 28 -0.05450  5.40945e+00 | 29 -0.05906  5.32335e+00 | 30 -0.06029  6.04637e+00
 31 -0.06439  3.99640e+00 | 32 -0.06362  3.21489e+00 | 33 -0.05439  3.86631e+00
 34 -0.03674  5.18073e+00 | 35 -0.01861  3.01944e+00 | 36  0.01377  2.46939e+00
 37  0.02570 -1.04943e+00 | 38  0.14334  1.24409e+01 | 39  0.03367 -1.52842e-02
 40  0.01197  1.26006e+00 | 41  0.00352  4.87635e+00 | 42 -0.00847  2.01163e+00
 43 -0.00701  1.99606e+00 | 44 -0.00507  1.13503e-01 | 45  0.00027 -8.08183e-01
 46  0.01109  1.61025e+00 | 47  0.00464  1.97098e-01 | 48 -0.00405 -2.41792e+00
 49 -0.00622 -5.42130e+00 | 50 -0.01020 -1.04446e+01 | 51  0.00419 -1.78001e+01
 52  0.06727 -1.52081e+01 | 53  0.04142 -1.79665e+01 | 54  0.05970 -1.85787e+01
 55  0.03889 -1.51699e+01 | 56  0.03142 -1.26844e+00 | 57  0.01471 -9.36189e+00
 58  0.02822  2.18308e+00 | 59  0.03735  2.22513e+00 | 60  0.07169  2.22947e+00
 61  0.05320  3.20673e+00 | 62  0.08315 -3.54103e+00 | 63  0.05813 -1.13635e+01
 64  0.10807 -1.49628e+01 | 65  0.04623 -1.20284e+01 | 66  0.07716 -6.65564e+00
 67  0.03522 -4.84464e+00 | 68  0.02096 -9.76901e+00 | 69 -0.03731 -2.72393e+00
 70 -0.03340  1.88835e+00 | 71  0.00166 -3.43105e+00 | 72 -0.05098  9.20657e-01
 73  0.37002 -1.16339e+01 | 74 -0.45815  1.09943e+00 | 75  0.39300  1.22748e+01
 76 -0.03833 -2.90314e+00 | 77 -0.49380  5.06000e+00 | 78 -1.35527 -6.20221e+00
 79  0.26863  4.10633e+00 | 80 -0.05424  2.07846e+01 | 81  0.30249  1.33817e+00
 82 -0.00888  1.49836e+00 | 83 -0.22299 -1.24462e+00 | 84 -1.13370  5.27603e-01
 85  0.08949  3.57095e+01 | 86  0.20361  1.38799e+02 | 87  1.06301  5.31785e-02
 88 -0.86913  1.13982e+00 | 89 -0.45239  1.98521e+00 | 90 -0.84182 -1.78258e+00
90 variables; iteration 160; function evaluation 242; phase 3
Function value 7.4483203e+02; maximum gradient component mag 3.3113e+01
Var    Value     Gradient |Var    Value     Gradient |Var    Value     Gradient
  1  0.99964 -2.07232e-02 |  2  0.10227  1.85224e+00 |  3  0.00699  3.31127e+01
  4 -0.00567 -5.62383e-01 |  5 -0.00580 -3.44353e-01 |  6 -0.00640 -2.75186e-01
  7 -0.00717 -2.38927e-01 |  8 -0.00826 -2.89865e-01 |  9 -0.00955 -3.77147e-01
 10 -0.01057 -2.98661e-01 | 11 -0.01179 -2.44932e-01 | 12 -0.01379 -4.54021e-01
 13 -0.01503 -2.75203e-01 | 14 -0.01681 -2.55300e-01 | 15 -0.01901 -3.52591e-01
 16 -0.02120 -3.74960e-01 | 17 -0.02335 -3.16987e-01 | 18 -0.02562 -2.39854e-01
 19 -0.02825 -2.57825e-01 | 20 -0.03127 -4.04196e-01 | 21 -0.03387 -3.09866e-01
 22 -0.03683 -2.62868e-01 | 23 -0.03959 -2.07946e-01 | 24 -0.04280 -3.17517e-01
 25 -0.04568 -1.93314e-01 | 26 -0.04911 -2.65396e-01 | 27 -0.05345 -1.93477e-01
 28 -0.05813 -1.11547e-01 | 29 -0.06328 -4.22300e-01 | 30 -0.06517  5.95831e-02
 31 -0.06643 -2.26460e-01 | 32 -0.06434 -1.96749e-01 | 33 -0.05579 -7.45413e-02
 34 -0.04031 -2.96117e-01 | 35 -0.01415  3.16475e-01 | 36  0.02440 -6.05029e-02
 37  0.06305  4.79192e-01 | 38  0.08758 -8.97440e-01 | 39  0.06165 -4.51227e-01
 40  0.02360 -3.07595e-01 | 41  0.00149 -1.02170e-01 | 42 -0.00521  1.19453e-02
 43 -0.00560  9.22360e-02 | 44 -0.00117 -8.93934e-02 | 45  0.00173 -8.69166e-01
 46  0.00315 -3.62479e-02 | 47 -0.00453 -3.09428e-01 | 48 -0.00991  1.29777e-01
 49 -0.00939  3.60302e-01 | 50 -0.00533 -8.44508e-02 | 51  0.02494 -3.52030e-01
 52  0.04791 -1.99808e-01 | 53  0.05041 -1.83424e+00 | 54  0.06110 -5.03342e-01
 55  0.04427  1.01705e-02 | 56  0.01593 -9.13769e-01 | 57  0.02763  1.97876e+00
 58  0.01840 -1.01003e-01 | 59  0.03622  1.32295e+00 | 60  0.07070  2.40989e+00
 61  0.04847  1.97556e+00 | 62  0.07901  2.30596e+00 | 63  0.06538  2.30740e+00
 64  0.10339  3.06792e+00 | 65  0.05716  4.59830e-01 | 66  0.07009  1.02576e+00
 67  0.03224  6.80364e-01 | 68  0.02968  7.10117e-01 | 69 -0.03641 -3.16651e-01
 70 -0.03889 -7.23122e-01 | 71  0.00514 -9.12553e-01 | 72 -0.04878 -6.02939e-01
 73  0.36849 -7.79818e-01 | 74 -0.54017  7.87204e-01 | 75  0.38976  6.62438e-01
 76 -0.02221 -3.51300e-01 | 77 -0.49658 -7.85535e-01 | 78 -1.20795  6.73860e-01
 79  0.29235  8.39342e+00 | 80 -0.09144  1.65153e+01 | 81  0.31655 -7.76106e-02
 82 -0.01541  5.07447e-01 | 83 -0.22761 -1.50443e+00 | 84 -1.20419  4.09811e-02
 85  0.15303 -8.70552e+00 | 86  0.17827 -2.66842e+01 | 87  1.05343  9.88069e-01
 88 -0.86423 -2.94365e-01 | 89 -0.38558  1.22655e-01 | 90 -0.72043  4.11959e-02
90 variables; iteration 180; function evaluation 262; phase 3
Function value 7.4427693e+02; maximum gradient component mag -1.8316e+01
Var    Value     Gradient |Var    Value     Gradient |Var    Value     Gradient
  1  1.00625  7.55928e-01 |  2  0.08701  3.48987e-01 |  3  0.00624  1.30500e+01
  4 -0.00573 -2.42416e-01 |  5 -0.00612 -1.27845e-01 |  6 -0.00675 -7.42114e-02
  7 -0.00757 -6.17612e-02 |  8 -0.00872 -1.36581e-01 |  9 -0.00932  5.98453e-02
 10 -0.01057  4.33739e-02 | 11 -0.01194  3.63970e-02 | 12 -0.01345  3.30617e-02
 13 -0.01509  3.84245e-02 | 14 -0.01677  1.02134e-01 | 15 -0.01880  8.23910e-02
 16 -0.02101  4.69855e-02 | 17 -0.02313  1.24042e-01 | 18 -0.02549  1.58316e-01
 19 -0.02797  2.13489e-01 | 20 -0.03103  4.44481e-02 | 21 -0.03350  1.99269e-01
 22 -0.03693  1.26654e-02 | 23 -0.03933  2.41374e-01 | 24 -0.04226  2.68312e-01
 25 -0.04551  1.95306e-01 | 26 -0.04853  3.34092e-01 | 27 -0.05289  3.84549e-01
 28 -0.05812  1.43040e-01 | 29 -0.06273  9.67684e-02 | 30 -0.06491  3.58280e-01
 31 -0.06587  1.92731e-01 | 32 -0.06405  1.02739e-02 | 33 -0.05591 -1.14321e-01
 34 -0.03900  4.45178e-01 | 35 -0.01676 -5.56638e-01 | 36  0.01987 -9.35134e-01
 37  0.05952  8.03256e-01 | 38  0.09115  1.04521e+00 | 39  0.06874  2.31582e+00
 40  0.02110 -6.43436e-02 | 41 -0.00079 -1.81860e-01 | 42 -0.00613  2.06180e-01
 43 -0.00656  4.68324e-02 | 44 -0.00147 -1.20905e-01 | 45  0.00091 -1.43293e+00
 46  0.00237 -1.01680e+00 | 47 -0.00319 -9.02577e-01 | 48 -0.00951 -1.27413e+00
 49 -0.00883 -1.37457e+00 | 50 -0.00221 -1.01454e+00 | 51  0.02433 -3.07294e+00
 52  0.04270 -3.19545e+00 | 53  0.05467 -1.62026e+00 | 54  0.05790 -3.46605e+00
 55  0.04456 -3.65918e-01 | 56  0.01980  9.58006e-01 | 57  0.02450 -3.57168e-02
 58  0.02160  5.28438e-01 | 59  0.03377 -1.45526e+00 | 60  0.07165  7.45845e-01
 61  0.04845  4.28368e-01 | 62  0.07725  2.20053e-01 | 63  0.07057  3.59252e+00
 64  0.09840  1.37171e+00 | 65  0.06151  2.10668e+00 | 66  0.06840  1.33588e+00
 67  0.03153  1.48708e+00 | 68  0.03094  2.66122e+00 | 69 -0.03661  5.80979e-01
 70 -0.03832  2.03914e-01 | 71  0.00364 -1.71031e+00 | 72 -0.04955 -7.00239e-01
 73  0.36910 -1.05258e+00 | 74 -0.57465  5.99783e-01 | 75  0.39048  1.98344e+00
 76 -0.02372 -1.11955e-02 | 77 -0.49517  9.88242e-01 | 78 -1.24603  8.06479e-03
 79  0.31186  3.17697e+00 | 80 -0.15718  7.71407e+00 | 81  0.33480 -3.95511e-02
 82  0.00057 -1.51798e-01 | 83 -0.23070 -9.83749e-01 | 84 -1.05635  2.56166e-01
 85  0.12276 -9.56843e+00 | 86  0.19075 -1.83159e+01 | 87  0.90869 -1.22277e+00
 88 -0.98961 -1.81507e-01 | 89 -0.41384 -1.66616e-01 | 90 -0.68945  2.23520e+00
90 variables; iteration 200; function evaluation 282; phase 3
Function value 7.4360963e+02; maximum gradient component mag 4.0804e+01
Var    Value     Gradient |Var    Value     Gradient |Var    Value     Gradient
  1  0.99855 -1.66147e-01 |  2  0.09221  1.07705e+00 |  3  0.00644 -3.34006e+01
  4 -0.00505  6.30843e-01 |  5 -0.00601  5.14761e-01 |  6 -0.00679  5.03297e-01
  7 -0.00802  3.48249e-01 |  8 -0.00867  4.70431e-01 |  9 -0.00987  4.14163e-01
 10 -0.01120  3.59414e-01 | 11 -0.01228  4.63645e-01 | 12 -0.01370  4.93296e-01
 13 -0.01549  4.25376e-01 | 14 -0.01736  3.97119e-01 | 15 -0.01922  4.36153e-01
 16 -0.02119  5.01433e-01 | 17 -0.02345  5.01183e-01 | 18 -0.02593  4.65912e-01
 19 -0.02855  4.38687e-01 | 20 -0.03091  5.93539e-01 | 21 -0.03415  3.65653e-01
 22 -0.03705  4.23598e-01 | 23 -0.03974  4.91643e-01 | 24 -0.04215  7.77450e-01
 25 -0.04583  4.75128e-01 | 26 -0.04962  1.95241e-01 | 27 -0.05403  2.05017e-01
 28 -0.05825  5.07479e-01 | 29 -0.06277  5.23886e-01 | 30 -0.06574  3.70773e-01
 31 -0.06642  4.13781e-01 | 32 -0.06471  2.09217e-01 | 33 -0.05565  5.95079e-01
 34 -0.03835  1.21585e+00 | 35 -0.01600 -9.58891e-02 | 36  0.02656  6.85622e-01
 37  0.07006  1.29216e+00 | 38  0.07368 -3.62463e+00 | 39  0.06893 -1.27256e-01
 40  0.02560 -2.64418e-01 | 41  0.00097 -6.72695e-01 | 42 -0.00568 -5.35812e-01
 43 -0.00728 -9.87516e-01 | 44 -0.00269 -1.26716e+00 | 45  0.00580 -3.00941e-01
 46  0.00321 -1.38444e+00 | 47 -0.00249 -1.29204e+00 | 48 -0.00851 -1.46941e+00
 49 -0.01460 -4.20796e+00 | 50 -0.00825 -3.79783e+00 | 51  0.02781 -2.28692e+00
 52  0.04782 -2.12588e+00 | 53  0.05026 -2.17060e+00 | 54  0.06075 -5.34841e-01
 55  0.04491  9.94283e-01 | 56  0.01793  5.15098e-01 | 57  0.02573  9.18955e-01
 58  0.01991  4.81006e-01 | 59  0.03567  7.25159e-01 | 60  0.07105  1.75948e+00
 61  0.04935  1.34955e+00 | 62  0.07838 -7.60844e-01 | 63  0.06610 -3.00420e-01
 64  0.10090 -1.15675e-01 | 65  0.06097  1.09815e+00 | 66  0.06975  2.22520e-01
 67  0.03093 -4.70610e-01 | 68  0.02940 -7.89546e-05 | 69 -0.03618  3.23759e-01
 70 -0.03905  3.36142e-01 | 71  0.00630  1.54783e+00 | 72 -0.04901  7.51894e-01
 73  0.36838 -1.92427e+00 | 74 -0.80697  1.16743e-01 | 75  0.38948  1.22643e+00
 76 -0.01389 -8.11604e-01 | 77 -0.49525  3.40150e-01 | 78 -0.99119 -2.84715e-01
 79  0.34180  5.33495e+00 | 80 -0.38161  1.25547e+00 | 81  0.35885 -2.52473e-01
 82  0.00526  1.84045e+00 | 83 -0.23598 -2.75222e-02 | 84 -0.81459  1.84650e-01
 85  0.13654  1.39129e+01 | 86  0.18425  4.08039e+01 | 87  0.99314  1.32820e-01
 88 -1.21590 -6.33304e-01 | 89 -0.40087  1.66568e+00 | 90 -0.74168 -5.47256e-01
90 variables; iteration 220; function evaluation 303; phase 3
Function value 7.4327037e+02; maximum gradient component mag 1.3722e+01
Var    Value     Gradient |Var    Value     Gradient |Var    Value     Gradient
  1  0.99803 -2.29528e-01 |  2  0.09196  2.34243e-01 |  3  0.00641  1.37219e+01
  4 -0.00524 -1.14385e-01 |  5 -0.00596 -1.31652e-01 |  6 -0.00677 -1.53784e-01
  7 -0.00769 -1.82379e-01 |  8 -0.00869 -2.01201e-01 |  9 -0.00958 -1.27031e-01
 10 -0.01105 -2.41302e-01 | 11 -0.01214 -1.36548e-01 | 12 -0.01364 -1.42038e-01
 13 -0.01529 -1.43819e-01 | 14 -0.01717 -1.72255e-01 | 15 -0.01908 -1.51625e-01
 16 -0.02118 -1.44001e-01 | 17 -0.02344 -1.42530e-01 | 18 -0.02584 -1.32656e-01
 19 -0.02844 -1.46120e-01 | 20 -0.03108 -1.25526e-01 | 21 -0.03376 -7.61133e-02
 22 -0.03673 -4.88104e-02 | 23 -0.03954 -3.00285e-02 | 24 -0.04245 -2.36006e-03
 25 -0.04551  1.95191e-02 | 26 -0.04904 -1.13634e-01 | 27 -0.05357 -1.57610e-01
 28 -0.05836 -1.65063e-01 | 29 -0.06290 -1.68771e-01 | 30 -0.06522  3.75622e-02
 31 -0.06612 -4.88171e-02 | 32 -0.06389  4.78672e-02 | 33 -0.05578 -3.90166e-02
 34 -0.03963  1.79381e-01 | 35 -0.01524  1.67377e-01 | 36  0.02331  2.14897e-01
 37  0.05804  4.02445e-01 | 38  0.09572  1.23582e+00 | 39  0.05980  1.11454e-01
 40  0.02308  1.86108e-01 | 41  0.00114  2.56189e-01 | 42 -0.00638 -7.96380e-02
 43 -0.00788 -5.17263e-01 | 44 -0.00145  7.53112e-02 | 45  0.00417  2.40740e-01
 46  0.00269 -1.75953e-01 | 47 -0.00309  8.61995e-02 | 48 -0.00975 -2.06685e-01
 49 -0.00998 -4.69768e-01 | 50 -0.00488 -4.79212e-01 | 51  0.02708 -3.24502e-02
 52  0.04365 -5.44902e-01 | 53  0.05353  6.64699e-01 | 54  0.06045  3.64195e-01
 55  0.04364  2.22065e-01 | 56  0.01885  4.68750e-01 | 57  0.02484 -2.37797e-01
 58  0.01991 -2.66339e-01 | 59  0.03645  4.20444e-01 | 60  0.07017  5.15691e-01
 61  0.04836  8.20827e-01 | 62  0.07993  6.99489e-01 | 63  0.06603  3.43542e-01
 64  0.10155 -1.34328e-01 | 65  0.05850 -5.56162e-01 | 66  0.07047 -2.13206e-01
 67  0.03157 -5.91969e-01 | 68  0.02898 -3.87939e-01 | 69 -0.03609 -2.91380e-02
 70 -0.03857  1.50955e-01 | 71  0.00612  9.27719e-01 | 72 -0.04885  1.89797e-01
 73  0.37063 -6.84482e-01 | 74 -0.97846 -7.85549e-02 | 75  0.39115  2.57878e-01
 76 -0.02335  1.15533e-02 | 77 -0.49662 -1.63816e-01 | 78 -0.75132  1.74774e-01
 79  0.34609  5.03457e-02 | 80 -0.53369  3.12724e-01 | 81  0.36324 -2.08968e-02
 82  0.00603 -1.71295e-01 | 83 -0.23712 -7.69951e-01 | 84 -0.81284  1.95142e-01
 85  0.13482  1.91389e+00 | 86  0.18184  6.92327e+00 | 87  1.01031 -1.66962e-02
 88 -1.33870 -4.59448e-02 | 89 -0.40635  3.98743e-02 | 90 -0.72393  2.71050e-02
90 variables; iteration 240; function evaluation 327; phase 3
Function value 7.4318138e+02; maximum gradient component mag -2.3135e+01
Var    Value     Gradient |Var    Value     Gradient |Var    Value     Gradient
  1  0.99820 -2.09699e-01 |  2  0.09085  7.52104e-01 |  3  0.00638 -2.31347e+01
  4 -0.00539  3.42319e-01 |  5 -0.00606  3.41358e-01 |  6 -0.00685  3.21742e-01
  7 -0.00777  2.94720e-01 |  8 -0.00870  3.01090e-01 |  9 -0.00964  3.52048e-01
 10 -0.01091  3.18658e-01 | 11 -0.01221  3.30201e-01 | 12 -0.01369  3.32254e-01
 13 -0.01533  3.28500e-01 | 14 -0.01716  3.14449e-01 | 15 -0.01911  3.16304e-01
 16 -0.02121  3.17967e-01 | 17 -0.02347  3.12788e-01 | 18 -0.02592  2.91331e-01
 19 -0.02847  2.94629e-01 | 20 -0.03115  2.94309e-01 | 21 -0.03389  3.01036e-01
 22 -0.03689  3.10430e-01 | 23 -0.03974  2.92668e-01 | 24 -0.04271  2.85480e-01
 25 -0.04581  2.76382e-01 | 26 -0.04915  2.30889e-01 | 27 -0.05355  2.43414e-01
 28 -0.05812  3.45719e-01 | 29 -0.06279  2.60009e-01 | 30 -0.06550  2.35406e-01
 31 -0.06612  2.92106e-01 | 32 -0.06398  3.04061e-01 | 33 -0.05559  3.07813e-01
 34 -0.04001  1.04284e-01 | 35 -0.01491  1.96992e-01 | 36  0.02553  3.98505e-01
 37  0.06181  1.48300e-01 | 38  0.08702 -1.26521e+00 | 39  0.06315 -3.31291e-01
 40  0.02478  1.16638e-01 | 41  0.00115 -6.28330e-02 | 42 -0.00582 -4.23070e-02
 43 -0.00739 -4.21272e-01 | 44 -0.00178 -1.43695e-01 | 45  0.00407  9.86714e-02
 46  0.00287 -2.09465e-01 | 47 -0.00352 -1.55456e-01 | 48 -0.00947 -1.39208e-01
 49 -0.01034 -6.42876e-01 | 50 -0.00483 -4.75234e-01 | 51  0.02661 -3.27643e-01
 52  0.04499 -5.89151e-01 | 53  0.05259 -3.09720e-01 | 54  0.06024 -5.22994e-01
 55  0.04393 -1.04310e-01 | 56  0.01880  1.45203e-01 | 57  0.02447 -6.86302e-01
 58  0.02068 -1.31176e-01 | 59  0.03637 -3.11938e-01 | 60  0.06964 -1.24000e+00
 61  0.04819 -3.09934e-01 | 62  0.08024 -2.83019e-01 | 63  0.06538 -5.18923e-01
 64  0.10187 -5.50296e-01 | 65  0.05881 -4.67240e-01 | 66  0.06990 -4.49302e-01
 67  0.03193 -3.31077e-01 | 68  0.02912 -2.11180e-01 | 69 -0.03639 -4.15868e-03
 70 -0.03850  2.58029e-01 | 71  0.00561  4.35716e-01 | 72 -0.04897  3.40066e-01
 73  0.37088 -8.75399e-01 | 74 -1.09112 -2.70613e-02 | 75  0.39131  7.03180e-01
 76 -0.02434 -4.96214e-01 | 77 -0.49652  1.89920e-01 | 78 -0.74766  2.21253e-01
 79  0.34699 -1.69557e+00 | 80 -0.67280  1.04229e-01 | 81  0.36339  1.44177e-01
 82  0.00818 -8.66098e-01 | 83 -0.23704  7.49800e-01 | 84 -0.84693 -8.64438e-02
 85  0.13385 -5.28662e+00 | 86  0.17734 -1.29569e+01 | 87  1.00915 -4.16359e-02
 88 -1.45647  3.57131e-01 | 89 -0.40814 -4.09226e-01 | 90 -0.72087 -8.67801e-02
90 variables; iteration 260; function evaluation 347; phase 3
Function value 7.4317226e+02; maximum gradient component mag -2.5925e+00
Var    Value     Gradient |Var    Value     Gradient |Var    Value     Gradient
  1  1.00020 -1.05895e-02 |  2  0.09207 -5.88872e-02 |  3  0.00646  6.91727e-02
  4 -0.00538  1.24634e-03 |  5 -0.00606 -2.50693e-03 |  6 -0.00680  2.62538e-04
  7 -0.00765  1.13928e-03 |  8 -0.00859  4.59186e-03 |  9 -0.00967 -2.15823e-03
 10 -0.01085  5.60823e-03 | 11 -0.01219  2.22252e-03 | 12 -0.01367  1.88397e-03
 13 -0.01532  7.05224e-04 | 14 -0.01710  5.04124e-03 | 15 -0.01906  6.19735e-03
 16 -0.02117  5.93899e-03 | 17 -0.02343  6.00840e-03 | 18 -0.02583  6.49961e-03
 19 -0.02839  1.03490e-02 | 20 -0.03107  8.39182e-03 | 21 -0.03385  5.03048e-03
 22 -0.03687  6.02164e-03 | 23 -0.03971  1.58287e-03 | 24 -0.04267  7.86200e-04
 25 -0.04576 -1.64053e-03 | 26 -0.04900  1.59853e-02 | 27 -0.05342  2.19098e-02
 28 -0.05818  2.27916e-02 | 29 -0.06272  1.63917e-02 | 30 -0.06539  1.70083e-02
 31 -0.06611  1.67636e-02 | 32 -0.06402  5.70679e-03 | 33 -0.05566  8.73404e-03
 34 -0.03973  2.68618e-02 | 35 -0.01510 -8.86623e-04 | 36  0.02395 -1.78713e-02
 37  0.05912 -2.89086e-02 | 38  0.09248  2.10295e-02 | 39  0.06155 -8.66503e-02
 40  0.02336 -8.99378e-03 | 41  0.00078 -2.54647e-02 | 42 -0.00601 -1.33403e-03
 43 -0.00665 -4.48239e-02 | 44 -0.00172 -3.50403e-02 | 45  0.00338 -3.65578e-02
 46  0.00303  1.98397e-02 | 47 -0.00369 -1.34503e-02 | 48 -0.00980 -1.85529e-02
 49 -0.00966 -5.52104e-02 | 50 -0.00462 -4.59088e-02 | 51  0.02594 -7.34811e-02
 52  0.04579  5.09286e-02 | 53  0.05222  4.22829e-03 | 54  0.06050 -4.31514e-02
 55  0.04379 -3.83506e-02 | 56  0.01819 -3.62516e-02 | 57  0.02519 -3.89295e-02
 58  0.02035  2.59498e-02 | 59  0.03609  5.21264e-03 | 60  0.07030 -8.49157e-02
 61  0.04795  2.69038e-02 | 62  0.07988 -2.11630e-03 | 63  0.06589  3.99718e-02
 64  0.10146  1.56627e-02 | 65  0.05935  1.21165e-01 | 66  0.06975  2.43512e-02
 67  0.03207  2.61615e-02 | 68  0.02921  7.08526e-02 | 69 -0.03617  2.39792e-02
 70 -0.03851  1.40764e-02 | 71  0.00547 -1.21213e-02 | 72 -0.04881  4.29324e-03
 73  0.37056 -1.44958e-01 | 74 -1.09682 -3.25824e-02 | 75  0.39101  1.98414e-03
 76 -0.02312 -5.29095e-02 | 77 -0.49638 -2.78853e-02 | 78 -0.75678  8.31065e-03
 79  0.34713 -1.81458e-01 | 80 -0.68117  1.08155e-01 | 81  0.36346  2.07638e-02
 82  0.00796 -8.77611e-02 | 83 -0.23714  3.98103e-02 | 84 -0.83408  1.94236e-02
 85  0.13749 -9.12436e-01 | 86  0.17593 -2.59252e+00 | 87  1.01150  2.39536e-02
 88 -1.45613  5.48115e-04 | 89 -0.40289 -9.18839e-03 | 90 -0.72273 -3.15277e-02
90 variables; iteration 280; function evaluation 367; phase 3
Function value 7.4316837e+02; maximum gradient component mag -1.3945e+00
Var    Value     Gradient |Var    Value     Gradient |Var    Value     Gradient
  1  1.00012 -3.94824e-02 |  2  0.09190  1.97343e-02 |  3  0.00644 -1.39447e+00
  4 -0.00539  1.42340e-02 |  5 -0.00605  1.69068e-02 |  6 -0.00681  1.40614e-02
  7 -0.00766  1.42464e-02 |  8 -0.00861  1.27610e-02 |  9 -0.00966  1.87940e-02
 10 -0.01086  1.68282e-02 | 11 -0.01219  1.47989e-02 | 12 -0.01368  1.22122e-02
 13 -0.01532  1.40299e-02 | 14 -0.01712  9.68785e-03 | 15 -0.01908  8.26330e-03
 16 -0.02119  7.54546e-03 | 17 -0.02344  7.46433e-03 | 18 -0.02585  4.73038e-03
 19 -0.02842  3.70273e-03 | 20 -0.03110 -5.46828e-04 | 21 -0.03386  2.67143e-03
 22 -0.03687  5.47490e-03 | 23 -0.03970  1.64305e-03 | 24 -0.04267 -2.64676e-03
 25 -0.04574  3.05712e-03 | 26 -0.04901  2.42527e-03 | 27 -0.05344 -1.36559e-03
 28 -0.05821 -5.82027e-03 | 29 -0.06274 -7.67823e-03 | 30 -0.06539 -3.32431e-03
 31 -0.06611 -6.34858e-03 | 32 -0.06399 -1.88025e-03 | 33 -0.05565 -9.38242e-03
 34 -0.03982 -3.22152e-02 | 35 -0.01505  4.66636e-03 | 36  0.02407  4.86813e-03
 37  0.05909 -4.51079e-02 | 38  0.09221 -1.26469e-02 | 39  0.06198  4.97936e-03
 40  0.02324 -3.19026e-02 | 41  0.00085  2.28935e-02 | 42 -0.00610 -1.86349e-02
 43 -0.00661 -6.53569e-03 | 44 -0.00163  1.51585e-02 | 45  0.00343 -6.49175e-03
 46  0.00288 -2.97090e-02 | 47 -0.00370 -1.39506e-02 | 48 -0.00978 -1.27281e-02
 49 -0.00962 -4.44811e-02 | 50 -0.00454 -2.07726e-02 | 51  0.02614 -2.64309e-02
 52  0.04556 -3.96527e-02 | 53  0.05223 -5.89968e-02 | 54  0.06055 -3.45072e-02
 55  0.04375 -5.04998e-02 | 56  0.01824  3.06580e-02 | 57  0.02526  4.83793e-02
 58  0.02029  3.31801e-02 | 59  0.03609  4.68993e-02 | 60  0.07036 -3.22249e-03
 61  0.04796  5.08685e-02 | 62  0.07989 -3.18307e-02 | 63  0.06580 -3.32862e-02
 64  0.10162 -1.52349e-02 | 65  0.05913 -5.22567e-03 | 66  0.06982 -1.31429e-02
 67  0.03212  1.40199e-03 | 68  0.02913 -1.28619e-02 | 69 -0.03618  2.36232e-03
 70 -0.03849  2.35912e-02 | 71  0.00548  6.58683e-03 | 72 -0.04883  2.10312e-02
 73  0.37045 -2.66380e-01 | 74 -1.15557 -8.00655e-02 | 75  0.39093  3.78534e-02
 76 -0.02304 -6.01334e-02 | 77 -0.49628  2.08525e-02 | 78 -0.75760 -1.64320e-02
 79  0.34750  7.87355e-04 | 80 -0.76870  5.54390e-02 | 81  0.36369  1.13538e-03
 82  0.00823 -4.27841e-02 | 83 -0.23719  4.21945e-02 | 84 -0.83807 -7.43607e-03
 85  0.13685 -1.14728e-01 | 86  0.17624 -2.30858e-01 | 87  1.01062 -1.49658e-03
 88 -1.45487  1.92545e-02 | 89 -0.40357  1.15175e-02 | 90 -0.72201 -4.01657e-03
90 variables; iteration 300; function evaluation 387; phase 3
Function value 7.4316073e+02; maximum gradient component mag 3.2450e-02
Var    Value     Gradient |Var    Value     Gradient |Var    Value     Gradient
  1  0.99978  5.08287e-03 |  2  0.09202 -6.88621e-04 |  3  0.00644  3.24504e-02
  4 -0.00538 -1.98807e-04 |  5 -0.00605 -2.47401e-04 |  6 -0.00681 -3.40695e-04
  7 -0.00765 -4.75591e-04 |  8 -0.00860  1.27664e-05 |  9 -0.00967 -5.20348e-04
 10 -0.01086 -3.00602e-04 | 11 -0.01219 -1.04872e-04 | 12 -0.01368 -9.10656e-05
 13 -0.01532 -3.52608e-04 | 14 -0.01711 -2.99327e-04 | 15 -0.01907 -2.69141e-04
 16 -0.02118 -1.34976e-04 | 17 -0.02344 -1.28336e-04 | 18 -0.02584 -2.46755e-04
 19 -0.02840  1.31390e-04 | 20 -0.03108  1.14368e-05 | 21 -0.03385 -4.06281e-04
 22 -0.03687 -9.11184e-05 | 23 -0.03970 -1.79425e-04 | 24 -0.04266  2.82979e-04
 25 -0.04575  1.82455e-04 | 26 -0.04901 -1.60487e-04 | 27 -0.05344 -1.60342e-04
 28 -0.05820  4.00880e-04 | 29 -0.06273 -1.00985e-04 | 30 -0.06540  1.54980e-04
 31 -0.06611  2.96099e-04 | 32 -0.06401 -1.73995e-05 | 33 -0.05566 -3.42279e-04
 34 -0.03977  1.32661e-03 | 35 -0.01509 -1.54929e-03 | 36  0.02401 -6.14753e-04
 37  0.05923  4.72620e-04 | 38  0.09214 -3.39270e-04 | 39  0.06190 -5.24523e-04
 40  0.02333 -9.46786e-04 | 41  0.00079 -2.89028e-05 | 42 -0.00606 -6.06562e-04
 43 -0.00660 -3.68951e-04 | 44 -0.00169 -6.75779e-04 | 45  0.00341 -1.23715e-03
 46  0.00292 -9.03214e-04 | 47 -0.00371 -9.46431e-04 | 48 -0.00980 -9.85479e-04
 49 -0.00957  1.02884e-03 | 50 -0.00455  2.25848e-03 | 51  0.02611  1.14514e-03
 52  0.04554  4.02289e-04 | 53  0.05227  3.09890e-03 | 54  0.06053  2.97598e-04
 55  0.04379 -3.57675e-03 | 56  0.01820  3.40021e-03 | 57  0.02523  6.71127e-03
 58  0.02029  1.27987e-03 | 59  0.03606  4.87413e-03 | 60  0.07041  3.26127e-03
 61  0.04786  2.81128e-03 | 62  0.07993 -2.57417e-03 | 63  0.06581 -1.64758e-03
 64  0.10160  1.73728e-03 | 65  0.05913 -1.60750e-04 | 66  0.06983 -2.61605e-03
 67  0.03210 -2.26677e-03 | 68  0.02914 -4.55737e-03 | 69 -0.03618 -1.73699e-03
 70 -0.03852 -1.36200e-03 | 71  0.00549 -1.31382e-03 | 72 -0.04883  3.50132e-06
 73  0.37058 -1.07643e-02 | 74 -1.06099  1.17677e-04 | 75  0.39101  2.01818e-03
 76 -0.02306 -3.77307e-03 | 77 -0.49635  4.53280e-04 | 78 -0.75716 -1.57616e-04
 79  0.34776  2.46282e-02 | 80 -0.90357  1.21170e-04 | 81  0.36390 -2.51244e-03
 82  0.00835  9.13034e-03 | 83 -0.23725 -5.83727e-03 | 84 -0.83762 -1.11711e-04
 85  0.13700  1.07531e-03 | 86  0.17618  3.67184e-03 | 87  1.01065 -1.93366e-04
 88 -1.45497 -2.21076e-04 | 89 -0.40345  1.64781e-04 | 90 -0.72211 -4.21094e-04

 - final statistics:
90 variables; iteration 307; function evaluation 394
Function value 7.4316e+02; maximum gradient component mag -5.7189e-05
Exit code = 1;  converg criter 1.0000e-04
Var    Value     Gradient |Var    Value     Gradient |Var    Value     Gradient
  1  0.99976  2.17413e-07 |  2  0.09202  1.86905e-08 |  3  0.00644 -5.71891e-05
  4 -0.00539  8.93841e-07 |  5 -0.00605  6.44057e-07 |  6 -0.00681  6.26018e-07
  7 -0.00765  7.91712e-07 |  8 -0.00860  9.20462e-07 |  9 -0.00967  5.00493e-07
 10 -0.01086  7.48721e-07 | 11 -0.01219  5.52127e-07 | 12 -0.01368  5.35677e-07
 13 -0.01532  6.35438e-07 | 14 -0.01711  5.91803e-07 | 15 -0.01907  5.46863e-07
 16 -0.02118  5.04455e-07 | 17 -0.02344  4.73366e-07 | 18 -0.02584  4.31814e-07
 19 -0.02841  3.67803e-07 | 20 -0.03108  4.93153e-07 | 21 -0.03385  1.68965e-07
 22 -0.03687  1.61463e-07 | 23 -0.03970  8.08713e-08 | 24 -0.04266  6.13064e-08
 25 -0.04575 -1.56644e-07 | 26 -0.04901 -5.39342e-08 | 27 -0.05344 -7.74918e-10
 28 -0.05820  9.03325e-07 | 29 -0.06273  2.82129e-08 | 30 -0.06540 -1.19540e-06
 31 -0.06611  4.24440e-07 | 32 -0.06401 -5.11332e-07 | 33 -0.05566 -6.34711e-07
 34 -0.03977 -1.12004e-06 | 35 -0.01509 -2.04986e-06 | 36  0.02401 -1.78245e-06
 37  0.05923 -7.23296e-07 | 38  0.09214 -4.11660e-07 | 39  0.06190 -1.29325e-07
 40  0.02333 -4.55922e-07 | 41  0.00079 -3.33401e-09 | 42 -0.00606 -1.99741e-07
 43 -0.00660  9.38069e-07 | 44 -0.00169  7.28538e-07 | 45  0.00342  1.61706e-06
 46  0.00292 -7.41438e-07 | 47 -0.00371 -8.04033e-08 | 48 -0.00980 -1.80443e-07
 49 -0.00957  2.67865e-06 | 50 -0.00455  8.93564e-07 | 51  0.02611  1.66948e-06
 52  0.04555  1.19480e-07 | 53  0.05226 -1.32021e-06 | 54  0.06053  1.20244e-07
 55  0.04380  5.19037e-07 | 56  0.01820  1.07154e-06 | 57  0.02523 -1.52380e-06
 58  0.02030  1.04594e-07 | 59  0.03606 -1.30529e-06 | 60  0.07041 -2.12197e-06
 61  0.04785 -9.22881e-07 | 62  0.07993 -7.39790e-07 | 63  0.06582 -1.01460e-06
 64  0.10160 -1.33803e-07 | 65  0.05913 -1.18931e-06 | 66  0.06984 -2.55570e-06
 67  0.03210 -5.14879e-07 | 68  0.02914 -7.67996e-07 | 69 -0.03618  5.98670e-07
 70 -0.03852  8.31297e-07 | 71  0.00549  8.41268e-07 | 72 -0.04883  5.33323e-07
 73  0.37058 -9.66920e-07 | 74 -1.06110 -4.97701e-08 | 75  0.39101  3.84420e-08
 76 -0.02306 -1.71343e-06 | 77 -0.49635  2.29040e-06 | 78 -0.75716 -2.89922e-07
 79  0.34776  1.20542e-05 | 80 -0.90377 -2.60356e-08 | 81  0.36390 -8.14304e-07
 82  0.00835  3.16608e-06 | 83 -0.23725  2.30713e-06 | 84 -0.83758  1.77499e-07
 85  0.13700  1.31087e-05 | 86  0.17618  3.07679e-05 | 87  1.01065 -2.59099e-07
 88 -1.45497 -1.33382e-06 | 89 -0.40345 -7.08947e-08 | 90 -0.72210  9.52394e-07

Initial statistics: 100 variables; iteration 0; function evaluation 0; phase 4
Function value 7.4316073e+02; maximum gradient component mag -3.2620e+01
Var    Value     Gradient |Var    Value     Gradient |Var    Value     Gradient
  1  0.99976  2.17235e-07 |  2  0.09202  1.86885e-08 |  3  0.00644 -5.71891e-05
  4 -0.00539  8.83073e-07 |  5 -0.00605  6.33289e-07 |  6 -0.00681  6.15250e-07
  7 -0.00765  7.80944e-07 |  8 -0.00860  9.09694e-07 |  9 -0.00967  4.89725e-07
 10 -0.01086  7.37954e-07 | 11 -0.01219  5.41360e-07 | 12 -0.01368  5.24910e-07
 13 -0.01532  6.24672e-07 | 14 -0.01711  5.81038e-07 | 15 -0.01907  5.36099e-07
 16 -0.02118  4.93693e-07 | 17 -0.02344  4.62604e-07 | 18 -0.02584  4.21054e-07
 19 -0.02841  3.57045e-07 | 20 -0.03108  4.82397e-07 | 21 -0.03385  1.58212e-07
 22 -0.03687  1.50712e-07 | 23 -0.03970  7.01235e-08 | 24 -0.04266  5.05618e-08
 25 -0.04575 -1.67385e-07 | 26 -0.04901 -6.46711e-08 | 27 -0.05344 -1.15057e-08
 28 -0.05820  8.92601e-07 | 29 -0.06273  1.74964e-08 | 30 -0.06540 -1.20612e-06
 31 -0.06611  4.13730e-07 | 32 -0.06401 -5.22047e-07 | 33 -0.05566 -6.45439e-07
 34 -0.03977 -1.13079e-06 | 35 -0.01509 -2.06062e-06 | 36  0.02401 -1.79321e-06
 37  0.05923 -7.34018e-07 | 38  0.09214 -4.22315e-07 | 39  0.06190 -1.40043e-07
 40  0.02333 -4.66683e-07 | 41  0.00079 -1.41027e-08 | 42 -0.00606 -2.10510e-07
 43 -0.00660  9.27300e-07 | 44 -0.00169  7.17769e-07 | 45  0.00342  1.60629e-06
 46  0.00292 -7.52207e-07 | 47 -0.00371 -9.11721e-08 | 48 -0.00980 -1.91211e-07
 49 -0.00957  2.66788e-06 | 50 -0.00455  8.82795e-07 | 51  0.02611  1.65872e-06
 52  0.04555  1.08737e-07 | 53  0.05226 -1.33095e-06 | 54  0.06053  1.09522e-07
 55  0.04380  5.08291e-07 | 56  0.01820  1.06077e-06 | 57  0.02523 -1.53456e-06
 58  0.02030  9.38286e-08 | 59  0.03606 -1.31604e-06 | 60  0.07041 -2.13267e-06
 61  0.04785 -9.33620e-07 | 62  0.07993 -7.50474e-07 | 63  0.06582 -1.02531e-06
 64  0.10160 -1.44435e-07 | 65  0.05913 -1.20003e-06 | 66  0.06984 -2.56640e-06
 67  0.03210 -5.25634e-07 | 68  0.02914 -7.78754e-07 | 69 -0.03618  5.87918e-07
 70 -0.03852  8.20548e-07 | 71  0.00549  8.30499e-07 | 72 -0.04883  5.22586e-07
 73  0.00000  9.68297e+00 | 74  0.00000 -5.92863e-01 | 75  0.00000  1.73905e+01
 76  0.00000 -3.26202e+01 | 77  0.00000  0.00000e+00 | 78  0.00000  0.00000e+00
 79  0.00000  0.00000e+00 | 80  0.00000  0.00000e+00 | 81  0.00000  0.00000e+00
 82  0.00000  0.00000e+00 | 83  0.37058 -9.66921e-07 | 84 -0.93890  4.97701e-08
 85  0.39101  3.84429e-08 | 86 -0.02306 -1.71343e-06 | 87 -0.49635  2.29040e-06
 88 -0.75716 -2.89922e-07 | 89  0.34776  1.20542e-05 | 90 -0.90377 -2.60356e-08
 91  0.36390 -8.14304e-07 | 92  0.00835  3.16608e-06 | 93 -0.23725  2.30713e-06
 94 -0.83758  1.77499e-07 | 95  0.13700  1.31087e-05 | 96  0.17618  3.07679e-05
 97  0.98935  2.59099e-07 | 98 -0.54503  1.33382e-06 | 99 -0.40345 -7.08950e-08
100 -0.72210  9.52394e-07 |

Intermediate statistics: 100 variables; iteration 20; function evaluation 25; phase 4
Function value 7.4273776e+02; maximum gradient component mag 6.1576e+01
Var    Value     Gradient |Var    Value     Gradient |Var    Value     Gradient
  1  0.99978  1.46391e-03 |  2  0.07852 -4.94975e+00 |  3  0.00598  4.75965e+01
  4 -0.00498 -7.26763e-01 |  5 -0.00566 -7.38809e-01 |  6 -0.00642 -7.52573e-01
  7 -0.00729 -7.68305e-01 |  8 -0.00826 -7.86291e-01 |  9 -0.00935 -8.06858e-01
 10 -0.01057 -8.30363e-01 | 11 -0.01193 -8.57192e-01 | 12 -0.01344 -8.87783e-01
 13 -0.01512 -9.22471e-01 | 14 -0.01696 -9.61471e-01 | 15 -0.01897 -1.00495e+00
 16 -0.02113 -1.05295e+00 | 17 -0.02344 -1.10541e+00 | 18 -0.02591 -1.16259e+00
 19 -0.02853 -1.22478e+00 | 20 -0.03128 -1.29064e+00 | 21 -0.03411 -1.35947e+00
 22 -0.03720 -1.43720e+00 | 23 -0.04009 -1.50888e+00 | 24 -0.04312 -1.58434e+00
 25 -0.04627 -1.66160e+00 | 26 -0.04959 -1.74104e+00 | 27 -0.05410 -1.85518e+00
 28 -0.05894 -1.97546e+00 | 29 -0.06350 -2.07945e+00 | 30 -0.06610 -2.11847e+00
 31 -0.06669 -2.11077e+00 | 32 -0.06442 -2.07644e+00 | 33 -0.05593 -1.99984e+00
 34 -0.04006 -1.93935e+00 | 35 -0.01570 -1.91083e+00 | 36  0.02290 -1.65524e+00
 37  0.05822 -9.15412e-01 | 38  0.09218  3.93720e-01 | 39  0.06272  9.76578e-01
 40  0.02423  1.12448e+00 | 41  0.00155  1.18029e+00 | 42 -0.00538  1.26374e+00
 43 -0.00621  1.27765e+00 | 44 -0.00174  1.22535e+00 | 45  0.00299  1.13184e+00
 46  0.00251  1.01414e+00 | 47 -0.00381  8.47348e-01 | 48 -0.00958  6.78159e-01
 49 -0.00907  6.39825e-01 | 50 -0.00405  6.36879e-01 | 51  0.02698  1.10712e+00
 52  0.04504  9.42333e-01 | 53  0.05242  2.59253e-01 | 54  0.06066 -1.49076e+00
 55  0.04234 -4.17605e+00 | 56  0.01681 -4.27250e+00 | 57  0.02474 -3.26706e+00
 58  0.02053 -9.40330e-01 | 59  0.03687  1.08591e+00 | 60  0.07093  2.78866e+00
 61  0.04769  2.73847e+00 | 62  0.08015  4.61331e+00 | 63  0.06762  4.55239e+00
 64  0.10244  3.85138e+00 | 65  0.05795  4.05609e-02 | 66  0.06765 -1.41406e+00
 67  0.03173 -5.46191e-01 | 68  0.03048  1.18293e+00 | 69 -0.03483  1.25182e+00
 70 -0.03782  9.06746e-01 | 71  0.00546  7.57879e-01 | 72 -0.04860  4.05681e-01
 73 -0.00106  1.21389e+01 | 74  0.00621  7.60538e+00 | 75 -0.00841  1.40044e+01
 76  0.01419 -2.24174e+01 | 77  0.00000  0.00000e+00 | 78  0.00000  0.00000e+00
 79  0.00000  0.00000e+00 | 80  0.00000  0.00000e+00 | 81  0.00000  0.00000e+00
 82  0.00000  0.00000e+00 | 83  0.36929 -1.60886e+01 | 84 -0.93890 -8.92757e-03
 85  0.39165  5.74157e+00 | 86 -0.02062 -2.75636e+00 | 87 -0.49715  5.75695e-01
 88 -0.75641 -1.03315e-01 | 89  0.34770  1.27276e+01 | 90 -0.90378  1.44266e-02
 91  0.36590 -6.03169e-01 | 92  0.01035  5.41644e+00 | 93 -0.23681  9.15039e-01
 94 -0.83681  5.86679e-02 | 95  0.12197  2.23457e+01 | 96  0.18246  6.15759e+01
 97  0.98917  1.23304e-02 | 98 -0.54619  2.56460e+00 | 99 -0.42572 -8.87973e-01
100 -0.72120  8.36394e-01 |
100 variables; iteration 40; function evaluation 49; phase 4
Function value 7.4218746e+02; maximum gradient component mag 5.9846e+00
Var    Value     Gradient |Var    Value     Gradient |Var    Value     Gradient
  1  0.99956 -3.71527e-02 |  2  0.09005 -5.83488e-01 |  3  0.00649  5.98464e+00
  4 -0.00540 -7.87905e-02 |  5 -0.00609 -8.71522e-02 |  6 -0.00685 -9.37846e-02
  7 -0.00771 -9.79092e-02 |  8 -0.00866 -9.86513e-02 |  9 -0.00972 -9.51105e-02
 10 -0.01089 -8.65021e-02 | 11 -0.01218 -7.23885e-02 | 12 -0.01362 -5.29411e-02
 13 -0.01520 -2.94888e-02 | 14 -0.01694 -4.64880e-03 | 15 -0.01885  1.75871e-02
 16 -0.02093  3.22626e-02 | 17 -0.02318  3.43528e-02 | 18 -0.02562  1.93644e-02
 19 -0.02825 -1.58480e-02 | 20 -0.03105 -6.99688e-02 | 21 -0.03395 -1.37060e-01
 22 -0.03711 -2.09312e-01 | 23 -0.04005 -2.73118e-01 | 24 -0.04310 -3.23207e-01
 25 -0.04623 -3.49315e-01 | 26 -0.04947 -3.39544e-01 | 27 -0.05367 -2.26855e-01
 28 -0.05812 -5.90379e-02 | 29 -0.06245  4.90734e-02 | 30 -0.06523 -2.00710e-02
 31 -0.06628 -2.18700e-01 | 32 -0.06457 -4.49896e-01 | 33 -0.05604 -3.38168e-01
 34 -0.03930  1.24343e-01 | 35 -0.01662 -7.39382e-01 | 36  0.02303 -3.14735e-01
 37  0.06117  5.05078e-01 | 38  0.09224  3.12326e-01 | 39  0.05954 -1.63998e-01
 40  0.02430  5.59406e-01 | 41  0.00175  5.86965e-01 | 42 -0.00562  3.69110e-01
 43 -0.00673  1.14753e-01 | 44 -0.00211 -1.95253e-02 | 45  0.00291 -7.03357e-02
 46  0.00241 -9.03442e-02 | 47 -0.00385  3.45056e-02 | 48 -0.00974  1.17611e-01
 49 -0.00941  1.80507e-01 | 50 -0.00535 -1.67291e-01 | 51  0.02769  7.64506e-01
 52  0.04353 -1.48147e-01 | 53  0.05334  4.33956e-01 | 54  0.06019 -3.06937e-01
 55  0.04339 -5.64298e-01 | 56  0.01810 -2.75535e-01 | 57  0.02536 -2.46562e-02
 58  0.02004 -4.41497e-02 | 59  0.03629  2.98777e-01 | 60  0.07050  1.63001e-01
 61  0.04715 -3.36444e-01 | 62  0.07941 -8.44881e-02 | 63  0.06729  1.08601e+00
 64  0.10088  3.61386e-01 | 65  0.05969  3.03959e-02 | 66  0.06930 -8.17426e-01
 67  0.03147 -8.06580e-01 | 68  0.02932 -2.16704e-01 | 69 -0.03586  1.98296e-01
 70 -0.03850  1.03702e-01 | 71  0.00656  2.54024e-01 | 72 -0.04553  4.66484e-01
 73 -0.00929  4.94479e-01 | 74  0.00803  5.02267e-01 | 75 -0.02607  8.51637e-01
 76  0.03962 -3.39643e-01 | 77  0.00000  0.00000e+00 | 78  0.00000  0.00000e+00
 79  0.00000  0.00000e+00 | 80  0.00000  0.00000e+00 | 81  0.00000  0.00000e+00
 82  0.00000  0.00000e+00 | 83  0.37021 -1.59416e+00 | 84 -0.93888 -4.86727e-04
 85  0.39128  7.83677e-01 | 86 -0.02180  1.33926e-01 | 87 -0.49718 -3.40886e-01
 88 -0.76410 -1.68127e-01 | 89  0.34863  5.95066e-01 | 90 -0.90388  1.05884e-03
 91  0.36868  5.07553e-01 | 92  0.00671 -3.82157e-01 | 93 -0.23782  6.32686e-02
 94 -0.84261 -8.18019e-02 | 95  0.13518  4.74147e-01 | 96  0.17711  2.21799e+00
 97  0.98963  1.78428e-02 | 98 -0.54980 -2.91460e-01 | 99 -0.40913  3.09098e-01
100 -0.72060  5.20421e-03 |
100 variables; iteration 60; function evaluation 78; phase 4
Function value 7.4217748e+02; maximum gradient component mag 6.7727e-01
Var    Value     Gradient |Var    Value     Gradient |Var    Value     Gradient
  1  0.99978  4.76392e-03 |  2  0.09153 -2.89257e-02 |  3  0.00650  6.77267e-01
  4 -0.00545 -1.00431e-02 |  5 -0.00612 -9.49243e-03 |  6 -0.00687 -8.77093e-03
  7 -0.00771 -8.08544e-03 |  8 -0.00866 -7.76995e-03 |  9 -0.00973 -8.23726e-03
 10 -0.01093 -9.82286e-03 | 11 -0.01227 -1.25006e-02 | 12 -0.01376 -1.55584e-02
 13 -0.01540 -1.74866e-02 | 14 -0.01720 -1.65694e-02 | 15 -0.01914 -1.22706e-02
 16 -0.02124 -6.65211e-03 | 17 -0.02349 -3.99999e-03 | 18 -0.02590 -7.74083e-03
 19 -0.02849 -1.63476e-02 | 20 -0.03118 -2.23489e-02 | 21 -0.03394 -1.91692e-02
 22 -0.03693 -8.54167e-03 | 23 -0.03975 -2.42648e-03 | 24 -0.04272 -7.56371e-03
 25 -0.04583 -2.01075e-02 | 26 -0.04910 -2.37539e-02 | 27 -0.05349  1.72896e-03
 28 -0.05823  1.06544e-02 | 29 -0.06280 -1.18552e-02 | 30 -0.06545 -3.39662e-04
 31 -0.06616  7.06831e-04 | 32 -0.06402  1.98455e-02 | 33 -0.05570  1.94435e-03
 34 -0.03983 -7.76335e-03 | 35 -0.01515 -8.13008e-03 | 36  0.02389 -1.92495e-02
 37  0.05919  4.63921e-03 | 38  0.09207  1.17336e-02 | 39  0.06181  1.26377e-02
 40  0.02331  2.84096e-02 | 41  0.00070 -1.98868e-04 | 42 -0.00614  2.29341e-04
 43 -0.00667  1.58545e-03 | 44 -0.00178 -5.56574e-03 | 45  0.00335  3.07348e-03
 46  0.00286  5.65605e-03 | 47 -0.00375  1.54742e-02 | 48 -0.00987  9.93209e-03
 49 -0.00967  1.18886e-02 | 50 -0.00470  1.08629e-02 | 51  0.02592  2.82473e-02
 52  0.04517  2.12514e-02 | 53  0.05252  2.78324e-02 | 54  0.06046  2.82385e-02
 55  0.04372  7.50054e-03 | 56  0.01817  1.41726e-02 | 57  0.02519  1.11716e-02
 58  0.02023 -6.12751e-03 | 59  0.03603  1.97074e-02 | 60  0.07029  2.00426e-03
 61  0.04776  7.87777e-03 | 62  0.07992  1.12717e-02 | 63  0.06580  7.55715e-03
 64  0.10149  1.04481e-02 | 65  0.05912  8.03092e-03 | 66  0.06985 -3.19920e-03
 67  0.03211 -7.36984e-03 | 68  0.02914 -2.05668e-03 | 69 -0.03622 -8.09445e-03
 70 -0.03845  2.69171e-03 | 71  0.00665 -1.10234e-02 | 72 -0.04588  1.27801e-03
 73 -0.00945 -1.87224e-03 | 74  0.00809  4.84721e-03 | 75 -0.02696  1.99380e-02
 76  0.04010  8.73975e-03 | 77  0.00000  0.00000e+00 | 78  0.00000  0.00000e+00
 79  0.00000  0.00000e+00 | 80  0.00000  0.00000e+00 | 81  0.00000  0.00000e+00
 82  0.00000  0.00000e+00 | 83  0.37059  2.76601e-02 | 84 -0.93890  1.43145e-05
 85  0.39119 -1.61155e-02 | 86 -0.02306  1.74932e-02 | 87 -0.49667  1.15094e-03
 88 -0.75687  2.14728e-03 | 89  0.34793  7.91866e-02 | 90 -0.90396  9.57068e-05
 91  0.36552 -6.13318e-03 | 92  0.00804  3.75273e-02 | 93 -0.23744 -2.06159e-02
 94 -0.83483  1.33688e-02 | 95  0.13581  1.08419e-01 | 96  0.17666  3.47098e-01
 97  0.98915 -2.03188e-03 | 98 -0.54502  1.72299e-02 | 99 -0.40923  5.73405e-03
100 -0.72201  5.60299e-03 |
100 variables; iteration 80; function evaluation 112; phase 4
Function value 7.4217746e+02; maximum gradient component mag 2.4238e-02
Var    Value     Gradient |Var    Value     Gradient |Var    Value     Gradient
  1  0.99976  2.21850e-04 |  2  0.09161 -1.18147e-03 |  3  0.00650  2.42381e-02
  4 -0.00545 -1.43921e-04 |  5 -0.00611 -8.08988e-05 |  6 -0.00687 -1.15000e-04
  7 -0.00771 -3.10967e-04 |  8 -0.00867 -5.42753e-04 |  9 -0.00973 -4.52882e-04
 10 -0.01092  2.36729e-04 | 11 -0.01225  1.13812e-03 | 12 -0.01374  1.13372e-03
 13 -0.01538 -3.54471e-04 | 14 -0.01718 -1.97807e-03 | 15 -0.01914 -1.81675e-03
 16 -0.02125 -4.21549e-04 | 17 -0.02350 -1.33420e-04 | 18 -0.02591 -1.06639e-03
 19 -0.02847 -9.73122e-04 | 20 -0.03115 -9.01103e-05 | 21 -0.03391 -6.48806e-04
 22 -0.03693 -4.12905e-04 | 23 -0.03976  5.35806e-04 | 24 -0.04272 -5.59243e-04
 25 -0.04581 -7.93191e-06 | 26 -0.04908 -9.40714e-04 | 27 -0.05350  6.57241e-06
 28 -0.05826  7.20341e-04 | 29 -0.06279  2.08957e-04 | 30 -0.06546  8.58065e-04
 31 -0.06618 -3.51375e-03 | 32 -0.06407  1.59457e-03 | 33 -0.05572  2.69368e-04
 34 -0.03983  4.56830e-04 | 35 -0.01514 -2.59185e-04 | 36  0.02395 -6.46279e-04
 37  0.05919  1.30895e-04 | 38  0.09207  4.94106e-04 | 39  0.06180  4.75739e-04
 40  0.02325  1.02267e-03 | 41  0.00072 -1.56991e-04 | 42 -0.00613  3.32261e-04
 43 -0.00667 -8.72757e-05 | 44 -0.00175 -6.66603e-04 | 45  0.00336  1.16498e-03
 46  0.00287 -5.06582e-04 | 47 -0.00377 -4.75810e-04 | 48 -0.00987  9.80895e-04
 49 -0.00968  3.86314e-04 | 50 -0.00470  2.81385e-04 | 51  0.02589  5.16701e-04
 52  0.04519  5.58854e-04 | 53  0.05252  1.01060e-03 | 54  0.06046  8.05887e-04
 55  0.04373  6.49026e-04 | 56  0.01816  2.73018e-04 | 57  0.02518  4.10854e-04
 58  0.02025  9.79098e-07 | 59  0.03600  2.87889e-04 | 60  0.07031  9.29794e-05
 61  0.04776  5.40407e-04 | 62  0.07992  2.95102e-04 | 63  0.06579  1.80844e-05
 64  0.10150  3.07913e-04 | 65  0.05910  3.55273e-04 | 66  0.06986  8.86990e-06
 67  0.03212 -3.99505e-04 | 68  0.02913  5.13478e-04 | 69 -0.03622 -4.02589e-04
 70 -0.03847 -2.20891e-04 | 71  0.00666 -2.66118e-04 | 72 -0.04590 -2.92292e-04
 73 -0.00944 -2.18873e-04 | 74  0.00810  1.67899e-04 | 75 -0.02698  9.28902e-04
 76  0.04010  5.16976e-04 | 77  0.00000  0.00000e+00 | 78  0.00000  0.00000e+00
 79  0.00000  0.00000e+00 | 80  0.00000  0.00000e+00 | 81  0.00000  0.00000e+00
 82  0.00000  0.00000e+00 | 83  0.37060  1.17050e-03 | 84 -0.93890  5.47918e-07
 85  0.39119 -7.84148e-04 | 86 -0.02308  7.73477e-04 | 87 -0.49668  2.28508e-04
 88 -0.75692  4.37230e-05 | 89  0.34791  2.77482e-03 | 90 -0.90398  4.73398e-06
 91  0.36547 -3.33939e-04 | 92  0.00811  1.46138e-03 | 93 -0.23744 -8.66758e-04
 94 -0.83656  4.92035e-04 | 95  0.13594  6.31117e-03 | 96  0.17661  1.93944e-02
 97  0.98924 -5.28603e-05 | 98 -0.54504  8.82246e-04 | 99 -0.40911  2.45709e-04
100 -0.72201  2.71201e-04 |
100 variables; iteration 100; function evaluation 148; phase 4
Function value 7.4217746e+02; maximum gradient component mag 5.0800e-04
Var    Value     Gradient |Var    Value     Gradient |Var    Value     Gradient
  1  0.99976  4.63018e-06 |  2  0.09161 -2.54449e-05 |  3  0.00650  5.08001e-04
  4 -0.00545 -1.29227e-05 |  5 -0.00611 -1.89602e-07 |  6 -0.00687 -1.62271e-05
  7 -0.00771  5.03188e-06 |  8 -0.00866  1.75306e-05 |  9 -0.00973 -1.03809e-05
 10 -0.01093  1.53684e-05 | 11 -0.01226  1.13548e-05 | 12 -0.01374  2.96815e-06
 13 -0.01538  5.12727e-05 | 14 -0.01718 -9.43429e-05 | 15 -0.01914 -2.74109e-05
 16 -0.02125  1.79486e-05 | 17 -0.02350  5.29011e-06 | 18 -0.02591 -1.66593e-05
 19 -0.02847 -2.14737e-05 | 20 -0.03115 -7.95712e-06 | 21 -0.03391  2.15176e-05
 22 -0.03693 -6.27877e-06 | 23 -0.03976  2.25356e-05 | 24 -0.04272  2.27851e-06
 25 -0.04581 -1.63415e-05 | 26 -0.04907 -2.70608e-05 | 27 -0.05350 -1.31765e-05
 28 -0.05827 -2.04482e-06 | 29 -0.06279  8.77920e-06 | 30 -0.06546  1.22251e-05
 31 -0.06618 -7.96026e-05 | 32 -0.06407  3.81756e-05 | 33 -0.05572 -6.58068e-06
 34 -0.03983  1.43694e-06 | 35 -0.01514  4.83603e-07 | 36  0.02395 -1.53091e-05
 37  0.05919  1.55502e-06 | 38  0.09207  9.50907e-06 | 39  0.06180  9.22260e-06
 40  0.02325  2.06863e-05 | 41  0.00072 -1.72087e-06 | 42 -0.00613  6.91141e-06
 43 -0.00667 -3.54909e-06 | 44 -0.00175 -1.35526e-05 | 45  0.00336  8.53235e-06
 46  0.00287  5.79531e-06 | 47 -0.00377 -1.81345e-05 | 48 -0.00988  1.95888e-05
 49 -0.00968  6.13278e-06 | 50 -0.00470  3.85943e-06 | 51  0.02589  1.37313e-05
 52  0.04519  1.13220e-05 | 53  0.05252  1.66989e-05 | 54  0.06046  1.74743e-05
 55  0.04373  1.39184e-05 | 56  0.01816 -6.05486e-06 | 57  0.02518  2.68532e-05
 58  0.02025 -2.45555e-05 | 59  0.03600  2.42703e-05 | 60  0.07031 -1.07488e-05
 61  0.04776  1.45364e-05 | 62  0.07992  8.54651e-06 | 63  0.06579 -4.05699e-06
 64  0.10150  5.09418e-06 | 65  0.05910  8.51869e-06 | 66  0.06986 -9.87515e-07
 67  0.03212 -7.97586e-06 | 68  0.02913  6.13950e-06 | 69 -0.03622 -3.37339e-06
 70 -0.03847 -9.18674e-06 | 71  0.00666 -5.04879e-06 | 72 -0.04590 -7.97303e-06
 73 -0.00944 -4.34622e-06 | 74  0.00810  1.29902e-06 | 75 -0.02698  1.87211e-05
 76  0.04010  1.09450e-05 | 77  0.00000  0.00000e+00 | 78  0.00000  0.00000e+00
 79  0.00000  0.00000e+00 | 80  0.00000  0.00000e+00 | 81  0.00000  0.00000e+00
 82  0.00000  0.00000e+00 | 83  0.37060  3.42995e-05 | 84 -0.93890  1.87110e-08
 85  0.39119 -4.57881e-06 | 86 -0.02308 -1.02619e-05 | 87 -0.49668 -1.63076e-05
 88 -0.75692 -2.05199e-06 | 89  0.34791  5.59418e-05 | 90 -0.90399  1.52359e-07
 91  0.36547 -4.74959e-06 | 92  0.00811  3.65208e-05 | 93 -0.23744 -1.90288e-05
 94 -0.83663  1.05719e-05 | 95  0.13594  1.33270e-04 | 96  0.17661  4.13722e-04
 97  0.98924 -1.08160e-06 | 98 -0.54504  1.87958e-05 | 99 -0.40910  5.82894e-06
100 -0.72201  5.83956e-06 |
  ic > imax  in fminim is answer attained ?
Var    Value     Gradient |Var    Value     Gradient |Var    Value     Gradient
  1  0.99976  2.79085e-06 |  2  0.09161 -1.52321e-05 |  3  0.00650  3.06226e-04
  4 -0.00545  2.05130e-07 |  5 -0.00611 -1.78548e-05 |  6 -0.00687  1.09537e-05
  7 -0.00771 -7.25665e-06 |  8 -0.00866  9.90134e-06 |  9 -0.00973 -3.91957e-06
 10 -0.01093  6.11550e-06 | 11 -0.01226  1.19086e-05 | 12 -0.01374 -2.34059e-06
 13 -0.01538  3.35293e-05 | 14 -0.01718 -5.86830e-05 | 15 -0.01914 -1.54125e-05
 16 -0.02125  9.46556e-06 | 17 -0.02350  6.12774e-07 | 18 -0.02591 -9.73230e-06
 19 -0.02847 -1.29654e-05 | 20 -0.03115 -4.68658e-06 | 21 -0.03391  1.08073e-05
 22 -0.03693 -3.69434e-06 | 23 -0.03976  1.37259e-05 | 24 -0.04272  1.55705e-06
 25 -0.04581 -9.64168e-06 | 26 -0.04907 -1.60801e-05 | 27 -0.05350 -7.71681e-06
 28 -0.05827 -1.02213e-06 | 29 -0.06279  5.49047e-06 | 30 -0.06546  7.56619e-06
 31 -0.06618 -4.78063e-05 | 32 -0.06407  2.31873e-05 | 33 -0.05572 -3.76522e-06
 34 -0.03983  1.34814e-06 | 35 -0.01514 -6.55678e-08 | 36  0.02395 -9.39489e-06
 37  0.05919  8.33177e-07 | 38  0.09207  5.68342e-06 | 39  0.06180  5.57023e-06
 40  0.02325  1.25372e-05 | 41  0.00072 -8.55931e-07 | 42 -0.00613  4.91220e-06
 43 -0.00667 -2.75902e-06 | 44 -0.00175 -8.42608e-06 | 45  0.00336  5.03267e-06
 46  0.00287  3.50439e-06 | 47 -0.00377 -1.02373e-05 | 48 -0.00988  9.92679e-06
 49 -0.00968  6.09824e-06 | 50 -0.00470  1.62662e-06 | 51  0.02589  7.87134e-06
 52  0.04519  6.68418e-06 | 53  0.05252  1.03358e-05 | 54  0.06046  1.05804e-05
 55  0.04373  8.05281e-06 | 56  0.01816 -2.82055e-06 | 57  0.02518  1.50778e-05
 58  0.02025 -1.38425e-05 | 59  0.03600  1.44715e-05 | 60  0.07031 -8.78190e-06
 61  0.04776  1.49524e-05 | 62  0.07992  9.90610e-08 | 63  0.06579  3.10897e-07
 64  0.10150  3.82642e-06 | 65  0.05910  2.37248e-06 | 66  0.06986 -4.82147e-07
 67  0.03212 -1.61395e-06 | 68  0.02913  9.98489e-07 | 69 -0.03622 -1.00638e-06
 70 -0.03847 -5.45009e-06 | 71  0.00666 -3.21632e-06 | 72 -0.04590 -4.87090e-06
 73 -0.00944 -2.64547e-06 | 74  0.00810  7.99681e-07 | 75 -0.02698  1.13380e-05
 76  0.04010  6.64126e-06 | 77  0.00000  0.00000e+00 | 78  0.00000  0.00000e+00
 79  0.00000  0.00000e+00 | 80  0.00000  0.00000e+00 | 81  0.00000  0.00000e+00
 82  0.00000  0.00000e+00 | 83  0.37060  2.06242e-05 | 84 -0.93890  1.11244e-08
 85  0.39119 -2.93138e-06 | 86 -0.02308 -6.02053e-06 | 87 -0.49668 -9.37020e-06
 88 -0.75692 -1.20948e-06 | 89  0.34791  3.39627e-05 | 90 -0.90399  9.60935e-08
 91  0.36547 -2.65776e-06 | 92  0.00811  2.14343e-05 | 93 -0.23744 -1.14039e-05
 94 -0.83663  6.33993e-06 | 95  0.13594  8.04187e-05 | 96  0.17661  2.49411e-04
 97  0.98924 -6.53203e-07 | 98 -0.54504  1.13278e-05 | 99 -0.40910  3.48313e-06
100 -0.72201  3.51088e-06 |
Function minimizer not making progress ... is minimum attained?
Minimprove criterion = 0.0000e+00
Warning: the following parameters had issues
  MGparm[6] is within 0.1% of upper bound: 5.0000e-02 < 3.5000e-01 < 3.5000e-01
  selparm[2] is within 1% of lower bound: -6.0000e+00 < -5.9770e+00 < 4.0000e+00
  selparm[8] is within 1% of lower bound: -6.0000e+00 < -5.9432e+00 < 4.0000e+00
  selparm[15] is within 0.1% of upper bound: -1.0000e+00 < 8.9993e+00 < 9.0000e+00


 - final statistics:
100 variables; iteration 104; function evaluation 182
Function value 7.4218e+02; maximum gradient component mag 3.0623e-04
Exit code = 1;  converg criter 1.0000e-04
Var    Value     Gradient |Var    Value     Gradient |Var    Value     Gradient
  1  0.99976  2.79085e-06 |  2  0.09161 -1.52321e-05 |  3  0.00650  3.06226e-04
  4 -0.00545  2.05130e-07 |  5 -0.00611 -1.78548e-05 |  6 -0.00687  1.09537e-05
  7 -0.00771 -7.25665e-06 |  8 -0.00866  9.90134e-06 |  9 -0.00973 -3.91957e-06
 10 -0.01093  6.11550e-06 | 11 -0.01226  1.19086e-05 | 12 -0.01374 -2.34059e-06
 13 -0.01538  3.35293e-05 | 14 -0.01718 -5.86830e-05 | 15 -0.01914 -1.54125e-05
 16 -0.02125  9.46556e-06 | 17 -0.02350  6.12774e-07 | 18 -0.02591 -9.73230e-06
 19 -0.02847 -1.29654e-05 | 20 -0.03115 -4.68658e-06 | 21 -0.03391  1.08073e-05
 22 -0.03693 -3.69434e-06 | 23 -0.03976  1.37259e-05 | 24 -0.04272  1.55705e-06
 25 -0.04581 -9.64168e-06 | 26 -0.04907 -1.60801e-05 | 27 -0.05350 -7.71681e-06
 28 -0.05827 -1.02213e-06 | 29 -0.06279  5.49047e-06 | 30 -0.06546  7.56619e-06
 31 -0.06618 -4.78063e-05 | 32 -0.06407  2.31873e-05 | 33 -0.05572 -3.76522e-06
 34 -0.03983  1.34814e-06 | 35 -0.01514 -6.55678e-08 | 36  0.02395 -9.39489e-06
 37  0.05919  8.33177e-07 | 38  0.09207  5.68342e-06 | 39  0.06180  5.57023e-06
 40  0.02325  1.25372e-05 | 41  0.00072 -8.55931e-07 | 42 -0.00613  4.91220e-06
 43 -0.00667 -2.75902e-06 | 44 -0.00175 -8.42608e-06 | 45  0.00336  5.03267e-06
 46  0.00287  3.50439e-06 | 47 -0.00377 -1.02373e-05 | 48 -0.00988  9.92679e-06
 49 -0.00968  6.09824e-06 | 50 -0.00470  1.62662e-06 | 51  0.02589  7.87134e-06
 52  0.04519  6.68418e-06 | 53  0.05252  1.03358e-05 | 54  0.06046  1.05804e-05
 55  0.04373  8.05281e-06 | 56  0.01816 -2.82055e-06 | 57  0.02518  1.50778e-05
 58  0.02025 -1.38425e-05 | 59  0.03600  1.44715e-05 | 60  0.07031 -8.78190e-06
 61  0.04776  1.49524e-05 | 62  0.07992  9.90610e-08 | 63  0.06579  3.10897e-07
 64  0.10150  3.82642e-06 | 65  0.05910  2.37248e-06 | 66  0.06986 -4.82147e-07
 67  0.03212 -1.61395e-06 | 68  0.02913  9.98489e-07 | 69 -0.03622 -1.00638e-06
 70 -0.03847 -5.45009e-06 | 71  0.00666 -3.21632e-06 | 72 -0.04590 -4.87090e-06
 73 -0.00944 -2.64547e-06 | 74  0.00810  7.99681e-07 | 75 -0.02698  1.13380e-05
 76  0.04010  6.64126e-06 | 77  0.00000  0.00000e+00 | 78  0.00000  0.00000e+00
 79  0.00000  0.00000e+00 | 80  0.00000  0.00000e+00 | 81  0.00000  0.00000e+00
 82  0.00000  0.00000e+00 | 83  0.37060  2.06242e-05 | 84 -0.93890  1.11244e-08
 85  0.39119 -2.93138e-06 | 86 -0.02308 -6.02053e-06 | 87 -0.49668 -9.37020e-06
 88 -0.75692 -1.20948e-06 | 89  0.34791  3.39627e-05 | 90 -0.90399  9.60935e-08
 91  0.36547 -2.65776e-06 | 92  0.00811  2.14343e-05 | 93 -0.23744 -1.14039e-05
 94 -0.83663  6.33993e-06 | 95  0.13594  8.04187e-05 | 96  0.17661  2.49411e-04
 97  0.98924 -6.53203e-07 | 98 -0.54504  1.13278e-05 | 99 -0.40910  3.48313e-06
100 -0.72201  3.51088e-06 |
Estimating row 1 out of 100 for hessian
Estimating row 2 out of 100 for hessian
Estimating row 3 out of 100 for hessian
Estimating row 4 out of 100 for hessian
Estimating row 5 out of 100 for hessian
Estimating row 6 out of 100 for hessian
Estimating row 7 out of 100 for hessian
Estimating row 8 out of 100 for hessian
Estimating row 9 out of 100 for hessian
Estimating row 10 out of 100 for hessian
Estimating row 11 out of 100 for hessian
Estimating row 12 out of 100 for hessian
Estimating row 13 out of 100 for hessian
Estimating row 14 out of 100 for hessian
Estimating row 15 out of 100 for hessian
Estimating row 16 out of 100 for hessian
Estimating row 17 out of 100 for hessian
Estimating row 18 out of 100 for hessian
Estimating row 19 out of 100 for hessian
Estimating row 20 out of 100 for hessian
Estimating row 21 out of 100 for hessian
Estimating row 22 out of 100 for hessian
Estimating row 23 out of 100 for hessian
Estimating row 24 out of 100 for hessian
Estimating row 25 out of 100 for hessian
Estimating row 26 out of 100 for hessian
Estimating row 27 out of 100 for hessian
Estimating row 28 out of 100 for hessian
Estimating row 29 out of 100 for hessian
Estimating row 30 out of 100 for hessian
Estimating row 31 out of 100 for hessian
Estimating row 32 out of 100 for hessian
Estimating row 33 out of 100 for hessian
Estimating row 34 out of 100 for hessian
Estimating row 35 out of 100 for hessian
Estimating row 36 out of 100 for hessian
Estimating row 37 out of 100 for hessian
Estimating row 38 out of 100 for hessian
Estimating row 39 out of 100 for hessian
Estimating row 40 out of 100 for hessian
Estimating row 41 out of 100 for hessian
Estimating row 42 out of 100 for hessian
Estimating row 43 out of 100 for hessian
Estimating row 44 out of 100 for hessian
Estimating row 45 out of 100 for hessian
Estimating row 46 out of 100 for hessian
Estimating row 47 out of 100 for hessian
Estimating row 48 out of 100 for hessian
Estimating row 49 out of 100 for hessian
Estimating row 50 out of 100 for hessian
Estimating row 51 out of 100 for hessian
Estimating row 52 out of 100 for hessian
Estimating row 53 out of 100 for hessian
Estimating row 54 out of 100 for hessian
Estimating row 55 out of 100 for hessian
Estimating row 56 out of 100 for hessian
Estimating row 57 out of 100 for hessian
Estimating row 58 out of 100 for hessian
Estimating row 59 out of 100 for hessian
Estimating row 60 out of 100 for hessian
Estimating row 61 out of 100 for hessian
Estimating row 62 out of 100 for hessian
Estimating row 63 out of 100 for hessian
Estimating row 64 out of 100 for hessian
Estimating row 65 out of 100 for hessian
Estimating row 66 out of 100 for hessian
Estimating row 67 out of 100 for hessian
Estimating row 68 out of 100 for hessian
Estimating row 69 out of 100 for hessian
Estimating row 70 out of 100 for hessian
Estimating row 71 out of 100 for hessian
Estimating row 72 out of 100 for hessian
Estimating row 73 out of 100 for hessian
Estimating row 74 out of 100 for hessian
Estimating row 75 out of 100 for hessian
Estimating row 76 out of 100 for hessian
Estimating row 77 out of 100 for hessian
Estimating row 78 out of 100 for hessian
Estimating row 79 out of 100 for hessian
Estimating row 80 out of 100 for hessian
Estimating row 81 out of 100 for hessian
Estimating row 82 out of 100 for hessian
Estimating row 83 out of 100 for hessian
Estimating row 84 out of 100 for hessian
Estimating row 85 out of 100 for hessian
Estimating row 86 out of 100 for hessian
Estimating row 87 out of 100 for hessian
Estimating row 88 out of 100 for hessian
Estimating row 89 out of 100 for hessian
Estimating row 90 out of 100 for hessian
Estimating row 91 out of 100 for hessian
Estimating row 92 out of 100 for hessian
Estimating row 93 out of 100 for hessian
Estimating row 94 out of 100 for hessian
Estimating row 95 out of 100 for hessian
Estimating row 96 out of 100 for hessian
Estimating row 97 out of 100 for hessian
Estimating row 98 out of 100 for hessian
Estimating row 99 out of 100 for hessian
Estimating row 100 out of 100 for hessian
size of file gradfil1.tmp = 0
size of file gradfil2.tmp = 0
size of file varssave.tmp = 0
size of file cmpdiff.tmp = 0
