
Initial statistics: 1 variables; iteration 0; function evaluation 0; phase 1
Function value 2.9897349e+03; maximum gradient component mag 2.8563e+04
Var    Value     Gradient |Var    Value     Gradient |Var    Value     Gradient
  1  0.00906  2.85634e+04 |

 - final statistics:
1 variables; iteration 4; function evaluation 8
Function value 2.6287e+03; maximum gradient component mag 5.0137e+00
Exit code = 1;  converg criter 1.0000e+01
Var    Value     Gradient |Var    Value     Gradient |Var    Value     Gradient
  1 -0.01515  5.01369e+00 |

Initial statistics: 79 variables; iteration 0; function evaluation 0; phase 2
Function value 2.6287263e+03; maximum gradient component mag 4.1476e+03
Var    Value     Gradient |Var    Value     Gradient |Var    Value     Gradient
  1 -0.01515  5.01369e+00 |  2  0.00240  2.42316e+01 |  3  0.00408  2.86028e+01
  4 -0.00031  2.97021e+01 |  5  0.00100  3.48141e+01 |  6 -0.00189  3.76681e+01
  7 -0.00045  4.41298e+01 |  8  0.00437  5.41523e+01 |  9 -0.00464  5.37812e+01
 10  0.00330  6.85557e+01 | 11 -0.00411  7.03728e+01 | 12  0.00149  8.56767e+01
 13 -0.00375  9.06122e+01 | 14 -0.00296  1.02956e+02 | 15  0.00117  1.20868e+02
 16 -0.00175  1.30590e+02 | 17  0.00075  1.49129e+02 | 18  0.00364  1.69933e+02
 19  0.00356  1.86900e+02 | 20 -0.00239  1.93677e+02 | 21  0.00314  2.22388e+02
 22 -0.00517  2.22919e+02 | 23 -0.00103  2.51547e+02 | 24 -0.00469  2.63648e+02
 25  0.00412  3.13585e+02 | 26 -0.00083  3.26727e+02 | 27  0.00437  3.68777e+02
 28  0.00196  3.81360e+02 | 29 -0.00385  3.79943e+02 | 30  0.00237  4.18307e+02
 31 -0.00367  4.02295e+02 | 32 -0.00365  4.00948e+02 | 33  0.00447  4.26252e+02
 34 -0.00294  3.92335e+02 | 35  0.00323  4.17492e+02 | 36  0.00188  4.18154e+02
 37 -0.00021  4.27469e+02 | 38  0.00359  4.62473e+02 | 39 -0.00024  4.65952e+02
 40 -0.00113  4.78935e+02 | 41  0.00165  5.01235e+02 | 42  0.00485  5.19074e+02
 43 -0.00183  4.84704e+02 | 44 -0.00143  4.80011e+02 | 45 -0.00301  4.66610e+02
 46 -0.00319  4.34508e+02 | 47  0.00106  3.96102e+02 | 48  0.00250  3.26338e+02
 49  0.00404  2.03804e+02 | 50 -0.00253  5.57906e+01 | 51  0.00461 -1.32293e+02
 52  0.00276 -2.37048e+02 | 53 -0.00359 -3.90810e+02 | 54 -0.00427 -4.58176e+02
 55 -0.00262 -5.79573e+02 | 56  0.00185 -6.77680e+02 | 57 -0.00076 -8.41347e+02
 58 -0.00182 -9.88933e+02 | 59  0.00150 -1.13804e+03 | 60 -0.00430 -1.20978e+03
 61  0.00114 -1.31756e+03 | 62  0.00104 -1.20875e+03 | 63 -0.00188 -1.08024e+03
 64  0.00043 -9.46420e+02 | 65 -0.00361 -7.36180e+02 | 66 -0.00513 -5.40901e+02
 67  0.00318 -3.16604e+02 | 68  0.00196 -1.47053e+02 | 69  0.00210 -7.62529e+01
 70  0.00007  3.75708e+01 | 71  0.27826 -2.05880e+02 | 72 -0.56264  1.34004e+01
 73 -0.04585  1.62701e+02 | 74  0.08150  9.83528e+01 | 75 -0.57000 -1.44076e+01
 76 -0.11658  2.76572e+02 | 77 -0.06785  4.14763e+03 | 78 -0.99752 -8.47885e-01
 79  0.13820  2.24878e+02 |

Intermediate statistics: 79 variables; iteration 20; function evaluation 30; phase 2
Function value 2.0721615e+03; maximum gradient component mag 5.1238e+03
Var    Value     Gradient |Var    Value     Gradient |Var    Value     Gradient
  1 -0.03261  5.12381e+03 |  2 -0.01800 -2.64439e+01 |  3 -0.02240 -2.75051e+01
  4 -0.02225 -2.64814e+01 |  5 -0.02681 -2.74510e+01 |  6 -0.02847 -2.70089e+01
  7 -0.03353 -2.80150e+01 |  8 -0.04087 -2.99942e+01 |  9 -0.03951 -2.77189e+01
 10 -0.04854 -3.03231e+01 | 11 -0.04900 -2.85957e+01 | 12 -0.05561 -2.98451e+01
 13 -0.05716 -2.84009e+01 | 14 -0.06033 -2.77077e+01 | 15 -0.06276 -2.65409e+01
 16 -0.06311 -2.41085e+01 | 17 -0.06215 -2.07787e+01 | 18 -0.05853 -1.57532e+01
 19 -0.05332 -9.64016e+00 | 20 -0.04989 -4.36758e+00 | 21 -0.03623  7.54137e+00
 22 -0.03029  1.38730e+01 | 23 -0.01378  2.88408e+01 | 24 -0.00359  3.92204e+01
 25  0.01444  6.11081e+01 | 26  0.01787  6.97500e+01 | 27  0.03139  8.92454e+01
 28  0.03806  9.77167e+01 | 29  0.03695  9.70488e+01 | 30  0.03824  1.00358e+02
 31  0.03055  8.72143e+01 | 32  0.02802  7.65772e+01 | 33  0.03468  7.34749e+01
 34  0.03698  6.27615e+01 | 35  0.05065  7.06511e+01 | 36  0.05680  7.58266e+01
 37  0.05190  8.31192e+01 | 38  0.04971  1.00187e+02 | 39  0.03776  1.05737e+02
 40  0.03046  1.12769e+02 | 41  0.02802  1.21961e+02 | 42  0.02792  1.26979e+02
 43  0.02005  1.13328e+02 | 44  0.01974  1.11192e+02 | 45  0.01672  1.10270e+02
 46  0.01769  9.86409e+01 | 47  0.01947  7.97357e+01 | 48  0.01265  5.19999e+01
 49  0.00333  7.89325e+00 | 50  0.06531 -5.37280e+00 | 51 -0.01703 -8.98328e+01
 52  0.04023 -2.15897e+01 | 53  0.08795  7.87545e+01 | 54  0.07159  9.04549e+01
 55  0.07501  3.10490e+01 | 56 -0.20071 -1.10029e+02 | 57  0.18614  4.31855e+02
 58  0.01689 -5.80235e+01 | 59 -0.05216 -8.35305e+01 | 60  0.12574  1.46542e+02
 61  0.17245  3.69462e+02 | 62  0.08544  1.47803e+02 | 63  0.02964  4.63311e+01
 64  0.14708  3.02716e+02 | 65 -0.22758 -9.14552e+01 | 66  0.23011  9.93720e+02
 67 -0.43661 -1.36620e+02 | 68 -0.09448 -4.88737e+01 | 69  0.10823  6.23422e+01
 70 -0.03886 -4.28189e+01 | 71  0.38761  5.86471e+02 | 72 -0.39599  3.27963e+00
 73 -0.96887 -3.31077e+00 | 74  0.09215  6.25621e+01 | 75 -0.31199 -5.90630e+01
 76 -0.32990 -2.72810e+01 | 77 -0.09523  2.37089e+03 | 78 -0.99645 -7.91502e-01
 79 -0.08247  1.62189e+03 |
79 variables; iteration 40; function evaluation 59; phase 2
Function value 1.8394234e+03; maximum gradient component mag 6.4777e+03
Var    Value     Gradient |Var    Value     Gradient |Var    Value     Gradient
  1 -0.03162  6.47773e+03 |  2 -0.00684 -5.31567e+01 |  3 -0.01356 -5.52943e+01
  4 -0.01120 -5.34349e+01 |  5 -0.01733 -5.51920e+01 |  6 -0.01796 -5.44344e+01
  7 -0.02390 -5.59628e+01 |  8 -0.03304 -5.88833e+01 |  9 -0.02808 -5.51952e+01
 10 -0.03820 -5.84421e+01 | 11 -0.03632 -5.58595e+01 | 12 -0.04287 -5.72622e+01
 13 -0.04430 -5.60459e+01 | 14 -0.04921 -5.65219e+01 | 15 -0.05585 -5.78954e+01
 16 -0.06217 -5.91245e+01 | 17 -0.07071 -6.16078e+01 | 18 -0.07809 -6.36418e+01
 19 -0.07980 -6.28213e+01 | 20 -0.07654 -5.91461e+01 | 21 -0.05870 -4.72570e+01
 22 -0.04341 -3.62002e+01 | 23 -0.01997 -1.87196e+01 | 24 -0.00584 -6.89172e+00
 25  0.00900  9.30811e+00 | 26  0.01220  1.70091e+01 | 27  0.00479  1.48296e+01
 28  0.00045  1.30788e+01 | 29 -0.00525  1.13046e+01 | 30 -0.04775 -2.00472e+01
 31 -0.05176 -1.97751e+01 | 32 -0.04483 -1.05393e+01 | 33  0.02197  6.55443e+01
 34  0.07303  1.48474e+02 | 35  0.09555  2.08080e+02 | 36  0.10049  2.40637e+02
 37  0.09987  2.71249e+02 | 38  0.03421  1.56919e+02 | 39 -0.00873  1.01409e+02
 40 -0.02060  9.61215e+01 | 41 -0.01656  1.13883e+02 | 42  0.01472  1.82325e+02
 43  0.02914  2.14974e+02 | 44  0.05526  2.79821e+02 | 45  0.02405  1.97809e+02
 46  0.04549  2.19915e+02 | 47 -0.02520  5.40693e+01 | 48  0.00400  5.66254e+01
 49  0.03043  3.42164e+01 | 50  0.02726  4.22693e+00 | 51  0.01407 -1.30125e+01
 52  0.03027  6.21167e+01 | 53  0.10104  2.34436e+02 | 54  0.03420  8.18995e+01
 55  0.09393  8.56264e+01 | 56 -0.36970 -1.86479e+02 | 57  0.14653  1.68307e+02
 58  0.06275 -3.58936e+01 | 59 -0.01024 -8.81765e+01 | 60  0.10353 -1.55954e+00
 61  0.14997  6.48240e+01 | 62  0.03671 -2.77686e+01 | 63  0.05341 -1.87679e+01
 64  0.13667  1.94198e+02 | 65 -0.13632 -7.14240e+01 | 66  0.18260  7.28188e+02
 67  0.05445  2.34430e+02 | 68 -0.15148 -7.76234e+01 | 69  0.08900  1.20275e+02
 70 -0.02114 -2.91188e+01 | 71  0.36965  1.04454e+03 | 72 -0.50658 -6.11882e+01
 73 -0.72799 -2.54641e+01 | 74  0.09520  2.14284e+01 | 75 -0.23358 -2.17326e+01
 76 -0.28052  6.77386e+01 | 77 -0.12786 -2.39581e+02 | 78 -0.19454 -1.11156e+02
 79 -0.05199  1.27154e+03 |
79 variables; iteration 60; function evaluation 88; phase 2
Function value 1.7425051e+03; maximum gradient component mag 6.3301e+02
Var    Value     Gradient |Var    Value     Gradient |Var    Value     Gradient
  1 -0.03123  6.33009e+02 |  2 -0.01576 -2.73235e+01 |  3 -0.01662 -2.71554e+01
  4 -0.01308 -2.50650e+01 |  5 -0.01992 -2.72948e+01 |  6 -0.02597 -2.91456e+01
  7 -0.03758 -3.33476e+01 |  8 -0.04376 -3.51740e+01 |  9 -0.03952 -3.23830e+01
 10 -0.02747 -2.58176e+01 | 11 -0.02226 -2.20162e+01 | 12 -0.01258 -1.57116e+01
 13 -0.01154 -1.33432e+01 | 14 -0.01246 -1.18220e+01 | 15 -0.01704 -1.21589e+01
 16 -0.02261 -1.30267e+01 | 17 -0.03084 -1.54106e+01 | 18 -0.04241 -1.98009e+01
 19 -0.05931 -2.72824e+01 | 20 -0.07622 -3.46843e+01 | 21 -0.05417 -2.14780e+01
 22 -0.03142 -6.72078e+00 | 23 -0.03566 -8.33006e+00 | 24 -0.03729 -8.54572e+00
 25 -0.02994 -1.92836e+00 | 26 -0.02176  5.51046e+00 | 27 -0.02790  2.52007e+00
 28 -0.02897  1.01395e+00 | 29 -0.02726  8.21363e-01 | 30 -0.02626 -1.81897e-01
 31 -0.02327 -2.61829e+00 | 32 -0.02955 -1.23161e+01 | 33  0.00978  3.22001e+00
 34  0.04512  1.25428e+01 | 35  0.10946  4.42989e+01 | 36  0.04212  6.59795e+00
 37  0.05552  2.15676e+01 | 38  0.00692  5.64203e+00 | 39 -0.00308  1.04237e+01
 40 -0.00972  1.28618e+01 | 41 -0.02441  6.99082e+00 | 42  0.00453  2.83108e+01
 43 -0.00810  1.29685e+01 | 44 -0.02112  5.67978e-01 | 45 -0.01506  7.47233e+00
 46  0.00876  1.01797e+01 | 47 -0.02498 -2.39479e+01 | 48  0.04315  1.61070e+00
 49  0.03587 -3.24950e+01 | 50  0.03302 -4.32436e+01 | 51  0.02021 -5.79979e+01
 52  0.01078 -6.53496e+01 | 53  0.07072 -8.55352e+01 | 54 -0.03186 -5.82939e+01
 55  0.10923 -6.90937e+00 | 56 -0.16955 -1.14568e+02 | 57  0.10537 -5.32902e+00
 58  0.09835 -4.72087e+01 | 59 -0.05028 -9.08122e+01 | 60  0.08544 -6.33236e+01
 61  0.14942 -4.27141e+00 | 62 -0.00876 -4.13092e+01 | 63  0.08642 -2.01815e+01
 64  0.10061  4.09300e+01 | 65 -0.02199 -1.58740e+01 | 66  0.11225  1.20784e+02
 67 -0.00676  1.92820e+01 | 68 -0.05442 -2.93234e+01 | 69  0.05810 -3.00905e+00
 70 -0.08506 -6.48781e+01 | 71  0.36440  2.19025e+02 | 72 -0.45244 -3.74096e-01
 73 -0.63877 -3.23462e+01 | 74  0.10006  1.14520e+01 | 75 -0.24459  1.53215e+00
 76 -0.29780 -5.60504e+00 | 77 -0.15541 -2.81042e+02 | 78 -0.16111 -1.16787e+01
 79 -0.00787  1.65836e+02 |
Maximum number of function evaluations exceeded

 - final statistics:
79 variables; iteration 68; function evaluation 100
Function value 1.7285e+03; maximum gradient component mag -2.5539e+02
Exit code = 3;  converg criter 1.0000e+01
Var    Value     Gradient |Var    Value     Gradient |Var    Value     Gradient
  1 -0.03067 -1.14187e+02 |  2 -0.00853 -7.89389e+00 |  3 -0.00727 -6.95338e+00
  4 -0.00803 -6.78269e+00 |  5 -0.01278 -8.22958e+00 |  6 -0.01099 -6.86190e+00
  7 -0.00561 -3.84576e+00 |  8 -0.01055 -5.17423e+00 |  9 -0.01179 -4.81139e+00
 10 -0.03050 -1.21318e+01 | 11 -0.03058 -1.11749e+01 | 12 -0.02322 -6.68953e+00
 13 -0.01736 -2.62498e+00 | 14 -0.01927 -2.10244e+00 | 15 -0.02638 -4.09518e+00
 16 -0.03253 -5.63482e+00 | 17 -0.03750 -6.61746e+00 | 18 -0.04034 -6.59451e+00
 19 -0.04137 -5.73662e+00 | 20 -0.03927 -3.15232e+00 | 21 -0.03733 -1.01753e+00
 22 -0.04970 -6.83833e+00 | 23 -0.05244 -7.65687e+00 | 24 -0.04513 -3.15070e+00
 25 -0.03567  3.42822e+00 | 26 -0.04405 -3.63705e-01 | 27 -0.03401  5.88906e+00
 28 -0.04432 -1.26900e+00 | 29 -0.05187 -7.26759e+00 | 30 -0.02413  5.14082e+00
 31 -0.02276  3.91107e-02 | 32 -0.00718 -4.68451e-01 | 33  0.00250 -6.06755e+00
 34  0.03503 -6.93479e+00 | 35  0.09885 -6.79645e-01 | 36  0.06596 -1.12794e+01
 37  0.05574 -9.57661e+00 | 38  0.01093 -1.24481e+01 | 39 -0.00295 -9.37955e+00
 40 -0.03524 -1.86394e+01 | 41 -0.03307 -1.59086e+01 | 42 -0.02691 -1.54236e+01
 43 -0.02592 -2.09894e+01 | 44 -0.02579 -2.39544e+01 | 45 -0.02381 -1.82556e+01
 46 -0.00204 -1.76736e+01 | 47  0.00273 -2.78146e+01 | 48  0.01847 -2.28651e+01
 49  0.04890 -3.31564e+01 | 50  0.03209 -3.22880e+01 | 51  0.02237 -4.03369e+01
 52  0.00451 -4.86962e+01 | 53  0.07761 -5.08895e+01 | 54 -0.05202 -4.04664e+01
 55  0.10653  2.66760e+01 | 56 -0.08494 -4.50466e+01 | 57  0.09016  3.76441e+01
 58  0.10001  1.91032e+01 | 59 -0.02156 -5.25425e+01 | 60  0.07228 -2.48904e+01
 61  0.15732  4.53705e+01 | 62 -0.05378 -3.76760e+01 | 63  0.09323 -1.27021e+01
 64  0.09308  3.48284e+01 | 65 -0.00045 -2.89746e+00 | 66  0.08904  5.33048e+01
 67 -0.00976  1.56389e+01 | 68 -0.02771  3.50497e-01 | 69  0.04338  1.07079e+01
 70 -0.06057 -2.84948e+01 | 71  0.36136 -9.71276e+01 | 72 -0.44916  8.68184e+00
 73 -0.55011 -3.59615e+01 | 74  0.09962 -1.79769e+01 | 75 -0.25635  1.29812e+00
 76 -0.30319 -2.62571e+01 | 77 -0.15722 -2.55394e+02 | 78 -0.15656 -5.34193e+00
 79  0.01233  7.68454e+01 |

Initial statistics: 88 variables; iteration 0; function evaluation 0; phase 3
Function value 1.7283789e+03; maximum gradient component mag -3.2756e+02
Var    Value     Gradient |Var    Value     Gradient |Var    Value     Gradient
  1 -0.03067 -1.14187e+02 |  2 -0.00807  4.20235e-01 |  3 -0.00681  1.36095e+00
  4 -0.00756  1.53153e+00 |  5 -0.01232  8.36100e-02 |  6 -0.01052  1.45175e+00
  7 -0.00515  4.46881e+00 |  8 -0.01008  3.13953e+00 |  9 -0.01132  3.50210e+00
 10 -0.03003 -3.82659e+00 | 11 -0.03012 -2.86975e+00 | 12 -0.02275  1.61985e+00
 13 -0.01689  5.68691e+00 | 14 -0.01880  6.20875e+00 | 15 -0.02592  4.21267e+00
 16 -0.03207  2.66929e+00 | 17 -0.03704  1.68305e+00 | 18 -0.03987  1.70375e+00
 19 -0.04090  2.56081e+00 | 20 -0.03880  5.14696e+00 | 21 -0.03686  7.28336e+00
 22 -0.04924  1.45129e+00 | 23 -0.05198  6.29836e-01 | 24 -0.04467  5.14355e+00
 25 -0.03520  1.17305e+01 | 26 -0.04358  7.93166e+00 | 27 -0.03354  1.41926e+01
 28 -0.04386  7.02608e+00 | 29 -0.05141  1.01974e+00 | 30 -0.02367  1.34501e+01
 31 -0.02230  8.34888e+00 | 32 -0.00671  7.84595e+00 | 33  0.00296  2.24724e+00
 34  0.03549  1.36744e+00 | 35  0.09932  7.53431e+00 | 36  0.06643 -3.00892e+00
 37  0.05620 -1.29352e+00 | 38  0.01139 -4.13437e+00 | 39 -0.00248 -1.06477e+00
 40 -0.03478 -1.03377e+01 | 41 -0.03260 -7.60522e+00 | 42 -0.02644 -7.11638e+00
 43 -0.02546 -1.26818e+01 | 44 -0.02533 -1.56468e+01 | 45 -0.02335 -9.94682e+00
 46 -0.00158 -9.35882e+00 | 47  0.00319 -1.94998e+01 | 48  0.01893 -1.45534e+01
 49  0.04936 -2.48646e+01 | 50  0.03255 -2.39828e+01 | 51  0.02284 -3.20264e+01
 52  0.00497 -4.03813e+01 | 53  0.07808 -4.26325e+01 | 54 -0.05155 -3.21812e+01
 55  0.10700  3.48704e+01 | 56 -0.08447 -3.68093e+01 | 57  0.09063  4.58709e+01
 58  0.10048  2.73125e+01 | 59 -0.02109 -4.42335e+01 | 60  0.07275 -1.66277e+01
 61  0.15780  5.34226e+01 | 62 -0.05331 -2.93926e+01 | 63  0.09370 -4.47577e+00
 64  0.09355  4.30498e+01 | 65  0.00001  5.41740e+00 | 66  0.08951  6.15320e+01
 67 -0.00929  2.39530e+01 | 68 -0.02725  8.65776e+00 | 69  0.04384  1.90026e+01
 70 -0.06010 -2.02189e+01 | 71  0.36136 -9.71276e+01 | 72 -0.03531 -1.09603e+02
 73  0.43162 -1.64721e+01 | 74 -0.47008 -1.16441e+01 | 75 -0.44916  8.68184e+00
 76 -0.55011 -3.59615e+01 | 77  0.09962 -1.79769e+01 | 78  0.09847  4.40579e+01
 79  0.50120  8.68959e+00 | 80 -0.53054  1.01054e+00 | 81 -0.25635  1.29812e+00
 82 -0.30319 -2.62571e+01 | 83 -0.15722 -2.55394e+02 | 84 -0.02512 -3.27562e+02
 85  0.30948 -2.86023e+00 | 86 -0.48475 -7.13044e+00 | 87 -0.15656 -5.34193e+00
 88  0.01233  7.68454e+01 |

Intermediate statistics: 88 variables; iteration 20; function evaluation 35; phase 3
Function value 1.5718661e+03; maximum gradient component mag 4.1186e+03
Var    Value     Gradient |Var    Value     Gradient |Var    Value     Gradient
  1 -0.02068  4.11862e+03 |  2  0.00087 -6.07980e+01 |  3 -0.00361 -6.24406e+01
  4 -0.00510 -6.28986e+01 |  5 -0.00019 -6.08176e+01 |  6 -0.00670 -6.32211e+01
  7 -0.02003 -6.82915e+01 |  8 -0.01592 -6.64823e+01 |  9 -0.01881 -6.74035e+01
 10  0.00927 -5.58513e+01 | 11  0.00376 -5.77539e+01 | 12 -0.01621 -6.55195e+01
 13 -0.03478 -7.26455e+01 | 14 -0.03895 -7.39849e+01 | 15 -0.03280 -7.11552e+01
 16 -0.02858 -6.90313e+01 | 17 -0.02668 -6.78033e+01 | 18 -0.02882 -6.82364e+01
 19 -0.03425 -7.00467e+01 | 20 -0.04681 -7.47953e+01 | 21 -0.05706 -7.86112e+01
 22 -0.03448 -6.86571e+01 | 23 -0.03235 -6.71750e+01 | 24 -0.05156 -7.48922e+01
 25 -0.08021 -8.61899e+01 | 26 -0.06590 -7.96357e+01 | 27 -0.09204 -9.01838e+01
 28 -0.06172 -7.80265e+01 | 29 -0.03583 -6.86919e+01 | 30 -0.08220 -9.07535e+01
 31 -0.05465 -8.58147e+01 | 32 -0.04172 -8.92892e+01 | 33  0.00325 -8.89743e+01
 34  0.04418 -9.80420e+01 | 35  0.03408 -1.03050e+02 | 36  0.11434 -1.18405e+02
 37  0.02818 -9.89418e+01 | 38  0.00481 -9.13341e+01 | 39 -0.03200 -9.00312e+01
 40 -0.00515 -7.72959e+01 | 41 -0.02532 -7.71979e+01 | 42 -0.02735 -7.35175e+01
 43 -0.00596 -5.95107e+01 | 44 -0.00219 -4.28862e+01 | 45 -0.02563 -3.30295e+01
 46 -0.01623 -1.26136e+01 | 47  0.01020  1.83194e+01 | 48  0.00762  3.53006e+01
 49  0.05082  1.07013e+02 | 50  0.04087  1.47251e+02 | 51  0.04201  2.32167e+02
 52  0.04757  2.88333e+02 | 53  0.09728  4.44210e+02 | 54  0.02653  1.64673e+02
 55  0.04491  1.30942e+02 | 56  0.04536  1.73443e+02 | 57  0.03716  1.36077e+02
 58  0.07977  2.96285e+02 | 59  0.07671  3.43829e+02 | 60  0.11310  4.71495e+02
 61  0.10809  3.39141e+02 | 62  0.05284  1.81302e+02 | 63  0.11106  2.47394e+02
 64  0.03693  2.86768e+01 | 65  0.10162 -4.06545e+01 | 66 -0.14608 -1.52337e+02
 67  0.00493 -1.37107e+02 | 68  0.04298 -1.21320e+02 | 69 -0.10383 -1.45744e+02
 70  0.01082 -3.84207e+01 | 71  0.17403 -6.32374e+01 | 72  0.08149  2.50874e+01
 73  0.34250  5.96520e+00 | 74 -0.51191  7.66544e-01 | 75 -0.52147 -4.55701e+01
 76 -0.36953 -2.69656e+01 | 77  0.21744  3.97024e+02 | 78  0.07069  5.53835e+02
 79  0.42479 -2.81346e+01 | 80 -0.54391  2.66295e+01 | 81 -0.17736 -7.78455e+01
 82 -0.30138  1.09903e+02 | 83  0.13589  1.98448e+03 | 84  0.12003  3.97153e+03
 85  0.47714 -9.57128e+00 | 86 -0.59405  1.17342e+02 | 87 -0.05114  5.32976e+01
 88 -0.22874  9.94477e+02 |
88 variables; iteration 40; function evaluation 57; phase 3
Function value 1.5228204e+03; maximum gradient component mag 4.7019e+03
Var    Value     Gradient |Var    Value     Gradient |Var    Value     Gradient
  1 -0.01536  4.70188e+03 |  2  0.00725 -6.34996e+01 |  3 -0.00121 -6.66140e+01
  4 -0.00289 -6.69575e+01 |  5  0.00907 -6.16492e+01 |  6 -0.00276 -6.60845e+01
  7 -0.02862 -7.62286e+01 |  8 -0.01736 -7.11327e+01 |  9 -0.02056 -7.19005e+01
 10  0.03280 -4.79719e+01 | 11  0.02432 -5.07673e+01 | 12 -0.00797 -6.42619e+01
 13 -0.03873 -7.68071e+01 | 14 -0.04297 -7.78136e+01 | 15 -0.02907 -7.07688e+01
 16 -0.02012 -6.55736e+01 | 17 -0.01578 -6.22820e+01 | 18 -0.01778 -6.19426e+01
 19 -0.02458 -6.39571e+01 | 20 -0.04148 -7.08100e+01 | 21 -0.05635 -7.67571e+01
 22 -0.02624 -6.03394e+01 | 23 -0.02511 -5.80655e+01 | 24 -0.05179 -7.05032e+01
 25 -0.09407 -8.93813e+01 | 26 -0.07324 -7.73196e+01 | 27 -0.11383 -9.55140e+01
 28 -0.07107 -7.35568e+01 | 29 -0.03612 -5.39145e+01 | 30 -0.10505 -9.20143e+01
 31 -0.06050 -7.35758e+01 | 32 -0.03535 -6.75209e+01 | 33  0.03238 -4.46558e+01
 34 -0.03716 -8.35470e+01 | 35  0.08130 -4.51766e+01 | 36  0.13866 -2.69005e+01
 37 -0.02530 -7.76925e+01 | 38 -0.02091 -6.77026e+01 | 39 -0.07896 -8.66170e+01
 40  0.01484 -2.80057e+01 | 41 -0.01779 -3.94816e+01 | 42 -0.02501 -3.62568e+01
 43  0.01671  9.11118e+00 | 44  0.01922  3.59269e+01 | 45 -0.03097  9.41028e+00
 46 -0.02147  3.64065e+01 | 47  0.02340  1.10280e+02 | 48  0.00778  9.58146e+01
 49  0.03552  1.41382e+02 | 50  0.04205  1.86649e+02 | 51  0.03291  2.16184e+02
 52  0.05293  3.28071e+02 | 53  0.10092  4.84016e+02 | 54  0.01149  1.20254e+02
 55  0.05004  1.07841e+02 | 56  0.03642  1.12240e+02 | 57  0.03021  6.40750e+01
 58  0.07847  1.98931e+02 | 59  0.07941  2.36208e+02 | 60  0.08262  2.24467e+02
 61  0.11131  2.09836e+02 | 62  0.04502  9.56650e+01 | 63  0.10465  1.75229e+02
 64  0.02365  1.62404e+01 | 65  0.12999  5.85913e+01 | 66 -0.11224 -1.44772e+02
 67 -0.03515 -1.41343e+02 | 68  0.02696 -9.65302e+01 | 69  0.00696 -8.96625e+01
 70 -0.01772 -5.08327e+01 | 71  0.18650  6.82144e+02 | 72  0.08045  1.15021e+03
 73  0.32366  1.90455e+01 | 74 -0.71608  7.30715e+00 | 75 -0.41694 -2.15384e+01
 76 -0.34555  3.73108e+01 | 77  0.22120  7.89653e+02 | 78  0.07614  1.13578e+03
 79  0.26678 -2.28527e+01 | 80 -0.70596  2.13128e+01 | 81 -0.11192 -4.96652e+01
 82 -0.26999  1.52529e+02 | 83  0.13333  1.30157e+03 | 84  0.12099  2.42939e+03
 85  0.61489 -4.69729e+01 | 86 -0.73655  4.92244e+01 | 87 -0.18444 -1.23383e+02
 88 -0.27530  8.16062e+02 |
88 variables; iteration 60; function evaluation 84; phase 3
Function value 1.4368178e+03; maximum gradient component mag 5.1227e+02
Var    Value     Gradient |Var    Value     Gradient |Var    Value     Gradient
  1 -0.01003  3.96819e+02 |  2 -0.00525 -5.59117e+00 |  3 -0.00488 -5.16386e+00
  4 -0.00561 -5.14174e+00 |  5 -0.00788 -5.70525e+00 |  6 -0.00771 -5.22898e+00
  7 -0.00741 -4.64405e+00 |  8 -0.00925 -4.88362e+00 |  9 -0.01040 -4.77331e+00
 10 -0.01643 -6.67802e+00 | 11 -0.01819 -6.71786e+00 | 12 -0.01769 -5.69802e+00
 13 -0.01267 -2.56350e+00 | 14 -0.01297 -1.66752e+00 | 15 -0.02058 -4.04686e+00
 16 -0.02741 -6.05374e+00 | 17 -0.03237 -7.18422e+00 | 18 -0.03439 -6.92833e+00
 19 -0.03471 -5.82956e+00 | 20 -0.03419 -4.10637e+00 | 21 -0.03625 -3.71697e+00
 22 -0.03678 -2.39139e+00 | 23 -0.03629 -3.91700e-01 | 24 -0.04459 -3.00430e+00
 25 -0.05882 -8.11804e+00 | 26 -0.05582 -3.69968e+00 | 27 -0.07165 -1.00869e+01
 28 -0.05931 -1.91346e+00 | 29 -0.05392  1.18714e+00 | 30 -0.07224 -1.08476e+01
 31 -0.05850 -7.77258e+00 | 32 -0.04916 -9.97949e+00 | 33 -0.02439 -6.96764e+00
 34  0.00046 -7.08242e+00 | 35  0.08889  1.66248e+01 | 36  0.11756  2.12110e+01
 37  0.00562 -7.98211e+00 | 38  0.01562  3.14682e+00 | 39 -0.02325 -7.01161e+00
 40  0.00611  9.19692e+00 | 41 -0.01455  1.03875e+00 | 42 -0.01444  7.00116e-01
 43  0.02828  2.21480e+01 | 44  0.00736  2.13692e+01 | 45 -0.03954  9.52221e+00
 46 -0.02698  2.19536e+01 | 47  0.00609  3.92685e+01 | 48  0.00072  3.75488e+01
 49  0.05905  6.44827e+01 | 50  0.02829  4.03985e+01 | 51  0.02176  4.22960e+01
 52  0.01663  3.88921e+01 | 53  0.07218  6.25180e+01 | 54  0.00324  1.60026e+01
 55  0.06931  2.06159e+01 | 56 -0.00310  1.47670e+01 | 57  0.05343  3.84090e+00
 58  0.06344  3.98257e+00 | 59  0.05200 -2.65695e+00 | 60  0.06554 -2.33164e+00
 61  0.11073 -2.88802e+01 | 62  0.04079 -1.10688e+01 | 63  0.08569 -1.44844e+01
 64  0.03736 -1.87217e+01 | 65  0.09284 -1.54330e+00 | 66 -0.01660 -5.93355e+01
 67  0.01202 -2.30839e+01 | 68  0.00948 -1.59287e+01 | 69 -0.00994 -5.58311e+01
 70 -0.03894 -2.68555e+01 | 71  0.21518  4.14136e+02 | 72  0.05870  5.12266e+02
 73  0.29786 -5.67477e+01 | 74 -0.61165  8.34596e+00 | 75 -0.39730 -8.94715e+00
 76 -0.38013 -3.28770e+01 | 77  0.19303  3.02164e+02 | 78  0.09165  4.53335e+02
 79  0.21372 -1.59635e+01 | 80 -1.00824 -7.88297e-02 | 81 -0.12656 -1.11376e+01
 82 -0.35942  3.30574e+01 | 83  0.09969  3.09818e+02 | 84  0.13061  4.83508e+02
 85  0.53318 -2.78287e+01 | 86 -0.63584  1.81054e+01 | 87 -0.14406 -3.20587e+01
 88 -0.35720  4.90835e+01 |
88 variables; iteration 80; function evaluation 118; phase 3
Function value 1.4236414e+03; maximum gradient component mag 1.7014e+02
Var    Value     Gradient |Var    Value     Gradient |Var    Value     Gradient
  1 -0.00858  5.08111e+01 |  2  0.00137  1.60363e+00 |  3 -0.00776 -1.78484e+00
  4 -0.00595 -7.27006e-01 |  5 -0.00972 -1.89591e+00 |  6 -0.00318  1.21217e+00
  7 -0.00328  1.66852e+00 |  8 -0.00499  1.51268e+00 |  9 -0.00899  4.47965e-01
 10 -0.01429 -1.12504e+00 | 11 -0.00697  2.83129e+00 | 12 -0.01645 -4.50892e-01
 13 -0.02067 -1.39162e+00 | 14 -0.02171 -8.47998e-01 | 15 -0.02285 -2.65586e-01
 16 -0.02598 -5.19525e-01 | 17 -0.02879 -5.73222e-01 | 18 -0.03807 -3.72318e+00
 19 -0.04330 -4.97205e+00 | 20 -0.03719 -5.01343e-01 | 21 -0.03978 -3.61968e-01
 22 -0.04171  2.56097e-01 | 23 -0.03911  3.41059e+00 | 24 -0.05531 -3.38854e+00
 25 -0.05210  9.81096e-01 | 26 -0.05450  2.63404e+00 | 27 -0.06110  1.60243e+00
 28 -0.07199 -3.43344e+00 | 29 -0.07040 -2.44652e+00 | 30 -0.05449  5.47926e+00
 31 -0.05358  9.79072e-01 | 32 -0.05110 -5.27453e+00 | 33 -0.00560  6.85055e+00
 34  0.03325  9.41418e+00 | 35  0.05177  8.75284e+00 | 36  0.09611  1.71625e+01
 37  0.03774  5.45544e+00 | 38  0.01302  4.93541e+00 | 39  0.00611  8.97933e+00
 40 -0.01039  3.47278e+00 | 41  0.00391  1.01836e+01 | 42  0.00263  6.27205e+00
 43  0.01088  5.71179e+00 | 44 -0.00394  3.72795e+00 | 45 -0.02604  4.85827e+00
 46 -0.02804  2.40306e+00 | 47 -0.00549  1.09946e+00 | 48 -0.00131  6.22935e-01
 49  0.04604 -1.35382e+00 | 50  0.03551 -4.12758e+00 | 51  0.01456 -3.84379e+00
 52  0.01190 -6.05950e+00 | 53  0.06678 -3.20730e+00 | 54  0.00074 -6.92203e+00
 55  0.07544 -2.96195e+00 | 56 -0.02845 -1.02231e+01 | 57  0.06073 -9.00567e-01
 58  0.05825  2.48545e+00 | 59  0.05963 -8.29884e-01 | 60  0.04509 -1.29601e+01
 61  0.12231 -2.43030e+00 | 62  0.03270  4.36577e-01 | 63  0.08254 -3.89413e+00
 64  0.06116 -8.16404e-02 | 65  0.04049 -2.62041e+00 | 66  0.05578 -1.33653e+01
 67 -0.00654 -2.93546e+00 | 68 -0.02637 -6.06548e+00 | 69  0.02801  3.72266e+00
 70 -0.04515 -3.29364e+00 | 71  0.22941 -9.38091e+01 | 72  0.04440 -1.19203e+02
 73  0.32606 -4.44640e+00 | 74 -0.58208 -3.30131e+00 | 75 -0.41879 -8.34890e+00
 76 -0.34340 -1.09375e+00 | 77  0.16361  1.70032e+01 | 78  0.10198  2.36614e+01
 79  0.25572  6.59652e-01 | 80 -0.96568 -1.07958e-03 | 81 -0.14310 -8.83277e+00
 82 -0.40026 -8.34647e+00 | 83  0.05886  1.14731e+02 | 84  0.14709  1.70137e+02
 85  0.67947 -4.78637e+00 | 86 -0.65287  1.02288e+01 | 87 -0.19840 -7.90439e+00
 88 -0.36726 -1.52459e+01 |
88 variables; iteration 100; function evaluation 153; phase 3
Function value 1.4210617e+03; maximum gradient component mag 1.8219e+02
Var    Value     Gradient |Var    Value     Gradient |Var    Value     Gradient
  1 -0.00871  3.05996e+01 |  2 -0.00454 -2.77386e-01 |  3 -0.00526 -2.84708e-01
  4 -0.00213  1.31329e+00 |  5 -0.00621  2.32048e-02 |  6 -0.00372  1.47105e+00
  7 -0.00967 -5.12091e-01 |  8 -0.01044 -3.01104e-01 |  9 -0.00697  1.77636e+00
 10 -0.00786  2.10091e+00 | 11 -0.02136 -2.95958e+00 | 12 -0.01356  1.26887e+00
 13 -0.01926 -3.26224e-01 | 14 -0.02028  2.25205e-01 | 15 -0.03364 -4.77387e+00
 16 -0.02795 -1.04143e+00 | 17 -0.02868 -1.39768e-01 | 18 -0.03009  4.86143e-01
 19 -0.03182  9.86505e-01 | 20 -0.03528  8.00162e-01 | 21 -0.03820  7.87984e-01
 22 -0.04182  5.49175e-01 | 23 -0.04661 -2.28846e-01 | 24 -0.04558  2.18323e+00
 25 -0.05501 -2.64855e-01 | 26 -0.06114 -7.92131e-01 | 27 -0.06545 -6.10359e-01
 28 -0.06366  1.59033e+00 | 29 -0.06290  1.83725e+00 | 30 -0.06508 -1.27774e+00
 31 -0.05201  6.18645e-01 | 32 -0.03134  2.52993e+00 | 33 -0.01093  5.13855e-01
 34  0.02393 -4.86271e-01 | 35  0.05445  2.62915e-01 | 36  0.07321 -2.94164e-01
 37  0.06060  1.71196e+00 | 38  0.02318  9.63044e-01 | 39 -0.00254 -1.05907e+00
 40 -0.00351  6.62107e-01 | 41 -0.01095 -1.82747e+00 | 42  0.00096  1.56496e-01
 43  0.01139  6.11847e-01 | 44 -0.00042  1.10114e+00 | 45 -0.03014  1.87833e-01
 46 -0.02677  1.35638e+00 | 47 -0.00302  1.59659e+00 | 48 -0.00121  1.87700e+00
 49  0.04512  3.53337e+00 | 50  0.03725  5.05792e+00 | 51  0.01507  5.44361e+00
 52  0.01269  4.67207e-01 | 53  0.06307  2.02360e+00 | 54  0.01190  3.80447e+00
 55  0.06781 -8.66866e-01 | 56 -0.01244  2.15720e+00 | 57  0.05764 -2.00526e-01
 58  0.05594 -2.31444e+00 | 59  0.05636  1.29121e+00 | 60  0.05532  1.91312e+00
 61  0.12031  3.67242e+00 | 62  0.02386  8.38346e-01 | 63  0.09081  1.99543e+00
 64  0.06127 -3.44900e+00 | 65  0.01685 -1.44323e+01 | 66  0.07530 -1.36883e+00
 67 -0.02288 -8.06684e+00 | 68 -0.02024 -4.47444e+00 | 69  0.02089 -6.20765e+00
 70 -0.04109 -6.09637e-01 | 71  0.23430  3.61160e+01 | 72  0.03876  4.24757e+01
 73  0.33018 -3.60151e-01 | 74 -0.50685  1.62913e+00 | 75 -0.41427  1.39641e+00
 76 -0.33680  1.41771e+01 | 77  0.13101  7.36100e+00 | 78  0.11580 -1.73424e-01
 79  0.17582 -4.67465e-01 | 80 -0.94011  2.33362e-02 | 81 -0.13131  5.29640e+00
 82 -0.38759  1.22457e+00 | 83  0.01901  8.53516e+01 | 84  0.16312  1.82191e+02
 85  0.81866 -6.38553e-01 | 86 -0.77164  2.37193e+00 | 87 -0.23408 -1.88298e+00
 88 -0.36341 -3.38343e+00 |
88 variables; iteration 120; function evaluation 176; phase 3
Function value 1.4198632e+03; maximum gradient component mag 1.4391e+01
Var    Value     Gradient |Var    Value     Gradient |Var    Value     Gradient
  1 -0.00899  1.43906e+01 |  2 -0.00490 -2.19802e-01 |  3 -0.00540 -1.44761e-01
  4 -0.00635 -2.13461e-01 |  5 -0.00734 -2.60211e-01 |  6 -0.00822 -2.19540e-01
  7 -0.00946 -2.75140e-01 |  8 -0.01047 -1.79231e-01 |  9 -0.01175 -1.36630e-01
 10 -0.01368 -3.00608e-01 | 11 -0.01479 -4.49198e-02 | 12 -0.01682 -1.12862e-01
 13 -0.01920 -2.66583e-01 | 14 -0.02095 -7.83559e-02 | 15 -0.02296  7.12389e-02
 16 -0.02610 -2.34008e-01 | 17 -0.02834 -6.54109e-02 | 18 -0.03111 -1.26969e-01
 19 -0.03391 -1.96551e-01 | 20 -0.03683 -1.69056e-01 | 21 -0.03976 -2.37059e-01
 22 -0.04268 -1.63651e-01 | 23 -0.04581 -1.15085e-01 | 24 -0.04961 -3.54172e-01
 25 -0.05395 -1.25231e-01 | 26 -0.05881  1.62396e-02 | 27 -0.06362 -1.10305e-01
 28 -0.06578 -2.30930e-01 | 29 -0.06528 -1.37580e-01 | 30 -0.06186  4.07040e-02
 31 -0.05244 -4.91675e-02 | 32 -0.03624 -2.06969e-01 | 33 -0.01181  4.99272e-02
 34  0.02626  4.04216e-01 | 35  0.05566  8.22102e-01 | 36  0.07910  9.43798e-01
 37  0.05336  2.11523e-01 | 38  0.02092  3.24150e-01 | 39  0.00045  2.34147e-01
 40 -0.00463  3.28467e-01 | 41 -0.00571  4.49004e-01 | 42  0.00059  1.00796e-01
 43  0.01094  3.32533e-01 | 44 -0.00116  3.67269e-01 | 45 -0.02903  3.54384e-02
 46 -0.02740 -1.06636e-02 | 47 -0.00199  2.01378e-01 | 48 -0.00003  1.94508e-01
 49  0.04670  1.58296e-01 | 50  0.03554 -1.55797e-01 | 51  0.01290 -2.13779e-01
 52  0.01443  1.03637e-01 | 53  0.06381 -2.85382e-01 | 54  0.00800  2.36976e-01
 55  0.07066  4.85049e-01 | 56 -0.01483  1.21961e+00 | 57  0.05765  2.09346e-01
 58  0.05732 -3.56433e-01 | 59  0.05575  5.28965e-01 | 60  0.05528  1.06519e-01
 61  0.11980 -4.25929e-01 | 62  0.02700 -1.44679e-01 | 63  0.08864  1.88421e-01
 64  0.05672 -5.45410e-01 | 65  0.03555 -4.23126e-01 | 66  0.06388 -2.33298e-01
 67 -0.01345 -2.80090e-01 | 68 -0.02112 -3.74462e-01 | 69  0.02275  4.00152e-01
 70 -0.04288 -1.81938e-01 | 71  0.23840 -1.00144e+00 | 72  0.03049 -2.89249e+00
 73  0.33325 -8.80381e-01 | 74 -0.41011 -2.08049e-01 | 75 -0.41701 -3.81087e-01
 76 -0.34560 -1.09007e+00 | 77  0.07127  1.33175e-01 | 78  0.14244 -5.54524e-01
 79  0.03025  5.50081e-02 | 80 -0.84864  1.50004e-01 | 81 -0.12997 -7.11390e-01
 82 -0.38856 -2.23806e-01 | 83 -0.02177 -3.58746e+00 | 84  0.17615 -7.09056e+00
 85  0.99475  2.40842e-01 | 86 -0.90921  3.75265e-01 | 87 -0.26375  6.40918e-01
 88 -0.36175  1.37392e+00 |
88 variables; iteration 140; function evaluation 196; phase 3
Function value 1.4198321e+03; maximum gradient component mag 8.1474e-01
Var    Value     Gradient |Var    Value     Gradient |Var    Value     Gradient
  1 -0.00897 -4.20603e-01 |  2 -0.00483  5.85818e-03 |  3 -0.00554 -2.17116e-03
  4 -0.00628  7.22466e-03 |  5 -0.00715  1.14237e-02 |  6 -0.00814  7.29749e-03
  7 -0.00922  1.36478e-02 |  8 -0.01049 -1.29722e-04 |  9 -0.01189 -6.13137e-03
 10 -0.01338  1.25458e-02 | 11 -0.01512 -4.29121e-03 | 12 -0.01700 -1.20920e-02
 13 -0.01894  2.57251e-02 | 14 -0.02120 -1.25618e-02 | 15 -0.02352 -1.38263e-02
 16 -0.02591  2.10976e-02 | 17 -0.02857 -5.53358e-03 | 18 -0.03117  6.69224e-03
 19 -0.03381  1.47935e-02 | 20 -0.03679  7.40674e-03 | 21 -0.03956  1.64006e-02
 22 -0.04262  1.83764e-02 | 23 -0.04584  1.31421e-02 | 24 -0.04915  3.44057e-02
 25 -0.05397  6.48464e-03 | 26 -0.05910 -1.00502e-02 | 27 -0.06365  3.14633e-03
 28 -0.06553  3.04702e-02 | 29 -0.06515  4.13465e-02 | 30 -0.06205 -5.35262e-03
 31 -0.05234  1.93902e-02 | 32 -0.03562  4.00381e-02 | 33 -0.01142  3.62590e-02
 34  0.02624  2.63677e-02 | 35  0.05457  2.74385e-02 | 36  0.07820  1.04596e-01
 37  0.05485  1.88965e-02 | 38  0.02108  3.37673e-02 | 39  0.00049 -1.28309e-03
 40 -0.00478  4.29737e-02 | 41 -0.00628 -5.61621e-03 | 42  0.00103  1.27898e-02
 43  0.01091  1.72572e-02 | 44 -0.00144 -2.58815e-03 | 45 -0.02885 -3.01629e-02
 46 -0.02723 -7.94335e-02 | 47 -0.00216 -7.47254e-02 | 48 -0.00027 -6.75938e-02
 49  0.04670  3.19771e-03 | 50  0.03563 -8.67263e-02 | 51  0.01313 -7.13163e-02
 52  0.01413 -1.96250e-01 | 53  0.06412 -1.12324e-01 | 54  0.00765 -4.06839e-02
 55  0.07105 -5.73422e-02 | 56 -0.01616  7.98622e-02 | 57  0.05791 -2.40442e-02
 58  0.05787  4.63311e-02 | 59  0.05519  4.39152e-02 | 60  0.05526 -5.28160e-02
 61  0.11996 -3.39078e-02 | 62  0.02719  4.46154e-02 | 63  0.08822  9.75567e-02
 64  0.05716  3.17553e-02 | 65  0.03561 -8.01750e-03 | 66  0.06372 -4.12263e-04
 67 -0.01337 -3.86034e-02 | 68 -0.02072 -7.16650e-02 | 69  0.02228 -8.23868e-02
 70 -0.04275 -5.82841e-02 | 71  0.23525 -1.89713e-01 | 72  0.03197  1.99419e-01
 73  0.33056  1.26184e-01 | 74 -0.39259 -2.02043e-02 | 75 -0.41585  5.50677e-02
 76 -0.34463  1.19150e-01 | 77  0.06906  3.85462e-01 | 78  0.14338  5.56191e-01
 79  0.02178 -1.68882e-02 | 80 -0.96009 -1.24922e-02 | 81 -0.12949 -1.17076e-03
 82 -0.38822 -8.59419e-03 | 83 -0.01966  2.46784e-01 | 84  0.17549  8.14744e-01
 85  0.97880  8.86933e-02 | 86 -0.97873  9.61729e-04 | 87 -0.26300  1.47077e-01
 88 -0.36196 -1.01657e-03 |
88 variables; iteration 160; function evaluation 216; phase 3
Function value 1.4198289e+03; maximum gradient component mag -3.8006e+00
Var    Value     Gradient |Var    Value     Gradient |Var    Value     Gradient
  1 -0.00898 -3.80058e+00 |  2 -0.00485  4.70191e-02 |  3 -0.00551  5.64118e-02
  4 -0.00629  5.28693e-02 |  5 -0.00717  4.61890e-02 |  6 -0.00814  5.27713e-02
  7 -0.00927  4.13646e-02 |  8 -0.01047  5.23221e-02 |  9 -0.01185  5.57788e-02
 10 -0.01343  3.61714e-02 | 11 -0.01509  5.36832e-02 | 12 -0.01696  4.86949e-02
 13 -0.01896  5.74377e-02 | 14 -0.02112  6.28211e-02 | 15 -0.02342  6.84935e-02
 16 -0.02595  4.19637e-02 | 17 -0.02852  5.25210e-02 | 18 -0.03113  6.11303e-02
 19 -0.03379  5.58213e-02 | 20 -0.03678  4.22921e-02 | 21 -0.03958  3.77500e-02
 22 -0.04263  3.90720e-02 | 23 -0.04587  2.72735e-02 | 24 -0.04923  1.96416e-02
 25 -0.05396  3.77336e-02 | 26 -0.05903  5.32643e-02 | 27 -0.06362  3.71880e-02
 28 -0.06558  1.76536e-02 | 29 -0.06521  1.70818e-02 | 30 -0.06200  3.29299e-02
 31 -0.05232  2.66670e-02 | 32 -0.03567  1.98923e-03 | 33 -0.01147 -1.51445e-02
 34  0.02638  1.40166e-02 | 35  0.05439 -9.20660e-02 | 36  0.07811 -6.65523e-03
 37  0.05506  3.37663e-03 | 38  0.02105 -2.21952e-03 | 39  0.00044 -2.51356e-02
 40 -0.00479  4.14109e-02 | 41 -0.00624  2.58343e-02 | 42  0.00093 -6.04456e-03
 43  0.01096  6.00367e-02 | 44 -0.00131  7.61265e-02 | 45 -0.02884  4.05386e-03
 46 -0.02710 -9.95393e-03 | 47 -0.00246 -1.84274e-01 | 48 -0.00005  5.68006e-02
 49  0.04651  1.74795e-02 | 50  0.03585  8.06594e-02 | 51  0.01302 -2.01012e-02
 52  0.01417 -8.27660e-02 | 53  0.06418  1.00239e-02 | 54  0.00750 -1.15198e-01
 55  0.07116 -8.06913e-02 | 56 -0.01649 -1.33699e-01 | 57  0.05803  5.12361e-03
 58  0.05793  2.19352e-02 | 59  0.05509 -2.12022e-01 | 60  0.05519 -3.12007e-01
 61  0.11998 -1.25120e-01 | 62  0.02732  6.96264e-02 | 63  0.08810 -7.12610e-02
 64  0.05735 -6.09027e-02 | 65  0.03527 -3.29609e-01 | 66  0.06393 -3.60087e-02
 67 -0.01355 -1.06965e-01 | 68 -0.02066  4.27900e-02 | 69  0.02233  1.19433e-01
 70 -0.04267  1.25301e-01 | 71  0.23617  1.73640e-01 | 72  0.02932  3.18271e-01
 73  0.33141  1.13719e-01 | 74 -0.36791 -5.92176e-02 | 75 -0.41624 -2.30108e-02
 76 -0.34518 -5.51177e-01 | 77  0.06911  2.55112e-01 | 78  0.14336  4.36320e-01
 79  0.02228  1.06277e-02 | 80 -0.94794  1.03832e-02 | 81 -0.12953  1.52808e-03
 82 -0.38805  1.23942e-01 | 83 -0.02084 -7.71835e-01 | 84  0.17587 -1.63092e+00
 85  0.88092 -5.01553e-03 | 86 -0.98410 -4.97437e-02 | 87 -0.26075  1.33479e-02
 88 -0.36193 -2.15279e-02 |
88 variables; iteration 180; function evaluation 244; phase 3
Function value 1.4198045e+03; maximum gradient component mag 4.7681e+01
Var    Value     Gradient |Var    Value     Gradient |Var    Value     Gradient
  1 -0.00894  1.72943e+01 |  2 -0.00480 -2.80070e-01 |  3 -0.00547 -2.74218e-01
  4 -0.00634 -3.11462e-01 |  5 -0.00720 -3.08597e-01 |  6 -0.00820 -3.15395e-01
  7 -0.00930 -3.11220e-01 |  8 -0.01044 -2.73397e-01 |  9 -0.01177 -2.46991e-01
 10 -0.01336 -2.70073e-01 | 11 -0.01502 -2.50457e-01 | 12 -0.01680 -2.11256e-01
 13 -0.01913 -3.44964e-01 | 14 -0.02102 -2.20069e-01 | 15 -0.02341 -2.46490e-01
 16 -0.02607 -3.34873e-01 | 17 -0.02839 -2.02615e-01 | 18 -0.03105 -2.13317e-01
 19 -0.03379 -2.52191e-01 | 20 -0.03677 -2.55633e-01 | 21 -0.03962 -2.85190e-01
 22 -0.04265 -2.66348e-01 | 23 -0.04585 -2.53613e-01 | 24 -0.04936 -3.41004e-01
 25 -0.05403 -2.84588e-01 | 26 -0.05892 -1.61783e-01 | 27 -0.06366 -2.51494e-01
 28 -0.06574 -3.32429e-01 | 29 -0.06527 -2.67191e-01 | 30 -0.06210 -2.65504e-01
 31 -0.05247 -2.74792e-01 | 32 -0.03600 -3.63145e-01 | 33 -0.01142 -1.61409e-01
 34  0.02662 -2.80028e-03 | 35  0.05557  1.49171e-01 | 36  0.07686 -9.47331e-02
 37  0.05506  1.14622e-01 | 38  0.02093  2.92714e-02 | 39  0.00058  9.84968e-02
 40 -0.00461  2.59128e-01 | 41 -0.00625  2.59389e-01 | 42  0.00053  2.49448e-01
 43  0.01077  6.41741e-01 | 44 -0.00103  9.48235e-01 | 45 -0.02902  6.49642e-01
 46 -0.02623  1.30683e+00 | 47 -0.00290  1.04120e+00 | 48  0.00079  1.86371e+00
 49  0.04561  1.62957e+00 | 50  0.03597  1.55626e+00 | 51  0.01300  6.87533e-01
 52  0.01462  1.37483e+00 | 53  0.06417  1.30700e+00 | 54  0.00732  1.03876e-02
 55  0.07100  3.86477e-01 | 56 -0.01603  1.76853e-01 | 57  0.05776  1.60893e-01
 58  0.05798  2.27399e-01 | 59  0.05518 -1.06600e-01 | 60  0.05511 -3.38686e-01
 61  0.11972  2.92927e-01 | 62  0.02795  5.39892e-01 | 63  0.08829  4.68504e-01
 64  0.05673 -7.05700e-01 | 65  0.03567 -7.67761e-01 | 66  0.06384 -9.85465e-01
 67 -0.01364 -1.04296e+00 | 68 -0.02071 -1.01424e+00 | 69  0.02238 -1.21469e+00
 70 -0.04293 -9.89415e-01 | 71  0.23570  4.42898e+01 | 72  0.02098  4.76809e+01
 73  0.33075 -2.25382e+00 | 74 -0.28183  1.45139e+00 | 75 -0.41592 -8.35118e-01
 76 -0.34547  1.62122e+00 | 77  0.06581 -1.43713e+00 | 78  0.14464 -3.88544e+00
 79  0.00815 -2.63861e-01 | 80 -0.96306 -1.93749e-02 | 81 -0.12934 -9.88367e-01
 82 -0.38808  2.40829e-01 | 83 -0.01872  3.66006e+00 | 84  0.17518 -2.21533e+00
 85  0.97857  2.91672e-02 | 86 -0.97034  6.21602e-02 | 87 -0.27021 -5.53462e+00
 88 -0.36209  7.27368e-01 |
88 variables; iteration 200; function evaluation 273; phase 3
Function value 1.4153155e+03; maximum gradient component mag 6.4731e+00
Var    Value     Gradient |Var    Value     Gradient |Var    Value     Gradient
  1 -0.00877 -5.30480e+00 |  2 -0.00501  2.52358e-02 |  3 -0.00557  7.25921e-02
  4 -0.00641  4.41207e-02 |  5 -0.00736  9.77762e-03 |  6 -0.00826  4.02554e-02
  7 -0.00937  3.62410e-02 |  8 -0.01049  8.21519e-02 |  9 -0.01181  1.04732e-01
 10 -0.01357  1.13093e-02 | 11 -0.01510  8.02958e-02 | 12 -0.01686  1.23594e-01
 13 -0.01917 -8.87231e-03 | 14 -0.02099  1.48001e-01 | 15 -0.02332  1.43617e-01
 16 -0.02618 -3.77313e-02 | 17 -0.02848  9.63493e-02 | 18 -0.03110  9.80535e-02
 19 -0.03386  4.62871e-02 | 20 -0.03685  3.39788e-02 | 21 -0.03975 -2.14671e-02
 22 -0.04276  1.88097e-03 | 23 -0.04598 -3.10702e-03 | 24 -0.04948 -8.67338e-02
 25 -0.05403  2.39465e-02 | 26 -0.05898  1.05277e-01 | 27 -0.06370  1.51599e-02
 28 -0.06572 -3.70167e-02 | 29 -0.06542 -7.71599e-02 | 30 -0.06192  1.03417e-01
 31 -0.05230  5.89883e-02 | 32 -0.03576 -2.90914e-02 | 33 -0.01132  5.01609e-02
 34  0.02616 -6.71428e-02 | 35  0.05400 -2.18774e-01 | 36  0.07828 -2.00042e-02
 37  0.05504 -1.89053e-02 | 38  0.02077 -9.97912e-02 | 39  0.00028 -1.02012e-01
 40 -0.00488 -2.84665e-02 | 41 -0.00610 -4.16568e-03 | 42  0.00113 -8.21672e-02
 43  0.01111 -1.16442e-01 | 44 -0.00099 -5.15802e-02 | 45 -0.02839 -4.08209e-02
 46 -0.02729 -2.62490e-01 | 47 -0.00065  4.21546e-01 | 48 -0.00152 -5.78458e-01
 49  0.04820  6.48233e-01 | 50  0.03603 -3.90942e-01 | 51  0.01318 -8.65545e-01
 52  0.01499 -2.85801e-01 | 53  0.06469 -1.70561e-01 | 54  0.00799 -6.47537e-02
 55  0.07124 -4.06595e-01 | 56 -0.01729 -7.08551e-01 | 57  0.05859  5.54013e-02
 58  0.05733 -9.34574e-01 | 59  0.05513 -4.64451e-01 | 60  0.05534 -1.59399e-01
 61  0.11980  3.13910e-02 | 62  0.02742  3.82535e-01 | 63  0.08827  4.96927e-01
 64  0.05667  1.81704e-02 | 65  0.03614  5.39063e-01 | 66  0.06301  2.02328e-01
 67 -0.01371  2.61508e-01 | 68 -0.02100  3.20777e-01 | 69  0.02214  5.74359e-01
 70 -0.04306  2.85206e-01 | 71  0.27474  1.33164e+00 | 72 -0.13894  2.59352e+00
 73  0.35494  2.23395e-01 | 74 -0.00386  1.27474e-01 | 75 -0.43112  3.73063e-02
 76 -0.40143 -1.64005e+00 | 77  0.07026 -3.70942e-01 | 78  0.14289  4.39798e-03
 79  0.02936  2.41728e-01 | 80 -1.04019  1.16742e-02 | 81 -0.12974  4.32497e-01
 82 -0.38855  1.41986e-01 | 83 -0.02023  2.68399e+00 | 84  0.17569  6.47305e+00
 85  1.26651  5.22994e-02 | 86 -0.98082 -1.64071e-02 | 87 -0.24594  3.59338e-01
 88 -0.36269  3.41569e-02 |
88 variables; iteration 220; function evaluation 294; phase 3
Function value 1.4152221e+03; maximum gradient component mag 2.1687e+00
Var    Value     Gradient |Var    Value     Gradient |Var    Value     Gradient
  1 -0.00880  3.19987e-01 |  2 -0.00492  7.98978e-03 |  3 -0.00561  5.81547e-03
  4 -0.00638  4.48439e-03 |  5 -0.00724  6.92376e-03 |  6 -0.00822  6.97485e-03
  7 -0.00931  1.18895e-02 |  8 -0.01055  1.04926e-02 |  9 -0.01193  1.06822e-02
 10 -0.01347  1.00869e-02 | 11 -0.01519  3.36271e-03 | 12 -0.01700  2.21968e-02
 13 -0.01908 -3.96082e-03 | 14 -0.02121  1.42550e-02 | 15 -0.02356  4.96725e-03
 16 -0.02599  2.37319e-02 | 17 -0.02859  2.17570e-02 | 18 -0.03126  2.86181e-03
 19 -0.03390  1.01181e-02 | 20 -0.03684  2.84679e-02 | 21 -0.03964  2.66449e-02
 22 -0.04268  3.58866e-02 | 23 -0.04587  5.06514e-02 | 24 -0.04923  4.65576e-02
 25 -0.05403  3.14978e-02 | 26 -0.05915  2.30524e-02 | 27 -0.06371  2.66861e-02
 28 -0.06563  3.96748e-02 | 29 -0.06524  5.65862e-02 | 30 -0.06212  2.83648e-02
 31 -0.05246  3.39228e-02 | 32 -0.03577  4.43267e-02 | 33 -0.01153  6.71548e-02
 34  0.02626  1.14510e-01 | 35  0.05528  2.50542e-01 | 36  0.07709 -1.07045e-02
 37  0.05502  1.06497e-01 | 38  0.02105  8.01676e-02 | 39  0.00054  7.55008e-02
 40 -0.00488  5.10087e-02 | 41 -0.00623  3.96749e-02 | 42  0.00116  5.63149e-02
 43  0.01109  3.94894e-02 | 44 -0.00109  4.68111e-02 | 45 -0.02839  5.05863e-02
 46 -0.02659  7.18833e-02 | 47 -0.00165  2.01564e-02 | 48  0.00003 -3.35954e-02
 49  0.04725  4.47447e-02 | 50  0.03593 -2.48535e-01 | 51  0.01380  3.30394e-02
 52  0.01464 -1.49402e-01 | 53  0.06460 -7.45378e-02 | 54  0.00754 -1.87445e-01
 55  0.07113  2.84218e-04 | 56 -0.01665 -1.48255e-01 | 57  0.05812 -8.31436e-02
 58  0.05749 -3.80297e-01 | 59  0.05565  1.54235e-01 | 60  0.05456 -7.08635e-01
 61  0.12006 -2.19042e-01 | 62  0.02718 -3.33652e-02 | 63  0.08806 -7.51871e-02
 64  0.05715 -1.67802e-02 | 65  0.03551 -1.53756e-02 | 66  0.06323  3.48429e-02
 67 -0.01377  8.15837e-02 | 68 -0.02090  1.33712e-01 | 69  0.02209  8.14974e-02
 70 -0.04284  1.72852e-01 | 71  0.30113 -6.33371e-01 | 72 -0.27528 -7.08279e-02
 73  0.37464 -1.83306e-02 | 74  0.00708 -1.64715e-02 | 75 -0.44107  3.72139e-02
 76 -0.40396  8.07841e-02 | 77  0.07174  1.33853e+00 | 78  0.14231  2.16871e+00
 79  0.03190  7.74414e-02 | 80 -0.92339  4.70961e-02 | 81 -0.12983  1.94589e-01
 82 -0.38878 -2.22404e-02 | 83 -0.02007 -6.28820e-01 | 84  0.17562 -1.37925e+00
 85  1.14705  1.12557e-02 | 86 -0.98675 -8.07321e-02 | 87 -0.25906  2.02223e-02
 88 -0.36255  3.00555e-01 |
88 variables; iteration 240; function evaluation 314; phase 3
Function value 1.4152190e+03; maximum gradient component mag 1.7873e+00
Var    Value     Gradient |Var    Value     Gradient |Var    Value     Gradient
  1 -0.00879  1.78726e+00 |  2 -0.00493 -1.78825e-02 |  3 -0.00562 -2.11444e-02
  4 -0.00639 -2.28588e-02 |  5 -0.00726 -2.07417e-02 |  6 -0.00824 -2.21729e-02
  7 -0.00934 -2.58255e-02 |  8 -0.01056 -2.06265e-02 |  9 -0.01194 -1.99884e-02
 10 -0.01346 -1.22237e-02 | 11 -0.01516 -1.13730e-02 | 12 -0.01702 -1.32529e-02
 13 -0.01908 -3.22801e-02 | 14 -0.02123 -2.43012e-02 | 15 -0.02354 -1.75859e-02
 16 -0.02601 -2.05053e-02 | 17 -0.02858 -1.12176e-02 | 18 -0.03123 -1.56521e-02
 19 -0.03389 -2.00781e-02 | 20 -0.03685 -1.67557e-02 | 21 -0.03965 -1.78968e-02
 22 -0.04271 -2.03213e-02 | 23 -0.04592 -1.55431e-02 | 24 -0.04928 -2.19645e-02
 25 -0.05403 -1.72139e-02 | 26 -0.05912 -9.29506e-03 | 27 -0.06369 -1.29368e-02
 28 -0.06564 -2.09389e-02 | 29 -0.06526 -1.33137e-02 | 30 -0.06208 -6.93008e-03
 31 -0.05241 -8.66596e-03 | 32 -0.03573 -1.11169e-02 | 33 -0.01149  1.83736e-03
 34  0.02617 -9.48451e-03 | 35  0.05475  3.21699e-02 | 36  0.07769 -1.77452e-02
 37  0.05491  2.77200e-03 | 38  0.02094 -1.72866e-02 | 39  0.00052  1.21272e-02
 40 -0.00492 -1.56484e-02 | 41 -0.00619  2.55910e-03 | 42  0.00114 -6.47357e-03
 43  0.01110 -1.84132e-02 | 44 -0.00110 -1.16550e-02 | 45 -0.02839  2.45125e-03
 46 -0.02664  1.04400e-03 | 47 -0.00166 -1.69554e-02 | 48  0.00013  1.90911e-03
 49  0.04688  5.91600e-03 | 50  0.03652  5.16425e-02 | 51  0.01346  6.01402e-03
 52  0.01471 -5.89070e-02 | 53  0.06459  1.73654e-01 | 54  0.00766 -5.48399e-02
 55  0.07098  3.35716e-02 | 56 -0.01630  1.33822e-01 | 57  0.05790  9.54366e-03
 58  0.05794  2.65822e-02 | 59  0.05494 -2.29104e-02 | 60  0.05521 -8.79613e-02
 61  0.11991  2.88761e-02 | 62  0.02715 -1.30824e-04 | 63  0.08809 -2.71505e-02
 64  0.05714 -9.60370e-03 | 65  0.03554 -9.79405e-03 | 66  0.06316 -1.86995e-03
 67 -0.01372  1.26955e-01 | 68 -0.02083  2.15976e-01 | 69  0.02209  1.09071e-01
 70 -0.04290  1.07569e-01 | 71  0.30154  2.39458e-02 | 72 -0.27746 -1.83683e-03
 73  0.37500 -2.87901e-02 | 74  0.00676 -2.93043e-02 | 75 -0.44130 -1.28104e-02
 76 -0.40404 -2.36568e-02 | 77  0.06878 -1.09966e-01 | 78  0.14349 -2.76089e-01
 79  0.02157  9.68688e-03 | 80 -0.95420 -4.45528e-04 | 81 -0.12965  1.05587e-02
 82 -0.38880 -5.62386e-02 | 83 -0.01941  1.12613e-01 | 84  0.17541  3.60067e-01
 85  1.11729  9.54953e-04 | 86 -0.97889  2.20695e-04 | 87 -0.26049  3.47359e-02
 88 -0.36262  4.68765e-02 |
  ic > imax  in fminim is answer attained ?
Var    Value     Gradient |Var    Value     Gradient |Var    Value     Gradient
  1 -0.00880  2.35830e-04 |  2 -0.00494 -2.79318e-06 |  3 -0.00562 -3.05539e-06
  4 -0.00639 -3.00505e-06 |  5 -0.00726 -3.20641e-06 |  6 -0.00824 -3.14171e-06
  7 -0.00933 -2.93952e-06 |  8 -0.01057 -3.40448e-06 |  9 -0.01194 -3.46383e-06
 10 -0.01348 -3.59524e-06 | 11 -0.01518 -3.34489e-06 | 12 -0.01704 -3.83662e-06
 13 -0.01905 -2.93455e-06 | 14 -0.02122 -3.94117e-06 | 15 -0.02354 -3.46449e-06
 16 -0.02601 -1.87191e-06 | 17 -0.02860 -3.14318e-06 | 18 -0.03123 -4.31318e-06
 19 -0.03388 -3.89073e-06 | 20 -0.03685 -3.01946e-06 | 21 -0.03964 -2.70087e-06
 22 -0.04270 -2.50940e-06 | 23 -0.04591 -2.18802e-06 | 24 -0.04926 -1.88875e-06
 25 -0.05402 -2.74554e-06 | 26 -0.05912 -3.72697e-06 | 27 -0.06369 -3.05210e-06
 28 -0.06562 -2.26296e-06 | 29 -0.06526 -1.48272e-06 | 30 -0.06208 -2.88501e-06
 31 -0.05240 -1.99911e-06 | 32 -0.03572 -5.34229e-07 | 33 -0.01151  1.60488e-07
 34  0.02620  3.47834e-06 | 35  0.05461  2.82234e-06 | 36  0.07783  5.16712e-06
 37  0.05489  1.46321e-06 | 38  0.02098  3.17618e-06 | 39  0.00046 -3.38627e-07
 40 -0.00490  8.15328e-07 | 41 -0.00622  1.44509e-06 | 42  0.00114  1.36490e-06
 43  0.01114  2.79612e-06 | 44 -0.00108  9.46657e-07 | 45 -0.02841  1.31713e-06
 46 -0.02666  8.42117e-06 | 47 -0.00163  8.94947e-06 | 48  0.00013 -1.92179e-06
 49  0.04693  9.02129e-06 | 50  0.03646  1.26381e-05 | 51  0.01347  8.31925e-06
 52  0.01479  1.74637e-06 | 53  0.06451  6.31751e-06 | 54  0.00778 -2.67618e-06
 55  0.07099  7.97922e-06 | 56 -0.01646  9.45275e-06 | 57  0.05798  3.63199e-06
 58  0.05792  3.03684e-05 | 59  0.05493  1.30168e-06 | 60  0.05528 -1.17038e-05
 61  0.11989  6.91316e-06 | 62  0.02713 -2.41188e-06 | 63  0.08813 -2.43808e-06
 64  0.05712  5.02790e-06 | 65  0.03551 -5.48791e-06 | 66  0.06325 -8.00569e-07
 67 -0.01380 -8.41127e-06 | 68 -0.02098 -6.43406e-06 | 69  0.02215 -3.20335e-06
 70 -0.04298  7.18731e-07 | 71  0.30144  1.15565e-04 | 72 -0.27674  1.06817e-05
 73  0.37494 -3.25651e-05 | 74  0.00677  2.61266e-05 | 75 -0.44126 -1.42172e-05
 76 -0.40401  2.89576e-05 | 77  0.06863 -8.16132e-06 | 78  0.14355 -1.15196e-05
 79  0.02098  3.61775e-07 | 80 -0.95397  5.63064e-07 | 81 -0.12963  8.59613e-07
 82 -0.38874  7.01493e-06 | 83 -0.01941 -1.22990e-05 | 84  0.17541 -2.58687e-05
 85  1.10989 -4.17009e-07 | 86 -0.97891  1.20412e-07 | 87 -0.26091  6.94067e-06
 88 -0.36261  2.19296e-06 |
Function minimizer not making progress ... is minimum attained?
Minimprove criterion = 0.0000e+00

 - final statistics:
88 variables; iteration 253; function evaluation 356
Function value 1.4152e+03; maximum gradient component mag 2.3583e-04
Exit code = 1;  converg criter 1.0000e-04
Var    Value     Gradient |Var    Value     Gradient |Var    Value     Gradient
  1 -0.00880  2.35830e-04 |  2 -0.00494 -2.79318e-06 |  3 -0.00562 -3.05539e-06
  4 -0.00639 -3.00505e-06 |  5 -0.00726 -3.20641e-06 |  6 -0.00824 -3.14171e-06
  7 -0.00933 -2.93952e-06 |  8 -0.01057 -3.40448e-06 |  9 -0.01194 -3.46383e-06
 10 -0.01348 -3.59524e-06 | 11 -0.01518 -3.34489e-06 | 12 -0.01704 -3.83662e-06
 13 -0.01905 -2.93455e-06 | 14 -0.02122 -3.94117e-06 | 15 -0.02354 -3.46449e-06
 16 -0.02601 -1.87191e-06 | 17 -0.02860 -3.14318e-06 | 18 -0.03123 -4.31318e-06
 19 -0.03388 -3.89073e-06 | 20 -0.03685 -3.01946e-06 | 21 -0.03964 -2.70087e-06
 22 -0.04270 -2.50940e-06 | 23 -0.04591 -2.18802e-06 | 24 -0.04926 -1.88875e-06
 25 -0.05402 -2.74554e-06 | 26 -0.05912 -3.72697e-06 | 27 -0.06369 -3.05210e-06
 28 -0.06562 -2.26296e-06 | 29 -0.06526 -1.48272e-06 | 30 -0.06208 -2.88501e-06
 31 -0.05240 -1.99911e-06 | 32 -0.03572 -5.34229e-07 | 33 -0.01151  1.60488e-07
 34  0.02620  3.47834e-06 | 35  0.05461  2.82234e-06 | 36  0.07783  5.16712e-06
 37  0.05489  1.46321e-06 | 38  0.02098  3.17618e-06 | 39  0.00046 -3.38627e-07
 40 -0.00490  8.15328e-07 | 41 -0.00622  1.44509e-06 | 42  0.00114  1.36490e-06
 43  0.01114  2.79612e-06 | 44 -0.00108  9.46657e-07 | 45 -0.02841  1.31713e-06
 46 -0.02666  8.42117e-06 | 47 -0.00163  8.94947e-06 | 48  0.00013 -1.92179e-06
 49  0.04693  9.02129e-06 | 50  0.03646  1.26381e-05 | 51  0.01347  8.31925e-06
 52  0.01479  1.74637e-06 | 53  0.06451  6.31751e-06 | 54  0.00778 -2.67618e-06
 55  0.07099  7.97922e-06 | 56 -0.01646  9.45275e-06 | 57  0.05798  3.63199e-06
 58  0.05792  3.03684e-05 | 59  0.05493  1.30168e-06 | 60  0.05528 -1.17038e-05
 61  0.11989  6.91316e-06 | 62  0.02713 -2.41188e-06 | 63  0.08813 -2.43808e-06
 64  0.05712  5.02790e-06 | 65  0.03551 -5.48791e-06 | 66  0.06325 -8.00569e-07
 67 -0.01380 -8.41127e-06 | 68 -0.02098 -6.43406e-06 | 69  0.02215 -3.20335e-06
 70 -0.04298  7.18731e-07 | 71  0.30144  1.15565e-04 | 72 -0.27674  1.06817e-05
 73  0.37494 -3.25651e-05 | 74  0.00677  2.61266e-05 | 75 -0.44126 -1.42172e-05
 76 -0.40401  2.89576e-05 | 77  0.06863 -8.16132e-06 | 78  0.14355 -1.15196e-05
 79  0.02098  3.61775e-07 | 80 -0.95397  5.63064e-07 | 81 -0.12963  8.59613e-07
 82 -0.38874  7.01493e-06 | 83 -0.01941 -1.22990e-05 | 84  0.17541 -2.58687e-05
 85  1.10989 -4.17009e-07 | 86 -0.97891  1.20412e-07 | 87 -0.26091  6.94067e-06
 88 -0.36261  2.19296e-06 |

Initial statistics: 98 variables; iteration 0; function evaluation 0; phase 4
Function value 1.4152189e+03; maximum gradient component mag -4.5813e+01
Var    Value     Gradient |Var    Value     Gradient |Var    Value     Gradient
  1 -0.00880  2.35829e-04 |  2 -0.00494 -2.93601e-06 |  3 -0.00562 -3.19822e-06
  4 -0.00639 -3.14788e-06 |  5 -0.00726 -3.34923e-06 |  6 -0.00824 -3.28453e-06
  7 -0.00933 -3.08233e-06 |  8 -0.01057 -3.54730e-06 |  9 -0.01194 -3.60663e-06
 10 -0.01348 -3.73804e-06 | 11 -0.01518 -3.48768e-06 | 12 -0.01704 -3.97940e-06
 13 -0.01905 -3.07732e-06 | 14 -0.02122 -4.08392e-06 | 15 -0.02354 -3.60722e-06
 16 -0.02601 -2.01463e-06 | 17 -0.02860 -3.28587e-06 | 18 -0.03123 -4.45584e-06
 19 -0.03388 -4.03336e-06 | 20 -0.03685 -3.16206e-06 | 21 -0.03964 -2.84342e-06
 22 -0.04270 -2.65191e-06 | 23 -0.04591 -2.33048e-06 | 24 -0.04926 -2.03116e-06
 25 -0.05402 -2.88786e-06 | 26 -0.05912 -3.86919e-06 | 27 -0.06369 -3.19421e-06
 28 -0.06562 -2.40504e-06 | 29 -0.06526 -1.62481e-06 | 30 -0.06208 -3.02717e-06
 31 -0.05240 -2.14146e-06 | 32 -0.03572 -6.76841e-07 | 33 -0.01151  1.76739e-08
 34  0.02620  3.33561e-06 | 35  0.05461  2.68003e-06 | 36  0.07783  5.02534e-06
 37  0.05489  1.32090e-06 | 38  0.02098  3.03341e-06 | 39  0.00046 -4.81466e-07
 40 -0.00490  6.72493e-07 | 41 -0.00622  1.30226e-06 | 42  0.00114  1.22206e-06
 43  0.01114  2.65330e-06 | 44 -0.00108  8.03821e-07 | 45 -0.02841  1.17444e-06
 46 -0.02666  8.27844e-06 | 47 -0.00163  8.80663e-06 | 48  0.00013 -2.06463e-06
 49  0.04693  8.87888e-06 | 50  0.03646  1.24955e-05 | 51  0.01347  8.17648e-06
 52  0.01479  1.60357e-06 | 53  0.06451  6.17540e-06 | 54  0.00778 -2.81901e-06
 55  0.07099  7.83726e-06 | 56 -0.01646  9.30996e-06 | 57  0.05798  3.48972e-06
 58  0.05792  3.02262e-05 | 59  0.05493  1.15938e-06 | 60  0.05528 -1.18461e-05
 61  0.11989  6.77285e-06 | 62  0.02713 -2.55459e-06 | 63  0.08813 -2.57956e-06
 64  0.05712  4.88563e-06 | 65  0.03551 -5.63052e-06 | 66  0.06325 -9.42697e-07
 67 -0.01380 -8.55406e-06 | 68 -0.02098 -6.57681e-06 | 69  0.02215 -3.34610e-06
 70 -0.04298  5.76218e-07 | 71  0.00000  9.73915e+00 | 72  0.00000 -4.52101e+00
 73  0.00000  1.94776e+01 | 74  0.00000 -4.58133e+01 | 75  0.00000  0.00000e+00
 76  0.00000  0.00000e+00 | 77  0.00000  0.00000e+00 | 78  0.00000  0.00000e+00
 79  0.00000  0.00000e+00 | 80  0.00000  0.00000e+00 | 81  0.30144  1.15565e-04
 82 -0.27674  1.06817e-05 | 83  0.37494 -3.25651e-05 | 84  0.00677  2.61266e-05
 85 -0.44126 -1.42172e-05 | 86 -0.40401  2.89576e-05 | 87  0.06863 -8.16130e-06
 88  0.14355 -1.15196e-05 | 89  0.02098  3.61775e-07 | 90 -0.95397  5.63063e-07
 91 -0.12963  8.59611e-07 | 92 -0.38874  7.01492e-06 | 93 -0.01941 -1.22990e-05
 94  0.17541 -2.58687e-05 | 95  0.89011  4.17008e-07 | 96 -0.97891  1.20411e-07
 97 -0.26091  6.94066e-06 | 98 -0.36261  2.19295e-06 |

Intermediate statistics: 98 variables; iteration 20; function evaluation 29; phase 4
Function value 1.4139425e+03; maximum gradient component mag -5.1723e+01
Var    Value     Gradient |Var    Value     Gradient |Var    Value     Gradient
  1 -0.00886  1.67742e+01 |  2 -0.00544 -3.95098e-01 |  3 -0.00611 -3.89206e-01
  4 -0.00686 -3.82593e-01 |  5 -0.00771 -3.75180e-01 |  6 -0.00867 -3.66884e-01
  7 -0.00975 -3.57620e-01 |  8 -0.01096 -3.47305e-01 |  9 -0.01232 -3.35870e-01
 10 -0.01383 -3.23244e-01 | 11 -0.01550 -3.09425e-01 | 12 -0.01733 -2.94460e-01
 13 -0.01932 -2.78397e-01 | 14 -0.02145 -2.61303e-01 | 15 -0.02374 -2.43252e-01
 16 -0.02617 -2.24307e-01 | 17 -0.02873 -2.04663e-01 | 18 -0.03133 -1.84912e-01
 19 -0.03395 -1.65139e-01 | 20 -0.03688 -1.43401e-01 | 21 -0.03964 -1.23068e-01
 22 -0.04267 -1.01539e-01 | 23 -0.04585 -7.97364e-02 | 24 -0.04915 -5.78594e-02
 25 -0.05388 -2.79573e-02 | 26 -0.05894  3.81027e-03 | 27 -0.06347  3.47250e-02
 28 -0.06540  5.78330e-02 | 29 -0.06503  8.32226e-02 | 30 -0.06186  1.21166e-01
 31 -0.05221  1.63455e-01 | 32 -0.03555  2.25430e-01 | 33 -0.01135  3.35670e-01
 34  0.02630  5.23132e-01 | 35  0.05498  7.69121e-01 | 36  0.07815  9.25355e-01
 37  0.05481  6.88223e-01 | 38  0.02086  4.50225e-01 | 39  0.00042  3.54003e-01
 40 -0.00488  3.53893e-01 | 41 -0.00615  3.69491e-01 | 42  0.00130  4.41824e-01
 43  0.01140  5.30632e-01 | 44 -0.00096  4.37033e-01 | 45 -0.02844  2.59029e-01
 46 -0.02671  2.48020e-01 | 47 -0.00163  3.53006e-01 | 48  0.00005  3.26763e-01
 49  0.04699  6.56640e-01 | 50  0.03606  6.14880e-01 | 51  0.01405  7.90584e-01
 52  0.01482  6.60162e-01 | 53  0.06455  7.92789e-01 | 54  0.00779  5.44213e-01
 55  0.07115  1.30087e+00 | 56 -0.01645  4.23831e-01 | 57  0.05804  9.31109e-01
 58  0.05797  9.83953e-01 | 59  0.05505  1.08375e+00 | 60  0.05545  1.19325e+00
 61  0.12006  2.18748e+00 | 62  0.02720  8.82759e-01 | 63  0.08843  1.30285e+00
 64  0.05725  4.20632e-01 | 65  0.03554 -2.64642e-01 | 66  0.06347 -1.11950e+00
 67 -0.01368 -1.65854e+00 | 68 -0.02102 -3.25127e+00 | 69  0.02194 -7.85680e+00
 70 -0.04205 -6.55770e+00 | 71 -0.00968 -6.37014e+00 | 72  0.00715 -6.53236e+00
 73 -0.02009  5.35958e+00 | 74  0.03889 -1.22593e+00 | 75  0.00000  0.00000e+00
 76  0.00000  0.00000e+00 | 77  0.00000  0.00000e+00 | 78  0.00000  0.00000e+00
 79  0.00000  0.00000e+00 | 80  0.00000  0.00000e+00 | 81  0.30171  9.05528e+00
 82 -0.27684  8.52442e-01 | 83  0.37511 -3.20304e+00 | 84  0.00649  2.20209e+00
 85 -0.44175 -9.69563e-01 | 86 -0.40374  7.41647e-01 | 87  0.06877 -4.38046e+00
 88  0.14336 -1.23204e+01 | 89  0.02221 -2.32847e-01 | 90 -0.95397 -1.05894e-03
 91 -0.13014 -2.11880e+00 | 92 -0.38857  3.64559e-01 | 93 -0.02002 -1.76735e+01
 94  0.17551 -5.17227e+01 | 95  0.88956  4.59693e-02 | 96 -0.97890 -1.39863e-03
 97 -0.26514  5.88296e-01 | 98 -0.36272 -1.90540e-01 |
98 variables; iteration 40; function evaluation 52; phase 4
Function value 1.4138951e+03; maximum gradient component mag -4.2896e+00
Var    Value     Gradient |Var    Value     Gradient |Var    Value     Gradient
  1 -0.00888  1.43353e+00 |  2 -0.00571 -1.69828e-01 |  3 -0.00641 -1.80967e-01
  4 -0.00720 -1.91441e-01 |  5 -0.00808 -2.00526e-01 |  6 -0.00906 -2.07273e-01
  7 -0.01015 -2.10487e-01 |  8 -0.01136 -2.08757e-01 |  9 -0.01270 -2.00556e-01
 10 -0.01418 -1.84346e-01 | 11 -0.01580 -1.59088e-01 | 12 -0.01756 -1.24440e-01
 13 -0.01946 -8.10713e-02 | 14 -0.02150 -3.09390e-02 | 15 -0.02368  2.27626e-02
 16 -0.02601  7.58811e-02 | 17 -0.02848  1.23737e-01 | 18 -0.03102  1.63930e-01
 19 -0.03359  1.95153e-01 | 20 -0.03652  2.03397e-01 | 21 -0.03929  2.11768e-01
 22 -0.04236  2.01239e-01 | 23 -0.04561  1.73535e-01 | 24 -0.04904  1.23464e-01
 25 -0.05404 -1.26089e-02 | 26 -0.05932 -1.32491e-01 | 27 -0.06393 -1.70460e-01
 28 -0.06577 -1.27967e-01 | 29 -0.06525 -4.35278e-02 | 30 -0.06185  7.74381e-02
 31 -0.05194  1.95670e-01 | 32 -0.03537  1.18165e-01 | 33 -0.01135  1.41133e-02
 34  0.02648  5.00165e-02 | 35  0.05299 -3.90171e-01 | 36  0.07929  2.45511e-01
 37  0.05529  1.75614e-01 | 38  0.02066  3.05027e-03 | 39  0.00018 -8.91741e-03
 40 -0.00500  4.97159e-02 | 41 -0.00619  8.96806e-02 | 42  0.00130  1.22926e-01
 43  0.01132  1.15211e-01 | 44 -0.00093  1.28459e-01 | 45 -0.02838  1.05502e-01
 46 -0.02648  1.72870e-01 | 47 -0.00167  5.73395e-02 | 48 -0.00022 -9.58002e-02
 49  0.04684  8.27025e-03 | 50  0.03634  7.53384e-02 | 51  0.01396  2.39586e-02
 52  0.01466 -1.40381e-01 | 53  0.06470  2.58759e-01 | 54  0.00786  1.48941e-01
 55  0.07111  1.15211e-03 | 56 -0.01680 -2.90534e-01 | 57  0.05804 -9.47111e-03
 58  0.05816  3.77904e-01 | 59  0.05501  9.67340e-02 | 60  0.05512 -1.85794e-01
 61  0.12025  2.77423e-01 | 62  0.02696 -1.29284e-01 | 63  0.08802 -8.58128e-02
 64  0.05781  5.60810e-01 | 65  0.03588  1.35812e-01 | 66  0.06320 -6.31717e-01
 67 -0.01361 -2.55052e-01 | 68 -0.02064 -2.03468e-02 | 69  0.02347 -1.27461e-01
 70 -0.04012 -4.47996e-01 | 71 -0.00818 -5.09392e-01 | 72  0.01024 -1.08874e+00
 73 -0.02479  2.07219e-01 | 74  0.04138 -7.51947e-02 | 75  0.00000  0.00000e+00
 76  0.00000  0.00000e+00 | 77  0.00000  0.00000e+00 | 78  0.00000  0.00000e+00
 79  0.00000  0.00000e+00 | 80  0.00000  0.00000e+00 | 81  0.30112  6.97717e-01
 82 -0.27369  9.88848e-02 | 83  0.37487 -2.50878e-01 | 84  0.00691  2.19127e-01
 85 -0.44195 -2.75668e-01 | 86 -0.40441 -1.39517e-01 | 87  0.06979  1.94708e-01
 88  0.14307 -1.10191e+00 | 89  0.02462 -1.64103e-01 | 90 -0.95398 -1.62055e-04
 91 -0.13036 -2.07074e-01 | 92 -0.38834  2.53834e-01 | 93 -0.01830 -1.01343e+00
 94  0.17504 -4.28962e+00 | 95  0.86665 -1.27533e-02 | 96 -0.97966 -6.48442e-03
 97 -0.26453 -2.92148e-01 | 98 -0.36258 -9.26326e-02 |
98 variables; iteration 60; function evaluation 86; phase 4
Function value 1.4138924e+03; maximum gradient component mag -1.8622e-01
Var    Value     Gradient |Var    Value     Gradient |Var    Value     Gradient
  1 -0.00884 -1.86221e-01 |  2 -0.00537  1.21302e-02 |  3 -0.00605  6.87683e-03
  4 -0.00682  3.10058e-03 |  5 -0.00769  1.10044e-03 |  6 -0.00865  9.25451e-04
  7 -0.00973  2.23035e-03 |  8 -0.01095  4.19976e-03 |  9 -0.01231  5.66421e-03
 10 -0.01383  5.51034e-03 | 11 -0.01551  3.33720e-03 | 12 -0.01736 -1.25401e-05
 13 -0.01936 -2.68404e-03 | 14 -0.02151 -2.99903e-03 | 15 -0.02380 -9.81159e-04
 16 -0.02624  1.21969e-03 | 17 -0.02881  8.78165e-04 | 18 -0.03142 -2.51880e-03
 19 -0.03406 -6.52320e-03 | 20 -0.03700 -7.09430e-03 | 21 -0.03976 -3.69721e-03
 22 -0.04278  1.51955e-03 | 23 -0.04597  2.24471e-03 | 24 -0.04930 -3.35559e-03
 25 -0.05403 -2.24060e-03 | 26 -0.05909  2.82084e-03 | 27 -0.06364 -7.70687e-03
 28 -0.06554  4.19885e-03 | 29 -0.06520 -7.27757e-03 | 30 -0.06198  8.30425e-03
 31 -0.05233  4.80559e-04 | 32 -0.03564  4.00936e-03 | 33 -0.01141  5.08931e-03
 34  0.02624 -1.39372e-02 | 35  0.05488  1.48755e-03 | 36  0.07810  5.39967e-03
 37  0.05486  5.89465e-03 | 38  0.02081 -1.56817e-02 | 39  0.00036 -2.34268e-03
 40 -0.00495 -1.14772e-03 | 41 -0.00621  4.18822e-03 | 42  0.00120 -6.09474e-03
 43  0.01132  6.27592e-03 | 44 -0.00099  1.37774e-02 | 45 -0.02847  9.11291e-03
 46 -0.02675  8.32252e-03 | 47 -0.00171  1.28095e-02 | 48 -0.00002  1.53364e-02
 49  0.04687  2.96467e-02 | 50  0.03619  8.80250e-03 | 51  0.01390  2.69295e-03
 52  0.01477 -4.61565e-03 | 53  0.06460 -5.61357e-03 | 54  0.00775 -1.10908e-02
 55  0.07104  2.68293e-03 | 56 -0.01651  5.95602e-03 | 57  0.05802  4.19508e-04
 58  0.05792 -1.00898e-02 | 59  0.05495 -9.77486e-03 | 60  0.05539  1.99214e-03
 61  0.11998 -8.29651e-03 | 62  0.02710 -1.32275e-03 | 63  0.08830 -1.04131e-02
 64  0.05727 -1.65891e-02 | 65  0.03565 -1.06894e-02 | 66  0.06362  2.59655e-03
 67 -0.01369 -1.38368e-03 | 68 -0.02087 -1.23359e-02 | 69  0.02341 -1.01072e-02
 70 -0.03991 -8.13195e-03 | 71 -0.00821 -5.57277e-04 | 72  0.01072  1.25163e-02
 73 -0.02523 -4.26845e-02 | 74  0.04147 -1.53816e-02 | 75  0.00000  0.00000e+00
 76  0.00000  0.00000e+00 | 77  0.00000  0.00000e+00 | 78  0.00000  0.00000e+00
 79  0.00000  0.00000e+00 | 80  0.00000  0.00000e+00 | 81  0.30183  9.11725e-03
 82 -0.27946  4.24774e-04 | 83  0.37534 -8.61724e-04 | 84  0.00675  3.17712e-03
 85 -0.44205  1.00920e-03 | 86 -0.40394  3.28074e-03 | 87  0.06931  2.10619e-02
 88  0.14327  4.37203e-02 | 89  0.02499 -6.82711e-04 | 90 -0.95390  4.58660e-05
 91 -0.13041  8.70180e-03 | 92 -0.38856  8.21891e-03 | 93 -0.01873  7.41208e-02
 94  0.17519  1.34544e-01 | 95  0.85256  1.73285e-03 | 96 -0.97898 -6.24002e-04
 97 -0.26360 -5.25934e-02 | 98 -0.36252  7.48407e-03 |
98 variables; iteration 80; function evaluation 118; phase 4
Function value 1.4138923e+03; maximum gradient component mag -2.3942e-02
Var    Value     Gradient |Var    Value     Gradient |Var    Value     Gradient
  1 -0.00884 -2.39421e-02 |  2 -0.00539 -6.26173e-04 |  3 -0.00606  4.57195e-04
  4 -0.00682  1.21994e-03 |  5 -0.00768  1.17013e-03 |  6 -0.00865  5.71997e-04
  7 -0.00974  3.85892e-04 |  8 -0.01095  1.25373e-03 |  9 -0.01231  2.25772e-03
 10 -0.01383  1.53221e-03 | 11 -0.01552 -7.21472e-04 | 12 -0.01736 -1.36857e-03
 13 -0.01935  5.23411e-04 | 14 -0.02150  9.82905e-04 | 15 -0.02380 -9.44655e-04
 16 -0.02624 -4.51889e-04 | 17 -0.02880  1.14597e-03 | 18 -0.03142 -7.68237e-04
 19 -0.03404 -9.05624e-04 | 20 -0.03698  1.96065e-03 | 21 -0.03975 -2.61452e-04
 22 -0.04278  4.16964e-04 | 23 -0.04597  1.37952e-03 | 24 -0.04930 -1.30545e-03
 25 -0.05403 -4.33805e-04 | 26 -0.05910 -1.56597e-03 | 27 -0.06363 -4.89690e-04
 28 -0.06555  1.53143e-03 | 29 -0.06519  9.36358e-04 | 30 -0.06200  1.24236e-03
 31 -0.05233 -3.99279e-05 | 32 -0.03565 -5.70032e-05 | 33 -0.01142  6.60300e-04
 34  0.02628 -4.98143e-04 | 35  0.05487 -2.50929e-04 | 36  0.07807  7.78100e-04
 37  0.05483  9.31517e-04 | 38  0.02085  4.93960e-04 | 39  0.00036 -1.99071e-03
 40 -0.00495  6.90385e-04 | 41 -0.00622  4.93611e-04 | 42  0.00122  3.55743e-04
 43  0.01131  4.73515e-04 | 44 -0.00101  1.17150e-04 | 45 -0.02848 -9.01003e-04
 46 -0.02675  2.05368e-04 | 47 -0.00171  7.17867e-04 | 48 -0.00003  9.25940e-04
 49  0.04683  9.41323e-04 | 50  0.03621  1.28703e-04 | 51  0.01390 -8.49740e-04
 52  0.01477 -8.82235e-05 | 53  0.06459 -2.06992e-03 | 54  0.00776  7.94348e-04
 55  0.07103 -6.81727e-04 | 56 -0.01651 -2.31062e-03 | 57  0.05802  1.20446e-03
 58  0.05792 -2.39720e-03 | 59  0.05496 -7.59562e-04 | 60  0.05538 -1.31067e-04
 61  0.11998 -2.21008e-03 | 62  0.02710  4.54116e-04 | 63  0.08829 -1.22205e-03
 64  0.05727 -1.81178e-03 | 65  0.03565 -1.11455e-03 | 66  0.06361  4.66459e-04
 67 -0.01369 -4.53410e-04 | 68 -0.02085 -7.72626e-06 | 69  0.02341 -1.57866e-04
 70 -0.03990  5.87034e-04 | 71 -0.00821  8.56368e-04 | 72  0.01072  4.23143e-04
 73 -0.02518 -1.85353e-03 | 74  0.04148 -1.08008e-03 | 75  0.00000  0.00000e+00
 76  0.00000  0.00000e+00 | 77  0.00000  0.00000e+00 | 78  0.00000  0.00000e+00
 79  0.00000  0.00000e+00 | 80  0.00000  0.00000e+00 | 81  0.30180 -8.65097e-03
 82 -0.27924 -8.84255e-04 | 83  0.37532  2.21935e-03 | 84  0.00675 -2.50674e-03
 85 -0.44204  3.80612e-04 | 86 -0.40394 -8.45194e-04 | 87  0.06932  3.67174e-04
 88  0.14327 -1.64741e-03 | 89  0.02501 -2.28915e-04 | 90 -0.95396 -8.02485e-05
 91 -0.13042  1.56825e-04 | 92 -0.38857 -2.79582e-04 | 93 -0.01898  1.05827e-02
 94  0.17527  2.34839e-02 | 95  0.83103 -2.92503e-04 | 96 -0.97888  2.19313e-04
 97 -0.26198 -4.14359e-03 | 98 -0.36253  4.58540e-05 |
98 variables; iteration 100; function evaluation 150; phase 4
Function value 1.4138923e+03; maximum gradient component mag -2.7597e-04
Var    Value     Gradient |Var    Value     Gradient |Var    Value     Gradient
  1 -0.00884 -2.75972e-04 |  2 -0.00539 -8.04804e-06 |  3 -0.00606  1.49086e-05
  4 -0.00683 -3.99492e-06 |  5 -0.00768  1.39929e-05 |  6 -0.00865  2.98415e-05
  7 -0.00974 -1.68532e-05 |  8 -0.01095  2.64156e-05 |  9 -0.01232  2.41249e-05
 10 -0.01384 -1.73459e-05 | 11 -0.01552  3.83883e-05 | 12 -0.01736 -4.96175e-05
 13 -0.01935  1.35815e-05 | 14 -0.02150  2.54263e-05 | 15 -0.02380 -3.68554e-05
 16 -0.02624  2.58267e-05 | 17 -0.02881 -8.42024e-06 | 18 -0.03141  2.95923e-05
 19 -0.03404 -1.83642e-05 | 20 -0.03698  1.25248e-05 | 21 -0.03975  2.26401e-05
 22 -0.04279  4.52076e-06 | 23 -0.04598  2.17540e-05 | 24 -0.04930 -2.09591e-05
 25 -0.05403  4.76856e-06 | 26 -0.05909  1.13317e-05 | 27 -0.06363 -1.79663e-05
 28 -0.06555  2.00906e-05 | 29 -0.06519  1.80552e-05 | 30 -0.06200 -4.73145e-06
 31 -0.05233  8.59948e-06 | 32 -0.03565 -6.56323e-05 | 33 -0.01142  2.90456e-05
 34  0.02629  2.65990e-06 | 35  0.05488  4.83039e-06 | 36  0.07807  1.39291e-05
 37  0.05483  1.26797e-05 | 38  0.02085  3.48539e-06 | 39  0.00037 -2.59283e-05
 40 -0.00495 -6.84526e-06 | 41 -0.00622 -8.00501e-06 | 42  0.00122 -2.70349e-06
 43  0.01131  2.54467e-06 | 44 -0.00101  4.15930e-07 | 45 -0.02848  2.35705e-05
 46 -0.02675  1.11789e-06 | 47 -0.00171 -1.04191e-05 | 48 -0.00003 -8.72453e-06
 49  0.04683  5.53051e-06 | 50  0.03621 -1.75934e-06 | 51  0.01390 -1.43615e-05
 52  0.01477 -1.63667e-06 | 53  0.06459 -2.23373e-05 | 54  0.00776  6.43522e-07
 55  0.07103 -4.14049e-06 | 56 -0.01651 -3.60277e-05 | 57  0.05801  1.85207e-05
 58  0.05792 -3.24416e-05 | 59  0.05495  3.08478e-06 | 60  0.05538 -8.00540e-06
 61  0.11998 -1.75578e-05 | 62  0.02710  1.78364e-06 | 63  0.08829 -1.07541e-05
 64  0.05727 -1.29229e-06 | 65  0.03565 -3.46198e-05 | 66  0.06361  3.24561e-05
 67 -0.01369 -2.71408e-05 | 68 -0.02085  1.56242e-05 | 69  0.02341  1.60466e-06
 70 -0.03990  9.45836e-06 | 71 -0.00821  1.05164e-05 | 72  0.01072  1.06007e-05
 73 -0.02518 -1.34085e-05 | 74  0.04148 -5.02547e-06 | 75  0.00000  0.00000e+00
 76  0.00000  0.00000e+00 | 77  0.00000  0.00000e+00 | 78  0.00000  0.00000e+00
 79  0.00000  0.00000e+00 | 80  0.00000  0.00000e+00 | 81  0.30180 -1.56025e-04
 82 -0.27923 -1.67546e-05 | 83  0.37532  3.49082e-05 | 84  0.00675 -4.57211e-05
 85 -0.44204  9.27014e-06 | 86 -0.40394 -1.38080e-05 | 87  0.06932  6.31775e-06
 88  0.14327 -1.09921e-05 | 89  0.02501 -2.32833e-06 | 90 -0.95392 -1.91403e-06
 91 -0.13042  3.11590e-06 | 92 -0.38857 -3.70014e-06 | 93 -0.01898  8.67081e-05
 94  0.17527  2.31672e-04 | 95  0.83077 -1.09642e-06 | 96 -0.97890  2.46511e-06
 97 -0.26196 -1.96413e-05 | 98 -0.36253 -3.38778e-06 |
  ic > imax  in fminim is answer attained ?
Var    Value     Gradient |Var    Value     Gradient |Var    Value     Gradient
  1 -0.00884 -2.23542e-04 |  2 -0.00539 -6.25371e-06 |  3 -0.00606  1.17141e-05
  4 -0.00683 -3.36329e-06 |  5 -0.00768  1.17119e-05 |  6 -0.00865  2.21282e-05
  7 -0.00974 -1.16930e-05 |  8 -0.01095  1.93725e-05 |  9 -0.01232  2.01924e-05
 10 -0.01384 -1.45874e-05 | 11 -0.01552  3.09327e-05 | 12 -0.01736 -3.87785e-05
 13 -0.01935  1.21315e-05 | 14 -0.02150  1.94970e-05 | 15 -0.02380 -3.31075e-05
 16 -0.02624  2.06039e-05 | 17 -0.02881 -7.95214e-06 | 18 -0.03141  2.21902e-05
 19 -0.03404 -1.44714e-05 | 20 -0.03698  9.53710e-06 | 21 -0.03975  1.74680e-05
 22 -0.04279  3.68044e-06 | 23 -0.04598  1.72908e-05 | 24 -0.04930 -1.60721e-05
 25 -0.05403  4.17690e-06 | 26 -0.05909  9.07311e-06 | 27 -0.06363 -1.36321e-05
 28 -0.06555  1.57867e-05 | 29 -0.06519  1.44515e-05 | 30 -0.06200 -3.21652e-06
 31 -0.05233  7.46638e-06 | 32 -0.03565 -4.87117e-05 | 33 -0.01142  1.98477e-05
 34  0.02629  1.56873e-06 | 35  0.05488  3.53971e-06 | 36  0.07807  1.08086e-05
 37  0.05483  1.01112e-05 | 38  0.02085  3.24892e-06 | 39  0.00037 -1.89699e-05
 40 -0.00495 -4.83098e-06 | 41 -0.00622 -6.34632e-06 | 42  0.00122 -2.93010e-06
 43  0.01131  1.62711e-06 | 44 -0.00101 -1.47886e-07 | 45 -0.02848  1.99041e-05
 46 -0.02675  2.98257e-06 | 47 -0.00171 -6.89870e-06 | 48 -0.00003 -7.64913e-06
 49  0.04683  5.99396e-06 | 50  0.03621 -4.50269e-07 | 51  0.01390 -1.14506e-05
 52  0.01477 -1.44064e-06 | 53  0.06459 -1.74268e-05 | 54  0.00776  2.72657e-07
 55  0.07103 -3.28468e-06 | 56 -0.01651 -2.77125e-05 | 57  0.05801  1.40932e-05
 58  0.05792 -2.52173e-05 | 59  0.05495  1.94105e-06 | 60  0.05538 -6.35763e-06
 61  0.11998 -1.40450e-05 | 62  0.02710  1.22818e-06 | 63  0.08829 -8.92839e-06
 64  0.05727 -1.79438e-06 | 65  0.03565 -2.65588e-05 | 66  0.06361  2.39784e-05
 67 -0.01369 -2.08923e-05 | 68 -0.02085  1.15047e-05 | 69  0.02341  7.75599e-07
 70 -0.03990  7.01944e-06 | 71 -0.00821  8.00403e-06 | 72  0.01072  7.66054e-06
 73 -0.02518 -1.15560e-05 | 74  0.04148 -5.26158e-06 | 75  0.00000  0.00000e+00
 76  0.00000  0.00000e+00 | 77  0.00000  0.00000e+00 | 78  0.00000  0.00000e+00
 79  0.00000  0.00000e+00 | 80  0.00000  0.00000e+00 | 81  0.30180 -1.19321e-04
 82 -0.27923 -1.28625e-05 | 83  0.37532  2.65811e-05 | 84  0.00675 -3.50448e-05
 85 -0.44204  7.09596e-06 | 86 -0.40394 -1.05038e-05 | 87  0.06932  4.97731e-06
 88  0.14327 -8.31031e-06 | 89  0.02501 -1.79226e-06 | 90 -0.95392 -1.35519e-06
 91 -0.13042  2.63925e-06 | 92 -0.38857 -2.76738e-06 | 93 -0.01898  6.94303e-05
 94  0.17527  1.78108e-04 | 95  0.83077 -1.22887e-06 | 96 -0.97890  1.91036e-06
 97 -0.26196 -1.90352e-05 | 98 -0.36253 -2.39342e-06 |
Function minimizer not making progress ... is minimum attained?
Minimprove criterion = 0.0000e+00
Warning: the following parameters had issues
  selparm[10] is within 1% of lower bound: -1.0000e+00 < -9.8691e-01 < 9.0000e+00
  selparm[16] is within 0.1% of lower bound: -1.0000e+00 < -9.9725e-01 < 9.0000e+00


 - final statistics:
98 variables; iteration 103; function evaluation 183
Function value 1.4139e+03; maximum gradient component mag -2.2354e-04
Exit code = 1;  converg criter 1.0000e-04
Var    Value     Gradient |Var    Value     Gradient |Var    Value     Gradient
  1 -0.00884 -2.23542e-04 |  2 -0.00539 -6.25371e-06 |  3 -0.00606  1.17141e-05
  4 -0.00683 -3.36329e-06 |  5 -0.00768  1.17119e-05 |  6 -0.00865  2.21282e-05
  7 -0.00974 -1.16930e-05 |  8 -0.01095  1.93725e-05 |  9 -0.01232  2.01924e-05
 10 -0.01384 -1.45874e-05 | 11 -0.01552  3.09327e-05 | 12 -0.01736 -3.87785e-05
 13 -0.01935  1.21315e-05 | 14 -0.02150  1.94970e-05 | 15 -0.02380 -3.31075e-05
 16 -0.02624  2.06039e-05 | 17 -0.02881 -7.95214e-06 | 18 -0.03141  2.21902e-05
 19 -0.03404 -1.44714e-05 | 20 -0.03698  9.53710e-06 | 21 -0.03975  1.74680e-05
 22 -0.04279  3.68044e-06 | 23 -0.04598  1.72908e-05 | 24 -0.04930 -1.60721e-05
 25 -0.05403  4.17690e-06 | 26 -0.05909  9.07311e-06 | 27 -0.06363 -1.36321e-05
 28 -0.06555  1.57867e-05 | 29 -0.06519  1.44515e-05 | 30 -0.06200 -3.21652e-06
 31 -0.05233  7.46638e-06 | 32 -0.03565 -4.87117e-05 | 33 -0.01142  1.98477e-05
 34  0.02629  1.56873e-06 | 35  0.05488  3.53971e-06 | 36  0.07807  1.08086e-05
 37  0.05483  1.01112e-05 | 38  0.02085  3.24892e-06 | 39  0.00037 -1.89699e-05
 40 -0.00495 -4.83098e-06 | 41 -0.00622 -6.34632e-06 | 42  0.00122 -2.93010e-06
 43  0.01131  1.62711e-06 | 44 -0.00101 -1.47886e-07 | 45 -0.02848  1.99041e-05
 46 -0.02675  2.98257e-06 | 47 -0.00171 -6.89870e-06 | 48 -0.00003 -7.64913e-06
 49  0.04683  5.99396e-06 | 50  0.03621 -4.50269e-07 | 51  0.01390 -1.14506e-05
 52  0.01477 -1.44064e-06 | 53  0.06459 -1.74268e-05 | 54  0.00776  2.72657e-07
 55  0.07103 -3.28468e-06 | 56 -0.01651 -2.77125e-05 | 57  0.05801  1.40932e-05
 58  0.05792 -2.52173e-05 | 59  0.05495  1.94105e-06 | 60  0.05538 -6.35763e-06
 61  0.11998 -1.40450e-05 | 62  0.02710  1.22818e-06 | 63  0.08829 -8.92839e-06
 64  0.05727 -1.79438e-06 | 65  0.03565 -2.65588e-05 | 66  0.06361  2.39784e-05
 67 -0.01369 -2.08923e-05 | 68 -0.02085  1.15047e-05 | 69  0.02341  7.75599e-07
 70 -0.03990  7.01944e-06 | 71 -0.00821  8.00403e-06 | 72  0.01072  7.66054e-06
 73 -0.02518 -1.15560e-05 | 74  0.04148 -5.26158e-06 | 75  0.00000  0.00000e+00
 76  0.00000  0.00000e+00 | 77  0.00000  0.00000e+00 | 78  0.00000  0.00000e+00
 79  0.00000  0.00000e+00 | 80  0.00000  0.00000e+00 | 81  0.30180 -1.19321e-04
 82 -0.27923 -1.28625e-05 | 83  0.37532  2.65811e-05 | 84  0.00675 -3.50448e-05
 85 -0.44204  7.09596e-06 | 86 -0.40394 -1.05038e-05 | 87  0.06932  4.97731e-06
 88  0.14327 -8.31031e-06 | 89  0.02501 -1.79226e-06 | 90 -0.95392 -1.35519e-06
 91 -0.13042  2.63925e-06 | 92 -0.38857 -2.76738e-06 | 93 -0.01898  6.94303e-05
 94  0.17527  1.78108e-04 | 95  0.83077 -1.22887e-06 | 96 -0.97890  1.91036e-06
 97 -0.26196 -1.90352e-05 | 98 -0.36253 -2.39342e-06 |
Estimating row 1 out of 98 for hessian
Estimating row 2 out of 98 for hessian
Estimating row 3 out of 98 for hessian
Estimating row 4 out of 98 for hessian
Estimating row 5 out of 98 for hessian
Estimating row 6 out of 98 for hessian
Estimating row 7 out of 98 for hessian
Estimating row 8 out of 98 for hessian
Estimating row 9 out of 98 for hessian
Estimating row 10 out of 98 for hessian
Estimating row 11 out of 98 for hessian
Estimating row 12 out of 98 for hessian
Estimating row 13 out of 98 for hessian
Estimating row 14 out of 98 for hessian
Estimating row 15 out of 98 for hessian
Estimating row 16 out of 98 for hessian
Estimating row 17 out of 98 for hessian
Estimating row 18 out of 98 for hessian
Estimating row 19 out of 98 for hessian
Estimating row 20 out of 98 for hessian
Estimating row 21 out of 98 for hessian
Estimating row 22 out of 98 for hessian
Estimating row 23 out of 98 for hessian
Estimating row 24 out of 98 for hessian
Estimating row 25 out of 98 for hessian
Estimating row 26 out of 98 for hessian
Estimating row 27 out of 98 for hessian
Estimating row 28 out of 98 for hessian
Estimating row 29 out of 98 for hessian
Estimating row 30 out of 98 for hessian
Estimating row 31 out of 98 for hessian
Estimating row 32 out of 98 for hessian
Estimating row 33 out of 98 for hessian
Estimating row 34 out of 98 for hessian
Estimating row 35 out of 98 for hessian
Estimating row 36 out of 98 for hessian
Estimating row 37 out of 98 for hessian
Estimating row 38 out of 98 for hessian
Estimating row 39 out of 98 for hessian
Estimating row 40 out of 98 for hessian
Estimating row 41 out of 98 for hessian
Estimating row 42 out of 98 for hessian
Estimating row 43 out of 98 for hessian
Estimating row 44 out of 98 for hessian
Estimating row 45 out of 98 for hessian
Estimating row 46 out of 98 for hessian
Estimating row 47 out of 98 for hessian
Estimating row 48 out of 98 for hessian
Estimating row 49 out of 98 for hessian
Estimating row 50 out of 98 for hessian
Estimating row 51 out of 98 for hessian
Estimating row 52 out of 98 for hessian
Estimating row 53 out of 98 for hessian
Estimating row 54 out of 98 for hessian
Estimating row 55 out of 98 for hessian
Estimating row 56 out of 98 for hessian
Estimating row 57 out of 98 for hessian
Estimating row 58 out of 98 for hessian
Estimating row 59 out of 98 for hessian
Estimating row 60 out of 98 for hessian
Estimating row 61 out of 98 for hessian
Estimating row 62 out of 98 for hessian
Estimating row 63 out of 98 for hessian
Estimating row 64 out of 98 for hessian
Estimating row 65 out of 98 for hessian
Estimating row 66 out of 98 for hessian
Estimating row 67 out of 98 for hessian
Estimating row 68 out of 98 for hessian
Estimating row 69 out of 98 for hessian
Estimating row 70 out of 98 for hessian
Estimating row 71 out of 98 for hessian
Estimating row 72 out of 98 for hessian
Estimating row 73 out of 98 for hessian
Estimating row 74 out of 98 for hessian
Estimating row 75 out of 98 for hessian
Estimating row 76 out of 98 for hessian
Estimating row 77 out of 98 for hessian
Estimating row 78 out of 98 for hessian
Estimating row 79 out of 98 for hessian
Estimating row 80 out of 98 for hessian
Estimating row 81 out of 98 for hessian
Estimating row 82 out of 98 for hessian
Estimating row 83 out of 98 for hessian
Estimating row 84 out of 98 for hessian
Estimating row 85 out of 98 for hessian
Estimating row 86 out of 98 for hessian
Estimating row 87 out of 98 for hessian
Estimating row 88 out of 98 for hessian
Estimating row 89 out of 98 for hessian
Estimating row 90 out of 98 for hessian
Estimating row 91 out of 98 for hessian
Estimating row 92 out of 98 for hessian
Estimating row 93 out of 98 for hessian
Estimating row 94 out of 98 for hessian
Estimating row 95 out of 98 for hessian
Estimating row 96 out of 98 for hessian
Estimating row 97 out of 98 for hessian
Estimating row 98 out of 98 for hessian
size of file gradfil1.tmp = 0
size of file gradfil2.tmp = 0
size of file varssave.tmp = 0
size of file cmpdiff.tmp = 0
