
Initial statistics: 73 variables; iteration 0; function evaluation 0; phase 1
Function value 1.6152882e+03; maximum gradient component mag -3.1662e+04
Var    Value     Gradient |Var    Value     Gradient |Var    Value     Gradient
  1  0.15524 -5.07223e+03 |  2 -0.13223 -4.20870e+03 |  3 -0.62709 -2.21231e+03
  4  0.01242 -3.16623e+04 |  5 -0.00253  4.71028e+02 |  6  0.00100  4.73130e+02
  7  0.00199  4.74253e+02 |  8  0.00389  4.75871e+02 |  9  0.00241  4.76132e+02
 10  0.00108  4.76554e+02 | 11 -0.00119  4.76646e+02 | 12 -0.00091  4.78032e+02
 13 -0.00387  4.77999e+02 | 14  0.00077  4.81798e+02 | 15 -0.00221  4.81997e+02
 16 -0.00244  4.83686e+02 | 17  0.00374  4.88967e+02 | 18  0.00395  4.91288e+02
 19 -0.00179  4.90347e+02 | 20  0.00219  4.95036e+02 | 21 -0.00089  4.95607e+02
 22 -0.00153  4.97554e+02 | 23 -0.00270  4.99072e+02 | 24 -0.00388  5.00257e+02
 25 -0.00368  5.02000e+02 | 26 -0.00339  5.03085e+02 | 27 -0.00291  5.02873e+02
 28 -0.00187  5.00636e+02 | 29  0.00423  4.97068e+02 | 30  0.00226  4.82040e+02
 31 -0.00236  4.58430e+02 | 32  0.00122  4.28273e+02 | 33 -0.00066  3.88071e+02
 34 -0.00447  3.43906e+02 | 35 -0.00039  2.92299e+02 | 36 -0.00454  2.49487e+02
 37 -0.00393  2.04439e+02 | 38  0.00277  1.53329e+02 | 39 -0.00107  1.24515e+02
 40 -0.00082  9.04974e+01 | 41 -0.00244  6.13901e+01 | 42  0.00297  8.44147e+00
 43  0.00154 -2.80867e+01 | 44  0.00181 -7.36885e+01 | 45  0.00035 -1.17837e+02
 46  0.00402 -1.89146e+02 | 47 -0.00101 -2.21890e+02 | 48  0.00155 -3.09373e+02
 49  0.00131 -4.19037e+02 | 50  0.00186 -5.60463e+02 | 51 -0.00085 -6.70087e+02
 52  0.00098 -7.88952e+02 | 53  0.00480 -8.56895e+02 | 54  0.00392 -8.07500e+02
 55  0.00010 -8.54610e+02 | 56  0.00132 -9.29969e+02 | 57  0.00375 -1.02181e+03
 58  0.00260 -1.14007e+03 | 59 -0.00428 -1.17844e+03 | 60 -0.00030 -1.33410e+03
 61 -0.00399 -1.30369e+03 | 62 -0.00205 -1.27519e+03 | 63 -0.00023 -1.21148e+03
 64 -0.00122 -1.06376e+03 | 65  0.00276 -8.75886e+02 | 66 -0.00299 -5.63732e+02
 67  0.00227 -3.19025e+02 | 68  0.00410 -3.86165e+01 | 69 -0.00204  2.51681e+02
 70 -0.00116  4.87655e+02 | 71 -0.00066  6.22071e+02 | 72  0.00267  6.65932e+02
 73  0.00109  6.49979e+02 |

Intermediate statistics: 73 variables; iteration 20; function evaluation 34; phase 1
Function value 7.2273104e+02; maximum gradient component mag 2.1513e+03
Var    Value     Gradient |Var    Value     Gradient |Var    Value     Gradient
  1  0.33274  1.00669e+02 |  2 -0.16126 -8.84460e+02 |  3 -1.02198 -2.74555e+01
  4 -0.00097  2.15128e+03 |  5 -0.01917 -4.45869e+01 |  6 -0.02446 -4.64600e+01
  7 -0.02706 -4.72485e+01 |  8 -0.03084 -4.84809e+01 |  9 -0.03105 -4.82619e+01
 10 -0.03163 -4.81582e+01 | 11 -0.03140 -4.76848e+01 | 12 -0.03421 -4.84092e+01
 13 -0.03367 -4.77283e+01 | 14 -0.04166 -5.05297e+01 | 15 -0.04147 -4.99368e+01
 16 -0.04444 -5.06288e+01 | 17 -0.05460 -5.43211e+01 | 18 -0.05833 -5.53260e+01
 19 -0.05556 -5.35835e+01 | 20 -0.06349 -5.63786e+01 | 21 -0.06349 -5.58219e+01
 22 -0.06595 -5.63458e+01 | 23 -0.06767 -5.65561e+01 | 24 -0.06896 -5.66392e+01
 25 -0.07145 -5.72376e+01 | 26 -0.07326 -5.75268e+01 | 27 -0.07376 -5.71958e+01
 28 -0.07262 -5.59529e+01 | 29 -0.07239 -5.50786e+01 | 30 -0.05828 -4.76663e+01
 31 -0.03625 -3.60454e+01 | 32 -0.01382 -2.34187e+01 | 33  0.01565 -5.77086e+00
 34  0.04572  1.30759e+01 | 35  0.07080  3.02194e+01 | 36  0.08399  4.21509e+01
 37  0.08180  4.73969e+01 | 38  0.06854  4.70177e+01 | 39  0.05156  4.43036e+01
 40  0.03695  4.39220e+01 | 41  0.02485  4.60115e+01 | 42  0.01779  5.12064e+01
 43  0.01446  5.76004e+01 | 44  0.01319  6.53766e+01 | 45  0.01306  7.25687e+01
 46  0.01524  8.29948e+01 | 47  0.00908  8.56893e+01 | 48  0.01235  9.44395e+01
 49  0.03026  1.12089e+02 | 50  0.05494  1.32729e+02 | 51  0.07071  1.38178e+02
 52  0.08136  1.28714e+02 | 53  0.07935  1.15224e+02 | 54  0.01794  4.18055e+01
 55  0.05119 -1.44958e+01 | 56  0.06590 -5.60722e+01 | 57 -0.01518 -8.04095e+01
 58  0.07957 -7.21665e+01 | 59  0.03136 -4.31631e+01 | 60  0.10121  1.50775e+01
 61  0.10685  6.33747e+01 | 62  0.07181  6.74692e+01 | 63  0.09188  6.22712e+01
 64  0.10487  2.82199e+01 | 65  0.04776 -3.30600e+01 | 66  0.03712 -5.36638e+01
 67  0.05422 -5.71042e+01 | 68 -0.05489 -7.82264e+01 | 69  0.07645 -6.54064e+01
 70 -0.21051 -1.20283e+02 | 71 -0.14192 -1.11828e+02 | 72  0.03338 -8.63832e+01
 73 -0.12053 -9.25388e+01 |
73 variables; iteration 40; function evaluation 62; phase 1
Function value 6.8350045e+02; maximum gradient component mag 2.6668e+02
Var    Value     Gradient |Var    Value     Gradient |Var    Value     Gradient
  1  0.34175  2.99140e+01 |  2 -0.15080  1.19093e+02 |  3 -0.97363  2.98123e+01
  4  0.00624  2.66683e+02 |  5 -0.01342 -3.99841e+00 |  6 -0.01482 -4.21952e+00
  7 -0.01614 -4.36542e+00 |  8 -0.01772 -4.57471e+00 |  9 -0.01891 -4.57760e+00
 10 -0.02024 -4.58574e+00 | 11 -0.02162 -4.55903e+00 | 12 -0.02336 -4.62516e+00
 13 -0.02508 -4.62819e+00 | 14 -0.02692 -4.62969e+00 | 15 -0.02886 -4.62246e+00
 16 -0.03078 -4.56021e+00 | 17 -0.03166 -3.97873e+00 | 18 -0.03323 -3.66586e+00
 19 -0.03626 -4.01536e+00 | 20 -0.03709 -3.31111e+00 | 21 -0.03971 -3.47893e+00
 22 -0.04169 -3.37606e+00 | 23 -0.04381 -3.35671e+00 | 24 -0.04565 -3.31567e+00
 25 -0.04720 -3.16701e+00 | 26 -0.04867 -3.06417e+00 | 27 -0.04996 -3.03046e+00
 28 -0.05124 -3.12013e+00 | 29 -0.05154 -3.29485e+00 | 30 -0.04978 -3.36812e+00
 31 -0.04749 -4.63284e+00 | 32 -0.04747 -8.50394e+00 | 33 -0.04771 -1.38890e+01
 34 -0.01934 -9.34979e+00 | 35 -0.01712 -1.61466e+01 | 36  0.01847 -1.26508e+01
 37  0.11135 -6.04532e+00 | 38  0.05431 -7.91065e+00 | 39  0.03215 -7.58252e+00
 40  0.06356  9.14306e+00 | 41  0.02426  6.76394e+00 | 42  0.03048  1.76662e+01
 43  0.01209  1.38674e+01 | 44 -0.01000  6.35036e+00 | 45 -0.01886  2.54267e+00
 46 -0.02033  2.36067e+00 | 47 -0.02497  4.62047e+00 | 48 -0.02413  6.31842e+00
 49 -0.00320  9.41984e+00 | 50  0.03688  1.66016e+01 | 51  0.05324  1.60385e+01
 52  0.08303  1.72012e+01 | 53  0.04498  1.66189e+01 | 54  0.00230  2.31345e+01
 55  0.05546  1.38099e+01 | 56  0.05849  5.46184e+00 | 57  0.01140 -3.80292e+00
 58  0.07149  1.02014e+01 | 59  0.04441  4.21692e+00 | 60  0.08181 -3.47669e+00
 61  0.08124 -1.31576e+00 | 62  0.05999  2.29544e+01 | 63  0.09101  2.44674e+01
 64  0.05670  2.25217e+00 | 65  0.08385  2.85610e+01 | 66  0.03918  1.23355e+01
 67  0.03425 -6.06160e-01 | 68 -0.00455 -1.57697e+01 | 69  0.02308 -4.68735e+00
 70 -0.06892 -1.90121e+01 | 71 -0.05829 -1.88803e+01 | 72 -0.01785 -2.25800e+01
 73 -0.06234 -1.68028e+01 |
73 variables; iteration 60; function evaluation 96; phase 1
Function value 6.8104789e+02; maximum gradient component mag 1.7360e+02
Var    Value     Gradient |Var    Value     Gradient |Var    Value     Gradient
  1  0.34315  3.64293e+01 |  2 -0.15099  6.26037e+01 |  3 -0.97968  2.28599e+01
  4  0.00632  1.73602e+02 |  5 -0.01476 -2.90007e+00 |  6 -0.01419 -2.29032e+00
  7 -0.01481 -2.12000e+00 |  8 -0.01624 -2.23747e+00 |  9 -0.01872 -2.74238e+00
 10 -0.01963 -2.53387e+00 | 11 -0.02030 -2.15531e+00 | 12 -0.02164 -1.99891e+00
 13 -0.02474 -2.54973e+00 | 14 -0.02750 -2.90245e+00 | 15 -0.03090 -3.49972e+00
 16 -0.03312 -3.52990e+00 | 17 -0.03467 -3.20626e+00 | 18 -0.03598 -2.72892e+00
 19 -0.03857 -2.82440e+00 | 20 -0.04078 -2.73750e+00 | 21 -0.04267 -2.50670e+00
 22 -0.04459 -2.33416e+00 | 23 -0.04684 -2.33390e+00 | 24 -0.04920 -2.51514e+00
 25 -0.05161 -2.75882e+00 | 26 -0.05337 -2.74862e+00 | 27 -0.05434 -2.45892e+00
 28 -0.05494 -2.04315e+00 | 29 -0.05599 -2.39820e+00 | 30 -0.05259 -1.28419e+00
 31 -0.05203 -3.04442e+00 | 32 -0.04367 -2.33292e+00 | 33 -0.03332 -2.66636e+00
 34 -0.01692 -2.70647e+00 | 35  0.00712 -2.02652e+00 | 36  0.03087 -2.89744e+00
 37  0.08419  4.57384e-01 | 38  0.08163  1.24685e+00 | 39  0.06724  2.25453e+00
 40  0.03855  1.98009e+00 | 41  0.01791  2.83954e+00 | 42  0.00102  2.33748e+00
 43 -0.00474  2.96160e+00 | 44 -0.00772  3.97693e+00 | 45 -0.00716  4.51791e+00
 46 -0.00581  5.79846e+00 | 47 -0.01858  4.65954e+00 | 48 -0.02270  3.70963e+00
 49 -0.00457  4.18895e+00 | 50  0.02649  5.42925e+00 | 51  0.05147  7.28913e+00
 52  0.08781  7.58839e+00 | 53  0.04901  6.33139e+00 | 54 -0.01606  2.49068e+00
 55  0.05638  2.11114e+00 | 56  0.05641  3.07409e+00 | 57  0.03134  5.75740e+00
 58  0.05741  1.08929e+00 | 59  0.04180  3.81000e+00 | 60  0.08605  6.89670e+00
 61  0.09711  7.33953e+00 | 62  0.03723  5.87370e+00 | 63  0.07974  6.00351e+00
 64  0.09016  4.77701e+00 | 65  0.05724  1.81242e+00 | 66  0.03801 -1.84281e+00
 67  0.03613 -2.49150e+00 | 68  0.01549 -4.75711e+00 | 69  0.00440 -5.59024e+00
 70 -0.05597 -5.83027e+00 | 71 -0.05357 -5.54458e+00 | 72 -0.01503 -4.78651e+00
 73 -0.05598 -3.82149e+00 |
Maximum number of function evaluations exceeded

 - final statistics:
73 variables; iteration 63; function evaluation 100
Function value 6.8098e+02; maximum gradient component mag 1.6291e+02
Exit code = 3;  converg criter 1.0000e+01
Var    Value     Gradient |Var    Value     Gradient |Var    Value     Gradient
  1  0.34305  3.30352e+01 |  2 -0.15103  4.98886e+01 |  3 -0.98158  2.06102e+01
  4  0.00633  1.62914e+02 |  5 -0.01484 -2.70939e+00 |  6 -0.01508 -2.42241e+00
  7 -0.01638 -2.52515e+00 |  8 -0.01767 -2.57339e+00 |  9 -0.01896 -2.56871e+00
 10 -0.02069 -2.69290e+00 | 11 -0.02223 -2.68123e+00 | 12 -0.02386 -2.64058e+00
 13 -0.02508 -2.35662e+00 | 14 -0.02729 -2.44733e+00 | 15 -0.02915 -2.32675e+00
 16 -0.03123 -2.25753e+00 | 17 -0.03307 -2.02700e+00 | 18 -0.03489 -1.74878e+00
 19 -0.03782 -1.97618e+00 | 20 -0.04073 -2.19875e+00 | 21 -0.04295 -2.10277e+00
 22 -0.04483 -1.88547e+00 | 23 -0.04710 -1.87100e+00 | 24 -0.04959 -2.09577e+00
 25 -0.05208 -2.36085e+00 | 26 -0.05361 -2.20508e+00 | 27 -0.05432 -1.75054e+00
 28 -0.05686 -2.33852e+00 | 29 -0.05547 -1.35997e+00 | 30 -0.05420 -1.34881e+00
 31 -0.04966 -1.00918e+00 | 32 -0.04314 -1.23959e+00 | 33 -0.03191 -1.16765e+00
 34 -0.01533 -1.20934e+00 | 35  0.00883 -6.24344e-01 | 36  0.03566 -9.30548e-01
 37  0.07906  2.35632e-01 | 38  0.08277  1.50215e+00 | 39  0.06739  1.99594e+00
 40  0.03740  1.22484e+00 | 41  0.01781  2.29246e+00 | 42  0.00010  1.42616e+00
 43 -0.00509  2.24839e+00 | 44 -0.00817  3.20887e+00 | 45 -0.00628  4.33852e+00
 46 -0.00587  5.24312e+00 | 47 -0.01853  4.24929e+00 | 48 -0.02233  3.47525e+00
 49 -0.00258  4.46628e+00 | 50  0.02618  4.26116e+00 | 51  0.05024  5.29510e+00
 52  0.08763  5.41527e+00 | 53  0.04955  5.39534e+00 | 54 -0.01636  2.05174e+00
 55  0.05654  1.67268e+00 | 56  0.05701  2.44290e+00 | 57  0.02955  3.82571e+00
 58  0.05831  3.88016e-01 | 59  0.04183  3.16142e+00 | 60  0.08575  5.35320e+00
 61  0.09762  5.23088e+00 | 62  0.03647  3.75091e+00 | 63  0.07833  3.31283e+00
 64  0.09223  4.12779e+00 | 65  0.05535  4.96709e-01 | 66  0.03851 -1.92290e+00
 67  0.03517 -1.96669e+00 | 68  0.01819 -2.29167e+00 | 69  0.00263 -4.84017e+00
 70 -0.05498 -4.45932e+00 | 71 -0.05324 -4.64770e+00 | 72 -0.01510 -4.20589e+00
 73 -0.05599 -3.57295e+00 |

Initial statistics: 79 variables; iteration 0; function evaluation 0; phase 2
Function value 6.8098014e+02; maximum gradient component mag 1.6291e+02
Var    Value     Gradient |Var    Value     Gradient |Var    Value     Gradient
  1  0.34305  3.30352e+01 |  2 -0.15103  4.98886e+01 |  3 -0.98158  2.06102e+01
  4  0.00633  1.62914e+02 |  5 -0.01484 -2.71967e+00 |  6 -0.01508 -2.43269e+00
  7 -0.01638 -2.53543e+00 |  8 -0.01767 -2.58367e+00 |  9 -0.01896 -2.57899e+00
 10 -0.02069 -2.70317e+00 | 11 -0.02224 -2.69150e+00 | 12 -0.02386 -2.65086e+00
 13 -0.02508 -2.36689e+00 | 14 -0.02729 -2.45760e+00 | 15 -0.02915 -2.33703e+00
 16 -0.03123 -2.26780e+00 | 17 -0.03307 -2.03726e+00 | 18 -0.03489 -1.75905e+00
 19 -0.03782 -1.98644e+00 | 20 -0.04074 -2.20901e+00 | 21 -0.04295 -2.11303e+00
 22 -0.04483 -1.89573e+00 | 23 -0.04710 -1.88125e+00 | 24 -0.04959 -2.10602e+00
 25 -0.05208 -2.37110e+00 | 26 -0.05361 -2.21533e+00 | 27 -0.05432 -1.76078e+00
 28 -0.05686 -2.34876e+00 | 29 -0.05547 -1.37021e+00 | 30 -0.05421 -1.35906e+00
 31 -0.04966 -1.01943e+00 | 32 -0.04314 -1.24985e+00 | 33 -0.03191 -1.17792e+00
 34 -0.01533 -1.21962e+00 | 35  0.00883 -6.34625e-01 | 36  0.03566 -9.40814e-01
 37  0.07906  2.25430e-01 | 38  0.08277  1.49195e+00 | 39  0.06739  1.98571e+00
 40  0.03739  1.21458e+00 | 41  0.01780  2.28219e+00 | 42  0.00010  1.41588e+00
 43 -0.00509  2.23811e+00 | 44 -0.00817  3.19858e+00 | 45 -0.00628  4.32824e+00
 46 -0.00587  5.23284e+00 | 47 -0.01853  4.23902e+00 | 48 -0.02233  3.46498e+00
 49 -0.00258  4.45600e+00 | 50  0.02618  4.25089e+00 | 51  0.05024  5.28485e+00
 52  0.08763  5.40509e+00 | 53  0.04955  5.38509e+00 | 54 -0.01636  2.04146e+00
 55  0.05654  1.66244e+00 | 56  0.05701  2.43266e+00 | 57  0.02955  3.81544e+00
 58  0.05831  3.77778e-01 | 59  0.04183  3.15116e+00 | 60  0.08575  5.34301e+00
 61  0.09762  5.22072e+00 | 62  0.03647  3.74065e+00 | 63  0.07833  3.30263e+00
 64  0.09223  4.11762e+00 | 65  0.05535  4.86466e-01 | 66  0.03851 -1.93316e+00
 67  0.03517 -1.97696e+00 | 68  0.01819 -2.30195e+00 | 69  0.00263 -4.85045e+00
 70 -0.05498 -4.46956e+00 | 71 -0.05324 -4.65795e+00 | 72 -0.01510 -4.21617e+00
 73 -0.05599 -3.58319e+00 | 74  0.28067 -8.46165e+01 | 75 -0.61927  2.76370e-01
 76 -0.04133 -2.34088e+01 | 77  0.07414  2.49455e+01 | 78 -0.66330 -2.61382e+00
 79 -0.11066 -2.13803e+01 |

Intermediate statistics: 79 variables; iteration 20; function evaluation 26; phase 2
Function value 6.7860254e+02; maximum gradient component mag -2.1032e+02
Var    Value     Gradient |Var    Value     Gradient |Var    Value     Gradient
  1  0.34369 -4.27888e+01 |  2 -0.15208  4.37719e+01 |  3 -0.98308  1.71889e+01
  4  0.00662 -2.10317e+02 |  5 -0.01179  4.54659e+00 |  6 -0.01357  4.20584e+00
  7 -0.01424  4.36625e+00 |  8 -0.01520  4.46155e+00 |  9 -0.01645  4.48938e+00
 10 -0.01740  4.70057e+00 | 11 -0.01894  4.72618e+00 | 12 -0.02072  4.71030e+00
 13 -0.02347  4.33082e+00 | 14 -0.02509  4.50546e+00 | 15 -0.02754  4.36056e+00
 16 -0.02992  4.29082e+00 | 17 -0.03293  3.97100e+00 | 18 -0.03614  3.57890e+00
 19 -0.03776  3.95669e+00 | 20 -0.03944  4.31797e+00 | 21 -0.04207  4.19736e+00
 22 -0.04495  3.90787e+00 | 23 -0.04721  3.92277e+00 | 24 -0.04865  4.22307e+00
 25 -0.04998  4.54013e+00 | 26 -0.05223  4.28859e+00 | 27 -0.05482  3.69176e+00
 28 -0.05492  4.36981e+00 | 29 -0.05729  3.30660e+00 | 30 -0.05601  3.28734e+00
 31 -0.05289  2.81067e+00 | 32 -0.04544  3.00635e+00 | 33 -0.03444  2.95680e+00
 34 -0.01700  3.25309e+00 | 35  0.00574  3.23500e+00 | 36  0.03611  3.76982e+00
 37  0.07998  4.20222e+00 | 38  0.08256  5.20158e+00 | 39  0.06734  5.88196e+00
 40  0.03975  6.03793e+00 | 41  0.01588  5.89395e+00 | 42  0.00460  7.34881e+00
 43 -0.00178  7.45540e+00 | 44 -0.00662  7.27721e+00 | 45 -0.00683  6.86028e+00
 46 -0.00839  6.12624e+00 | 47 -0.01814  5.78189e+00 | 48 -0.02040  4.64377e+00
 49 -0.00607  1.01941e+00 | 50  0.02397 -2.41102e+00 | 51  0.04691 -5.54010e+00
 52  0.08893 -1.17267e+01 | 53  0.04739 -7.17915e+00 | 54 -0.01751 -3.82440e+00
 55  0.05296 -1.14534e+01 | 56  0.06358 -4.52185e+00 | 57  0.02129 -8.04757e+00
 58  0.06216 -1.40750e+01 | 59  0.03831 -9.93733e+00 | 60  0.08425 -1.32533e+01
 61  0.10221 -1.33732e+01 | 62  0.03676 -7.42542e+00 | 63  0.07319 -1.61213e+01
 64  0.08749 -1.89447e+01 | 65  0.06049 -1.15927e+01 | 66  0.03758 -1.17341e+01
 67  0.03307 -1.35692e+01 | 68  0.01222 -1.31618e+01 | 69  0.00271 -8.35021e+00
 70 -0.05445  6.14114e-01 | 71 -0.05119  5.35285e+00 | 72 -0.01539  7.48266e+00
 73 -0.05989  4.35033e+00 | 74  0.28787 -6.56561e+01 | 75 -0.53230  1.91136e+01
 76  0.00370 -1.06574e+01 | 77  0.06459 -9.94600e+00 | 78 -0.41372 -1.85622e-01
 79 -0.04226 -4.61312e+00 |
79 variables; iteration 40; function evaluation 53; phase 2
Function value 6.7714673e+02; maximum gradient component mag -3.4106e+01
Var    Value     Gradient |Var    Value     Gradient |Var    Value     Gradient
  1  0.34646 -4.03098e+00 |  2 -0.15359 -3.41058e+01 |  3 -1.00143 -1.51758e+00
  4  0.00615 -1.26994e+01 |  5 -0.01461 -1.54290e-01 |  6 -0.01475  1.54598e-01
  7 -0.01566  1.90746e-01 |  8 -0.01654  2.87864e-01 |  9 -0.01755  3.83220e-01
 10 -0.01860  5.18940e-01 | 11 -0.02009  5.31693e-01 | 12 -0.02201  4.13908e-01
 13 -0.02466  3.80457e-02 | 14 -0.02710 -1.98785e-01 | 15 -0.02984 -5.27911e-01
 16 -0.03254 -8.04094e-01 | 17 -0.03443 -6.66546e-01 | 18 -0.03538 -5.82464e-02
 19 -0.03897 -6.68123e-01 | 20 -0.04261 -1.31290e+00 | 21 -0.04406 -9.26520e-01
 22 -0.04505 -3.43271e-01 | 23 -0.04717 -3.06808e-01 | 24 -0.04911 -3.13136e-01
 25 -0.05016  9.60271e-02 | 26 -0.05193  5.00786e-02 | 27 -0.05456 -5.98441e-01
 28 -0.05416  2.93101e-01 | 29 -0.05730 -1.18781e+00 | 30 -0.05555 -9.84308e-01
 31 -0.05070 -5.91873e-01 | 32 -0.04325 -4.69564e-01 | 33 -0.03331 -1.15166e+00
 34 -0.01620 -1.22247e+00 | 35  0.00510 -2.15514e+00 | 36  0.03487 -2.50236e+00
 37  0.08793 -2.74770e+00 | 38  0.07974 -3.79062e+00 | 39  0.06884 -3.07840e+00
 40  0.04392 -1.97693e+00 | 41  0.01147 -4.02007e+00 | 42  0.00318 -1.74864e+00
 43 -0.00373 -1.83055e+00 | 44 -0.00841 -1.78892e+00 | 45 -0.00845 -1.85933e+00
 46 -0.00988 -1.88351e+00 | 47 -0.02112 -1.60046e+00 | 48 -0.02622 -2.55050e+00
 49 -0.00357 -7.03035e-01 | 50  0.02900 -3.40752e-01 | 51  0.04648 -1.48535e+00
 52  0.09054 -2.38373e+00 | 53  0.04571 -1.25364e+00 | 54 -0.01768 -1.05864e+00
 55  0.05832 -7.23423e-01 | 56  0.05643 -9.42344e-01 | 57  0.02496  1.53660e+00
 58  0.06510  3.01154e+00 | 59  0.03787  1.07689e+00 | 60  0.08350  1.54856e+00
 61  0.10362  4.54266e+00 | 62  0.03254  2.41358e+00 | 63  0.07653  4.93901e+00
 64  0.09381  8.44814e+00 | 65  0.05677  5.23530e+00 | 66  0.03813  3.08927e+00
 67  0.03753  5.23996e+00 | 68  0.01794  3.93432e+00 | 69  0.00532  2.72993e+00
 70 -0.05345  1.66882e+00 | 71 -0.05142  1.46880e+00 | 72 -0.01580  2.18143e-01
 73 -0.05592  3.83453e-01 | 74  0.29477 -1.49865e+01 | 75 -0.56788  1.91848e+00
 76  0.07345 -2.66668e+00 | 77  0.06232 -3.14990e+00 | 78 -0.41010 -4.80413e-01
 79 -0.01456 -2.19647e+00 |
79 variables; iteration 60; function evaluation 85; phase 2
Function value 6.7696589e+02; maximum gradient component mag -1.1297e+01
Var    Value     Gradient |Var    Value     Gradient |Var    Value     Gradient
  1  0.34672 -5.58306e-01 |  2 -0.15380 -1.61454e+00 |  3 -0.99941  6.30209e-01
  4  0.00616 -1.12973e+01 |  5 -0.01398  1.75340e-01 |  6 -0.01492  1.64806e-01
  7 -0.01596  1.60370e-01 |  8 -0.01712  1.55472e-01 |  9 -0.01841  1.49996e-01
 10 -0.01985  1.35511e-01 | 11 -0.02140  1.34674e-01 | 12 -0.02301  1.67253e-01
 13 -0.02469  2.32363e-01 | 14 -0.02647  3.12859e-01 | 15 -0.02854  3.13738e-01
 16 -0.03085  2.55502e-01 | 17 -0.03329  1.75947e-01 | 18 -0.03563  1.68555e-01
 19 -0.03804  1.51646e-01 | 20 -0.04064  4.40044e-02 | 21 -0.04302  1.98575e-02
 22 -0.04495  1.81409e-01 | 23 -0.04716  2.06112e-01 | 24 -0.04912  2.28825e-01
 25 -0.05099  2.57581e-01 | 26 -0.05289  1.77466e-01 | 27 -0.05448  9.94897e-02
 28 -0.05584  1.16159e-01 | 29 -0.05597  2.63345e-01 | 30 -0.05452  3.60553e-01
 31 -0.05108  7.77728e-02 | 32 -0.04382  1.98191e-01 | 33 -0.03313  9.76857e-03
 34 -0.01615  8.64596e-02 | 35  0.00599 -2.50979e-01 | 36  0.03527 -2.65491e-01
 37  0.08048 -2.22659e-01 | 38  0.08580  2.11003e-01 | 39  0.07043  3.72453e-01
 40  0.04050 -1.28034e-02 | 41  0.01750  1.08371e-01 | 42  0.00106 -3.49502e-01
 43 -0.00429  3.28591e-02 | 44 -0.00878  6.49485e-02 | 45 -0.00851  8.39519e-02
 46 -0.00973  5.04119e-02 | 47 -0.02126 -7.84173e-02 | 48 -0.02287  2.39400e-01
 49 -0.00500  2.44251e-02 | 50  0.02645  1.65970e-01 | 51  0.04619 -1.95157e-01
 52  0.09142 -1.32669e-01 | 53  0.04467  1.48301e-02 | 54 -0.01744 -1.94421e-01
 55  0.05784  2.25248e-01 | 56  0.05715 -5.36225e-02 | 57  0.02427  1.01583e-01
 58  0.06321 -1.84291e-01 | 59  0.03793 -2.17632e-01 | 60  0.08584  1.63717e-01
 61  0.10066 -5.76427e-01 | 62  0.03426 -3.39900e-01 | 63  0.07785 -4.23603e-01
 64  0.09104 -6.95341e-01 | 65  0.05676 -7.37663e-01 | 66  0.04044 -8.13585e-01
 67  0.03542 -2.77560e-01 | 68  0.01782 -2.14338e-01 | 69  0.00566 -4.51663e-01
 70 -0.05334  4.82765e-02 | 71 -0.05251 -2.79584e-01 | 72 -0.01480  1.57532e-02
 73 -0.05576  1.63324e-01 | 74  0.29934  1.46051e+00 | 75 -0.56735 -4.15240e-01
 76  0.14313 -6.15973e-01 | 77  0.06743  7.85376e-01 | 78 -0.39289  5.56577e-02
 79 -0.00218  2.85930e-01 |

 - final statistics:
79 variables; iteration 61; function evaluation 87
Function value 6.7696e+02; maximum gradient component mag -9.8698e+00
Exit code = 1;  converg criter 1.0000e+01
Var    Value     Gradient |Var    Value     Gradient |Var    Value     Gradient
  1  0.34674 -4.90120e-01 |  2 -0.15380 -5.32743e-01 |  3 -0.99932  7.26583e-01
  4  0.00617 -9.86976e+00 |  5 -0.01368  2.78109e-01 |  6 -0.01481  1.92066e-01
  7 -0.01583  1.95955e-01 |  8 -0.01707  1.56939e-01 |  9 -0.01848  1.03835e-01
 10 -0.01995  7.56222e-02 | 11 -0.02146  8.92842e-02 | 12 -0.02306  1.27943e-01
 13 -0.02482  1.56265e-01 | 14 -0.02673  1.79019e-01 | 15 -0.02862  2.60080e-01
 16 -0.03059  3.51646e-01 | 17 -0.03313  2.30434e-01 | 18 -0.03566  1.37664e-01
 19 -0.03824  3.78468e-02 | 20 -0.04092 -1.08990e-01 | 21 -0.04288  6.74189e-02
 22 -0.04503  1.19855e-01 | 23 -0.04723  1.54587e-01 | 24 -0.04906  2.37479e-01
 25 -0.05072  3.77808e-01 | 26 -0.05321 -1.28713e-02 | 27 -0.05379  4.44678e-01
 28 -0.05561  2.18493e-01 | 29 -0.05581  3.26586e-01 | 30 -0.05489  1.46286e-01
 31 -0.05097  1.09431e-01 | 32 -0.04406  6.00833e-02 | 33 -0.03331 -9.40702e-02
 34 -0.01655 -9.96132e-02 | 35  0.00560 -4.04632e-01 | 36  0.03589 -1.25424e-01
 37  0.08050 -2.28371e-01 | 38  0.08577  2.12611e-01 | 39  0.07024  3.55199e-01
 40  0.04044 -1.66206e-02 | 41  0.01762  1.54787e-01 | 42  0.00144 -2.08342e-01
 43 -0.00428  4.22988e-02 | 44 -0.00884  4.42049e-02 | 45 -0.00870  1.37798e-02
 46 -0.00999 -4.56171e-02 | 47 -0.02129 -7.70553e-02 | 48 -0.02300  2.14972e-01
 49 -0.00442  2.94140e-01 | 50  0.02623  1.73679e-01 | 51  0.04615 -1.36371e-01
 52  0.09153 -4.59764e-02 | 53  0.04440 -1.23769e-02 | 54 -0.01707  3.37648e-03
 55  0.05768  1.78403e-01 | 56  0.05719  6.75992e-02 | 57  0.02451  1.94232e-01
 58  0.06264 -3.17798e-01 | 59  0.03915  1.94113e-01 | 60  0.08472 -1.21859e-01
 61  0.10144 -2.37642e-01 | 62  0.03385 -3.97876e-01 | 63  0.07764 -4.55463e-01
 64  0.09137 -5.52739e-01 | 65  0.05635 -8.46392e-01 | 66  0.04071 -7.67622e-01
 67  0.03531 -3.52350e-01 | 68  0.01783 -2.61283e-01 | 69  0.00565 -5.14014e-01
 70 -0.05333  1.66218e-02 | 71 -0.05255 -3.34089e-01 | 72 -0.01475  2.86006e-02
 73 -0.05580  1.18406e-01 | 74  0.29940  1.59625e+00 | 75 -0.56698 -3.76583e-01
 76  0.14602 -5.83300e-01 | 77  0.06769  8.79966e-01 | 78 -0.39212  8.73856e-02
 79 -0.00211  3.36445e-01 |

Initial statistics: 87 variables; iteration 0; function evaluation 0; phase 3
Function value 6.7696452e+02; maximum gradient component mag -4.8155e+01
Var    Value     Gradient |Var    Value     Gradient |Var    Value     Gradient
  1  0.34674 -4.90120e-01 |  2 -0.15380 -5.32743e-01 |  3 -0.99932  7.26583e-01
  4  0.63658 -2.38316e+01 |  5 -0.78853 -4.81545e+01 |  6  0.00617 -9.86976e+00
  7 -0.01368  2.72930e-01 |  8 -0.01481  1.86886e-01 |  9 -0.01583  1.90776e-01
 10 -0.01708  1.51760e-01 | 11 -0.01848  9.86568e-02 | 12 -0.01995  7.04440e-02
 13 -0.02146  8.41063e-02 | 14 -0.02306  1.22765e-01 | 15 -0.02482  1.51088e-01
 16 -0.02673  1.73842e-01 | 17 -0.02862  2.54905e-01 | 18 -0.03059  3.46471e-01
 19 -0.03313  2.25260e-01 | 20 -0.03566  1.32492e-01 | 21 -0.03824  3.26754e-02
 22 -0.04092 -1.14160e-01 | 23 -0.04288  6.22499e-02 | 24 -0.04503  1.14687e-01
 25 -0.04723  1.49421e-01 | 26 -0.04906  2.32313e-01 | 27 -0.05072  3.72644e-01
 28 -0.05321 -1.80340e-02 | 29 -0.05379  4.39516e-01 | 30 -0.05561  2.13332e-01
 31 -0.05581  3.21425e-01 | 32 -0.05489  1.41125e-01 | 33 -0.05097  1.04267e-01
 34 -0.04406  5.49150e-02 | 35 -0.03331 -9.92439e-02 | 36 -0.01655 -1.04792e-01
 37  0.00560 -4.09812e-01 | 38  0.03589 -1.30597e-01 | 39  0.08050 -2.33511e-01
 40  0.08577  2.07477e-01 | 41  0.07024  3.50050e-01 | 42  0.04044 -2.17909e-02
 43  0.01762  1.49608e-01 | 44  0.00144 -2.13522e-01 | 45 -0.00428  3.71181e-02
 46 -0.00884  3.90247e-02 | 47 -0.00871  8.59953e-03 | 48 -0.00999 -5.07972e-02
 49 -0.02129 -8.22331e-02 | 50 -0.02300  2.09795e-01 | 51 -0.00442  2.88960e-01
 52  0.02623  1.68503e-01 | 53  0.04615 -1.41538e-01 | 54  0.09153 -5.11038e-02
 55  0.04440 -1.75451e-02 | 56 -0.01707 -1.80242e-03 | 57  0.05768  1.73244e-01
 58  0.05719  6.24393e-02 | 59  0.02451  1.89055e-01 | 60  0.06264 -3.22954e-01
 61  0.03915  1.88942e-01 | 62  0.08472 -1.26994e-01 | 63  0.10144 -2.42757e-01
 64  0.03385 -4.03050e-01 | 65  0.07764 -4.60605e-01 | 66  0.09137 -5.57866e-01
 67  0.05635 -8.51552e-01 | 68  0.04071 -7.72792e-01 | 69  0.03531 -3.57523e-01
 70  0.01783 -2.66462e-01 | 71  0.00565 -5.19194e-01 | 72 -0.05333  1.14592e-02
 73 -0.05255 -3.39252e-01 | 74 -0.01475  2.34212e-02 | 75 -0.05580  1.13245e-01
 76  0.29940  1.59625e+00 | 77 -0.03485 -4.03238e-01 | 78  0.42800  1.60619e+00
 79 -0.50228 -3.51646e-02 | 80 -0.56698 -3.76583e-01 | 81  0.14602 -5.83300e-01
 82  0.06769  8.79966e-01 | 83  0.09735 -1.37252e+01 | 84  0.50443 -1.62694e+01
 85 -0.46741 -3.75538e-01 | 86 -0.39212  8.73856e-02 | 87 -0.00211  3.36445e-01

Intermediate statistics: 87 variables; iteration 20; function evaluation 26; phase 3
Function value 6.7177189e+02; maximum gradient component mag -2.2790e+02
Var    Value     Gradient |Var    Value     Gradient |Var    Value     Gradient
  1  0.35770 -4.57492e+01 |  2 -0.15906 -1.53227e+02 |  3 -1.00049 -4.45177e-01
  4  0.83625 -6.89598e+00 |  5 -0.73720 -1.66729e+01 |  6  0.00577 -2.27898e+02
  7 -0.01285  7.15295e+00 |  8 -0.01385  7.10689e+00 |  9 -0.01488  7.09490e+00
 10 -0.01605  7.06570e+00 | 11 -0.01737  7.03083e+00 | 12 -0.01879  7.00438e+00
 13 -0.02032  6.99143e+00 | 14 -0.02197  6.98518e+00 | 15 -0.02376  6.97376e+00
 16 -0.02570  6.95920e+00 | 17 -0.02771  6.96068e+00 | 18 -0.02982  6.96310e+00
 19 -0.03216  6.90514e+00 | 20 -0.03454  6.85688e+00 | 21 -0.03697  6.80838e+00
 22 -0.03942  6.74976e+00 | 23 -0.04167  6.77275e+00 | 24 -0.04392  6.76488e+00
 25 -0.04620  6.75171e+00 | 26 -0.04818  6.74886e+00 | 27 -0.05006  6.75463e+00
 28 -0.05198  6.63108e+00 | 29 -0.05322  6.69075e+00 | 30 -0.05475  6.56781e+00
 31 -0.05518  6.48385e+00 | 32 -0.05408  6.27286e+00 | 33 -0.05022  5.99504e+00
 34 -0.04344  5.53959e+00 | 35 -0.03276  4.77883e+00 | 36 -0.01629  3.69230e+00
 37  0.00590  1.80358e+00 | 38  0.03414 -1.15622e+00 | 39  0.06881 -6.96100e+00
 40  0.08033 -8.91314e+00 | 41  0.08438 -8.97413e+00 | 42  0.04499 -6.78069e+00
 43  0.01634 -5.74649e+00 | 44 -0.00071 -5.13484e+00 | 45 -0.00700 -4.68945e+00
 46 -0.01175 -4.25048e+00 | 47 -0.01184 -3.91355e+00 | 48 -0.01292 -3.19501e+00
 49 -0.02240 -1.69185e+00 | 50 -0.02312 -9.49372e-03 | 51 -0.00474  1.38088e+00
 52  0.02450  2.14638e+00 | 53  0.04128  1.15061e+00 | 54  0.10055 -1.78723e+00
 55  0.04286 -2.86214e+00 | 56 -0.02147 -2.66967e+00 | 57  0.05422 -5.96568e+00
 58  0.05905  2.19514e+00 | 59  0.02822  6.89715e+00 | 60  0.06284  4.57608e+00
 61  0.03952 -1.36715e+00 | 62  0.07867 -1.12881e+01 | 63  0.09922 -1.10431e+01
 64  0.03160  4.61768e+00 | 65  0.08146  2.22049e+01 | 66  0.09680  3.75665e+01
 67  0.06387  2.81517e+01 | 68  0.04051  1.63105e+01 | 69  0.03346  5.23489e+00
 70  0.01557  1.06943e-01 | 71  0.00495  6.29711e-01 | 72 -0.05368  5.31561e+00
 73 -0.05244  7.33064e+00 | 74 -0.01321  8.72013e+00 | 75 -0.05401  7.86864e+00
 76  0.30450 -1.63586e+01 | 77 -0.01367 -2.57287e-01 | 78  0.43799  1.76136e+01
 79 -0.50248 -3.09860e-02 | 80 -0.60159 -5.11056e-01 | 81  0.12407 -1.09361e-01
 82  0.12506 -5.10236e+00 | 83  0.08700 -9.55251e+00 | 84  0.64578 -2.93082e+00
 85 -0.46152 -3.13784e-01 | 86 -0.51134  1.99698e+00 | 87 -0.04233 -1.19135e+00
87 variables; iteration 40; function evaluation 48; phase 3
Function value 6.7037757e+02; maximum gradient component mag -1.5596e+02
Var    Value     Gradient |Var    Value     Gradient |Var    Value     Gradient
  1  0.36295 -2.59784e+01 |  2 -0.16029  7.43277e+00 |  3 -1.00218 -1.98624e+00
  4  0.91221 -2.78543e+00 |  5 -0.71360  5.65630e-01 |  6  0.00570 -1.55957e+02
  7 -0.01158  2.15253e+00 |  8 -0.01289  1.99695e+00 |  9 -0.01395  1.98866e+00
 10 -0.01529  1.91083e+00 | 11 -0.01679  1.82178e+00 | 12 -0.01830  1.78130e+00
 13 -0.01982  1.79484e+00 | 14 -0.02146  1.82073e+00 | 15 -0.02328  1.82910e+00
 16 -0.02525  1.83141e+00 | 17 -0.02744  1.78984e+00 | 18 -0.02983  1.69970e+00
 19 -0.03176  1.87475e+00 | 20 -0.03371  2.07064e+00 | 21 -0.03570  2.27684e+00
 22 -0.03775  2.47425e+00 | 23 -0.04067  2.21954e+00 | 24 -0.04333  2.06217e+00
 25 -0.04618  1.82142e+00 | 26 -0.04853  1.68951e+00 | 27 -0.05068  1.60793e+00
 28 -0.05288  1.38557e+00 | 29 -0.05437  1.37547e+00 | 30 -0.05628  1.13633e+00
 31 -0.05646  1.29882e+00 | 32 -0.05437  1.75388e+00 | 33 -0.04883  2.53526e+00
 34 -0.04287  1.90839e+00 | 35 -0.03838 -1.30099e+00 | 36 -0.02165 -1.37080e+00
 37  0.00042 -1.97914e+00 | 38  0.02494 -3.88895e+00 | 39  0.07477 -4.66523e+00
 40  0.08791 -5.27076e+00 | 41  0.07622 -5.31994e+00 | 42  0.03986 -5.45370e+00
 43  0.02303 -2.74542e+00 | 44  0.00277 -3.28984e+00 | 45 -0.00234 -2.55523e+00
 46 -0.00818 -2.73696e+00 | 47 -0.01029 -3.39633e+00 | 48 -0.01331 -4.00014e+00
 49 -0.02367 -4.17278e+00 | 50 -0.02522 -3.95305e+00 | 51 -0.00729 -3.64813e+00
 52  0.02125 -4.47733e+00 | 53  0.03761 -7.22033e+00 | 54  0.09677 -1.01842e+01
 55  0.04322 -6.71950e+00 | 56 -0.01357 -1.78550e+00 | 57  0.05361 -8.39436e+00
 58  0.05690 -6.54351e+00 | 59  0.02447 -4.21844e+00 | 60  0.05920 -3.33799e+00
 61  0.03952 -1.04086e+00 | 62  0.08020 -1.68098e+00 | 63  0.10564 -1.71964e+00
 64  0.02987 -1.61135e+00 | 65  0.07740  2.03694e-02 | 66  0.09437  2.81023e+00
 67  0.05830 -7.44380e-01 | 68  0.03696 -2.43056e-01 | 69  0.04008  3.00473e+00
 70  0.02008  2.05231e+00 | 71  0.00359 -6.27176e-01 | 72 -0.05878 -1.47217e+00
 73 -0.04818  4.84329e+00 | 74 -0.01433  2.02412e+00 | 75 -0.05476  1.15045e+00
 76  0.35296 -9.43972e+00 | 77 -0.02089  1.14174e+00 | 78  0.46549  1.92940e+01
 79 -0.51105  9.22691e-02 | 80 -0.61150  2.38319e+00 | 81 -0.01378  1.89056e-02
 82  0.15071  3.57629e+00 | 83  0.07314  8.46041e+00 | 84  0.76681 -3.87465e-01
 85 -0.01645  1.88777e+00 | 86 -0.69511  5.31630e-01 | 87 -0.11511  1.12562e+00
87 variables; iteration 60; function evaluation 72; phase 3
Function value 6.6990914e+02; maximum gradient component mag 6.6283e+00
Var    Value     Gradient |Var    Value     Gradient |Var    Value     Gradient
  1  0.36555  5.75825e+00 |  2 -0.16116 -5.50933e+00 |  3 -0.99993  5.98572e-02
  4  0.98735 -3.76803e-01 |  5 -0.70792 -2.08878e-01 |  6  0.00542  6.62832e+00
  7 -0.01303 -1.13139e-01 |  8 -0.01400 -1.30774e-01 |  9 -0.01501 -1.18975e-01
 10 -0.01616 -1.15435e-01 | 11 -0.01745 -1.20350e-01 | 12 -0.01888 -1.22750e-01
 13 -0.02044 -1.24619e-01 | 14 -0.02221 -1.50456e-01 | 15 -0.02417 -2.02004e-01
 16 -0.02628 -2.59489e-01 | 17 -0.02845 -2.95704e-01 | 18 -0.03064 -2.89767e-01
 19 -0.03301 -3.21795e-01 | 20 -0.03525 -2.60654e-01 | 21 -0.03762 -2.35577e-01
 22 -0.04039 -3.99266e-01 | 23 -0.04274 -3.77042e-01 | 24 -0.04426  2.84713e-02
 25 -0.04639  1.57849e-01 | 26 -0.04901 -1.06545e-01 | 27 -0.05166 -4.39521e-01
 28 -0.05281 -9.20958e-02 | 29 -0.05363  2.84446e-01 | 30 -0.05535  2.10905e-01
 31 -0.05656 -7.28350e-02 | 32 -0.05423  6.70637e-01 | 33 -0.05186  1.80024e-02
 34 -0.04638 -4.58730e-01 | 35 -0.03412  5.34332e-01 | 36 -0.01930  1.02826e-01
 37  0.00314  3.58934e-01 | 38  0.02986 -2.99287e-02 | 39  0.08067  1.19153e+00
 40  0.08140  6.61310e-02 | 41  0.07224 -2.18288e-01 | 42  0.04763  3.92840e-01
 43  0.02079  1.22641e-01 | 44  0.00397  1.33096e-01 | 45 -0.00354  4.43879e-02
 46 -0.00754  5.99471e-01 | 47 -0.00952  1.91905e-01 | 48 -0.01253 -2.64727e-01
 49 -0.02144 -5.34928e-02 | 50 -0.02378 -6.17239e-02 | 51 -0.00706  6.75003e-01
 52  0.01738  1.39831e-01 | 53  0.04189  5.59351e-01 | 54  0.09473  7.47847e-02
 55  0.04693 -1.12690e-01 | 56 -0.01784 -1.12806e+00 | 57  0.05596 -6.47260e-01
 58  0.05644 -1.24848e-01 | 59  0.02627  3.02812e-01 | 60  0.05844  2.90041e-01
 61  0.03983  6.75073e-01 | 62  0.07955  2.57567e-01 | 63  0.10483  7.63758e-01
 64  0.03373  2.57330e-01 | 65  0.07954  3.75285e-01 | 66  0.08799 -5.54859e-01
 67  0.06456 -3.79278e-02 | 68  0.03987 -1.53346e-01 | 69  0.03572 -9.02851e-01
 70  0.01880 -5.43234e-02 | 71  0.00788  8.73576e-01 | 72 -0.05444  4.87854e-02
 73 -0.05342  2.53228e-02 | 74 -0.01299 -1.83331e-01 | 75 -0.05294 -3.23902e-01
 76  0.36388 -1.88288e-01 | 77 -0.03537  6.44994e-01 | 78  0.47058  1.78620e-01
 79 -0.62424  4.10122e-02 | 80 -0.63037  3.20200e-01 | 81 -0.01809  1.77704e-01
 82  0.18262  1.31001e+00 | 83  0.05277 -4.66014e-01 | 84  0.86335 -6.07008e-01
 85 -0.13978  7.41930e-02 | 86 -0.80755  1.73249e-01 | 87 -0.09817 -9.17007e-02
Maximum number of function evaluations exceeded

 - final statistics:
87 variables; iteration 78; function evaluation 100
Function value 6.6985e+02; maximum gradient component mag 3.1205e+00
Exit code = 3;  converg criter 1.0000e+00
Var    Value     Gradient |Var    Value     Gradient |Var    Value     Gradient
  1  0.36525 -2.49766e+00 |  2 -0.16133  3.12050e+00 |  3 -0.99985  1.33127e-01
  4  1.01331  3.84377e-01 |  5 -0.70583  8.02023e-01 |  6  0.00552  2.89903e+00
  7 -0.01294  5.93942e-02 |  8 -0.01335  2.72776e-01 |  9 -0.01508 -1.46708e-02
 10 -0.01662 -1.76118e-01 | 11 -0.01778 -1.25627e-01 | 12 -0.01888  6.11066e-03
 13 -0.01963  3.50948e-01 | 14 -0.02072  6.22165e-01 | 15 -0.02356  1.89060e-01
 16 -0.02691 -4.19716e-01 | 17 -0.02888 -3.70589e-01 | 18 -0.03009  7.66756e-02
 19 -0.03191  3.03412e-01 | 20 -0.03483  5.18650e-02 | 21 -0.03735 -1.22215e-03
 22 -0.04007 -1.38723e-01 | 23 -0.04161  2.80327e-01 | 24 -0.04445  3.28269e-02
 25 -0.04700 -5.65333e-02 | 26 -0.04904 -3.02822e-02 | 27 -0.05173 -3.83559e-01
 28 -0.05138  7.41193e-01 | 29 -0.05389  2.19711e-01 | 30 -0.05525  3.29589e-01
 31 -0.05772 -6.41908e-01 | 32 -0.05671 -6.18529e-01 | 33 -0.05113  4.01632e-01
 34 -0.04495  2.29990e-01 | 35 -0.03455  2.61868e-01 | 36 -0.01967 -1.75252e-01
 37  0.00280  5.53718e-02 | 38  0.03195  2.91947e-01 | 39  0.07416 -9.85302e-02
 40  0.08411  2.76175e-02 | 41  0.07623  1.00933e-01 | 42  0.04617 -6.96393e-02
 43  0.02043 -4.81631e-02 | 44  0.00381  5.50290e-02 | 45 -0.00451 -3.25776e-01
 46 -0.00936 -1.13918e-01 | 47 -0.00910  3.69675e-01 | 48 -0.01207 -5.42926e-02
 49 -0.01994  6.14458e-01 | 50 -0.02423 -2.63734e-01 | 51 -0.00821  1.82967e-01
 52  0.01841  3.54297e-01 | 53  0.04058  5.29083e-02 | 54  0.09533  1.20932e-01
 55  0.04583  3.41608e-02 | 56 -0.01650  7.92999e-02 | 57  0.05575  6.51614e-02
 58  0.05648  3.31684e-01 | 59  0.02571  1.99244e-01 | 60  0.05886  2.44764e-01
 61  0.03897  6.47236e-02 | 62  0.08029 -1.66282e-01 | 63  0.10446 -2.22093e-01
 64  0.03380 -1.05263e-01 | 65  0.07878  1.27612e-01 | 66  0.08901  2.09982e-01
 67  0.06385  2.75989e-01 | 68  0.03941  2.08189e-01 | 69  0.03658 -3.58620e-02
 70  0.01886  9.64998e-02 | 71  0.00656  8.01774e-02 | 72 -0.05380  3.39342e-01
 73 -0.05365 -3.95008e-03 | 74 -0.01319  8.83114e-02 | 75 -0.05298  1.80428e-01
 76  0.38195 -3.39056e-02 | 77 -0.06183  4.40754e-01 | 78  0.48225  1.58108e+00
 79 -0.70122  2.12022e-02 | 80 -0.66761  3.26812e-01 | 81 -0.02702  7.95748e-02
 82  0.18488 -1.12401e-01 | 83  0.05779 -4.09621e-01 | 84  0.92110 -1.12864e-01
 85 -0.19042  2.59301e-02 | 86 -0.92529  3.90496e-02 | 87 -0.09407  6.05096e-02

Initial statistics: 88 variables; iteration 0; function evaluation 0; phase 4
Function value 6.6984902e+02; maximum gradient component mag 8.2191e+02
Var    Value     Gradient |Var    Value     Gradient |Var    Value     Gradient
  1  0.36525 -2.49766e+00 |  2 -0.16133  3.12050e+00 |  3  0.26676  8.21911e+02
  4 -0.99985  1.33127e-01 |  5  0.98669 -3.84377e-01 |  6 -0.70583  8.02023e-01
  7  0.00552  2.89903e+00 |  8 -0.01295 -7.68191e-03 |  9 -0.01335  2.05701e-01
 10 -0.01509 -8.17419e-02 | 11 -0.01663 -2.43185e-01 | 12 -0.01778 -1.92690e-01
 13 -0.01888 -6.09498e-02 | 14 -0.01964  2.83890e-01 | 15 -0.02072  5.55110e-01
 16 -0.02356  1.22016e-01 | 17 -0.02691 -4.86746e-01 | 18 -0.02889 -4.37610e-01
 19 -0.03010  9.66061e-03 | 20 -0.03191  2.36407e-01 | 21 -0.03483 -1.51246e-02
 22 -0.03736 -6.81966e-02 | 23 -0.04007 -2.05680e-01 | 24 -0.04162  2.13381e-01
 25 -0.04445 -3.40995e-02 | 26 -0.04701 -1.23440e-01 | 27 -0.04905 -9.71731e-02
 28 -0.05173 -4.50427e-01 | 29 -0.05138  6.74321e-01 | 30 -0.05389  1.52861e-01
 31 -0.05525  2.62752e-01 | 32 -0.05772 -7.08722e-01 | 33 -0.05672 -6.85352e-01
 34 -0.05114  3.34758e-01 | 35 -0.04495  1.63067e-01 | 36 -0.03455  1.94877e-01
 37 -0.01967 -2.42309e-01 | 38  0.00279 -1.17175e-02 | 39  0.03194  2.24941e-01
 40  0.07416 -1.65166e-01 | 41  0.08411 -3.88877e-02 | 42  0.07622  3.43234e-02
 43  0.04617 -1.36553e-01 | 44  0.02043 -1.15219e-01 | 45  0.00380 -1.20598e-02
 46 -0.00451 -3.92865e-01 | 47 -0.00937 -1.81001e-01 | 48 -0.00910  3.02592e-01
 49 -0.01208 -1.21370e-01 | 50 -0.01995  5.47401e-01 | 51 -0.02423 -3.30776e-01
 52 -0.00822  1.15882e-01 | 53  0.01841  2.87235e-01 | 54  0.04057 -1.40454e-02
 55  0.09533  5.45933e-02 | 56  0.04583 -3.27553e-02 | 57 -0.01650  1.22325e-02
 58  0.05574 -1.67149e-03 | 59  0.05647  2.64858e-01 | 60  0.02571  1.32209e-01
 61  0.05886  1.77961e-01 | 62  0.03897 -2.24065e-03 | 63  0.08028 -2.32839e-01
 64  0.10445 -2.88282e-01 | 65  0.03380 -1.72259e-01 | 66  0.07878  6.10349e-02
 67  0.08901  1.43547e-01 | 68  0.06384  2.09236e-01 | 69  0.03940  1.41228e-01
 70  0.03657 -1.02841e-01 | 71  0.01886  2.94393e-02 | 72  0.00656  1.30910e-02
 73 -0.05380  2.72492e-01 | 74 -0.05365 -7.08019e-02 | 75 -0.01319  2.12359e-02
 76 -0.05298  1.13570e-01 | 77  0.38195 -3.39056e-02 | 78 -0.06183  4.40754e-01
 79  0.48225  1.58108e+00 | 80 -0.70122  2.12022e-02 | 81 -0.66761  3.26812e-01
 82 -0.02702  7.95748e-02 | 83  0.18488 -1.12401e-01 | 84  0.05779 -4.09621e-01
 85  0.92110 -1.12864e-01 | 86 -0.19042  2.59301e-02 | 87 -0.92529  3.90496e-02
 88 -0.09407  6.05096e-02 |

Intermediate statistics: 88 variables; iteration 20; function evaluation 25; phase 4
Function value 6.0730400e+02; maximum gradient component mag 1.0496e+03
Var    Value     Gradient |Var    Value     Gradient |Var    Value     Gradient
  1  0.42877 -5.04872e+02 |  2 -0.12504  8.03624e+02 |  3  0.12514 -8.28105e+01
  4 -1.01761  4.52381e+00 |  5  0.91834  9.19528e+00 |  6 -0.84371  8.23771e+01
  7  0.01155  1.04964e+03 |  8 -0.01288 -1.86599e+01 |  9 -0.01376 -1.84027e+01
 10 -0.01482 -1.81502e+01 | 11 -0.01599 -1.78618e+01 | 12 -0.01724 -1.75239e+01
 13 -0.01859 -1.71434e+01 | 14 -0.02003 -1.67047e+01 | 15 -0.02161 -1.62376e+01
 16 -0.02350 -1.58200e+01 | 17 -0.02556 -1.54013e+01 | 18 -0.02757 -1.48827e+01
 19 -0.02959 -1.42987e+01 | 20 -0.03176 -1.37298e+01 | 21 -0.03410 -1.32140e+01
 22 -0.03644 -1.26801e+01 | 23 -0.03881 -1.21656e+01 | 24 -0.04104 -1.16245e+01
 25 -0.04331 -1.11517e+01 | 26 -0.04554 -1.06391e+01 | 27 -0.04748 -1.01637e+01
 28 -0.04927 -9.70407e+00 | 29 -0.05074 -9.26734e+00 | 30 -0.05183 -8.92305e+00
 31 -0.05272 -8.54062e+00 | 32 -0.05252 -8.25973e+00 | 33 -0.05073 -8.22795e+00
 34 -0.04654 -8.58392e+00 | 35 -0.03972 -9.08015e+00 | 36 -0.02937 -9.47288e+00
 37 -0.01430 -9.76501e+00 | 38  0.00553 -9.69653e+00 | 39  0.02807 -9.53759e+00
 40  0.06558 -7.86869e+00 | 41  0.07110 -7.52793e+00 | 42  0.07531 -8.55505e+00
 43  0.04576 -1.28155e+01 | 44  0.01701 -1.64330e+01 | 45 -0.00267 -1.89500e+01
 46 -0.01239 -2.04904e+01 | 47 -0.02100 -2.21495e+01 | 48 -0.02287 -2.33827e+01
 49 -0.02261 -2.34204e+01 | 50 -0.02604 -2.18702e+01 | 51 -0.00964 -1.69604e+01
 52  0.02567 -1.28733e+01 | 53  0.06035 -1.35559e+01 | 54  0.05133 -2.19744e+01
 55  0.00574 -3.92474e+01 | 56  0.06733 -7.30579e+00 | 57  0.03338  1.45529e+01
 58  0.04553 -4.29844e+01 | 59  0.00912 -6.60662e+01 | 60  0.05873 -4.50325e+01
 61 -0.00564 -5.77466e+01 | 62  0.09389 -3.29285e+01 | 63  0.07004 -2.70602e+01
 64  0.08142 -1.59502e+01 | 65  0.02939  5.45411e+00 | 66  0.11177  7.71834e+01
 67  0.05689  4.99858e+01 | 68  0.08196  7.87879e+01 | 69  0.02551  4.58087e+01
 70  0.03223  5.49281e+01 | 71  0.01608  5.42651e+01 | 72  0.00882  6.02742e+01
 73 -0.05394  2.95150e+01 | 74 -0.05530  2.46521e+01 | 75 -0.00975  3.43376e+01
 76 -0.05837  8.63034e-01 | 77  0.37892 -3.13580e+01 | 78 -0.29864 -2.78708e-01
 79  0.44945  6.15672e+01 | 80 -0.70939 -1.10802e-01 | 81 -0.54576  1.43873e+01
 82 -0.09123 -5.21094e+00 | 83  0.30535  7.01164e+00 | 84 -0.10606  4.43599e+00
 85  0.99078  1.23873e-01 | 86 -0.21456  1.41108e+00 | 87 -0.92034 -1.59810e-03
 88 -0.11670  1.27481e+01 |
88 variables; iteration 40; function evaluation 50; phase 4
Function value 5.7315078e+02; maximum gradient component mag -3.9388e+02
Var    Value     Gradient |Var    Value     Gradient |Var    Value     Gradient
  1  0.51488 -1.95042e+02 |  2 -0.12660 -3.55422e+01 |  3  0.08141 -1.17571e+02
  4 -0.97731 -1.73428e+00 |  5  0.66159  5.47981e+00 |  6 -0.87560  3.53443e+01
  7  0.00774 -3.93880e+02 |  8 -0.01360  1.70080e+00 |  9 -0.01447  1.76802e+00
 10 -0.01571  1.73576e+00 | 11 -0.01702  1.72018e+00 | 12 -0.01832  1.76876e+00
 13 -0.01966  1.85849e+00 | 14 -0.02092  2.04865e+00 | 15 -0.02237  2.21527e+00
 16 -0.02469  2.05890e+00 | 17 -0.02732  1.81249e+00 | 18 -0.02946  1.82571e+00
 19 -0.03144  1.95558e+00 | 20 -0.03385  1.91950e+00 | 21 -0.03679  1.65263e+00
 22 -0.03973  1.38106e+00 | 23 -0.04279  1.03158e+00 | 24 -0.04575  6.97243e-01
 25 -0.04875  2.90873e-01 | 26 -0.05171 -8.47525e-02 | 27 -0.05420 -3.76457e-01
 28 -0.05624 -5.15712e-01 | 29 -0.05821 -7.86674e-01 | 30 -0.05885 -5.82420e-01
 31 -0.05928 -3.34572e-01 | 32 -0.05781  3.97713e-01 | 33 -0.05427  1.38607e+00
 34 -0.04787  2.56033e+00 | 35 -0.03799  4.20187e+00 | 36 -0.02768  4.49104e+00
 37 -0.02029  1.77883e+00 | 38 -0.00548  1.21078e+00 | 39  0.04771  1.25134e+01
 40  0.09301  1.38322e+01 | 41  0.11382  1.58025e+01 | 42  0.02260 -4.78651e+00
 43  0.02951 -1.53717e+00 | 44  0.01793 -1.19035e-01 | 45  0.00840  1.72592e+00
 46  0.00501  2.85646e+00 | 47  0.00635  5.44823e+00 | 48  0.00594  4.07495e+00
 49 -0.00459 -1.28752e+00 | 50 -0.02249 -7.11252e+00 | 51 -0.01317 -9.66485e+00
 52  0.02477 -1.32128e+01 | 53  0.02984 -2.69303e+01 | 54  0.05811 -3.78255e+01
 55  0.03089 -5.00730e+01 | 56  0.04886 -4.56078e+01 | 57  0.00098 -2.72774e+01
 58  0.05752 -3.93264e+01 | 59  0.04556 -2.54821e+01 | 60  0.05880  2.20476e+00
 61  0.05380 -1.02836e+01 | 62  0.07097 -1.68466e+01 | 63  0.07007 -3.04796e+01
 64  0.10234 -4.10484e+01 | 65  0.00882 -2.12139e+01 | 66  0.11073 -6.91846e+00
 67  0.05754 -6.90592e+00 | 68  0.07833 -6.51588e+00 | 69  0.01755 -7.89027e+00
 70  0.03454 -5.48542e+00 | 71  0.00976 -3.78551e+00 | 72  0.00506 -8.25915e-02
 73 -0.07651 -1.00569e+01 | 74 -0.07125 -6.19547e+00 | 75 -0.03059 -2.05193e+00
 76 -0.03065  3.74880e+01 | 77  0.44132 -3.78009e+01 | 78 -0.47061 -3.14655e-01
 79  0.48251  7.27553e+01 | 80 -0.55723 -7.90583e-01 | 81 -0.55629  9.64554e+00
 82 -0.14187 -1.89919e+01 | 83  0.29860  2.27358e+01 | 84 -0.17208  3.47047e+00
 85  1.24682  1.54335e+01 | 86  0.01700  4.96734e+00 | 87 -0.50147 -8.88924e+00
 88 -0.10704  8.97290e+00 |
88 variables; iteration 60; function evaluation 77; phase 4
Function value 5.6353278e+02; maximum gradient component mag -5.4053e+02
Var    Value     Gradient |Var    Value     Gradient |Var    Value     Gradient
  1  0.56844 -1.15945e+02 |  2 -0.12540 -1.12617e+02 |  3  0.05941 -1.60080e+02
  4 -0.99640 -2.19617e-01 |  5  0.76490  1.52260e+00 |  6 -0.94202  1.73837e+01
  7  0.00624 -5.40529e+02 |  8 -0.01584  8.52651e+00 |  9 -0.01636  8.63830e+00
 10 -0.01724  8.64442e+00 | 11 -0.01811  8.69694e+00 | 12 -0.01911  8.73905e+00
 13 -0.02037  8.72104e+00 | 14 -0.02198  8.59915e+00 | 15 -0.02361  8.52022e+00
 16 -0.02496  8.60480e+00 | 17 -0.02681  8.51446e+00 | 18 -0.02898  8.32216e+00
 19 -0.03101  8.21560e+00 | 20 -0.03332  8.01095e+00 | 21 -0.03583  7.72464e+00
 22 -0.03789  7.64612e+00 | 23 -0.03943  7.80671e+00 | 24 -0.03981  8.48805e+00
 25 -0.04071  8.90501e+00 | 26 -0.04206  9.13268e+00 | 27 -0.04379  9.01510e+00
 28 -0.04707  8.04078e+00 | 29 -0.04756  8.25500e+00 | 30 -0.05043  7.02995e+00
 31 -0.05176  6.46601e+00 | 32 -0.05249  5.68913e+00 | 33 -0.05147  4.96648e+00
 34 -0.04808  4.22051e+00 | 35 -0.04432  2.56884e+00 | 36 -0.02741  5.20427e+00
 37 -0.03257 -2.31609e+00 | 38 -0.00562  1.07244e+00 | 39 -0.00337 -3.73859e+00
 40  0.03999 -6.21878e-01 | 41  0.13253  4.52971e+00 | 42  0.07592  1.73308e+00
 43  0.06347  2.72625e+00 | 44  0.02647  2.30507e+00 | 45  0.00855  3.70269e+00
 46 -0.00033  3.69179e+00 | 47 -0.00704  3.86777e+00 | 48 -0.00929  2.11378e+00
 49 -0.00713  1.80210e+00 | 50 -0.01381  9.14263e-01 | 51 -0.02256 -5.95945e+00
 52 -0.00767 -8.95243e+00 | 53  0.01357 -9.74083e+00 | 54  0.10301 -3.35572e+00
 55  0.01667 -2.06453e+01 | 56  0.04211 -1.55732e+01 | 57 -0.00667 -1.11086e+01
 58  0.07474 -2.62829e+00 | 59  0.05819 -1.59761e+00 | 60  0.03940  9.69463e-01
 61  0.06150 -4.50304e+00 | 62  0.05829 -6.95686e+00 | 63  0.09033 -8.02823e+00
 64  0.09136 -2.20966e+01 | 65  0.05332 -4.71432e+00 | 66  0.08740 -1.46699e+01
 67  0.05026 -1.06316e+01 | 68  0.09251 -3.66938e+00 | 69  0.01154  5.44476e-01
 70  0.04172  1.27480e+01 | 71  0.01452  1.54666e+01 | 72  0.00013  1.37816e+01
 73 -0.06643  6.64423e+00 | 74 -0.06763  4.02650e+00 | 75 -0.03073 -2.75530e+00
 76 -0.05776  1.24427e+01 | 77  0.41798 -9.29217e+00 | 78 -0.35582  1.06550e+00
 79  0.47381  5.30882e+01 | 80 -0.45530  9.10214e-01 | 81 -0.56173 -5.34753e-01
 82 -0.04970  2.89299e+00 | 83  0.31380 -6.58237e+00 | 84 -0.15783  7.92474e-01
 85  1.14605  1.14369e-01 | 86 -0.06717  1.20993e+00 | 87 -0.35789 -2.08259e+00
 88 -0.11295  1.52065e+00 |
88 variables; iteration 80; function evaluation 108; phase 4
Function value 5.5975677e+02; maximum gradient component mag -5.2312e+02
Var    Value     Gradient |Var    Value     Gradient |Var    Value     Gradient
  1  0.60612 -3.72717e+01 |  2 -0.12505 -1.04743e+02 |  3  0.04989 -6.99701e+01
  4 -1.00172 -9.56441e-02 |  5  0.83761 -7.86204e-01 |  6 -1.01265 -3.77326e+00
  7  0.00637 -5.23116e+02 |  8 -0.01017  8.79365e+00 |  9 -0.01333  7.90423e+00
 10 -0.01636  7.10636e+00 | 11 -0.01766  7.06418e+00 | 12 -0.01852  7.26027e+00
 13 -0.01958  7.43396e+00 | 14 -0.02105  7.48967e+00 | 15 -0.02170  7.95959e+00
 16 -0.02322  8.11381e+00 | 17 -0.02666  7.46417e+00 | 18 -0.02932  7.19415e+00
 19 -0.03167  7.09276e+00 | 20 -0.03226  7.84517e+00 | 21 -0.03237  8.87369e+00
 22 -0.03641  8.03428e+00 | 23 -0.04134  6.73367e+00 | 24 -0.04073  8.09952e+00
 25 -0.04386  7.58868e+00 | 26 -0.04321  9.01996e+00 | 27 -0.04831  7.34962e+00
 28 -0.05171  6.42762e+00 | 29 -0.04851  8.72426e+00 | 30 -0.05849  3.90622e+00
 31 -0.05059  8.32877e+00 | 32 -0.04937  8.75093e+00 | 33 -0.05658  3.97355e+00
 34 -0.05065  4.70231e+00 | 35 -0.04654  3.38993e+00 | 36 -0.03093  6.08454e+00
 37 -0.01336  7.55449e+00 | 38  0.01143  9.79351e+00 | 39  0.02203  6.05171e+00
 40  0.03194  4.79603e-02 | 41  0.06654  5.47506e+00 | 42  0.09187  4.37484e+00
 43  0.07980  4.89337e+00 | 44  0.05347  7.83170e+00 | 45  0.00295  1.34626e+00
 46 -0.00544  1.42282e+00 | 47 -0.01421  8.35594e-01 | 48  0.00342  6.05110e+00
 49 -0.01666 -2.34754e+00 | 50 -0.02140 -4.00584e+00 | 51 -0.00796 -5.59146e+00
 52  0.01390 -1.08448e+01 | 53 -0.00572 -2.17737e+01 | 54  0.07370 -1.80204e+01
 55  0.01334 -2.82898e+01 | 56  0.06151 -1.94571e+01 | 57  0.00215 -1.15018e+01
 58  0.06067 -1.69739e+01 | 59  0.06379 -1.08199e+01 | 60  0.03113 -1.43845e+01
 61  0.05792 -2.07163e+01 | 62  0.05922 -1.94462e+01 | 63  0.07246 -1.89605e+01
 64  0.11103 -2.54034e+01 | 65  0.02615 -1.07936e+01 | 66  0.09304 -8.88651e+00
 67  0.05735 -3.36367e+00 | 68  0.08911 -1.22251e+00 | 69  0.02059 -4.41050e-02
 70  0.03770  1.77651e+00 | 71  0.00970  3.81790e+00 | 72  0.00223  6.67227e+00
 73 -0.07049  8.95814e-01 | 74 -0.06115  7.20701e+00 | 75 -0.01921  3.31405e+00
 76 -0.07102 -7.60619e-01 | 77  0.39609 -1.75412e+00 | 78 -0.29166  1.46233e+00
 79  0.44184  2.82486e+01 | 80 -0.48557  3.60992e-01 | 81 -0.48465  5.07800e+00
 82 -0.04611  3.97506e+00 | 83  0.36633  3.61362e+00 | 84 -0.22101  1.61457e+00
 85  1.03926  1.12852e-01 | 86 -0.28317  9.98998e-01 | 87 -0.33754 -5.46658e+00
 88 -0.10265  3.35457e+00 |
88 variables; iteration 100; function evaluation 141; phase 4
Function value 5.5790324e+02; maximum gradient component mag -2.3160e+02
Var    Value     Gradient |Var    Value     Gradient |Var    Value     Gradient
  1  0.60937 -1.76275e+01 |  2 -0.12394 -6.66311e+01 |  3  0.04757 -2.87893e+01
  4 -0.99951  4.64999e-02 |  5  0.81970 -4.31695e-01 |  6 -1.00639 -1.85957e+00
  7  0.00692 -2.31600e+02 |  8 -0.01421  2.74278e+00 |  9 -0.01688  2.04099e+00
 10 -0.01456  3.43714e+00 | 11 -0.01235  4.86115e+00 | 12 -0.01305  5.13989e+00
 13 -0.02106  2.35542e+00 | 14 -0.02232  2.48331e+00 | 15 -0.02530  1.91904e+00
 16 -0.02812  1.46497e+00 | 17 -0.03102  1.01823e+00 | 18 -0.02973  2.48555e+00
 19 -0.03168  2.54791e+00 | 20 -0.03578  1.64848e+00 | 21 -0.03399  3.51563e+00
 22 -0.04080  1.32681e+00 | 23 -0.03909  3.19570e+00 | 24 -0.04218  2.72479e+00
 25 -0.04603  1.82266e+00 | 26 -0.04914  1.30581e+00 | 27 -0.05151  9.70549e-01
 28 -0.05040  2.30597e+00 | 29 -0.04939  3.40493e+00 | 30 -0.04954  3.62801e+00
 31 -0.05884 -9.10922e-01 | 32 -0.05208  2.26847e+00 | 33 -0.05031  2.01411e+00
 34 -0.04776  8.41576e-01 | 35 -0.04009  9.54965e-01 | 36 -0.02911  1.05812e+00
 37 -0.01639  4.24213e-02 | 38  0.00098 -7.76038e-01 | 39  0.02170 -1.77569e+00
 40  0.06293 -3.50217e+00 | 41  0.04620 -7.05837e+00 | 42  0.09418 -7.11944e+00
 43  0.07150 -6.52935e+00 | 44  0.03598 -4.75264e+00 | 45  0.01212 -3.34045e+00
 46 -0.00070 -3.52198e+00 | 47 -0.00943 -2.90637e+00 | 48 -0.01538 -4.74186e+00
 49 -0.01362 -3.91752e+00 | 50 -0.01873 -3.80865e+00 | 51 -0.01065 -4.49454e+00
 52  0.00725 -5.96239e+00 | 53  0.04145 -3.34070e+00 | 54  0.02786 -6.44213e+00
 55  0.05757 -7.62251e+00 | 56  0.04250 -3.28416e+00 | 57  0.01049  5.72997e-01
 58  0.06119 -2.34330e+00 | 59  0.05364 -5.55323e-01 | 60  0.04103  5.77810e+00
 61  0.05645  2.99977e+00 | 62  0.06989  6.56969e+00 | 63  0.06538 -1.50045e-01
 64  0.11055 -1.99807e+00 | 65  0.03564 -1.04974e+00 | 66  0.08880 -1.13367e+00
 67  0.05655 -2.01671e+00 | 68  0.08474 -8.19471e-01 | 69  0.02519  1.16077e-01
 70  0.03865  6.21015e-01 | 71  0.00814  7.44990e-02 | 72 -0.00469 -1.51545e-01
 73 -0.05950  3.77480e+00 | 74 -0.06591  1.49562e+00 | 75 -0.02189  6.07588e-01
 76 -0.06418  2.72769e+00 | 77  0.39880 -5.05824e+00 | 78 -0.41714  9.92483e-02
 79  0.43741  9.50981e+00 | 80 -0.53412  7.28504e-02 | 81 -0.47657  3.16733e+00
 82 -0.07894 -2.45019e-01 | 83  0.38615  3.16328e+00 | 84 -0.31651  7.87759e-01
 85  1.01108 -1.87914e-01 | 86 -0.36182  6.52861e-01 | 87 -0.31612 -1.03860e+00
 88 -0.11895  1.26078e+00 |
88 variables; iteration 120; function evaluation 165; phase 4
Function value 5.5754544e+02; maximum gradient component mag 3.8362e+01
Var    Value     Gradient |Var    Value     Gradient |Var    Value     Gradient
  1  0.61609  2.88118e+00 |  2 -0.12327  6.94819e+00 |  3  0.04459  5.54443e+00
  4 -1.00412 -5.43480e-01 |  5  0.82555  3.04337e-01 |  6 -0.99838  4.86208e-01
  7  0.00718  3.83623e+01 |  8 -0.01363 -5.37880e-01 |  9 -0.01454 -4.83948e-01
 10 -0.01551 -4.09684e-01 | 11 -0.01672 -3.77550e-01 | 12 -0.01831 -4.53259e-01
 13 -0.01978 -4.22108e-01 | 14 -0.02163 -4.90888e-01 | 15 -0.02357 -5.43924e-01
 16 -0.02536 -4.76346e-01 | 17 -0.02736 -4.41502e-01 | 18 -0.02963 -4.91427e-01
 19 -0.03176 -4.41260e-01 | 20 -0.03413 -4.65797e-01 | 21 -0.03640 -4.29399e-01
 22 -0.03871 -4.06126e-01 | 23 -0.04092 -3.45882e-01 | 24 -0.04325 -3.79511e-01
 25 -0.04555 -4.49039e-01 | 26 -0.04788 -4.89807e-01 | 27 -0.04962 -4.24398e-01
 28 -0.05111 -3.27950e-01 | 29 -0.05244 -3.58214e-01 | 30 -0.05319 -3.68352e-01
 31 -0.05411 -4.70807e-01 | 32 -0.05367 -3.76178e-01 | 33 -0.05148 -2.04852e-01
 34 -0.04718 -2.78022e-01 | 35 -0.04040 -2.85656e-01 | 36 -0.03102 -3.99316e-01
 37 -0.01736 -3.33655e-01 | 38 -0.00038 -3.92990e-01 | 39  0.02130  1.71039e-01
 40  0.05840  2.08114e-01 | 41  0.06581  6.91998e-01 | 42  0.08355 -5.79721e-01
 43  0.06921 -5.55883e-01 | 44  0.03631 -2.83728e-01 | 45  0.01160 -8.24913e-02
 46 -0.00035 -2.19940e-01 | 47 -0.00974  7.09288e-02 | 48 -0.01148 -1.85281e-02
 49 -0.01260 -1.06520e-03 | 50 -0.01729  1.11757e-01 | 51 -0.00816  3.59479e-01
 52  0.01047  1.54343e-01 | 53  0.02996  7.52758e-01 | 54  0.03381  1.53300e+00
 55  0.06034  1.06399e+00 | 56  0.03961  8.32517e-01 | 57  0.00886  1.07197e+00
 58  0.06233  1.29136e+00 | 59  0.05554  4.63301e-01 | 60  0.03419 -3.94095e-02
 61  0.06097  7.26242e-01 | 62  0.06086  6.31782e-01 | 63  0.07027  1.01685e+00
 64  0.10938  1.78345e+00 | 65  0.03919  1.72171e+00 | 66  0.08689  3.16668e+00
 67  0.05952  1.59547e+00 | 68  0.08256  1.24581e+00 | 69  0.02666  3.82548e-01
 70  0.03738  1.80849e-01 | 71  0.00945  1.11324e-01 | 72 -0.00293 -2.71058e-01
 73 -0.06284 -4.79953e-01 | 74 -0.06551 -7.51502e-01 | 75 -0.02054 -7.60449e-01
 76 -0.06482 -7.55153e-01 | 77  0.40615 -2.08402e+00 | 78 -0.51634 -1.12747e-02
 79  0.43916 -1.02385e+00 | 80 -0.89545 -2.07705e-02 | 81 -0.47804  2.02834e-03
 82 -0.08522 -3.65241e-02 | 83  0.40279  6.92826e+00 | 84 -0.41265  5.15224e-01
 85  0.95103  2.35366e-01 | 86 -0.73003  1.44190e-01 | 87 -0.30611 -2.28677e-01
 88 -0.12541  4.27427e-01 |
88 variables; iteration 140; function evaluation 190; phase 4
Function value 5.5732886e+02; maximum gradient component mag 2.1077e+02
Var    Value     Gradient |Var    Value     Gradient |Var    Value     Gradient
  1  0.62339  2.63296e+01 |  2 -0.12302  4.29550e+01 |  3  0.04213  5.45809e+01
  4 -0.99583  7.62258e-01 |  5  0.80044  3.69755e-01 |  6 -1.00687 -2.03678e+00
  7  0.00714  2.10774e+02 |  8 -0.01360 -3.18831e+00 |  9 -0.01474 -3.20459e+00
 10 -0.01566 -3.07873e+00 | 11 -0.01701 -3.08122e+00 | 12 -0.01827 -2.98197e+00
 13 -0.01970 -2.89725e+00 | 14 -0.02100 -2.68875e+00 | 15 -0.02275 -2.60795e+00
 16 -0.02503 -2.71116e+00 | 17 -0.02746 -2.81992e+00 | 18 -0.02959 -2.75749e+00
 19 -0.03172 -2.64904e+00 | 20 -0.03412 -2.63257e+00 | 21 -0.03676 -2.71277e+00
 22 -0.03909 -2.63811e+00 | 23 -0.04120 -2.46549e+00 | 24 -0.04306 -2.20114e+00
 25 -0.04515 -2.09012e+00 | 26 -0.04764 -2.13573e+00 | 27 -0.04918 -1.88548e+00
 28 -0.05113 -1.94614e+00 | 29 -0.05278 -2.07012e+00 | 30 -0.05353 -1.99569e+00
 31 -0.05444 -1.98696e+00 | 32 -0.05373 -1.60473e+00 | 33 -0.05224 -1.63875e+00
 34 -0.04765 -1.36717e+00 | 35 -0.04074 -1.02487e+00 | 36 -0.03131 -6.81789e-01
 37 -0.01914 -7.01614e-01 | 38 -0.00054  7.38666e-01 | 39  0.01782  1.24588e+00
 40  0.05484  3.57520e+00 | 41  0.07323  7.41754e+00 | 42  0.08311  5.57206e+00
 43  0.07083  5.20577e+00 | 44  0.03431  2.72044e+00 | 45  0.01097  2.20164e+00
 46  0.00178  2.70016e+00 | 47 -0.00897  2.05575e+00 | 48 -0.01051  1.90757e+00
 49 -0.01105  1.98522e+00 | 50 -0.01714  1.11819e+00 | 51 -0.01017  3.55528e-01
 52  0.01080  1.30121e+00 | 53  0.02846  1.40885e+00 | 54  0.03415  2.28262e+00
 55  0.05823  1.08772e+00 | 56  0.04019  1.27956e-01 | 57  0.00739 -1.82290e+00
 58  0.06135  6.39059e-01 | 59  0.05466  1.92220e+00 | 60  0.03539  3.74712e+00
 61  0.06083  6.68978e+00 | 62  0.06403  7.69042e+00 | 63  0.07171  5.94765e+00
 64  0.10500  4.02811e+00 | 65  0.04004  2.55794e+00 | 66  0.09062  7.19862e+00
 67  0.05545  1.01270e+00 | 68  0.08532  2.38778e+00 | 69  0.02452 -2.37123e+00
 70  0.03788 -3.00657e+00 | 71  0.00890 -4.42523e+00 | 72 -0.00211 -4.92433e+00
 73 -0.06267 -4.75131e+00 | 74 -0.06538 -4.92220e+00 | 75 -0.01935 -4.69531e+00
 76 -0.06394 -4.17956e+00 | 77  0.40813  1.32264e+01 | 78 -1.20176 -2.62929e-02
 79  0.43885 -5.34809e+00 | 80 -0.67158  1.74619e-01 | 81 -0.47662 -1.51160e+00
 82 -0.09191  3.06113e-01 | 83  0.40972  4.22695e+01 | 84 -1.29740 -2.42832e-01
 85  0.66601 -1.35362e-01 | 86 -1.03999 -1.11035e-02 | 87 -0.25202 -7.30254e+00
 88 -0.12465  3.94395e+00 |
88 variables; iteration 160; function evaluation 210; phase 4
Function value 5.5653258e+02; maximum gradient component mag 5.3556e+00
Var    Value     Gradient |Var    Value     Gradient |Var    Value     Gradient
  1  0.63170 -3.79399e-02 |  2 -0.12139  2.63726e+00 |  3  0.03633 -8.02215e-02
  4 -0.99951  6.24030e-02 |  5  0.74964  4.52290e-02 |  6 -1.00059 -1.56174e-01
  7  0.00717  5.35558e+00 |  8 -0.01339 -5.60764e-02 |  9 -0.01445 -6.30160e-02
 10 -0.01562 -6.75532e-02 | 11 -0.01688 -5.60179e-02 | 12 -0.01829 -5.31780e-02
 13 -0.01987 -6.58346e-02 | 14 -0.02159 -7.86215e-02 | 15 -0.02343 -8.15234e-02
 16 -0.02534 -6.34694e-02 | 17 -0.02742 -6.26326e-02 | 18 -0.02956 -4.80637e-02
 19 -0.03187 -7.23912e-02 | 20 -0.03423 -8.68186e-02 | 21 -0.03658 -7.31359e-02
 22 -0.03900 -9.48670e-02 | 23 -0.04128 -5.87034e-02 | 24 -0.04358 -6.57206e-02
 25 -0.04573 -4.41617e-02 | 26 -0.04803 -3.69785e-02 | 27 -0.04994 -2.92806e-02
 28 -0.05167 -3.31899e-02 | 29 -0.05292 -3.02271e-02 | 30 -0.05356 -2.43860e-02
 31 -0.05423 -3.37260e-02 | 32 -0.05387 -1.68053e-02 | 33 -0.05194 -2.60986e-02
 34 -0.04735 -4.53486e-02 | 35 -0.04037 -2.93583e-02 | 36 -0.03070 -2.45679e-02
 37 -0.01715  6.52929e-03 | 38 -0.00037 -5.82193e-02 | 39  0.01917 -5.09906e-02
 40  0.05530 -5.89308e-03 | 41  0.06075  2.67311e-01 | 42  0.08603  7.56005e-02
 43  0.07236  1.28435e-01 | 44  0.03746  1.34888e-01 | 45  0.01191  1.39205e-01
 46  0.00051  1.58740e-01 | 47 -0.00975  1.30014e-01 | 48 -0.01097  1.51138e-01
 49 -0.01178  2.05716e-01 | 50 -0.01681  1.56309e-01 | 51 -0.00769  1.83698e-01
 52  0.01212  5.26709e-02 | 53  0.03027 -7.77310e-02 | 54  0.03033 -2.90226e-01
 55  0.05873 -2.27144e-02 | 56  0.03789 -3.20438e-02 | 57  0.01010  1.64340e-01
 58  0.06178  2.32658e-01 | 59  0.05495  1.30967e-01 | 60  0.03461  1.63911e-01
 61  0.05930 -1.86668e-01 | 62  0.06032 -9.68690e-02 | 63  0.06973  2.38040e-02
 64  0.11229  6.96232e-02 | 65  0.04109  4.37742e-02 | 66  0.08262  1.34898e-01
 67  0.05823 -2.58371e-01 | 68  0.08374 -1.18906e-01 | 69  0.02699  1.65705e-01
 70  0.03715  2.87099e-01 | 71  0.01005  2.05421e-01 | 72 -0.00013  9.67668e-02
 73 -0.06108  8.84351e-03 | 74 -0.06391 -2.11092e-02 | 75 -0.01874 -5.94746e-02
 76 -0.06332  2.92148e-02 | 77  0.40660 -1.82204e-01 | 78 -1.40676 -3.19857e-02
 79  0.43515  7.70296e-01 | 80 -0.73770  3.11279e-02 | 81 -0.47262  1.05871e-01
 82 -0.09062  1.91343e-01 | 83  0.39474  1.48902e+00 | 84 -1.68898  6.67354e-02
 85  0.44690 -2.32326e-01 | 86 -0.76570 -1.78487e-02 | 87 -0.18860 -1.89225e-01
 88 -0.14099  1.92898e-01 |
88 variables; iteration 180; function evaluation 231; phase 4
Function value 5.5647593e+02; maximum gradient component mag 1.2358e+01
Var    Value     Gradient |Var    Value     Gradient |Var    Value     Gradient
  1  0.63363  1.87012e+00 |  2 -0.12128  4.41445e+00 |  3  0.03569  2.97065e+00
  4 -0.99943  7.45617e-02 |  5  0.74985  2.08891e-02 |  6 -1.00053 -1.38451e-01
  7  0.00715  1.23581e+01 |  8 -0.01332 -1.64754e-01 |  9 -0.01436 -1.65199e-01
 10 -0.01565 -2.20111e-01 | 11 -0.01694 -2.21067e-01 | 12 -0.01830 -2.00148e-01
 13 -0.01986 -2.04161e-01 | 14 -0.02152 -1.96248e-01 | 15 -0.02331 -1.78738e-01
 16 -0.02531 -2.00833e-01 | 17 -0.02746 -2.34834e-01 | 18 -0.02955 -2.02930e-01
 19 -0.03183 -2.14944e-01 | 20 -0.03412 -1.98659e-01 | 21 -0.03652 -2.17067e-01
 22 -0.03896 -2.51480e-01 | 23 -0.04129 -2.40826e-01 | 24 -0.04355 -2.31364e-01
 25 -0.04575 -2.33048e-01 | 26 -0.04805 -2.32577e-01 | 27 -0.04999 -2.44367e-01
 28 -0.05166 -2.20603e-01 | 29 -0.05298 -2.57134e-01 | 30 -0.05355 -2.25265e-01
 31 -0.05416 -2.05468e-01 | 32 -0.05382 -2.00154e-01 | 33 -0.05198 -2.67672e-01
 34 -0.04735 -2.71567e-01 | 35 -0.04035 -2.55611e-01 | 36 -0.03064 -2.44617e-01
 37 -0.01726 -2.95493e-01 | 38 -0.00040 -3.39449e-01 | 39  0.01881 -4.50764e-01
 40  0.05495 -4.30935e-01 | 41  0.05959 -3.09156e-01 | 42  0.08676 -2.58371e-01
 43  0.07333 -1.22693e-01 | 44  0.03724 -2.40928e-01 | 45  0.01184 -1.44439e-01
 46  0.00032 -1.35446e-01 | 47 -0.00991 -1.15434e-01 | 48 -0.01114 -6.63806e-02
 49 -0.01200  1.93429e-02 | 50 -0.01696  6.00016e-02 | 51 -0.00796  1.47094e-01
 52  0.01218  3.18734e-01 | 53  0.03011  3.67125e-01 | 54  0.03194  8.15563e-01
 55  0.05722  4.76410e-01 | 56  0.03857  8.13940e-01 | 57  0.01020  5.87880e-01
 58  0.06179  8.72569e-01 | 59  0.05478  6.78883e-01 | 60  0.03469  8.14594e-01
 61  0.05917  6.64283e-01 | 62  0.06077  9.67272e-01 | 63  0.06955  8.15470e-01
 64  0.11231  9.69632e-01 | 65  0.04132  4.65820e-01 | 66  0.08257  7.06452e-01
 67  0.05821  3.51089e-02 | 68  0.08381 -6.13160e-02 | 69  0.02695 -3.66058e-02
 70  0.03696 -1.18279e-01 | 71  0.01003 -1.50689e-01 | 72  0.00001 -2.09623e-01
 73 -0.06094 -1.84320e-01 | 74 -0.06392 -2.74310e-01 | 75 -0.01866 -3.05622e-01
 76 -0.06339 -2.37369e-01 | 77  0.40838 -9.08647e-01 | 78 -1.25970 -6.79762e-04
 79  0.43571 -1.10969e-01 | 80 -0.82103  3.20377e-03 | 81 -0.47253 -3.71409e-02
 82 -0.09243 -5.61272e-02 | 83  0.36938  3.05504e+00 | 84 -1.75465 -1.35770e-01
 85  0.42044 -1.54514e-01 | 86 -0.33136  1.12684e-01 | 87 -0.18386 -2.92991e-01
 88 -0.14153  2.77414e-01 |
88 variables; iteration 200; function evaluation 256; phase 4
Function value 5.5615245e+02; maximum gradient component mag 1.1856e+00
Var    Value     Gradient |Var    Value     Gradient |Var    Value     Gradient
  1  0.63397  3.42613e-01 |  2 -0.12088  3.65688e-02 |  3  0.03542  2.53307e-01
  4 -0.99968  3.99190e-02 |  5  0.74440 -1.04263e-02 |  6 -1.00031 -6.55472e-02
  7  0.00717 -2.87052e-01 |  8 -0.01346 -7.73321e-03 |  9 -0.01448  1.26165e-04
 10 -0.01563  1.67078e-03 | 11 -0.01691  3.56221e-03 | 12 -0.01832  3.66268e-03
 13 -0.01988 -1.99734e-04 | 14 -0.02157 -2.43286e-03 | 15 -0.02340 -6.53701e-03
 16 -0.02534 -2.13928e-03 | 17 -0.02740  5.43275e-03 | 18 -0.02957  6.82160e-03
 19 -0.03183  3.01389e-03 | 20 -0.03416  3.05964e-03 | 21 -0.03653  6.04899e-03
 22 -0.03889  1.19208e-02 | 23 -0.04125  9.84827e-03 | 24 -0.04353  3.89920e-03
 25 -0.04573  2.75434e-03 | 26 -0.04803  4.65167e-03 | 27 -0.04995  7.19975e-04
 28 -0.05165  5.17707e-03 | 29 -0.05288  1.07844e-02 | 30 -0.05351  3.80631e-03
 31 -0.05415  5.02719e-03 | 32 -0.05383 -2.40515e-03 | 33 -0.05185  9.49824e-03
 34 -0.04719  1.01055e-02 | 35 -0.04024 -1.70953e-04 | 36 -0.03055  9.88430e-03
 37 -0.01706  1.09277e-02 | 38 -0.00009  1.13508e-02 | 39  0.01958  3.75878e-02
 40  0.05580  2.86520e-02 | 41  0.05976  1.00312e-02 | 42  0.08618 -3.58863e-02
 43  0.07229 -3.15077e-02 | 44  0.03730 -2.93365e-02 | 45  0.01178 -1.02850e-02
 46  0.00038 -9.22397e-03 | 47 -0.00975  5.18069e-03 | 48 -0.01096  1.96707e-03
 49 -0.01191 -1.13644e-02 | 50 -0.01686  2.87797e-03 | 51 -0.00798 -1.35665e-02
 52  0.01212  1.61945e-02 | 53  0.03059  5.68037e-02 | 54  0.03106  5.54445e-02
 55  0.05833  3.48711e-02 | 56  0.03782 -3.49829e-02 | 57  0.01018 -3.41379e-02
 58  0.06174 -3.90103e-02 | 59  0.05495 -1.99229e-02 | 60  0.03416 -3.44987e-02
 61  0.05944 -2.05096e-02 | 62  0.06006 -7.13545e-02 | 63  0.06961 -2.17908e-02
 64  0.11287 -5.59762e-02 | 65  0.04153 -2.17075e-02 | 66  0.08166  7.45856e-02
 67  0.05835 -1.28838e-02 | 68  0.08395 -1.86156e-02 | 69  0.02649 -4.72915e-02
 70  0.03653 -3.53516e-02 | 71  0.00995 -1.07292e-02 | 72  0.00026 -1.10084e-02
 73 -0.06094 -4.49777e-02 | 74 -0.06382 -2.82362e-02 | 75 -0.01872 -7.31723e-02
 76 -0.06360 -7.59837e-04 | 77  0.40920  1.18563e+00 | 78 -1.07932  2.17746e-02
 79  0.43608 -1.60963e-01 | 80 -0.87425  2.05008e-03 | 81 -0.47279 -3.70248e-02
 82 -0.09467  1.08093e-01 | 83  0.32666  4.40987e-02 | 84 -1.69247 -7.81567e-03
 85  0.36449  8.40501e-03 | 86 -0.07842  6.04957e-03 | 87 -0.17956  3.24557e-02
 88 -0.14687 -6.51135e-02 |
88 variables; iteration 220; function evaluation 276; phase 4
Function value 5.5615099e+02; maximum gradient component mag -3.2093e-01
Var    Value     Gradient |Var    Value     Gradient |Var    Value     Gradient
  1  0.63371  1.02100e-01 |  2 -0.12088 -7.79634e-02 |  3  0.03550  7.65530e-02
  4 -0.99986  1.28715e-02 |  5  0.74404 -4.24857e-03 |  6 -1.00015  1.89399e-02
  7  0.00717  1.10472e-02 |  8 -0.01344 -1.01610e-03 |  9 -0.01448 -4.87981e-04
 10 -0.01564 -7.60890e-04 | 11 -0.01692 -9.11345e-04 | 12 -0.01833 -1.17497e-03
 13 -0.01988 -9.94110e-04 | 14 -0.02156 -1.10891e-03 | 15 -0.02339 -1.28632e-03
 16 -0.02534 -9.53530e-04 | 17 -0.02741  2.45155e-04 | 18 -0.02958  5.54252e-04
 19 -0.03183  1.13457e-03 | 20 -0.03416  1.78956e-03 | 21 -0.03653  2.38952e-03
 22 -0.03890  2.68172e-03 | 23 -0.04126  1.58784e-03 | 24 -0.04353  8.44672e-04
 25 -0.04572 -1.67550e-04 | 26 -0.04803 -6.23934e-04 | 27 -0.04994 -5.35896e-04
 28 -0.05165 -4.60563e-04 | 29 -0.05289  1.34692e-03 | 30 -0.05350  5.15059e-04
 31 -0.05415 -6.89103e-05 | 32 -0.05382 -3.11826e-03 | 33 -0.05185 -3.11949e-03
 34 -0.04720 -3.35141e-03 | 35 -0.04023 -5.79280e-03 | 36 -0.03056 -6.61294e-03
 37 -0.01707 -5.60417e-03 | 38 -0.00009 -2.23895e-03 | 39  0.01955  1.72504e-02
 40  0.05577  1.26833e-02 | 41  0.05967 -6.75133e-03 | 42  0.08632 -2.57948e-03
 43  0.07226 -7.31618e-03 | 44  0.03732  4.85239e-03 | 45  0.01176  9.44507e-03
 46  0.00036  8.43203e-03 | 47 -0.00977  1.83920e-02 | 48 -0.01097  2.02219e-02
 49 -0.01188  1.80806e-02 | 50 -0.01686  2.07702e-02 | 51 -0.00793  2.37764e-02
 52  0.01215  3.53224e-02 | 53  0.03058  4.92434e-02 | 54  0.03106  4.42777e-02
 55  0.05831  2.17255e-02 | 56  0.03790 -3.53553e-03 | 57  0.01015 -1.79809e-02
 58  0.06175 -1.32277e-02 | 59  0.05495 -9.90290e-03 | 60  0.03418 -2.57561e-02
 61  0.05941 -3.36999e-02 | 62  0.06011 -5.61636e-02 | 63  0.06956 -4.06509e-02
 64  0.11290 -4.43741e-02 | 65  0.04158 -1.69816e-02 | 66  0.08154  5.12019e-04
 67  0.05842 -4.53880e-03 | 68  0.08391 -4.19212e-03 | 69  0.02653 -8.51326e-03
 70  0.03653  7.77066e-04 | 71  0.00993  4.62870e-03 | 72  0.00023 -5.76695e-03
 73 -0.06093 -1.91417e-02 | 74 -0.06383 -4.51832e-03 | 75 -0.01869 -1.53788e-02
 76 -0.06363 -5.90788e-03 | 77  0.40874 -3.20933e-01 | 78 -1.23468  1.42516e-05
 79  0.43587  9.61028e-02 | 80 -0.85925 -9.98809e-04 | 81 -0.47271  6.22609e-03
 82 -0.09461 -1.93585e-02 | 83  0.32766  6.40201e-02 | 84 -1.68146 -6.51641e-03
 85  0.36562 -7.99772e-03 | 86 -0.07908  1.03658e-02 | 87 -0.17976 -3.71327e-02
 88 -0.14653  2.07939e-02 |
  ic > imax  in fminim is answer attained ?
Var    Value     Gradient |Var    Value     Gradient |Var    Value     Gradient
  1  0.63364 -9.34035e-05 |  2 -0.12088 -8.32752e-05 |  3  0.03551 -1.42876e-04
  4 -0.99993  1.18749e-06 |  5  0.74399  4.42304e-06 |  6 -1.00018 -3.39928e-05
  7  0.00717 -6.59187e-04 |  8 -0.01344  1.12237e-05 |  9 -0.01448  1.13914e-05
 10 -0.01564  9.58887e-06 | 11 -0.01692  9.46277e-06 | 12 -0.01833  1.07155e-05
 13 -0.01988  1.04523e-05 | 14 -0.02156  1.16002e-05 | 15 -0.02339  1.26073e-05
 16 -0.02534  1.05551e-05 | 17 -0.02741  8.66313e-06 | 18 -0.02958  1.05075e-05
 19 -0.03183  1.00200e-05 | 20 -0.03417  1.13587e-05 | 21 -0.03653  1.04809e-05
 22 -0.03891  8.68974e-06 | 23 -0.04126  9.64920e-06 | 24 -0.04353  8.98712e-06
 25 -0.04572  9.12854e-06 | 26 -0.04803  8.59474e-06 | 27 -0.04994  8.79753e-06
 28 -0.05165  9.19089e-06 | 29 -0.05289  6.50063e-06 | 30 -0.05350  7.65073e-06
 31 -0.05415  7.64108e-06 | 32 -0.05381  9.10948e-06 | 33 -0.05184  7.68560e-06
 34 -0.04719  6.88049e-06 | 35 -0.04021  7.43668e-06 | 36 -0.03054  2.41245e-06
 37 -0.01705 -2.95980e-06 | 38 -0.00008 -4.11783e-06 | 39  0.01950 -9.00046e-06
 40  0.05571 -1.56599e-05 | 41  0.05971 -1.85152e-05 | 42  0.08634 -2.60492e-05
 43  0.07231 -2.04986e-05 | 44  0.03731 -2.34532e-05 | 45  0.01175 -1.13481e-05
 46  0.00036 -1.06716e-05 | 47 -0.00979 -7.40833e-06 | 48 -0.01098 -6.71463e-06
 49 -0.01188 -6.66509e-06 | 50 -0.01686 -2.05160e-06 | 51 -0.00792 -1.84062e-06
 52  0.01215 -3.87584e-06 | 53  0.03055 -4.79764e-06 | 54  0.03103  3.47142e-06
 55  0.05833  3.93965e-06 | 56  0.03791 -1.03559e-06 | 57  0.01015 -6.60654e-06
 58  0.06175 -1.76384e-05 | 59  0.05494 -1.21186e-05 | 60  0.03419 -3.34347e-06
 61  0.05939 -9.06421e-06 | 62  0.06014 -1.38915e-05 | 63  0.06955 -1.36883e-05
 64  0.11291 -2.48021e-05 | 65  0.04158 -8.31030e-06 | 66  0.08152 -5.14663e-06
 67  0.05843 -3.18938e-06 | 68  0.08391 -3.30823e-06 | 69  0.02654 -3.02297e-06
 70  0.03653 -7.29260e-06 | 71  0.00992 -8.68107e-06 | 72  0.00023 -4.67797e-07
 73 -0.06091  1.51514e-05 | 74 -0.06383  9.99625e-06 | 75 -0.01868  1.85358e-05
 76 -0.06364  1.59557e-05 | 77  0.40879  7.87288e-05 | 78 -1.22582 -1.24534e-08
 79  0.43589 -4.74987e-05 | 80 -0.86116 -1.28598e-07 | 81 -0.47271 -1.22203e-06
 82 -0.09464  7.50262e-06 | 83  0.32844 -2.84137e-05 | 84 -1.67070  1.86359e-06
 85  0.36638  4.87850e-06 | 86 -0.07852 -4.31626e-07 | 87 -0.17988  1.72541e-05
 88 -0.14664  1.02810e-06 |
Function minimizer not making progress ... is minimum attained?
Minimprove criterion = 0.0000e+00
Warning: the following parameters had issues
  MGparm[5] is within 0.1% of lower bound: -1.0000e+00 < -1.0000e+00 < 2.0000e+00
  MGparm[7] is within 0.1% of lower bound: 5.0000e-02 < 5.0000e-02 < 2.5000e-01


 - final statistics:
88 variables; iteration 232; function evaluation 317
Function value 5.5615e+02; maximum gradient component mag -6.5919e-04
Exit code = 1;  converg criter 1.0000e-04
Var    Value     Gradient |Var    Value     Gradient |Var    Value     Gradient
  1  0.63364 -9.34035e-05 |  2 -0.12088 -8.32752e-05 |  3  0.03551 -1.42876e-04
  4 -0.99993  1.18749e-06 |  5  0.74399  4.42304e-06 |  6 -1.00018 -3.39928e-05
  7  0.00717 -6.59187e-04 |  8 -0.01344  1.12237e-05 |  9 -0.01448  1.13914e-05
 10 -0.01564  9.58887e-06 | 11 -0.01692  9.46277e-06 | 12 -0.01833  1.07155e-05
 13 -0.01988  1.04523e-05 | 14 -0.02156  1.16002e-05 | 15 -0.02339  1.26073e-05
 16 -0.02534  1.05551e-05 | 17 -0.02741  8.66313e-06 | 18 -0.02958  1.05075e-05
 19 -0.03183  1.00200e-05 | 20 -0.03417  1.13587e-05 | 21 -0.03653  1.04809e-05
 22 -0.03891  8.68974e-06 | 23 -0.04126  9.64920e-06 | 24 -0.04353  8.98712e-06
 25 -0.04572  9.12854e-06 | 26 -0.04803  8.59474e-06 | 27 -0.04994  8.79753e-06
 28 -0.05165  9.19089e-06 | 29 -0.05289  6.50063e-06 | 30 -0.05350  7.65073e-06
 31 -0.05415  7.64108e-06 | 32 -0.05381  9.10948e-06 | 33 -0.05184  7.68560e-06
 34 -0.04719  6.88049e-06 | 35 -0.04021  7.43668e-06 | 36 -0.03054  2.41245e-06
 37 -0.01705 -2.95980e-06 | 38 -0.00008 -4.11783e-06 | 39  0.01950 -9.00046e-06
 40  0.05571 -1.56599e-05 | 41  0.05971 -1.85152e-05 | 42  0.08634 -2.60492e-05
 43  0.07231 -2.04986e-05 | 44  0.03731 -2.34532e-05 | 45  0.01175 -1.13481e-05
 46  0.00036 -1.06716e-05 | 47 -0.00979 -7.40833e-06 | 48 -0.01098 -6.71463e-06
 49 -0.01188 -6.66509e-06 | 50 -0.01686 -2.05160e-06 | 51 -0.00792 -1.84062e-06
 52  0.01215 -3.87584e-06 | 53  0.03055 -4.79764e-06 | 54  0.03103  3.47142e-06
 55  0.05833  3.93965e-06 | 56  0.03791 -1.03559e-06 | 57  0.01015 -6.60654e-06
 58  0.06175 -1.76384e-05 | 59  0.05494 -1.21186e-05 | 60  0.03419 -3.34347e-06
 61  0.05939 -9.06421e-06 | 62  0.06014 -1.38915e-05 | 63  0.06955 -1.36883e-05
 64  0.11291 -2.48021e-05 | 65  0.04158 -8.31030e-06 | 66  0.08152 -5.14663e-06
 67  0.05843 -3.18938e-06 | 68  0.08391 -3.30823e-06 | 69  0.02654 -3.02297e-06
 70  0.03653 -7.29260e-06 | 71  0.00992 -8.68107e-06 | 72  0.00023 -4.67797e-07
 73 -0.06091  1.51514e-05 | 74 -0.06383  9.99625e-06 | 75 -0.01868  1.85358e-05
 76 -0.06364  1.59557e-05 | 77  0.40879  7.87288e-05 | 78 -1.22582 -1.24534e-08
 79  0.43589 -4.74987e-05 | 80 -0.86116 -1.28598e-07 | 81 -0.47271 -1.22203e-06
 82 -0.09464  7.50262e-06 | 83  0.32844 -2.84137e-05 | 84 -1.67070  1.86359e-06
 85  0.36638  4.87850e-06 | 86 -0.07852 -4.31626e-07 | 87 -0.17988  1.72541e-05
 88 -0.14664  1.02810e-06 |
Estimating row 1 out of 88 for hessian
Estimating row 2 out of 88 for hessian
Estimating row 3 out of 88 for hessian
Estimating row 4 out of 88 for hessian
Estimating row 5 out of 88 for hessian
Estimating row 6 out of 88 for hessian
Estimating row 7 out of 88 for hessian
Estimating row 8 out of 88 for hessian
Estimating row 9 out of 88 for hessian
Estimating row 10 out of 88 for hessian
Estimating row 11 out of 88 for hessian
Estimating row 12 out of 88 for hessian
Estimating row 13 out of 88 for hessian
Estimating row 14 out of 88 for hessian
Estimating row 15 out of 88 for hessian
Estimating row 16 out of 88 for hessian
Estimating row 17 out of 88 for hessian
Estimating row 18 out of 88 for hessian
Estimating row 19 out of 88 for hessian
Estimating row 20 out of 88 for hessian
Estimating row 21 out of 88 for hessian
Estimating row 22 out of 88 for hessian
Estimating row 23 out of 88 for hessian
Estimating row 24 out of 88 for hessian
Estimating row 25 out of 88 for hessian
Estimating row 26 out of 88 for hessian
Estimating row 27 out of 88 for hessian
Estimating row 28 out of 88 for hessian
Estimating row 29 out of 88 for hessian
Estimating row 30 out of 88 for hessian
Estimating row 31 out of 88 for hessian
Estimating row 32 out of 88 for hessian
Estimating row 33 out of 88 for hessian
Estimating row 34 out of 88 for hessian
Estimating row 35 out of 88 for hessian
Estimating row 36 out of 88 for hessian
Estimating row 37 out of 88 for hessian
Estimating row 38 out of 88 for hessian
Estimating row 39 out of 88 for hessian
Estimating row 40 out of 88 for hessian
Estimating row 41 out of 88 for hessian
Estimating row 42 out of 88 for hessian
Estimating row 43 out of 88 for hessian
Estimating row 44 out of 88 for hessian
Estimating row 45 out of 88 for hessian
Estimating row 46 out of 88 for hessian
Estimating row 47 out of 88 for hessian
Estimating row 48 out of 88 for hessian
Estimating row 49 out of 88 for hessian
Estimating row 50 out of 88 for hessian
Estimating row 51 out of 88 for hessian
Estimating row 52 out of 88 for hessian
Estimating row 53 out of 88 for hessian
Estimating row 54 out of 88 for hessian
Estimating row 55 out of 88 for hessian
Estimating row 56 out of 88 for hessian
Estimating row 57 out of 88 for hessian
Estimating row 58 out of 88 for hessian
Estimating row 59 out of 88 for hessian
Estimating row 60 out of 88 for hessian
Estimating row 61 out of 88 for hessian
Estimating row 62 out of 88 for hessian
Estimating row 63 out of 88 for hessian
Estimating row 64 out of 88 for hessian
Estimating row 65 out of 88 for hessian
Estimating row 66 out of 88 for hessian
Estimating row 67 out of 88 for hessian
Estimating row 68 out of 88 for hessian
Estimating row 69 out of 88 for hessian
Estimating row 70 out of 88 for hessian
Estimating row 71 out of 88 for hessian
Estimating row 72 out of 88 for hessian
Estimating row 73 out of 88 for hessian
Estimating row 74 out of 88 for hessian
Estimating row 75 out of 88 for hessian
Estimating row 76 out of 88 for hessian
Estimating row 77 out of 88 for hessian
Estimating row 78 out of 88 for hessian
Estimating row 79 out of 88 for hessian
Estimating row 80 out of 88 for hessian
Estimating row 81 out of 88 for hessian
Estimating row 82 out of 88 for hessian
Estimating row 83 out of 88 for hessian
Estimating row 84 out of 88 for hessian
Estimating row 85 out of 88 for hessian
Estimating row 86 out of 88 for hessian
Estimating row 87 out of 88 for hessian
Estimating row 88 out of 88 for hessian
size of file gradfil1.tmp = 0
size of file gradfil2.tmp = 0
size of file varssave.tmp = 0
size of file cmpdiff.tmp = 0
